Loading solver states for value-error benchmarking...
Run 'o_compute': iterations=300, temperature_moves=6, noise_frac=0.25, teacher_side=None, extra_iterations_side=2
iter    1/300: games={'X': 9, 'O': 9, 'draw': 2}, buffer=227, value_loss=1.0577, policy_loss=1.5863, value_error_vs_solver=0.6707 (X=0.6132, O=0.6531), elapsed=9.8s
iter    2/300: games={'X': 6, 'O': 11, 'draw': 3}, buffer=512, value_loss=0.8611, policy_loss=1.5700, value_error_vs_solver=0.8081 (X=0.7686, O=0.8128), elapsed=14.2s
iter    3/300: games={'X': 2, 'O': 14, 'draw': 4}, buffer=768, value_loss=0.7533, policy_loss=1.5402, value_error_vs_solver=0.7593 (X=0.7303, O=0.7428), elapsed=15.0s
iter    4/300: games={'X': 4, 'O': 13, 'draw': 3}, buffer=1040, value_loss=0.6624, policy_loss=1.4860, value_error_vs_solver=0.7348 (X=0.7291, O=0.7779), elapsed=16.2s
iter    5/300: games={'X': 4, 'O': 13, 'draw': 3}, buffer=1237, value_loss=0.6316, policy_loss=1.4776, value_error_vs_solver=0.7047 (X=0.7440, O=0.7202), elapsed=11.2s
iter    6/300: games={'X': 4, 'O': 11, 'draw': 5}, buffer=1485, value_loss=0.5624, policy_loss=1.4393, value_error_vs_solver=0.6951 (X=0.8104, O=0.7601), elapsed=16.0s
iter    7/300: games={'X': 5, 'O': 8, 'draw': 7}, buffer=1768, value_loss=0.5176, policy_loss=1.3949, value_error_vs_solver=0.7032 (X=0.6715, O=0.6589), elapsed=17.2s
iter    8/300: games={'X': 6, 'O': 7, 'draw': 7}, buffer=2041, value_loss=0.4995, policy_loss=1.3548, value_error_vs_solver=0.6914 (X=0.6961, O=0.6933), elapsed=17.2s
iter    9/300: games={'X': 9, 'O': 4, 'draw': 7}, buffer=2309, value_loss=0.4652, policy_loss=1.2937, value_error_vs_solver=0.7042 (X=0.6735, O=0.6742), elapsed=14.7s
iter   10/300: games={'X': 8, 'O': 5, 'draw': 7}, buffer=2573, value_loss=0.4268, policy_loss=1.2308, value_error_vs_solver=0.6893 (X=0.6928, O=0.7006), elapsed=15.2s
iter   11/300: games={'X': 6, 'O': 6, 'draw': 8}, buffer=2859, value_loss=0.3957, policy_loss=1.1821, value_error_vs_solver=0.6809 (X=0.6267, O=0.6560), elapsed=15.3s
iter   12/300: games={'X': 5, 'O': 5, 'draw': 10}, buffer=3158, value_loss=0.3757, policy_loss=1.1234, value_error_vs_solver=0.6931 (X=0.6430, O=0.6329), elapsed=17.3s
iter   13/300: games={'X': 5, 'O': 8, 'draw': 7}, buffer=3418, value_loss=0.3587, policy_loss=1.0859, value_error_vs_solver=0.6321 (X=0.6748, O=0.6503), elapsed=16.6s
iter   14/300: games={'X': 6, 'O': 4, 'draw': 10}, buffer=3726, value_loss=0.3412, policy_loss=1.0438, value_error_vs_solver=0.6593 (X=0.6331, O=0.6127), elapsed=18.7s
iter   15/300: games={'X': 4, 'O': 8, 'draw': 8}, buffer=3998, value_loss=0.3239, policy_loss=0.9935, value_error_vs_solver=0.6434 (X=0.6638, O=0.6303), elapsed=15.2s
iter   16/300: games={'X': 5, 'O': 6, 'draw': 9}, buffer=4294, value_loss=0.3219, policy_loss=0.9725, value_error_vs_solver=0.6635 (X=0.6565, O=0.6540), elapsed=15.8s
iter   17/300: games={'X': 9, 'O': 3, 'draw': 8}, buffer=4561, value_loss=0.3036, policy_loss=0.9248, value_error_vs_solver=0.6168 (X=0.7198, O=0.5889), elapsed=13.4s
iter   18/300: games={'X': 8, 'O': 2, 'draw': 10}, buffer=4864, value_loss=0.3028, policy_loss=0.9005, value_error_vs_solver=0.6526 (X=0.6134, O=0.5909), elapsed=13.8s
iter   19/300: games={'X': 8, 'O': 4, 'draw': 8}, buffer=5122, value_loss=0.2925, policy_loss=0.8796, value_error_vs_solver=0.5890 (X=0.6607, O=0.5777), elapsed=11.5s
iter   20/300: games={'X': 13, 'O': 1, 'draw': 6}, buffer=5342, value_loss=0.2787, policy_loss=0.8553, value_error_vs_solver=0.5983 (X=0.6263, O=0.5613), elapsed=10.3s
iter   21/300: games={'X': 3, 'O': 4, 'draw': 13}, buffer=5666, value_loss=0.2770, policy_loss=0.8286, value_error_vs_solver=0.6172 (X=0.6190, O=0.5680), elapsed=14.3s
iter   22/300: games={'X': 5, 'O': 5, 'draw': 10}, buffer=5969, value_loss=0.2733, policy_loss=0.8168, value_error_vs_solver=0.5969 (X=0.5926, O=0.5180), elapsed=13.9s
iter   23/300: games={'X': 12, 'O': 2, 'draw': 6}, buffer=6210, value_loss=0.2792, policy_loss=0.8093, value_error_vs_solver=0.6032 (X=0.6401, O=0.5663), elapsed=12.4s
iter   24/300: games={'X': 8, 'O': 2, 'draw': 10}, buffer=6481, value_loss=0.2580, policy_loss=0.7865, value_error_vs_solver=0.5938 (X=0.6300, O=0.5648), elapsed=13.1s
iter   25/300: games={'X': 12, 'O': 1, 'draw': 7}, buffer=6738, value_loss=0.2541, policy_loss=0.7734, value_error_vs_solver=0.5953 (X=0.5920, O=0.5889), elapsed=12.0s
iter   26/300: games={'X': 15, 'O': 2, 'draw': 3}, buffer=6932, value_loss=0.2683, policy_loss=0.7878, value_error_vs_solver=0.5671 (X=0.5930, O=0.5547), elapsed=7.5s
iter   27/300: games={'X': 16, 'O': 1, 'draw': 3}, buffer=7111, value_loss=0.2570, policy_loss=0.7804, value_error_vs_solver=0.5255 (X=0.5470, O=0.5221), elapsed=7.4s
iter   28/300: games={'X': 11, 'O': 6, 'draw': 3}, buffer=7278, value_loss=0.2564, policy_loss=0.7745, value_error_vs_solver=0.5616 (X=0.6021, O=0.5149), elapsed=7.0s
iter   29/300: games={'X': 13, 'O': 0, 'draw': 7}, buffer=7517, value_loss=0.2647, policy_loss=0.7715, value_error_vs_solver=0.6034 (X=0.5781, O=0.4898), elapsed=9.2s
iter   30/300: games={'X': 12, 'O': 0, 'draw': 8}, buffer=7780, value_loss=0.2557, policy_loss=0.7558, value_error_vs_solver=0.5839 (X=0.6086, O=0.5239), elapsed=12.1s
iter   31/300: games={'X': 18, 'O': 0, 'draw': 2}, buffer=7951, value_loss=0.2500, policy_loss=0.7569, value_error_vs_solver=0.5228 (X=0.7043, O=0.5130), elapsed=6.9s
iter   32/300: games={'X': 16, 'O': 1, 'draw': 3}, buffer=8000, value_loss=0.2455, policy_loss=0.7391, value_error_vs_solver=0.5254 (X=0.5052, O=0.5017), elapsed=7.1s
iter   33/300: games={'X': 19, 'O': 0, 'draw': 1}, buffer=8000, value_loss=0.2345, policy_loss=0.7353, value_error_vs_solver=0.5504 (X=0.5369, O=0.5281), elapsed=6.6s
iter   34/300: games={'X': 16, 'O': 1, 'draw': 3}, buffer=8000, value_loss=0.2257, policy_loss=0.7090, value_error_vs_solver=0.5631 (X=0.5410, O=0.4987), elapsed=7.8s
iter   35/300: games={'X': 16, 'O': 2, 'draw': 2}, buffer=8000, value_loss=0.2227, policy_loss=0.6861, value_error_vs_solver=0.5644 (X=0.5966, O=0.4963), elapsed=7.4s
iter   36/300: games={'X': 18, 'O': 1, 'draw': 1}, buffer=8000, value_loss=0.2184, policy_loss=0.6760, value_error_vs_solver=0.5091 (X=0.5393, O=0.4914), elapsed=4.9s
iter   37/300: games={'X': 17, 'O': 1, 'draw': 2}, buffer=8000, value_loss=0.2080, policy_loss=0.6666, value_error_vs_solver=0.5093 (X=0.4979, O=0.5020), elapsed=5.5s
iter   38/300: games={'X': 18, 'O': 0, 'draw': 2}, buffer=8000, value_loss=0.2026, policy_loss=0.6500, value_error_vs_solver=0.5252 (X=0.5253, O=0.5123), elapsed=4.9s
iter   39/300: games={'X': 16, 'O': 1, 'draw': 3}, buffer=8000, value_loss=0.1942, policy_loss=0.6364, value_error_vs_solver=0.4909 (X=0.5420, O=0.4710), elapsed=6.0s
iter   40/300: games={'X': 17, 'O': 1, 'draw': 2}, buffer=8000, value_loss=0.1972, policy_loss=0.6088, value_error_vs_solver=0.4450 (X=0.5006, O=0.5157), elapsed=4.9s
iter   41/300: games={'X': 18, 'O': 1, 'draw': 1}, buffer=8000, value_loss=0.1863, policy_loss=0.6099, value_error_vs_solver=0.4985 (X=0.5262, O=0.5193), elapsed=5.9s
iter   42/300: games={'X': 17, 'O': 0, 'draw': 3}, buffer=8000, value_loss=0.1882, policy_loss=0.6151, value_error_vs_solver=0.5073 (X=0.4958, O=0.4974), elapsed=7.0s
iter   43/300: games={'X': 19, 'O': 0, 'draw': 1}, buffer=8000, value_loss=0.1841, policy_loss=0.6002, value_error_vs_solver=0.4435 (X=0.4865, O=0.4445), elapsed=5.5s
iter   44/300: games={'X': 18, 'O': 1, 'draw': 1}, buffer=8000, value_loss=0.1715, policy_loss=0.5965, value_error_vs_solver=0.4542 (X=0.5026, O=0.4085), elapsed=5.8s
iter   45/300: games={'X': 18, 'O': 0, 'draw': 2}, buffer=8000, value_loss=0.1700, policy_loss=0.5959, value_error_vs_solver=0.4551 (X=0.3998, O=0.4100), elapsed=4.8s
iter   46/300: games={'X': 16, 'O': 3, 'draw': 1}, buffer=8000, value_loss=0.1768, policy_loss=0.5991, value_error_vs_solver=0.4779 (X=0.5032, O=0.4532), elapsed=5.5s
iter   47/300: games={'X': 17, 'O': 2, 'draw': 1}, buffer=8000, value_loss=0.1752, policy_loss=0.6017, value_error_vs_solver=0.5260 (X=0.4717, O=0.4689), elapsed=5.0s
iter   48/300: games={'X': 17, 'O': 0, 'draw': 3}, buffer=8000, value_loss=0.1688, policy_loss=0.5875, value_error_vs_solver=0.5010 (X=0.5747, O=0.4410), elapsed=6.5s
iter   49/300: games={'X': 16, 'O': 1, 'draw': 3}, buffer=8000, value_loss=0.1702, policy_loss=0.5906, value_error_vs_solver=0.4503 (X=0.5080, O=0.4643), elapsed=5.9s
iter   50/300: games={'X': 18, 'O': 0, 'draw': 2}, buffer=8000, value_loss=0.1739, policy_loss=0.5991, value_error_vs_solver=0.4255 (X=0.3828, O=0.4220), elapsed=6.0s
iter   51/300: games={'X': 17, 'O': 2, 'draw': 1}, buffer=8000, value_loss=0.1710, policy_loss=0.5984, value_error_vs_solver=0.4555 (X=0.4614, O=0.4202), elapsed=5.1s
iter   52/300: games={'X': 20, 'O': 0, 'draw': 0}, buffer=8000, value_loss=0.1644, policy_loss=0.6048, value_error_vs_solver=0.4487 (X=0.4818, O=0.4016), elapsed=4.5s
iter   53/300: games={'X': 18, 'O': 1, 'draw': 1}, buffer=8000, value_loss=0.1602, policy_loss=0.6026, value_error_vs_solver=0.4768 (X=0.5307, O=0.4004), elapsed=4.6s
iter   54/300: games={'X': 18, 'O': 0, 'draw': 2}, buffer=8000, value_loss=0.1573, policy_loss=0.6093, value_error_vs_solver=0.4543 (X=0.5031, O=0.4322), elapsed=5.8s
iter   55/300: games={'X': 18, 'O': 0, 'draw': 2}, buffer=8000, value_loss=0.1534, policy_loss=0.6106, value_error_vs_solver=0.4268 (X=0.4564, O=0.4499), elapsed=4.9s
iter   56/300: games={'X': 19, 'O': 0, 'draw': 1}, buffer=8000, value_loss=0.1510, policy_loss=0.6208, value_error_vs_solver=0.4480 (X=0.4384, O=0.3866), elapsed=5.7s
iter   57/300: games={'X': 19, 'O': 0, 'draw': 1}, buffer=8000, value_loss=0.1487, policy_loss=0.6107, value_error_vs_solver=0.4374 (X=0.5154, O=0.3588), elapsed=5.5s
iter   58/300: games={'X': 20, 'O': 0, 'draw': 0}, buffer=8000, value_loss=0.1306, policy_loss=0.6190, value_error_vs_solver=0.4487 (X=0.4732, O=0.4406), elapsed=4.2s
iter   59/300: games={'X': 18, 'O': 1, 'draw': 1}, buffer=8000, value_loss=0.1339, policy_loss=0.6236, value_error_vs_solver=0.4421 (X=0.4741, O=0.3971), elapsed=4.9s
iter   60/300: games={'X': 17, 'O': 2, 'draw': 1}, buffer=8000, value_loss=0.1361, policy_loss=0.6221, value_error_vs_solver=0.4543 (X=0.4219, O=0.4210), elapsed=4.7s
iter   61/300: games={'X': 20, 'O': 0, 'draw': 0}, buffer=8000, value_loss=0.1344, policy_loss=0.6299, value_error_vs_solver=0.3942 (X=0.4699, O=0.4551), elapsed=3.9s
iter   62/300: games={'X': 19, 'O': 0, 'draw': 1}, buffer=8000, value_loss=0.1293, policy_loss=0.6293, value_error_vs_solver=0.4486 (X=0.4509, O=0.4300), elapsed=4.1s
iter   63/300: games={'X': 20, 'O': 0, 'draw': 0}, buffer=8000, value_loss=0.1304, policy_loss=0.6366, value_error_vs_solver=0.4313 (X=0.4506, O=0.4037), elapsed=3.4s
iter   64/300: games={'X': 19, 'O': 0, 'draw': 1}, buffer=8000, value_loss=0.1184, policy_loss=0.6455, value_error_vs_solver=0.3814 (X=0.4293, O=0.4330), elapsed=4.4s
iter   65/300: games={'X': 20, 'O': 0, 'draw': 0}, buffer=8000, value_loss=0.1181, policy_loss=0.6502, value_error_vs_solver=0.3686 (X=0.4870, O=0.4581), elapsed=3.7s
iter   66/300: games={'X': 20, 'O': 0, 'draw': 0}, buffer=8000, value_loss=0.1158, policy_loss=0.6410, value_error_vs_solver=0.4203 (X=0.4123, O=0.4899), elapsed=3.9s
iter   67/300: games={'X': 19, 'O': 1, 'draw': 0}, buffer=8000, value_loss=0.1189, policy_loss=0.6623, value_error_vs_solver=0.3926 (X=0.4514, O=0.4764), elapsed=4.2s
iter   68/300: games={'X': 18, 'O': 0, 'draw': 2}, buffer=8000, value_loss=0.1155, policy_loss=0.6524, value_error_vs_solver=0.4451 (X=0.4842, O=0.4462), elapsed=4.4s
iter   69/300: games={'X': 20, 'O': 0, 'draw': 0}, buffer=8000, value_loss=0.1153, policy_loss=0.6525, value_error_vs_solver=0.4249 (X=0.4418, O=0.3410), elapsed=4.4s
iter   70/300: games={'X': 20, 'O': 0, 'draw': 0}, buffer=8000, value_loss=0.1105, policy_loss=0.6675, value_error_vs_solver=0.4458 (X=0.4738, O=0.4266), elapsed=4.7s
iter   71/300: games={'X': 20, 'O': 0, 'draw': 0}, buffer=8000, value_loss=0.1039, policy_loss=0.6800, value_error_vs_solver=0.4171 (X=0.4602, O=0.4687), elapsed=4.7s
iter   72/300: games={'X': 18, 'O': 0, 'draw': 2}, buffer=8000, value_loss=0.1016, policy_loss=0.6679, value_error_vs_solver=0.4181 (X=0.3971, O=0.4495), elapsed=6.8s
iter   73/300: games={'X': 18, 'O': 0, 'draw': 2}, buffer=8000, value_loss=0.0992, policy_loss=0.6809, value_error_vs_solver=0.4276 (X=0.4562, O=0.4699), elapsed=5.4s
iter   74/300: games={'X': 16, 'O': 2, 'draw': 2}, buffer=8000, value_loss=0.1013, policy_loss=0.6814, value_error_vs_solver=0.4440 (X=0.4305, O=0.3493), elapsed=5.9s
iter   75/300: games={'X': 19, 'O': 0, 'draw': 1}, buffer=8000, value_loss=0.0940, policy_loss=0.6869, value_error_vs_solver=0.4091 (X=0.4152, O=0.3975), elapsed=5.3s
iter   76/300: games={'X': 19, 'O': 0, 'draw': 1}, buffer=8000, value_loss=0.1027, policy_loss=0.7024, value_error_vs_solver=0.4451 (X=0.4812, O=0.4789), elapsed=4.9s
iter   77/300: games={'X': 19, 'O': 0, 'draw': 1}, buffer=8000, value_loss=0.0991, policy_loss=0.6929, value_error_vs_solver=0.4958 (X=0.4390, O=0.4051), elapsed=5.2s
iter   78/300: games={'X': 19, 'O': 0, 'draw': 1}, buffer=8000, value_loss=0.0925, policy_loss=0.6966, value_error_vs_solver=0.4595 (X=0.4605, O=0.4285), elapsed=5.1s
iter   79/300: games={'X': 20, 'O': 0, 'draw': 0}, buffer=8000, value_loss=0.0787, policy_loss=0.6987, value_error_vs_solver=0.4088 (X=0.4523, O=0.4496), elapsed=4.9s
iter   80/300: games={'X': 20, 'O': 0, 'draw': 0}, buffer=8000, value_loss=0.0772, policy_loss=0.7038, value_error_vs_solver=0.4101 (X=0.4067, O=0.4569), elapsed=5.0s
iter   81/300: games={'X': 19, 'O': 0, 'draw': 1}, buffer=8000, value_loss=0.0705, policy_loss=0.6988, value_error_vs_solver=0.3806 (X=0.4671, O=0.4161), elapsed=5.9s
iter   82/300: games={'X': 19, 'O': 0, 'draw': 1}, buffer=8000, value_loss=0.0755, policy_loss=0.7131, value_error_vs_solver=0.4621 (X=0.4461, O=0.4685), elapsed=6.2s
iter   83/300: games={'X': 17, 'O': 0, 'draw': 3}, buffer=8000, value_loss=0.0658, policy_loss=0.7107, value_error_vs_solver=0.4715 (X=0.4082, O=0.4186), elapsed=6.7s
iter   84/300: games={'X': 20, 'O': 0, 'draw': 0}, buffer=8000, value_loss=0.0707, policy_loss=0.7209, value_error_vs_solver=0.3827 (X=0.3799, O=0.4405), elapsed=5.1s
iter   85/300: games={'X': 18, 'O': 0, 'draw': 2}, buffer=8000, value_loss=0.0667, policy_loss=0.7050, value_error_vs_solver=0.4361 (X=0.4724, O=0.4687), elapsed=5.5s
iter   86/300: games={'X': 19, 'O': 0, 'draw': 1}, buffer=8000, value_loss=0.0638, policy_loss=0.7116, value_error_vs_solver=0.4414 (X=0.4339, O=0.3658), elapsed=5.8s
iter   87/300: games={'X': 19, 'O': 1, 'draw': 0}, buffer=8000, value_loss=0.0674, policy_loss=0.7150, value_error_vs_solver=0.4564 (X=0.4331, O=0.4718), elapsed=4.0s
iter   88/300: games={'X': 17, 'O': 1, 'draw': 2}, buffer=8000, value_loss=0.0748, policy_loss=0.7253, value_error_vs_solver=0.4608 (X=0.3899, O=0.4782), elapsed=6.7s
iter   89/300: games={'X': 19, 'O': 1, 'draw': 0}, buffer=8000, value_loss=0.0647, policy_loss=0.7188, value_error_vs_solver=0.4607 (X=0.3405, O=0.3629), elapsed=4.7s
iter   90/300: games={'X': 19, 'O': 1, 'draw': 0}, buffer=8000, value_loss=0.0699, policy_loss=0.7239, value_error_vs_solver=0.4464 (X=0.4108, O=0.3641), elapsed=5.4s
iter   91/300: games={'X': 20, 'O': 0, 'draw': 0}, buffer=8000, value_loss=0.0689, policy_loss=0.7336, value_error_vs_solver=0.4473 (X=0.5108, O=0.4504), elapsed=5.4s
iter   92/300: games={'X': 17, 'O': 1, 'draw': 2}, buffer=8000, value_loss=0.0658, policy_loss=0.7280, value_error_vs_solver=0.4564 (X=0.4509, O=0.4204), elapsed=6.7s
iter   93/300: games={'X': 19, 'O': 0, 'draw': 1}, buffer=8000, value_loss=0.0658, policy_loss=0.7250, value_error_vs_solver=0.4655 (X=0.5016, O=0.3776), elapsed=6.0s
iter   94/300: games={'X': 19, 'O': 0, 'draw': 1}, buffer=8000, value_loss=0.0660, policy_loss=0.7350, value_error_vs_solver=0.4284 (X=0.4340, O=0.4943), elapsed=5.6s
iter   95/300: games={'X': 18, 'O': 0, 'draw': 2}, buffer=8000, value_loss=0.0607, policy_loss=0.7236, value_error_vs_solver=0.4463 (X=0.4778, O=0.4786), elapsed=6.3s
iter   96/300: games={'X': 20, 'O': 0, 'draw': 0}, buffer=8000, value_loss=0.0599, policy_loss=0.7304, value_error_vs_solver=0.4760 (X=0.4674, O=0.4474), elapsed=4.3s
iter   97/300: games={'X': 19, 'O': 1, 'draw': 0}, buffer=8000, value_loss=0.0568, policy_loss=0.7360, value_error_vs_solver=0.4253 (X=0.4803, O=0.4297), elapsed=5.2s
iter   98/300: games={'X': 20, 'O': 0, 'draw': 0}, buffer=8000, value_loss=0.0647, policy_loss=0.7397, value_error_vs_solver=0.4282 (X=0.4648, O=0.4688), elapsed=4.6s
iter   99/300: games={'X': 20, 'O': 0, 'draw': 0}, buffer=8000, value_loss=0.0615, policy_loss=0.7295, value_error_vs_solver=0.3888 (X=0.4172, O=0.4727), elapsed=5.2s
iter  100/300: games={'X': 18, 'O': 1, 'draw': 1}, buffer=8000, value_loss=0.0607, policy_loss=0.7521, value_error_vs_solver=0.4721 (X=0.4181, O=0.4217), elapsed=5.3s
iter  101/300: games={'X': 20, 'O': 0, 'draw': 0}, buffer=8000, value_loss=0.0601, policy_loss=0.7508, value_error_vs_solver=0.4684 (X=0.5376, O=0.4826), elapsed=5.4s
iter  102/300: games={'X': 16, 'O': 1, 'draw': 3}, buffer=8000, value_loss=0.0559, policy_loss=0.7367, value_error_vs_solver=0.4605 (X=0.5153, O=0.4308), elapsed=7.5s
iter  103/300: games={'X': 15, 'O': 3, 'draw': 2}, buffer=8000, value_loss=0.0541, policy_loss=0.7363, value_error_vs_solver=0.3990 (X=0.4779, O=0.4104), elapsed=7.3s
iter  104/300: games={'X': 17, 'O': 1, 'draw': 2}, buffer=8000, value_loss=0.0563, policy_loss=0.7454, value_error_vs_solver=0.4940 (X=0.4173, O=0.4914), elapsed=6.7s
iter  105/300: games={'X': 16, 'O': 2, 'draw': 2}, buffer=8000, value_loss=0.0654, policy_loss=0.7392, value_error_vs_solver=0.4124 (X=0.4320, O=0.5489), elapsed=7.2s
iter  106/300: games={'X': 20, 'O': 0, 'draw': 0}, buffer=8000, value_loss=0.0612, policy_loss=0.7527, value_error_vs_solver=0.4064 (X=0.3834, O=0.4587), elapsed=5.0s
iter  107/300: games={'X': 20, 'O': 0, 'draw': 0}, buffer=8000, value_loss=0.0651, policy_loss=0.7581, value_error_vs_solver=0.4283 (X=0.5205, O=0.4255), elapsed=5.0s
iter  108/300: games={'X': 19, 'O': 0, 'draw': 1}, buffer=8000, value_loss=0.0514, policy_loss=0.7567, value_error_vs_solver=0.4525 (X=0.4346, O=0.4273), elapsed=6.4s
iter  109/300: games={'X': 18, 'O': 0, 'draw': 2}, buffer=8000, value_loss=0.0599, policy_loss=0.7559, value_error_vs_solver=0.4079 (X=0.4629, O=0.4090), elapsed=6.2s
iter  110/300: games={'X': 20, 'O': 0, 'draw': 0}, buffer=8000, value_loss=0.0553, policy_loss=0.7597, value_error_vs_solver=0.4540 (X=0.4724, O=0.4242), elapsed=5.0s
iter  111/300: games={'X': 17, 'O': 2, 'draw': 1}, buffer=8000, value_loss=0.0529, policy_loss=0.7646, value_error_vs_solver=0.4475 (X=0.4251, O=0.4600), elapsed=5.3s
iter  112/300: games={'X': 19, 'O': 0, 'draw': 1}, buffer=8000, value_loss=0.0532, policy_loss=0.7616, value_error_vs_solver=0.4733 (X=0.3781, O=0.4452), elapsed=5.9s
iter  113/300: games={'X': 19, 'O': 0, 'draw': 1}, buffer=8000, value_loss=0.0529, policy_loss=0.7777, value_error_vs_solver=0.4769 (X=0.4236, O=0.4235), elapsed=5.0s
iter  114/300: games={'X': 18, 'O': 0, 'draw': 2}, buffer=8000, value_loss=0.0533, policy_loss=0.7578, value_error_vs_solver=0.4410 (X=0.5240, O=0.4126), elapsed=6.5s
iter  115/300: games={'X': 18, 'O': 1, 'draw': 1}, buffer=8000, value_loss=0.0589, policy_loss=0.7608, value_error_vs_solver=0.4127 (X=0.4963, O=0.4179), elapsed=5.5s
iter  116/300: games={'X': 18, 'O': 1, 'draw': 1}, buffer=8000, value_loss=0.0579, policy_loss=0.7671, value_error_vs_solver=0.3861 (X=0.4640, O=0.3730), elapsed=6.4s
iter  117/300: games={'X': 19, 'O': 0, 'draw': 1}, buffer=8000, value_loss=0.0533, policy_loss=0.7600, value_error_vs_solver=0.4314 (X=0.4788, O=0.4968), elapsed=5.2s
iter  118/300: games={'X': 20, 'O': 0, 'draw': 0}, buffer=8000, value_loss=0.0553, policy_loss=0.7693, value_error_vs_solver=0.4427 (X=0.4167, O=0.3982), elapsed=4.5s
iter  119/300: games={'X': 20, 'O': 0, 'draw': 0}, buffer=8000, value_loss=0.0556, policy_loss=0.7771, value_error_vs_solver=0.4215 (X=0.4006, O=0.4872), elapsed=4.3s
iter  120/300: games={'X': 19, 'O': 0, 'draw': 1}, buffer=8000, value_loss=0.0578, policy_loss=0.7558, value_error_vs_solver=0.3962 (X=0.5140, O=0.4967), elapsed=7.5s
iter  121/300: games={'X': 18, 'O': 0, 'draw': 2}, buffer=8000, value_loss=0.0556, policy_loss=0.7571, value_error_vs_solver=0.3787 (X=0.4604, O=0.4420), elapsed=6.4s
iter  122/300: games={'X': 17, 'O': 2, 'draw': 1}, buffer=8000, value_loss=0.0607, policy_loss=0.7507, value_error_vs_solver=0.3927 (X=0.3267, O=0.4281), elapsed=5.3s
iter  123/300: games={'X': 17, 'O': 2, 'draw': 1}, buffer=8000, value_loss=0.0657, policy_loss=0.7596, value_error_vs_solver=0.4311 (X=0.4845, O=0.4134), elapsed=5.6s
iter  124/300: games={'X': 18, 'O': 1, 'draw': 1}, buffer=8000, value_loss=0.0692, policy_loss=0.7692, value_error_vs_solver=0.4601 (X=0.3668, O=0.4466), elapsed=4.8s
iter  125/300: games={'X': 19, 'O': 0, 'draw': 1}, buffer=8000, value_loss=0.0715, policy_loss=0.7527, value_error_vs_solver=0.4334 (X=0.4204, O=0.3843), elapsed=5.2s
iter  126/300: games={'X': 19, 'O': 1, 'draw': 0}, buffer=8000, value_loss=0.0702, policy_loss=0.7672, value_error_vs_solver=0.4474 (X=0.5146, O=0.4261), elapsed=4.3s
iter  127/300: games={'X': 19, 'O': 0, 'draw': 1}, buffer=8000, value_loss=0.0694, policy_loss=0.7616, value_error_vs_solver=0.4203 (X=0.3399, O=0.4045), elapsed=4.8s
iter  128/300: games={'X': 20, 'O': 0, 'draw': 0}, buffer=8000, value_loss=0.0689, policy_loss=0.7635, value_error_vs_solver=0.3938 (X=0.4400, O=0.4631), elapsed=4.3s
iter  129/300: games={'X': 17, 'O': 0, 'draw': 3}, buffer=8000, value_loss=0.0716, policy_loss=0.7714, value_error_vs_solver=0.4770 (X=0.4241, O=0.4450), elapsed=7.3s
iter  130/300: games={'X': 20, 'O': 0, 'draw': 0}, buffer=8000, value_loss=0.0672, policy_loss=0.7698, value_error_vs_solver=0.4301 (X=0.4403, O=0.4340), elapsed=5.2s
iter  131/300: games={'X': 19, 'O': 1, 'draw': 0}, buffer=8000, value_loss=0.0720, policy_loss=0.7808, value_error_vs_solver=0.4279 (X=0.4214, O=0.4635), elapsed=4.8s
iter  132/300: games={'X': 20, 'O': 0, 'draw': 0}, buffer=8000, value_loss=0.0671, policy_loss=0.7785, value_error_vs_solver=0.4465 (X=0.3765, O=0.5689), elapsed=4.6s
iter  133/300: games={'X': 20, 'O': 0, 'draw': 0}, buffer=8000, value_loss=0.0680, policy_loss=0.7756, value_error_vs_solver=0.4666 (X=0.4454, O=0.4558), elapsed=4.5s
iter  134/300: games={'X': 17, 'O': 2, 'draw': 1}, buffer=8000, value_loss=0.0724, policy_loss=0.7738, value_error_vs_solver=0.4314 (X=0.4542, O=0.4457), elapsed=4.7s
iter  135/300: games={'X': 18, 'O': 1, 'draw': 1}, buffer=8000, value_loss=0.0667, policy_loss=0.7828, value_error_vs_solver=0.4433 (X=0.4081, O=0.4256), elapsed=5.5s
iter  136/300: games={'X': 20, 'O': 0, 'draw': 0}, buffer=8000, value_loss=0.0692, policy_loss=0.7853, value_error_vs_solver=0.4790 (X=0.3914, O=0.4081), elapsed=4.7s
iter  137/300: games={'X': 19, 'O': 1, 'draw': 0}, buffer=8000, value_loss=0.0710, policy_loss=0.7866, value_error_vs_solver=0.4044 (X=0.3745, O=0.4184), elapsed=4.7s
iter  138/300: games={'X': 19, 'O': 0, 'draw': 1}, buffer=8000, value_loss=0.0694, policy_loss=0.7765, value_error_vs_solver=0.4269 (X=0.4191, O=0.4413), elapsed=4.5s
iter  139/300: games={'X': 19, 'O': 1, 'draw': 0}, buffer=8000, value_loss=0.0670, policy_loss=0.7874, value_error_vs_solver=0.4653 (X=0.3992, O=0.4312), elapsed=4.7s
iter  140/300: games={'X': 17, 'O': 0, 'draw': 3}, buffer=8000, value_loss=0.0825, policy_loss=0.7770, value_error_vs_solver=0.4584 (X=0.4560, O=0.4174), elapsed=6.1s
iter  141/300: games={'X': 17, 'O': 1, 'draw': 2}, buffer=8000, value_loss=0.0740, policy_loss=0.7750, value_error_vs_solver=0.4263 (X=0.4011, O=0.4378), elapsed=6.7s
iter  142/300: games={'X': 18, 'O': 2, 'draw': 0}, buffer=8000, value_loss=0.0759, policy_loss=0.7838, value_error_vs_solver=0.4478 (X=0.4009, O=0.4461), elapsed=7.6s
iter  143/300: games={'X': 18, 'O': 1, 'draw': 1}, buffer=8000, value_loss=0.0810, policy_loss=0.7913, value_error_vs_solver=0.4052 (X=0.5369, O=0.4348), elapsed=6.7s
iter  144/300: games={'X': 18, 'O': 1, 'draw': 1}, buffer=8000, value_loss=0.0758, policy_loss=0.7842, value_error_vs_solver=0.4018 (X=0.3825, O=0.4282), elapsed=6.4s
iter  145/300: games={'X': 18, 'O': 2, 'draw': 0}, buffer=8000, value_loss=0.0816, policy_loss=0.7983, value_error_vs_solver=0.4128 (X=0.4398, O=0.4357), elapsed=5.5s
iter  146/300: games={'X': 20, 'O': 0, 'draw': 0}, buffer=8000, value_loss=0.0783, policy_loss=0.7948, value_error_vs_solver=0.4003 (X=0.4627, O=0.4389), elapsed=4.8s
iter  147/300: games={'X': 18, 'O': 1, 'draw': 1}, buffer=8000, value_loss=0.0743, policy_loss=0.8133, value_error_vs_solver=0.4258 (X=0.4010, O=0.4394), elapsed=5.9s
iter  148/300: games={'X': 18, 'O': 0, 'draw': 2}, buffer=8000, value_loss=0.0749, policy_loss=0.7992, value_error_vs_solver=0.4749 (X=0.4349, O=0.4286), elapsed=6.2s
iter  149/300: games={'X': 17, 'O': 3, 'draw': 0}, buffer=8000, value_loss=0.0763, policy_loss=0.7869, value_error_vs_solver=0.3879 (X=0.4934, O=0.4283), elapsed=5.0s
iter  150/300: games={'X': 17, 'O': 0, 'draw': 3}, buffer=8000, value_loss=0.0751, policy_loss=0.7794, value_error_vs_solver=0.4173 (X=0.4081, O=0.3836), elapsed=6.4s
iter  151/300: games={'X': 19, 'O': 0, 'draw': 1}, buffer=8000, value_loss=0.0740, policy_loss=0.7879, value_error_vs_solver=0.4099 (X=0.5113, O=0.4288), elapsed=6.3s
iter  152/300: games={'X': 20, 'O': 0, 'draw': 0}, buffer=8000, value_loss=0.0746, policy_loss=0.7943, value_error_vs_solver=0.3997 (X=0.3705, O=0.3938), elapsed=5.4s
iter  153/300: games={'X': 18, 'O': 1, 'draw': 1}, buffer=8000, value_loss=0.0756, policy_loss=0.7971, value_error_vs_solver=0.4100 (X=0.4334, O=0.4501), elapsed=6.3s
iter  154/300: games={'X': 20, 'O': 0, 'draw': 0}, buffer=8000, value_loss=0.0794, policy_loss=0.8056, value_error_vs_solver=0.3905 (X=0.4261, O=0.3992), elapsed=5.3s
iter  155/300: games={'X': 20, 'O': 0, 'draw': 0}, buffer=8000, value_loss=0.0824, policy_loss=0.8004, value_error_vs_solver=0.4756 (X=0.4223, O=0.4080), elapsed=3.9s
iter  156/300: games={'X': 19, 'O': 0, 'draw': 1}, buffer=8000, value_loss=0.0774, policy_loss=0.8024, value_error_vs_solver=0.3872 (X=0.4745, O=0.4020), elapsed=5.1s
iter  157/300: games={'X': 15, 'O': 3, 'draw': 2}, buffer=8000, value_loss=0.0843, policy_loss=0.8049, value_error_vs_solver=0.4607 (X=0.4568, O=0.4427), elapsed=4.8s
iter  158/300: games={'X': 19, 'O': 0, 'draw': 1}, buffer=8000, value_loss=0.0835, policy_loss=0.7923, value_error_vs_solver=0.4287 (X=0.4806, O=0.4731), elapsed=5.5s
iter  159/300: games={'X': 18, 'O': 1, 'draw': 1}, buffer=8000, value_loss=0.0845, policy_loss=0.7985, value_error_vs_solver=0.4380 (X=0.3954, O=0.4623), elapsed=4.6s
iter  160/300: games={'X': 19, 'O': 0, 'draw': 1}, buffer=8000, value_loss=0.0873, policy_loss=0.7970, value_error_vs_solver=0.4612 (X=0.4344, O=0.3975), elapsed=5.1s
iter  161/300: games={'X': 18, 'O': 0, 'draw': 2}, buffer=8000, value_loss=0.0874, policy_loss=0.8039, value_error_vs_solver=0.4641 (X=0.4671, O=0.4668), elapsed=5.7s
iter  162/300: games={'X': 19, 'O': 1, 'draw': 0}, buffer=8000, value_loss=0.0876, policy_loss=0.8039, value_error_vs_solver=0.4134 (X=0.4764, O=0.4304), elapsed=4.5s
iter  163/300: games={'X': 18, 'O': 0, 'draw': 2}, buffer=8000, value_loss=0.0918, policy_loss=0.8021, value_error_vs_solver=0.4112 (X=0.3826, O=0.4019), elapsed=5.2s
iter  164/300: games={'X': 19, 'O': 1, 'draw': 0}, buffer=8000, value_loss=0.0793, policy_loss=0.8071, value_error_vs_solver=0.4502 (X=0.4748, O=0.4703), elapsed=5.6s
iter  165/300: games={'X': 18, 'O': 0, 'draw': 2}, buffer=8000, value_loss=0.0715, policy_loss=0.7953, value_error_vs_solver=0.4105 (X=0.5201, O=0.4600), elapsed=7.0s
iter  166/300: games={'X': 18, 'O': 0, 'draw': 2}, buffer=8000, value_loss=0.0799, policy_loss=0.8003, value_error_vs_solver=0.4264 (X=0.4763, O=0.4264), elapsed=5.7s
iter  167/300: games={'X': 20, 'O': 0, 'draw': 0}, buffer=8000, value_loss=0.0791, policy_loss=0.7984, value_error_vs_solver=0.4354 (X=0.5167, O=0.3748), elapsed=5.0s
iter  168/300: games={'X': 17, 'O': 1, 'draw': 2}, buffer=8000, value_loss=0.0839, policy_loss=0.7955, value_error_vs_solver=0.4356 (X=0.4095, O=0.5037), elapsed=5.7s
iter  169/300: games={'X': 18, 'O': 0, 'draw': 2}, buffer=8000, value_loss=0.0779, policy_loss=0.7897, value_error_vs_solver=0.4504 (X=0.4919, O=0.4943), elapsed=6.5s
iter  170/300: games={'X': 19, 'O': 0, 'draw': 1}, buffer=8000, value_loss=0.0790, policy_loss=0.7920, value_error_vs_solver=0.4725 (X=0.3702, O=0.3906), elapsed=6.1s
iter  171/300: games={'X': 18, 'O': 1, 'draw': 1}, buffer=8000, value_loss=0.0841, policy_loss=0.7966, value_error_vs_solver=0.4135 (X=0.5245, O=0.4600), elapsed=5.5s
iter  172/300: games={'X': 18, 'O': 1, 'draw': 1}, buffer=8000, value_loss=0.0860, policy_loss=0.7939, value_error_vs_solver=0.4784 (X=0.5149, O=0.4370), elapsed=5.3s
iter  173/300: games={'X': 18, 'O': 1, 'draw': 1}, buffer=8000, value_loss=0.0857, policy_loss=0.7903, value_error_vs_solver=0.3919 (X=0.4695, O=0.4160), elapsed=6.4s
iter  174/300: games={'X': 17, 'O': 2, 'draw': 1}, buffer=8000, value_loss=0.0852, policy_loss=0.7875, value_error_vs_solver=0.4146 (X=0.4077, O=0.4125), elapsed=5.5s
iter  175/300: games={'X': 20, 'O': 0, 'draw': 0}, buffer=8000, value_loss=0.0830, policy_loss=0.7968, value_error_vs_solver=0.4684 (X=0.3848, O=0.4442), elapsed=4.7s
iter  176/300: games={'X': 19, 'O': 1, 'draw': 0}, buffer=8000, value_loss=0.0836, policy_loss=0.7941, value_error_vs_solver=0.5163 (X=0.4654, O=0.4363), elapsed=4.7s
iter  177/300: games={'X': 17, 'O': 1, 'draw': 2}, buffer=8000, value_loss=0.0927, policy_loss=0.7928, value_error_vs_solver=0.4687 (X=0.4354, O=0.4268), elapsed=6.3s
iter  178/300: games={'X': 20, 'O': 0, 'draw': 0}, buffer=8000, value_loss=0.0830, policy_loss=0.8008, value_error_vs_solver=0.5192 (X=0.3917, O=0.4666), elapsed=5.4s
iter  179/300: games={'X': 20, 'O': 0, 'draw': 0}, buffer=8000, value_loss=0.0884, policy_loss=0.8059, value_error_vs_solver=0.4569 (X=0.3979, O=0.4616), elapsed=4.7s
iter  180/300: games={'X': 19, 'O': 1, 'draw': 0}, buffer=8000, value_loss=0.0883, policy_loss=0.8019, value_error_vs_solver=0.4596 (X=0.4501, O=0.3718), elapsed=4.9s
iter  181/300: games={'X': 19, 'O': 1, 'draw': 0}, buffer=8000, value_loss=0.0862, policy_loss=0.8095, value_error_vs_solver=0.4025 (X=0.4219, O=0.4432), elapsed=4.7s
iter  182/300: games={'X': 18, 'O': 1, 'draw': 1}, buffer=8000, value_loss=0.0856, policy_loss=0.7998, value_error_vs_solver=0.4278 (X=0.3987, O=0.4502), elapsed=5.9s
iter  183/300: games={'X': 17, 'O': 0, 'draw': 3}, buffer=8000, value_loss=0.0864, policy_loss=0.8005, value_error_vs_solver=0.4610 (X=0.4037, O=0.4128), elapsed=6.5s
iter  184/300: games={'X': 19, 'O': 0, 'draw': 1}, buffer=8000, value_loss=0.0754, policy_loss=0.7975, value_error_vs_solver=0.3918 (X=0.4576, O=0.3456), elapsed=5.2s
iter  185/300: games={'X': 19, 'O': 0, 'draw': 1}, buffer=8000, value_loss=0.0759, policy_loss=0.7917, value_error_vs_solver=0.3875 (X=0.4711, O=0.4650), elapsed=5.7s
iter  186/300: games={'X': 20, 'O': 0, 'draw': 0}, buffer=8000, value_loss=0.0823, policy_loss=0.8016, value_error_vs_solver=0.4220 (X=0.4018, O=0.4220), elapsed=4.9s
iter  187/300: games={'X': 18, 'O': 2, 'draw': 0}, buffer=8000, value_loss=0.0818, policy_loss=0.7980, value_error_vs_solver=0.4595 (X=0.4188, O=0.3947), elapsed=5.3s
iter  188/300: games={'X': 19, 'O': 0, 'draw': 1}, buffer=8000, value_loss=0.0792, policy_loss=0.7977, value_error_vs_solver=0.4499 (X=0.4451, O=0.4489), elapsed=5.8s
iter  189/300: games={'X': 20, 'O': 0, 'draw': 0}, buffer=8000, value_loss=0.0837, policy_loss=0.8127, value_error_vs_solver=0.4421 (X=0.4799, O=0.4308), elapsed=5.1s
iter  190/300: games={'X': 19, 'O': 0, 'draw': 1}, buffer=8000, value_loss=0.0816, policy_loss=0.8028, value_error_vs_solver=0.4407 (X=0.4914, O=0.4253), elapsed=5.2s
iter  191/300: games={'X': 19, 'O': 0, 'draw': 1}, buffer=8000, value_loss=0.0785, policy_loss=0.7991, value_error_vs_solver=0.4659 (X=0.4202, O=0.4718), elapsed=6.0s
iter  192/300: games={'X': 18, 'O': 0, 'draw': 2}, buffer=8000, value_loss=0.0756, policy_loss=0.7934, value_error_vs_solver=0.3916 (X=0.4456, O=0.4780), elapsed=6.5s
iter  193/300: games={'X': 18, 'O': 1, 'draw': 1}, buffer=8000, value_loss=0.0704, policy_loss=0.7928, value_error_vs_solver=0.3889 (X=0.4431, O=0.4331), elapsed=5.7s
iter  194/300: games={'X': 20, 'O': 0, 'draw': 0}, buffer=8000, value_loss=0.0758, policy_loss=0.8005, value_error_vs_solver=0.4519 (X=0.4796, O=0.3494), elapsed=5.2s
iter  195/300: games={'X': 19, 'O': 0, 'draw': 1}, buffer=8000, value_loss=0.0846, policy_loss=0.7920, value_error_vs_solver=0.4236 (X=0.4023, O=0.4442), elapsed=5.3s
iter  196/300: games={'X': 16, 'O': 0, 'draw': 4}, buffer=8000, value_loss=0.0767, policy_loss=0.7919, value_error_vs_solver=0.4625 (X=0.4324, O=0.4255), elapsed=8.0s
iter  197/300: games={'X': 18, 'O': 1, 'draw': 1}, buffer=8000, value_loss=0.0859, policy_loss=0.7928, value_error_vs_solver=0.4098 (X=0.4348, O=0.4798), elapsed=5.3s
iter  198/300: games={'X': 19, 'O': 0, 'draw': 1}, buffer=8000, value_loss=0.0808, policy_loss=0.7916, value_error_vs_solver=0.3695 (X=0.4233, O=0.4983), elapsed=5.1s
iter  199/300: games={'X': 18, 'O': 2, 'draw': 0}, buffer=8000, value_loss=0.0833, policy_loss=0.7977, value_error_vs_solver=0.4174 (X=0.4416, O=0.3605), elapsed=5.1s
iter  200/300: games={'X': 19, 'O': 0, 'draw': 1}, buffer=8000, value_loss=0.0800, policy_loss=0.7967, value_error_vs_solver=0.4001 (X=0.4521, O=0.4329), elapsed=5.6s
iter  201/300: games={'X': 19, 'O': 0, 'draw': 1}, buffer=8000, value_loss=0.0754, policy_loss=0.7859, value_error_vs_solver=0.4396 (X=0.4074, O=0.4165), elapsed=6.3s
iter  202/300: games={'X': 19, 'O': 0, 'draw': 1}, buffer=8000, value_loss=0.0748, policy_loss=0.8084, value_error_vs_solver=0.4430 (X=0.3623, O=0.4032), elapsed=5.1s
iter  203/300: games={'X': 20, 'O': 0, 'draw': 0}, buffer=8000, value_loss=0.0780, policy_loss=0.7972, value_error_vs_solver=0.3790 (X=0.4213, O=0.4185), elapsed=5.2s
iter  204/300: games={'X': 19, 'O': 1, 'draw': 0}, buffer=8000, value_loss=0.0758, policy_loss=0.7927, value_error_vs_solver=0.4484 (X=0.4575, O=0.4726), elapsed=4.5s
iter  205/300: games={'X': 19, 'O': 0, 'draw': 1}, buffer=8000, value_loss=0.0689, policy_loss=0.8024, value_error_vs_solver=0.3770 (X=0.3802, O=0.4330), elapsed=6.2s
iter  206/300: games={'X': 19, 'O': 1, 'draw': 0}, buffer=8000, value_loss=0.0732, policy_loss=0.7969, value_error_vs_solver=0.4296 (X=0.3614, O=0.4012), elapsed=4.9s
iter  207/300: games={'X': 19, 'O': 1, 'draw': 0}, buffer=8000, value_loss=0.0753, policy_loss=0.8158, value_error_vs_solver=0.4036 (X=0.4095, O=0.4105), elapsed=5.2s
iter  208/300: games={'X': 19, 'O': 0, 'draw': 1}, buffer=8000, value_loss=0.0717, policy_loss=0.8061, value_error_vs_solver=0.4148 (X=0.3919, O=0.3639), elapsed=5.4s
iter  209/300: games={'X': 19, 'O': 1, 'draw': 0}, buffer=8000, value_loss=0.0692, policy_loss=0.7989, value_error_vs_solver=0.4329 (X=0.3662, O=0.3671), elapsed=6.7s
iter  210/300: games={'X': 20, 'O': 0, 'draw': 0}, buffer=8000, value_loss=0.0666, policy_loss=0.8201, value_error_vs_solver=0.4254 (X=0.3715, O=0.4606), elapsed=8.1s
iter  211/300: games={'X': 18, 'O': 1, 'draw': 1}, buffer=8000, value_loss=0.0709, policy_loss=0.8057, value_error_vs_solver=0.3781 (X=0.3565, O=0.4537), elapsed=8.7s
iter  212/300: games={'X': 19, 'O': 0, 'draw': 1}, buffer=8000, value_loss=0.0732, policy_loss=0.8123, value_error_vs_solver=0.4887 (X=0.3729, O=0.3452), elapsed=6.9s
iter  213/300: games={'X': 20, 'O': 0, 'draw': 0}, buffer=8000, value_loss=0.0692, policy_loss=0.8119, value_error_vs_solver=0.4101 (X=0.4873, O=0.4155), elapsed=5.7s
iter  214/300: games={'X': 20, 'O': 0, 'draw': 0}, buffer=8000, value_loss=0.0667, policy_loss=0.8157, value_error_vs_solver=0.4230 (X=0.4099, O=0.4483), elapsed=5.1s
iter  215/300: games={'X': 20, 'O': 0, 'draw': 0}, buffer=8000, value_loss=0.0671, policy_loss=0.8085, value_error_vs_solver=0.4048 (X=0.3903, O=0.3444), elapsed=5.1s
iter  216/300: games={'X': 18, 'O': 1, 'draw': 1}, buffer=8000, value_loss=0.0718, policy_loss=0.8113, value_error_vs_solver=0.4198 (X=0.4728, O=0.4212), elapsed=5.7s
iter  217/300: games={'X': 20, 'O': 0, 'draw': 0}, buffer=8000, value_loss=0.0633, policy_loss=0.8059, value_error_vs_solver=0.4593 (X=0.4392, O=0.3444), elapsed=4.6s
iter  218/300: games={'X': 20, 'O': 0, 'draw': 0}, buffer=8000, value_loss=0.0636, policy_loss=0.8092, value_error_vs_solver=0.4123 (X=0.3755, O=0.4455), elapsed=5.0s
iter  219/300: games={'X': 20, 'O': 0, 'draw': 0}, buffer=8000, value_loss=0.0617, policy_loss=0.8157, value_error_vs_solver=0.4022 (X=0.4608, O=0.4081), elapsed=4.5s
iter  220/300: games={'X': 19, 'O': 0, 'draw': 1}, buffer=8000, value_loss=0.0568, policy_loss=0.8149, value_error_vs_solver=0.3807 (X=0.3882, O=0.3967), elapsed=5.9s
iter  221/300: games={'X': 18, 'O': 1, 'draw': 1}, buffer=8000, value_loss=0.0612, policy_loss=0.8183, value_error_vs_solver=0.4550 (X=0.3976, O=0.3016), elapsed=5.8s
iter  222/300: games={'X': 19, 'O': 1, 'draw': 0}, buffer=8000, value_loss=0.0654, policy_loss=0.8243, value_error_vs_solver=0.4431 (X=0.4445, O=0.3843), elapsed=4.7s
iter  223/300: games={'X': 19, 'O': 0, 'draw': 1}, buffer=8000, value_loss=0.0569, policy_loss=0.8286, value_error_vs_solver=0.3826 (X=0.3909, O=0.4157), elapsed=4.9s
iter  224/300: games={'X': 20, 'O': 0, 'draw': 0}, buffer=8000, value_loss=0.0576, policy_loss=0.8200, value_error_vs_solver=0.4171 (X=0.4418, O=0.4621), elapsed=5.2s
iter  225/300: games={'X': 20, 'O': 0, 'draw': 0}, buffer=8000, value_loss=0.0602, policy_loss=0.8238, value_error_vs_solver=0.4604 (X=0.4482, O=0.4089), elapsed=5.0s
iter  226/300: games={'X': 18, 'O': 0, 'draw': 2}, buffer=8000, value_loss=0.0594, policy_loss=0.8278, value_error_vs_solver=0.3522 (X=0.4508, O=0.4284), elapsed=6.8s
iter  227/300: games={'X': 17, 'O': 0, 'draw': 3}, buffer=8000, value_loss=0.0570, policy_loss=0.8128, value_error_vs_solver=0.3730 (X=0.4240, O=0.3396), elapsed=7.8s
iter  228/300: games={'X': 20, 'O': 0, 'draw': 0}, buffer=8000, value_loss=0.0576, policy_loss=0.8336, value_error_vs_solver=0.3828 (X=0.4114, O=0.3989), elapsed=5.1s
iter  229/300: games={'X': 17, 'O': 0, 'draw': 3}, buffer=8000, value_loss=0.0521, policy_loss=0.8255, value_error_vs_solver=0.3936 (X=0.5262, O=0.3534), elapsed=6.9s
iter  230/300: games={'X': 19, 'O': 0, 'draw': 1}, buffer=8000, value_loss=0.0589, policy_loss=0.8287, value_error_vs_solver=0.4730 (X=0.4029, O=0.4455), elapsed=6.3s
iter  231/300: games={'X': 18, 'O': 1, 'draw': 1}, buffer=8000, value_loss=0.0531, policy_loss=0.8298, value_error_vs_solver=0.4194 (X=0.5197, O=0.4573), elapsed=5.8s
iter  232/300: games={'X': 19, 'O': 0, 'draw': 1}, buffer=8000, value_loss=0.0515, policy_loss=0.8283, value_error_vs_solver=0.4111 (X=0.4758, O=0.4240), elapsed=6.2s
iter  233/300: games={'X': 19, 'O': 1, 'draw': 0}, buffer=8000, value_loss=0.0543, policy_loss=0.8371, value_error_vs_solver=0.4117 (X=0.5034, O=0.3995), elapsed=4.9s
iter  234/300: games={'X': 19, 'O': 0, 'draw': 1}, buffer=8000, value_loss=0.0547, policy_loss=0.8322, value_error_vs_solver=0.3893 (X=0.4644, O=0.4214), elapsed=5.8s
iter  235/300: games={'X': 19, 'O': 1, 'draw': 0}, buffer=8000, value_loss=0.0514, policy_loss=0.8236, value_error_vs_solver=0.4091 (X=0.3794, O=0.4143), elapsed=5.2s
iter  236/300: games={'X': 20, 'O': 0, 'draw': 0}, buffer=8000, value_loss=0.0511, policy_loss=0.8320, value_error_vs_solver=0.4480 (X=0.3827, O=0.4135), elapsed=5.6s
iter  237/300: games={'X': 20, 'O': 0, 'draw': 0}, buffer=8000, value_loss=0.0488, policy_loss=0.8311, value_error_vs_solver=0.3998 (X=0.3954, O=0.4019), elapsed=5.1s
iter  238/300: games={'X': 16, 'O': 1, 'draw': 3}, buffer=8000, value_loss=0.0530, policy_loss=0.8123, value_error_vs_solver=0.4079 (X=0.4283, O=0.4639), elapsed=8.8s
iter  239/300: games={'X': 19, 'O': 0, 'draw': 1}, buffer=8000, value_loss=0.0506, policy_loss=0.8187, value_error_vs_solver=0.4113 (X=0.3816, O=0.4514), elapsed=5.9s
iter  240/300: games={'X': 18, 'O': 2, 'draw': 0}, buffer=8000, value_loss=0.0521, policy_loss=0.8252, value_error_vs_solver=0.4145 (X=0.4319, O=0.3652), elapsed=4.7s
iter  241/300: games={'X': 18, 'O': 1, 'draw': 1}, buffer=8000, value_loss=0.0517, policy_loss=0.8244, value_error_vs_solver=0.3679 (X=0.4265, O=0.3811), elapsed=6.8s
iter  242/300: games={'X': 20, 'O': 0, 'draw': 0}, buffer=8000, value_loss=0.0462, policy_loss=0.8270, value_error_vs_solver=0.4232 (X=0.4684, O=0.4440), elapsed=6.0s
iter  243/300: games={'X': 18, 'O': 0, 'draw': 2}, buffer=8000, value_loss=0.0512, policy_loss=0.8277, value_error_vs_solver=0.4074 (X=0.4400, O=0.4145), elapsed=5.3s
iter  244/300: games={'X': 20, 'O': 0, 'draw': 0}, buffer=8000, value_loss=0.0495, policy_loss=0.8193, value_error_vs_solver=0.3918 (X=0.4274, O=0.4226), elapsed=4.4s
iter  245/300: games={'X': 17, 'O': 0, 'draw': 3}, buffer=8000, value_loss=0.0509, policy_loss=0.8195, value_error_vs_solver=0.4247 (X=0.4552, O=0.4788), elapsed=5.6s
iter  246/300: games={'X': 20, 'O': 0, 'draw': 0}, buffer=8000, value_loss=0.0517, policy_loss=0.8177, value_error_vs_solver=0.4324 (X=0.4039, O=0.3872), elapsed=4.6s
iter  247/300: games={'X': 18, 'O': 0, 'draw': 2}, buffer=8000, value_loss=0.0478, policy_loss=0.8181, value_error_vs_solver=0.4161 (X=0.4478, O=0.4101), elapsed=5.6s
iter  248/300: games={'X': 17, 'O': 0, 'draw': 3}, buffer=8000, value_loss=0.0540, policy_loss=0.8200, value_error_vs_solver=0.3723 (X=0.4046, O=0.4528), elapsed=6.2s
iter  249/300: games={'X': 19, 'O': 0, 'draw': 1}, buffer=8000, value_loss=0.0488, policy_loss=0.8155, value_error_vs_solver=0.4709 (X=0.2934, O=0.3536), elapsed=4.5s
iter  250/300: games={'X': 20, 'O': 0, 'draw': 0}, buffer=8000, value_loss=0.0474, policy_loss=0.8165, value_error_vs_solver=0.4303 (X=0.3910, O=0.3187), elapsed=4.3s
iter  251/300: games={'X': 19, 'O': 0, 'draw': 1}, buffer=8000, value_loss=0.0454, policy_loss=0.8261, value_error_vs_solver=0.4341 (X=0.4432, O=0.3822), elapsed=5.4s
iter  252/300: games={'X': 19, 'O': 0, 'draw': 1}, buffer=8000, value_loss=0.0510, policy_loss=0.8164, value_error_vs_solver=0.4113 (X=0.5066, O=0.3156), elapsed=4.9s
iter  253/300: games={'X': 17, 'O': 2, 'draw': 1}, buffer=8000, value_loss=0.0528, policy_loss=0.8214, value_error_vs_solver=0.4454 (X=0.4349, O=0.4366), elapsed=5.4s
iter  254/300: games={'X': 19, 'O': 1, 'draw': 0}, buffer=8000, value_loss=0.0547, policy_loss=0.8238, value_error_vs_solver=0.4117 (X=0.3661, O=0.3660), elapsed=4.9s
iter  255/300: games={'X': 19, 'O': 1, 'draw': 0}, buffer=8000, value_loss=0.0547, policy_loss=0.8245, value_error_vs_solver=0.3971 (X=0.3140, O=0.4151), elapsed=4.2s
iter  256/300: games={'X': 18, 'O': 0, 'draw': 2}, buffer=8000, value_loss=0.0510, policy_loss=0.8216, value_error_vs_solver=0.4296 (X=0.3972, O=0.3997), elapsed=6.0s
iter  257/300: games={'X': 19, 'O': 0, 'draw': 1}, buffer=8000, value_loss=0.0508, policy_loss=0.8300, value_error_vs_solver=0.4297 (X=0.3479, O=0.3613), elapsed=5.0s
iter  258/300: games={'X': 19, 'O': 0, 'draw': 1}, buffer=8000, value_loss=0.0507, policy_loss=0.8300, value_error_vs_solver=0.4556 (X=0.4676, O=0.4516), elapsed=5.8s
iter  259/300: games={'X': 19, 'O': 0, 'draw': 1}, buffer=8000, value_loss=0.0506, policy_loss=0.8307, value_error_vs_solver=0.3918 (X=0.4411, O=0.3692), elapsed=6.1s
iter  260/300: games={'X': 18, 'O': 1, 'draw': 1}, buffer=8000, value_loss=0.0546, policy_loss=0.8366, value_error_vs_solver=0.4006 (X=0.3791, O=0.4126), elapsed=5.8s
iter  261/300: games={'X': 19, 'O': 0, 'draw': 1}, buffer=8000, value_loss=0.0592, policy_loss=0.8149, value_error_vs_solver=0.4118 (X=0.4848, O=0.4447), elapsed=6.3s
iter  262/300: games={'X': 18, 'O': 0, 'draw': 2}, buffer=8000, value_loss=0.0543, policy_loss=0.8291, value_error_vs_solver=0.4522 (X=0.5517, O=0.3196), elapsed=7.0s
iter  263/300: games={'X': 19, 'O': 0, 'draw': 1}, buffer=8000, value_loss=0.0546, policy_loss=0.8224, value_error_vs_solver=0.4146 (X=0.3915, O=0.3798), elapsed=6.2s
iter  264/300: games={'X': 19, 'O': 1, 'draw': 0}, buffer=8000, value_loss=0.0581, policy_loss=0.8238, value_error_vs_solver=0.4211 (X=0.3586, O=0.4044), elapsed=5.9s
iter  265/300: games={'X': 18, 'O': 1, 'draw': 1}, buffer=8000, value_loss=0.0592, policy_loss=0.8242, value_error_vs_solver=0.3854 (X=0.4057, O=0.4334), elapsed=5.7s
iter  266/300: games={'X': 19, 'O': 0, 'draw': 1}, buffer=8000, value_loss=0.0563, policy_loss=0.8193, value_error_vs_solver=0.4539 (X=0.4138, O=0.4379), elapsed=6.5s
iter  267/300: games={'X': 15, 'O': 1, 'draw': 4}, buffer=8000, value_loss=0.0515, policy_loss=0.8061, value_error_vs_solver=0.4139 (X=0.4977, O=0.4380), elapsed=8.7s
iter  268/300: games={'X': 19, 'O': 0, 'draw': 1}, buffer=8000, value_loss=0.0539, policy_loss=0.8143, value_error_vs_solver=0.4141 (X=0.4221, O=0.4388), elapsed=5.3s
iter  269/300: games={'X': 20, 'O': 0, 'draw': 0}, buffer=8000, value_loss=0.0612, policy_loss=0.8083, value_error_vs_solver=0.4100 (X=0.5066, O=0.3961), elapsed=4.7s
iter  270/300: games={'X': 17, 'O': 1, 'draw': 2}, buffer=8000, value_loss=0.0577, policy_loss=0.8053, value_error_vs_solver=0.4557 (X=0.4543, O=0.4341), elapsed=5.6s
iter  271/300: games={'X': 20, 'O': 0, 'draw': 0}, buffer=8000, value_loss=0.0578, policy_loss=0.8128, value_error_vs_solver=0.4220 (X=0.4807, O=0.3805), elapsed=4.1s
iter  272/300: games={'X': 20, 'O': 0, 'draw': 0}, buffer=8000, value_loss=0.0512, policy_loss=0.7993, value_error_vs_solver=0.4125 (X=0.4661, O=0.4273), elapsed=3.9s
iter  273/300: games={'X': 19, 'O': 0, 'draw': 1}, buffer=8000, value_loss=0.0517, policy_loss=0.7973, value_error_vs_solver=0.4183 (X=0.3988, O=0.3700), elapsed=5.0s
iter  274/300: games={'X': 19, 'O': 1, 'draw': 0}, buffer=8000, value_loss=0.0569, policy_loss=0.7975, value_error_vs_solver=0.4343 (X=0.4340, O=0.4085), elapsed=4.3s
iter  275/300: games={'X': 19, 'O': 0, 'draw': 1}, buffer=8000, value_loss=0.0547, policy_loss=0.8126, value_error_vs_solver=0.3865 (X=0.3892, O=0.3961), elapsed=4.7s
iter  276/300: games={'X': 19, 'O': 1, 'draw': 0}, buffer=8000, value_loss=0.0560, policy_loss=0.8086, value_error_vs_solver=0.4251 (X=0.4800, O=0.4489), elapsed=4.2s
iter  277/300: games={'X': 20, 'O': 0, 'draw': 0}, buffer=8000, value_loss=0.0590, policy_loss=0.8076, value_error_vs_solver=0.4051 (X=0.4484, O=0.4568), elapsed=3.7s
iter  278/300: games={'X': 19, 'O': 0, 'draw': 1}, buffer=8000, value_loss=0.0549, policy_loss=0.8033, value_error_vs_solver=0.4148 (X=0.4169, O=0.3357), elapsed=5.2s
iter  279/300: games={'X': 19, 'O': 0, 'draw': 1}, buffer=8000, value_loss=0.0553, policy_loss=0.8095, value_error_vs_solver=0.3783 (X=0.3840, O=0.3634), elapsed=4.5s
iter  280/300: games={'X': 18, 'O': 1, 'draw': 1}, buffer=8000, value_loss=0.0578, policy_loss=0.8137, value_error_vs_solver=0.4173 (X=0.3355, O=0.3996), elapsed=5.4s
iter  281/300: games={'X': 18, 'O': 2, 'draw': 0}, buffer=8000, value_loss=0.0562, policy_loss=0.7944, value_error_vs_solver=0.4768 (X=0.3556, O=0.4239), elapsed=4.4s
iter  282/300: games={'X': 18, 'O': 0, 'draw': 2}, buffer=8000, value_loss=0.0615, policy_loss=0.8042, value_error_vs_solver=0.4235 (X=0.3698, O=0.4252), elapsed=5.9s
iter  283/300: games={'X': 20, 'O': 0, 'draw': 0}, buffer=8000, value_loss=0.0539, policy_loss=0.7894, value_error_vs_solver=0.4314 (X=0.3646, O=0.4469), elapsed=4.3s
iter  284/300: games={'X': 18, 'O': 0, 'draw': 2}, buffer=8000, value_loss=0.0575, policy_loss=0.8048, value_error_vs_solver=0.4143 (X=0.4633, O=0.3605), elapsed=5.5s
iter  285/300: games={'X': 19, 'O': 0, 'draw': 1}, buffer=8000, value_loss=0.0583, policy_loss=0.8004, value_error_vs_solver=0.3924 (X=0.4498, O=0.3793), elapsed=5.4s
iter  286/300: games={'X': 19, 'O': 0, 'draw': 1}, buffer=8000, value_loss=0.0566, policy_loss=0.7951, value_error_vs_solver=0.4144 (X=0.4180, O=0.4254), elapsed=5.4s
iter  287/300: games={'X': 19, 'O': 1, 'draw': 0}, buffer=8000, value_loss=0.0572, policy_loss=0.8032, value_error_vs_solver=0.5021 (X=0.4150, O=0.4593), elapsed=4.4s
iter  288/300: games={'X': 19, 'O': 1, 'draw': 0}, buffer=8000, value_loss=0.0618, policy_loss=0.8084, value_error_vs_solver=0.3613 (X=0.3620, O=0.4131), elapsed=4.6s
iter  289/300: games={'X': 20, 'O': 0, 'draw': 0}, buffer=8000, value_loss=0.0599, policy_loss=0.8177, value_error_vs_solver=0.4374 (X=0.4280, O=0.3560), elapsed=5.4s
iter  290/300: games={'X': 18, 'O': 1, 'draw': 1}, buffer=8000, value_loss=0.0617, policy_loss=0.8062, value_error_vs_solver=0.4602 (X=0.4234, O=0.3955), elapsed=5.4s
iter  291/300: games={'X': 20, 'O': 0, 'draw': 0}, buffer=8000, value_loss=0.0543, policy_loss=0.8135, value_error_vs_solver=0.3961 (X=0.4057, O=0.3937), elapsed=4.1s
iter  292/300: games={'X': 19, 'O': 1, 'draw': 0}, buffer=8000, value_loss=0.0547, policy_loss=0.8279, value_error_vs_solver=0.3871 (X=0.4544, O=0.4093), elapsed=4.0s
iter  293/300: games={'X': 19, 'O': 0, 'draw': 1}, buffer=8000, value_loss=0.0527, policy_loss=0.8077, value_error_vs_solver=0.4585 (X=0.4823, O=0.4578), elapsed=4.0s
iter  294/300: games={'X': 20, 'O': 0, 'draw': 0}, buffer=8000, value_loss=0.0521, policy_loss=0.8215, value_error_vs_solver=0.4297 (X=0.4663, O=0.3983), elapsed=4.4s
iter  295/300: games={'X': 20, 'O': 0, 'draw': 0}, buffer=8000, value_loss=0.0504, policy_loss=0.8230, value_error_vs_solver=0.4067 (X=0.4922, O=0.4343), elapsed=4.9s
iter  296/300: games={'X': 18, 'O': 1, 'draw': 1}, buffer=8000, value_loss=0.0515, policy_loss=0.8209, value_error_vs_solver=0.4057 (X=0.3663, O=0.4273), elapsed=5.4s
iter  297/300: games={'X': 17, 'O': 1, 'draw': 2}, buffer=8000, value_loss=0.0573, policy_loss=0.8213, value_error_vs_solver=0.3850 (X=0.4302, O=0.3726), elapsed=5.7s
iter  298/300: games={'X': 18, 'O': 1, 'draw': 1}, buffer=8000, value_loss=0.0575, policy_loss=0.8230, value_error_vs_solver=0.4062 (X=0.4882, O=0.4013), elapsed=4.6s
iter  299/300: games={'X': 20, 'O': 0, 'draw': 0}, buffer=8000, value_loss=0.0528, policy_loss=0.8183, value_error_vs_solver=0.4061 (X=0.4529, O=0.3836), elapsed=4.1s
iter  300/300: games={'X': 20, 'O': 0, 'draw': 0}, buffer=8000, value_loss=0.0536, policy_loss=0.8270, value_error_vs_solver=0.4452 (X=0.4540, O=0.4691), elapsed=3.9s
Done. Total time: 1875.2s. Saved to selfplay_trained_net_o_compute.pkl
