Loading solver states for value-error benchmarking...
iter    1/300: games={'X': 13, 'O': 5, 'draw': 2}, examples=188, value_loss=0.9242, policy_loss=1.6525, value_error_vs_solver=0.6994, elapsed=6.6s
iter    2/300: games={'X': 10, 'O': 9, 'draw': 1}, examples=156, value_loss=1.0202, policy_loss=1.7028, value_error_vs_solver=0.7136, elapsed=4.4s
iter    3/300: games={'X': 10, 'O': 8, 'draw': 2}, examples=194, value_loss=0.7567, policy_loss=1.5921, value_error_vs_solver=0.7448, elapsed=5.5s
iter    4/300: games={'X': 9, 'O': 7, 'draw': 4}, examples=192, value_loss=0.6910, policy_loss=1.6460, value_error_vs_solver=0.7663, elapsed=6.3s
iter    5/300: games={'X': 9, 'O': 8, 'draw': 3}, examples=265, value_loss=0.6112, policy_loss=1.5460, value_error_vs_solver=0.7954, elapsed=8.0s
iter    6/300: games={'X': 10, 'O': 4, 'draw': 6}, examples=263, value_loss=0.4140, policy_loss=1.5788, value_error_vs_solver=0.7207, elapsed=9.8s
iter    7/300: games={'X': 8, 'O': 10, 'draw': 2}, examples=216, value_loss=0.8946, policy_loss=1.5989, value_error_vs_solver=0.7567, elapsed=7.0s
iter    8/300: games={'X': 7, 'O': 10, 'draw': 3}, examples=220, value_loss=0.6720, policy_loss=1.5644, value_error_vs_solver=0.7922, elapsed=8.5s
iter    9/300: games={'X': 11, 'O': 5, 'draw': 4}, examples=263, value_loss=0.6141, policy_loss=1.4762, value_error_vs_solver=0.7127, elapsed=9.5s
iter   10/300: games={'X': 9, 'O': 6, 'draw': 5}, examples=203, value_loss=0.5044, policy_loss=1.5144, value_error_vs_solver=0.7424, elapsed=7.2s
iter   11/300: games={'X': 11, 'O': 6, 'draw': 3}, examples=247, value_loss=0.7247, policy_loss=1.4744, value_error_vs_solver=0.7627, elapsed=8.7s
iter   12/300: games={'X': 10, 'O': 7, 'draw': 3}, examples=189, value_loss=0.6387, policy_loss=1.6207, value_error_vs_solver=0.7837, elapsed=6.1s
iter   13/300: games={'X': 6, 'O': 10, 'draw': 4}, examples=269, value_loss=0.5493, policy_loss=1.4100, value_error_vs_solver=0.8009, elapsed=9.0s
iter   14/300: games={'X': 9, 'O': 5, 'draw': 6}, examples=230, value_loss=0.4434, policy_loss=1.5075, value_error_vs_solver=0.7618, elapsed=7.8s
iter   15/300: games={'X': 5, 'O': 8, 'draw': 7}, examples=332, value_loss=0.3592, policy_loss=1.3253, value_error_vs_solver=0.7475, elapsed=11.8s
iter   16/300: games={'X': 8, 'O': 10, 'draw': 2}, examples=203, value_loss=0.7072, policy_loss=1.5557, value_error_vs_solver=0.6835, elapsed=7.3s
iter   17/300: games={'X': 11, 'O': 6, 'draw': 3}, examples=250, value_loss=0.5914, policy_loss=1.3914, value_error_vs_solver=0.7118, elapsed=8.6s
iter   18/300: games={'X': 8, 'O': 7, 'draw': 5}, examples=267, value_loss=0.5016, policy_loss=1.3560, value_error_vs_solver=0.6783, elapsed=9.3s
iter   19/300: games={'X': 8, 'O': 8, 'draw': 4}, examples=231, value_loss=0.5494, policy_loss=1.4005, value_error_vs_solver=0.7079, elapsed=9.4s
iter   20/300: games={'X': 10, 'O': 8, 'draw': 2}, examples=198, value_loss=0.7144, policy_loss=1.4218, value_error_vs_solver=0.6828, elapsed=6.7s
iter   21/300: games={'X': 10, 'O': 8, 'draw': 2}, examples=189, value_loss=0.7072, policy_loss=1.5243, value_error_vs_solver=0.7212, elapsed=6.9s
iter   22/300: games={'X': 9, 'O': 8, 'draw': 3}, examples=218, value_loss=0.5505, policy_loss=1.3678, value_error_vs_solver=0.7275, elapsed=8.0s
iter   23/300: games={'X': 9, 'O': 5, 'draw': 6}, examples=232, value_loss=0.4644, policy_loss=1.5114, value_error_vs_solver=0.6738, elapsed=8.2s
iter   24/300: games={'X': 8, 'O': 10, 'draw': 2}, examples=220, value_loss=0.5977, policy_loss=1.4261, value_error_vs_solver=0.6946, elapsed=8.1s
iter   25/300: games={'X': 12, 'O': 6, 'draw': 2}, examples=150, value_loss=0.7418, policy_loss=1.6372, value_error_vs_solver=0.6832, elapsed=6.5s
iter   26/300: games={'X': 12, 'O': 6, 'draw': 2}, examples=189, value_loss=0.6506, policy_loss=1.5175, value_error_vs_solver=0.6772, elapsed=7.4s
iter   27/300: games={'X': 14, 'O': 1, 'draw': 5}, examples=227, value_loss=0.4366, policy_loss=1.2968, value_error_vs_solver=0.7284, elapsed=8.4s
iter   28/300: games={'X': 9, 'O': 8, 'draw': 3}, examples=216, value_loss=0.7122, policy_loss=1.4685, value_error_vs_solver=0.7145, elapsed=7.2s
iter   29/300: games={'X': 16, 'O': 3, 'draw': 1}, examples=166, value_loss=0.7604, policy_loss=1.6427, value_error_vs_solver=0.6791, elapsed=6.2s
iter   30/300: games={'X': 7, 'O': 10, 'draw': 3}, examples=211, value_loss=0.6216, policy_loss=1.3649, value_error_vs_solver=0.7110, elapsed=6.7s
iter   31/300: games={'X': 10, 'O': 5, 'draw': 5}, examples=247, value_loss=0.3709, policy_loss=1.2926, value_error_vs_solver=0.7022, elapsed=9.5s
iter   32/300: games={'X': 8, 'O': 6, 'draw': 6}, examples=245, value_loss=0.4487, policy_loss=1.2681, value_error_vs_solver=0.7196, elapsed=8.6s
iter   33/300: games={'X': 9, 'O': 4, 'draw': 7}, examples=260, value_loss=0.3757, policy_loss=1.2380, value_error_vs_solver=0.7096, elapsed=8.7s
iter   34/300: games={'X': 11, 'O': 4, 'draw': 5}, examples=204, value_loss=0.4448, policy_loss=1.2690, value_error_vs_solver=0.7358, elapsed=7.1s
iter   35/300: games={'X': 8, 'O': 5, 'draw': 7}, examples=258, value_loss=0.3421, policy_loss=1.0782, value_error_vs_solver=0.7267, elapsed=8.8s
iter   36/300: games={'X': 12, 'O': 2, 'draw': 6}, examples=218, value_loss=0.3345, policy_loss=1.2178, value_error_vs_solver=0.7411, elapsed=8.3s
iter   37/300: games={'X': 11, 'O': 5, 'draw': 4}, examples=223, value_loss=0.5203, policy_loss=1.2928, value_error_vs_solver=0.7015, elapsed=8.0s
iter   38/300: games={'X': 11, 'O': 6, 'draw': 3}, examples=189, value_loss=0.5202, policy_loss=1.3389, value_error_vs_solver=0.7331, elapsed=6.4s
iter   39/300: games={'X': 11, 'O': 4, 'draw': 5}, examples=213, value_loss=0.4063, policy_loss=1.2440, value_error_vs_solver=0.7382, elapsed=7.9s
iter   40/300: games={'X': 13, 'O': 7, 'draw': 0}, examples=129, value_loss=0.5578, policy_loss=1.6771, value_error_vs_solver=0.7058, elapsed=4.0s
iter   41/300: games={'X': 13, 'O': 3, 'draw': 4}, examples=209, value_loss=0.4060, policy_loss=1.2669, value_error_vs_solver=0.6863, elapsed=7.4s
iter   42/300: games={'X': 10, 'O': 6, 'draw': 4}, examples=216, value_loss=0.4258, policy_loss=1.2842, value_error_vs_solver=0.7050, elapsed=7.3s
iter   43/300: games={'X': 10, 'O': 7, 'draw': 3}, examples=222, value_loss=0.6151, policy_loss=1.3074, value_error_vs_solver=0.6839, elapsed=7.9s
iter   44/300: games={'X': 9, 'O': 9, 'draw': 2}, examples=194, value_loss=0.7445, policy_loss=1.4634, value_error_vs_solver=0.6944, elapsed=6.5s
iter   45/300: games={'X': 11, 'O': 6, 'draw': 3}, examples=223, value_loss=0.5618, policy_loss=1.2843, value_error_vs_solver=0.6952, elapsed=8.1s
iter   46/300: games={'X': 10, 'O': 7, 'draw': 3}, examples=185, value_loss=0.5119, policy_loss=1.3214, value_error_vs_solver=0.7225, elapsed=6.6s
iter   47/300: games={'X': 13, 'O': 3, 'draw': 4}, examples=201, value_loss=0.4046, policy_loss=1.1999, value_error_vs_solver=0.7376, elapsed=7.0s
iter   48/300: games={'X': 9, 'O': 4, 'draw': 7}, examples=248, value_loss=0.3066, policy_loss=1.0549, value_error_vs_solver=0.7041, elapsed=9.3s
iter   49/300: games={'X': 6, 'O': 8, 'draw': 6}, examples=218, value_loss=0.4220, policy_loss=1.1158, value_error_vs_solver=0.7229, elapsed=8.9s
iter   50/300: games={'X': 9, 'O': 7, 'draw': 4}, examples=218, value_loss=0.4513, policy_loss=1.1700, value_error_vs_solver=0.6829, elapsed=9.6s
iter   51/300: games={'X': 8, 'O': 5, 'draw': 7}, examples=253, value_loss=0.4158, policy_loss=1.0204, value_error_vs_solver=0.6846, elapsed=10.3s
iter   52/300: games={'X': 7, 'O': 8, 'draw': 5}, examples=198, value_loss=0.5762, policy_loss=1.0636, value_error_vs_solver=0.6488, elapsed=7.3s
iter   53/300: games={'X': 8, 'O': 6, 'draw': 6}, examples=246, value_loss=0.3335, policy_loss=1.0448, value_error_vs_solver=0.6810, elapsed=8.1s
iter   54/300: games={'X': 9, 'O': 5, 'draw': 6}, examples=234, value_loss=0.3756, policy_loss=1.0924, value_error_vs_solver=0.6639, elapsed=8.5s
iter   55/300: games={'X': 9, 'O': 5, 'draw': 6}, examples=252, value_loss=0.3668, policy_loss=1.0530, value_error_vs_solver=0.7188, elapsed=9.0s
iter   56/300: games={'X': 10, 'O': 4, 'draw': 6}, examples=244, value_loss=0.3525, policy_loss=1.0780, value_error_vs_solver=0.6800, elapsed=8.3s
iter   57/300: games={'X': 11, 'O': 3, 'draw': 6}, examples=254, value_loss=0.3667, policy_loss=1.0684, value_error_vs_solver=0.6840, elapsed=8.9s
iter   58/300: games={'X': 11, 'O': 5, 'draw': 4}, examples=199, value_loss=0.5207, policy_loss=1.1327, value_error_vs_solver=0.6916, elapsed=6.5s
iter   59/300: games={'X': 11, 'O': 3, 'draw': 6}, examples=237, value_loss=0.3016, policy_loss=1.0477, value_error_vs_solver=0.6745, elapsed=10.4s
iter   60/300: games={'X': 9, 'O': 4, 'draw': 7}, examples=266, value_loss=0.3542, policy_loss=1.0564, value_error_vs_solver=0.6648, elapsed=10.0s
iter   61/300: games={'X': 9, 'O': 3, 'draw': 8}, examples=269, value_loss=0.2098, policy_loss=0.9187, value_error_vs_solver=0.6959, elapsed=10.6s
iter   62/300: games={'X': 9, 'O': 4, 'draw': 7}, examples=267, value_loss=0.2663, policy_loss=0.9643, value_error_vs_solver=0.6838, elapsed=11.8s
iter   63/300: games={'X': 11, 'O': 6, 'draw': 3}, examples=183, value_loss=0.4739, policy_loss=1.1801, value_error_vs_solver=0.6926, elapsed=7.8s
iter   64/300: games={'X': 13, 'O': 3, 'draw': 4}, examples=197, value_loss=0.5050, policy_loss=1.1757, value_error_vs_solver=0.6903, elapsed=8.4s
iter   65/300: games={'X': 10, 'O': 7, 'draw': 3}, examples=180, value_loss=0.4701, policy_loss=1.1411, value_error_vs_solver=0.6602, elapsed=7.9s
iter   66/300: games={'X': 11, 'O': 5, 'draw': 4}, examples=199, value_loss=0.4202, policy_loss=1.1758, value_error_vs_solver=0.6402, elapsed=9.6s
iter   67/300: games={'X': 12, 'O': 5, 'draw': 3}, examples=177, value_loss=0.4568, policy_loss=1.1358, value_error_vs_solver=0.6512, elapsed=8.7s
iter   68/300: games={'X': 11, 'O': 2, 'draw': 7}, examples=248, value_loss=0.2534, policy_loss=0.9251, value_error_vs_solver=0.6844, elapsed=10.0s
iter   69/300: games={'X': 9, 'O': 7, 'draw': 4}, examples=236, value_loss=0.5867, policy_loss=1.0584, value_error_vs_solver=0.7074, elapsed=10.1s
iter   70/300: games={'X': 15, 'O': 2, 'draw': 3}, examples=182, value_loss=0.3929, policy_loss=1.0723, value_error_vs_solver=0.6899, elapsed=7.3s
iter   71/300: games={'X': 14, 'O': 2, 'draw': 4}, examples=220, value_loss=0.4056, policy_loss=1.0156, value_error_vs_solver=0.6283, elapsed=8.5s
iter   72/300: games={'X': 11, 'O': 3, 'draw': 6}, examples=255, value_loss=0.3134, policy_loss=0.9324, value_error_vs_solver=0.6757, elapsed=10.4s
iter   73/300: games={'X': 10, 'O': 5, 'draw': 5}, examples=238, value_loss=0.4568, policy_loss=1.0205, value_error_vs_solver=0.6619, elapsed=11.7s
iter   74/300: games={'X': 8, 'O': 5, 'draw': 7}, examples=256, value_loss=0.3536, policy_loss=0.8752, value_error_vs_solver=0.6509, elapsed=13.8s
iter   75/300: games={'X': 8, 'O': 4, 'draw': 8}, examples=280, value_loss=0.3200, policy_loss=0.8716, value_error_vs_solver=0.6501, elapsed=14.3s
iter   76/300: games={'X': 11, 'O': 3, 'draw': 6}, examples=236, value_loss=0.3136, policy_loss=0.9384, value_error_vs_solver=0.6765, elapsed=12.4s
iter   77/300: games={'X': 13, 'O': 2, 'draw': 5}, examples=214, value_loss=0.2735, policy_loss=0.9780, value_error_vs_solver=0.6641, elapsed=9.2s
iter   78/300: games={'X': 16, 'O': 0, 'draw': 4}, examples=211, value_loss=0.2991, policy_loss=1.0582, value_error_vs_solver=0.6788, elapsed=7.8s
iter   79/300: games={'X': 9, 'O': 4, 'draw': 7}, examples=271, value_loss=0.2936, policy_loss=0.9039, value_error_vs_solver=0.6626, elapsed=10.5s
iter   80/300: games={'X': 10, 'O': 5, 'draw': 5}, examples=223, value_loss=0.3808, policy_loss=0.9056, value_error_vs_solver=0.6662, elapsed=10.3s
iter   81/300: games={'X': 6, 'O': 3, 'draw': 11}, examples=341, value_loss=0.2264, policy_loss=0.7310, value_error_vs_solver=0.6766, elapsed=14.9s
iter   82/300: games={'X': 10, 'O': 6, 'draw': 4}, examples=203, value_loss=0.5173, policy_loss=1.0069, value_error_vs_solver=0.6587, elapsed=7.6s
iter   83/300: games={'X': 8, 'O': 3, 'draw': 9}, examples=297, value_loss=0.2490, policy_loss=0.8021, value_error_vs_solver=0.6421, elapsed=11.2s
iter   84/300: games={'X': 12, 'O': 3, 'draw': 5}, examples=199, value_loss=0.2826, policy_loss=0.8809, value_error_vs_solver=0.6694, elapsed=8.6s
iter   85/300: games={'X': 7, 'O': 2, 'draw': 11}, examples=306, value_loss=0.1802, policy_loss=0.6730, value_error_vs_solver=0.6496, elapsed=12.5s
iter   86/300: games={'X': 11, 'O': 3, 'draw': 6}, examples=246, value_loss=0.3379, policy_loss=0.9050, value_error_vs_solver=0.6480, elapsed=9.9s
iter   87/300: games={'X': 9, 'O': 6, 'draw': 5}, examples=229, value_loss=0.4389, policy_loss=0.9801, value_error_vs_solver=0.6588, elapsed=8.6s
iter   88/300: games={'X': 12, 'O': 3, 'draw': 5}, examples=200, value_loss=0.3697, policy_loss=0.8854, value_error_vs_solver=0.6678, elapsed=6.9s
iter   89/300: games={'X': 12, 'O': 2, 'draw': 6}, examples=239, value_loss=0.2719, policy_loss=0.8849, value_error_vs_solver=0.6387, elapsed=9.1s
iter   90/300: games={'X': 6, 'O': 6, 'draw': 8}, examples=288, value_loss=0.3764, policy_loss=0.9620, value_error_vs_solver=0.6470, elapsed=10.5s
iter   91/300: games={'X': 7, 'O': 7, 'draw': 6}, examples=282, value_loss=0.3654, policy_loss=0.8754, value_error_vs_solver=0.6451, elapsed=11.8s
iter   92/300: games={'X': 11, 'O': 4, 'draw': 5}, examples=239, value_loss=0.3924, policy_loss=0.9052, value_error_vs_solver=0.6529, elapsed=11.5s
iter   93/300: games={'X': 11, 'O': 6, 'draw': 3}, examples=230, value_loss=0.5713, policy_loss=1.0619, value_error_vs_solver=0.6619, elapsed=12.2s
iter   94/300: games={'X': 14, 'O': 4, 'draw': 2}, examples=196, value_loss=0.5464, policy_loss=1.0061, value_error_vs_solver=0.6428, elapsed=8.2s
iter   95/300: games={'X': 13, 'O': 2, 'draw': 5}, examples=238, value_loss=0.3361, policy_loss=0.9271, value_error_vs_solver=0.6081, elapsed=12.1s
iter   96/300: games={'X': 12, 'O': 5, 'draw': 3}, examples=231, value_loss=0.5419, policy_loss=0.9788, value_error_vs_solver=0.6347, elapsed=10.8s
iter   97/300: games={'X': 12, 'O': 3, 'draw': 5}, examples=223, value_loss=0.3210, policy_loss=0.8909, value_error_vs_solver=0.6459, elapsed=8.9s
iter   98/300: games={'X': 11, 'O': 3, 'draw': 6}, examples=249, value_loss=0.2613, policy_loss=0.8030, value_error_vs_solver=0.6617, elapsed=10.2s
iter   99/300: games={'X': 12, 'O': 1, 'draw': 7}, examples=248, value_loss=0.2118, policy_loss=0.7701, value_error_vs_solver=0.6292, elapsed=10.7s
iter  100/300: games={'X': 12, 'O': 2, 'draw': 6}, examples=241, value_loss=0.2713, policy_loss=0.8496, value_error_vs_solver=0.6551, elapsed=10.0s
iter  101/300: games={'X': 11, 'O': 1, 'draw': 8}, examples=260, value_loss=0.2030, policy_loss=0.8278, value_error_vs_solver=0.6127, elapsed=9.9s
iter  102/300: games={'X': 6, 'O': 4, 'draw': 10}, examples=325, value_loss=0.2396, policy_loss=0.6834, value_error_vs_solver=0.6212, elapsed=13.3s
iter  103/300: games={'X': 7, 'O': 0, 'draw': 13}, examples=341, value_loss=0.0889, policy_loss=0.5515, value_error_vs_solver=0.6320, elapsed=12.8s
iter  104/300: games={'X': 10, 'O': 4, 'draw': 6}, examples=265, value_loss=0.3507, policy_loss=0.8125, value_error_vs_solver=0.6297, elapsed=9.4s
iter  105/300: games={'X': 12, 'O': 2, 'draw': 6}, examples=254, value_loss=0.2585, policy_loss=0.7729, value_error_vs_solver=0.6092, elapsed=8.6s
iter  106/300: games={'X': 10, 'O': 3, 'draw': 7}, examples=250, value_loss=0.2936, policy_loss=0.7796, value_error_vs_solver=0.6271, elapsed=8.3s
iter  107/300: games={'X': 12, 'O': 3, 'draw': 5}, examples=220, value_loss=0.3277, policy_loss=0.8055, value_error_vs_solver=0.6689, elapsed=9.1s
iter  108/300: games={'X': 13, 'O': 0, 'draw': 7}, examples=271, value_loss=0.1384, policy_loss=0.6633, value_error_vs_solver=0.6486, elapsed=10.0s
iter  109/300: games={'X': 14, 'O': 2, 'draw': 4}, examples=189, value_loss=0.2853, policy_loss=0.8825, value_error_vs_solver=0.6552, elapsed=6.4s
iter  110/300: games={'X': 12, 'O': 3, 'draw': 5}, examples=224, value_loss=0.3168, policy_loss=0.8539, value_error_vs_solver=0.6305, elapsed=9.9s
iter  111/300: games={'X': 14, 'O': 2, 'draw': 4}, examples=207, value_loss=0.3147, policy_loss=0.9065, value_error_vs_solver=0.6255, elapsed=6.7s
iter  112/300: games={'X': 14, 'O': 2, 'draw': 4}, examples=198, value_loss=0.3439, policy_loss=0.9058, value_error_vs_solver=0.6630, elapsed=6.5s
iter  113/300: games={'X': 12, 'O': 4, 'draw': 4}, examples=194, value_loss=0.3630, policy_loss=0.7637, value_error_vs_solver=0.6062, elapsed=5.4s
iter  114/300: games={'X': 11, 'O': 5, 'draw': 4}, examples=223, value_loss=0.4407, policy_loss=0.8358, value_error_vs_solver=0.6205, elapsed=7.0s
iter  115/300: games={'X': 14, 'O': 0, 'draw': 6}, examples=223, value_loss=0.1480, policy_loss=0.7563, value_error_vs_solver=0.6498, elapsed=6.2s
iter  116/300: games={'X': 10, 'O': 4, 'draw': 6}, examples=249, value_loss=0.2848, policy_loss=0.7701, value_error_vs_solver=0.6522, elapsed=7.4s
iter  117/300: games={'X': 11, 'O': 1, 'draw': 8}, examples=284, value_loss=0.1753, policy_loss=0.6534, value_error_vs_solver=0.6280, elapsed=8.6s
iter  118/300: games={'X': 13, 'O': 3, 'draw': 4}, examples=213, value_loss=0.3812, policy_loss=0.9083, value_error_vs_solver=0.5989, elapsed=6.3s
iter  119/300: games={'X': 10, 'O': 2, 'draw': 8}, examples=266, value_loss=0.2674, policy_loss=0.6975, value_error_vs_solver=0.6168, elapsed=7.9s
iter  120/300: games={'X': 12, 'O': 2, 'draw': 6}, examples=250, value_loss=0.2233, policy_loss=0.7513, value_error_vs_solver=0.6030, elapsed=7.4s
iter  121/300: games={'X': 14, 'O': 2, 'draw': 4}, examples=201, value_loss=0.2515, policy_loss=0.7749, value_error_vs_solver=0.6162, elapsed=7.1s
iter  122/300: games={'X': 12, 'O': 4, 'draw': 4}, examples=220, value_loss=0.4212, policy_loss=0.8650, value_error_vs_solver=0.6244, elapsed=7.8s
iter  123/300: games={'X': 8, 'O': 3, 'draw': 9}, examples=300, value_loss=0.2331, policy_loss=0.6442, value_error_vs_solver=0.6031, elapsed=10.3s
iter  124/300: games={'X': 13, 'O': 1, 'draw': 6}, examples=230, value_loss=0.1768, policy_loss=0.7125, value_error_vs_solver=0.6325, elapsed=8.3s
iter  125/300: games={'X': 15, 'O': 3, 'draw': 2}, examples=184, value_loss=0.4838, policy_loss=1.0000, value_error_vs_solver=0.5900, elapsed=6.9s
iter  126/300: games={'X': 12, 'O': 2, 'draw': 6}, examples=241, value_loss=0.2355, policy_loss=0.6951, value_error_vs_solver=0.6048, elapsed=10.9s
iter  127/300: games={'X': 12, 'O': 1, 'draw': 7}, examples=244, value_loss=0.1759, policy_loss=0.6482, value_error_vs_solver=0.6511, elapsed=10.7s
iter  128/300: games={'X': 14, 'O': 2, 'draw': 4}, examples=213, value_loss=0.2336, policy_loss=0.7307, value_error_vs_solver=0.6201, elapsed=8.4s
iter  129/300: games={'X': 17, 'O': 1, 'draw': 2}, examples=153, value_loss=0.2524, policy_loss=0.9425, value_error_vs_solver=0.5841, elapsed=4.6s
iter  130/300: games={'X': 15, 'O': 1, 'draw': 4}, examples=214, value_loss=0.1944, policy_loss=0.8570, value_error_vs_solver=0.6396, elapsed=7.9s
iter  131/300: games={'X': 13, 'O': 2, 'draw': 5}, examples=204, value_loss=0.2860, policy_loss=0.7508, value_error_vs_solver=0.6018, elapsed=4.7s
iter  132/300: games={'X': 12, 'O': 4, 'draw': 4}, examples=211, value_loss=0.4518, policy_loss=0.8518, value_error_vs_solver=0.6590, elapsed=5.0s
iter  133/300: games={'X': 8, 'O': 4, 'draw': 8}, examples=280, value_loss=0.3239, policy_loss=0.6532, value_error_vs_solver=0.6049, elapsed=10.5s
iter  134/300: games={'X': 11, 'O': 0, 'draw': 9}, examples=302, value_loss=0.1084, policy_loss=0.6394, value_error_vs_solver=0.5935, elapsed=7.6s
iter  135/300: games={'X': 15, 'O': 1, 'draw': 4}, examples=198, value_loss=0.2131, policy_loss=0.9004, value_error_vs_solver=0.6175, elapsed=5.1s
iter  136/300: games={'X': 10, 'O': 1, 'draw': 9}, examples=275, value_loss=0.1516, policy_loss=0.6006, value_error_vs_solver=0.5789, elapsed=7.1s
iter  137/300: games={'X': 17, 'O': 0, 'draw': 3}, examples=170, value_loss=0.2476, policy_loss=0.9137, value_error_vs_solver=0.6242, elapsed=4.1s
iter  138/300: games={'X': 14, 'O': 3, 'draw': 3}, examples=212, value_loss=0.3348, policy_loss=0.9761, value_error_vs_solver=0.6678, elapsed=5.5s
iter  139/300: games={'X': 14, 'O': 1, 'draw': 5}, examples=229, value_loss=0.1891, policy_loss=0.7867, value_error_vs_solver=0.5643, elapsed=5.4s
iter  140/300: games={'X': 11, 'O': 4, 'draw': 5}, examples=208, value_loss=0.3659, policy_loss=0.8015, value_error_vs_solver=0.6281, elapsed=5.7s
iter  141/300: games={'X': 12, 'O': 2, 'draw': 6}, examples=247, value_loss=0.2395, policy_loss=0.7212, value_error_vs_solver=0.6304, elapsed=5.7s
iter  142/300: games={'X': 15, 'O': 1, 'draw': 4}, examples=201, value_loss=0.2014, policy_loss=0.8593, value_error_vs_solver=0.5841, elapsed=4.9s
iter  143/300: games={'X': 12, 'O': 2, 'draw': 6}, examples=247, value_loss=0.2291, policy_loss=0.6837, value_error_vs_solver=0.5650, elapsed=5.3s
iter  144/300: games={'X': 12, 'O': 2, 'draw': 6}, examples=239, value_loss=0.1420, policy_loss=0.6970, value_error_vs_solver=0.6288, elapsed=5.5s
iter  145/300: games={'X': 12, 'O': 3, 'draw': 5}, examples=217, value_loss=0.2836, policy_loss=0.7744, value_error_vs_solver=0.5613, elapsed=3.9s
iter  146/300: games={'X': 14, 'O': 3, 'draw': 3}, examples=195, value_loss=0.4169, policy_loss=0.9813, value_error_vs_solver=0.5713, elapsed=5.8s
iter  147/300: games={'X': 12, 'O': 4, 'draw': 4}, examples=217, value_loss=0.3982, policy_loss=0.7973, value_error_vs_solver=0.5919, elapsed=4.4s
iter  148/300: games={'X': 12, 'O': 4, 'draw': 4}, examples=204, value_loss=0.3699, policy_loss=0.8793, value_error_vs_solver=0.6300, elapsed=7.0s
iter  149/300: games={'X': 14, 'O': 2, 'draw': 4}, examples=192, value_loss=0.3156, policy_loss=0.8946, value_error_vs_solver=0.6160, elapsed=4.4s
iter  150/300: games={'X': 16, 'O': 0, 'draw': 4}, examples=210, value_loss=0.1911, policy_loss=0.8413, value_error_vs_solver=0.6237, elapsed=5.1s
iter  151/300: games={'X': 10, 'O': 5, 'draw': 5}, examples=221, value_loss=0.4347, policy_loss=0.7652, value_error_vs_solver=0.6105, elapsed=6.8s
iter  152/300: games={'X': 18, 'O': 0, 'draw': 2}, examples=176, value_loss=0.1731, policy_loss=0.8731, value_error_vs_solver=0.5918, elapsed=5.7s
iter  153/300: games={'X': 13, 'O': 1, 'draw': 6}, examples=222, value_loss=0.1896, policy_loss=0.7202, value_error_vs_solver=0.5947, elapsed=6.6s
iter  154/300: games={'X': 14, 'O': 1, 'draw': 5}, examples=234, value_loss=0.1968, policy_loss=0.7329, value_error_vs_solver=0.5574, elapsed=8.3s
iter  155/300: games={'X': 13, 'O': 2, 'draw': 5}, examples=220, value_loss=0.2991, policy_loss=0.8037, value_error_vs_solver=0.6333, elapsed=6.9s
iter  156/300: games={'X': 16, 'O': 1, 'draw': 3}, examples=182, value_loss=0.2444, policy_loss=0.8965, value_error_vs_solver=0.6288, elapsed=7.6s
iter  157/300: games={'X': 15, 'O': 2, 'draw': 3}, examples=180, value_loss=0.2435, policy_loss=0.8192, value_error_vs_solver=0.6030, elapsed=5.0s
iter  158/300: games={'X': 15, 'O': 1, 'draw': 4}, examples=196, value_loss=0.1438, policy_loss=0.8843, value_error_vs_solver=0.5924, elapsed=5.6s
iter  159/300: games={'X': 14, 'O': 2, 'draw': 4}, examples=193, value_loss=0.2442, policy_loss=0.8740, value_error_vs_solver=0.5750, elapsed=6.4s
iter  160/300: games={'X': 16, 'O': 2, 'draw': 2}, examples=153, value_loss=0.3141, policy_loss=0.9162, value_error_vs_solver=0.5910, elapsed=4.1s
iter  161/300: games={'X': 11, 'O': 2, 'draw': 7}, examples=256, value_loss=0.2296, policy_loss=0.6875, value_error_vs_solver=0.5810, elapsed=6.7s
iter  162/300: games={'X': 15, 'O': 2, 'draw': 3}, examples=190, value_loss=0.2914, policy_loss=0.8925, value_error_vs_solver=0.5988, elapsed=5.3s
iter  163/300: games={'X': 13, 'O': 2, 'draw': 5}, examples=203, value_loss=0.2535, policy_loss=0.7482, value_error_vs_solver=0.5904, elapsed=5.9s
iter  164/300: games={'X': 15, 'O': 2, 'draw': 3}, examples=179, value_loss=0.4018, policy_loss=0.8799, value_error_vs_solver=0.6201, elapsed=4.1s
iter  165/300: games={'X': 17, 'O': 0, 'draw': 3}, examples=193, value_loss=0.1604, policy_loss=1.0348, value_error_vs_solver=0.6074, elapsed=15.7s
iter  166/300: games={'X': 10, 'O': 2, 'draw': 8}, examples=261, value_loss=0.1893, policy_loss=0.5709, value_error_vs_solver=0.5615, elapsed=5.7s
iter  167/300: games={'X': 15, 'O': 4, 'draw': 1}, examples=156, value_loss=0.5264, policy_loss=0.9412, value_error_vs_solver=0.5740, elapsed=2.7s
iter  168/300: games={'X': 16, 'O': 1, 'draw': 3}, examples=181, value_loss=0.2025, policy_loss=0.8308, value_error_vs_solver=0.5493, elapsed=3.6s
iter  169/300: games={'X': 14, 'O': 2, 'draw': 4}, examples=213, value_loss=0.2888, policy_loss=0.8974, value_error_vs_solver=0.5521, elapsed=4.6s
iter  170/300: games={'X': 19, 'O': 1, 'draw': 0}, examples=139, value_loss=0.2664, policy_loss=1.0912, value_error_vs_solver=0.6196, elapsed=2.5s
iter  171/300: games={'X': 13, 'O': 1, 'draw': 6}, examples=241, value_loss=0.1916, policy_loss=0.6892, value_error_vs_solver=0.6136, elapsed=5.0s
iter  172/300: games={'X': 12, 'O': 2, 'draw': 6}, examples=229, value_loss=0.2860, policy_loss=0.7424, value_error_vs_solver=0.5467, elapsed=5.1s
iter  173/300: games={'X': 15, 'O': 0, 'draw': 5}, examples=209, value_loss=0.1838, policy_loss=0.7224, value_error_vs_solver=0.6151, elapsed=4.7s
iter  174/300: games={'X': 13, 'O': 2, 'draw': 5}, examples=213, value_loss=0.3202, policy_loss=0.7018, value_error_vs_solver=0.6189, elapsed=6.0s
iter  175/300: games={'X': 16, 'O': 2, 'draw': 2}, examples=173, value_loss=0.3336, policy_loss=0.8295, value_error_vs_solver=0.5842, elapsed=22.5s
iter  176/300: games={'X': 15, 'O': 0, 'draw': 5}, examples=224, value_loss=0.1143, policy_loss=0.7230, value_error_vs_solver=0.5622, elapsed=8.8s
iter  177/300: games={'X': 13, 'O': 2, 'draw': 5}, examples=222, value_loss=0.2555, policy_loss=0.7406, value_error_vs_solver=0.6106, elapsed=4.1s
iter  178/300: games={'X': 16, 'O': 1, 'draw': 3}, examples=187, value_loss=0.2059, policy_loss=0.8219, value_error_vs_solver=0.5856, elapsed=4.2s
iter  179/300: games={'X': 17, 'O': 2, 'draw': 1}, examples=143, value_loss=0.4265, policy_loss=1.0044, value_error_vs_solver=0.5623, elapsed=3.0s
iter  180/300: games={'X': 15, 'O': 0, 'draw': 5}, examples=234, value_loss=0.1104, policy_loss=0.6883, value_error_vs_solver=0.5922, elapsed=6.6s
iter  181/300: games={'X': 15, 'O': 1, 'draw': 4}, examples=191, value_loss=0.1545, policy_loss=0.7416, value_error_vs_solver=0.6024, elapsed=7.6s
iter  182/300: games={'X': 11, 'O': 4, 'draw': 5}, examples=222, value_loss=0.4017, policy_loss=0.6470, value_error_vs_solver=0.5730, elapsed=5.5s
iter  183/300: games={'X': 11, 'O': 3, 'draw': 6}, examples=230, value_loss=0.3315, policy_loss=0.6822, value_error_vs_solver=0.5869, elapsed=5.9s
iter  184/300: games={'X': 17, 'O': 2, 'draw': 1}, examples=149, value_loss=0.4217, policy_loss=0.9566, value_error_vs_solver=0.6007, elapsed=2.9s
iter  185/300: games={'X': 14, 'O': 1, 'draw': 5}, examples=224, value_loss=0.1621, policy_loss=0.6443, value_error_vs_solver=0.6443, elapsed=5.6s
iter  186/300: games={'X': 15, 'O': 1, 'draw': 4}, examples=209, value_loss=0.1707, policy_loss=0.7291, value_error_vs_solver=0.5907, elapsed=4.6s
iter  187/300: games={'X': 16, 'O': 2, 'draw': 2}, examples=159, value_loss=0.2597, policy_loss=0.8927, value_error_vs_solver=0.6011, elapsed=3.0s
iter  188/300: games={'X': 15, 'O': 2, 'draw': 3}, examples=181, value_loss=0.2393, policy_loss=0.8112, value_error_vs_solver=0.5488, elapsed=4.7s
iter  189/300: games={'X': 15, 'O': 4, 'draw': 1}, examples=152, value_loss=0.5376, policy_loss=0.8740, value_error_vs_solver=0.5622, elapsed=13.7s
iter  190/300: games={'X': 16, 'O': 2, 'draw': 2}, examples=174, value_loss=0.2328, policy_loss=0.8133, value_error_vs_solver=0.5922, elapsed=10.0s
iter  191/300: games={'X': 17, 'O': 1, 'draw': 2}, examples=167, value_loss=0.2256, policy_loss=0.7891, value_error_vs_solver=0.5644, elapsed=3.6s
iter  192/300: games={'X': 17, 'O': 0, 'draw': 3}, examples=179, value_loss=0.1103, policy_loss=0.7605, value_error_vs_solver=0.6085, elapsed=5.5s
iter  193/300: games={'X': 18, 'O': 2, 'draw': 0}, examples=136, value_loss=0.5093, policy_loss=1.0106, value_error_vs_solver=0.5676, elapsed=3.1s
iter  194/300: games={'X': 14, 'O': 1, 'draw': 5}, examples=214, value_loss=0.1915, policy_loss=0.6790, value_error_vs_solver=0.5775, elapsed=4.9s
iter  195/300: games={'X': 16, 'O': 0, 'draw': 4}, examples=194, value_loss=0.0924, policy_loss=0.5921, value_error_vs_solver=0.5815, elapsed=5.9s
iter  196/300: games={'X': 15, 'O': 2, 'draw': 3}, examples=182, value_loss=0.2336, policy_loss=0.7876, value_error_vs_solver=0.5887, elapsed=5.0s
iter  197/300: games={'X': 14, 'O': 3, 'draw': 3}, examples=192, value_loss=0.3713, policy_loss=0.7477, value_error_vs_solver=0.5466, elapsed=6.4s
iter  198/300: games={'X': 12, 'O': 0, 'draw': 8}, examples=286, value_loss=0.1470, policy_loss=0.5057, value_error_vs_solver=0.5884, elapsed=9.0s
iter  199/300: games={'X': 12, 'O': 6, 'draw': 2}, examples=164, value_loss=0.6530, policy_loss=0.8252, value_error_vs_solver=0.5787, elapsed=18.0s
iter  200/300: games={'X': 17, 'O': 1, 'draw': 2}, examples=178, value_loss=0.2352, policy_loss=0.7979, value_error_vs_solver=0.5839, elapsed=8.8s
iter  201/300: games={'X': 17, 'O': 2, 'draw': 1}, examples=151, value_loss=0.3996, policy_loss=0.8457, value_error_vs_solver=0.5624, elapsed=4.1s
iter  202/300: games={'X': 17, 'O': 3, 'draw': 0}, examples=139, value_loss=0.5172, policy_loss=0.9874, value_error_vs_solver=0.5574, elapsed=3.3s
iter  203/300: games={'X': 15, 'O': 1, 'draw': 4}, examples=183, value_loss=0.2045, policy_loss=0.7224, value_error_vs_solver=0.5817, elapsed=4.6s
iter  204/300: games={'X': 17, 'O': 1, 'draw': 2}, examples=172, value_loss=0.2536, policy_loss=0.8551, value_error_vs_solver=0.5860, elapsed=4.1s
iter  205/300: games={'X': 17, 'O': 1, 'draw': 2}, examples=157, value_loss=0.1182, policy_loss=0.7952, value_error_vs_solver=0.5640, elapsed=3.5s
iter  206/300: games={'X': 15, 'O': 2, 'draw': 3}, examples=175, value_loss=0.2991, policy_loss=0.8028, value_error_vs_solver=0.5838, elapsed=4.0s
iter  207/300: games={'X': 15, 'O': 1, 'draw': 4}, examples=213, value_loss=0.2021, policy_loss=0.7078, value_error_vs_solver=0.6101, elapsed=4.7s
iter  208/300: games={'X': 17, 'O': 1, 'draw': 2}, examples=163, value_loss=0.2674, policy_loss=0.7711, value_error_vs_solver=0.5925, elapsed=3.2s
iter  209/300: games={'X': 17, 'O': 1, 'draw': 2}, examples=162, value_loss=0.1943, policy_loss=0.7338, value_error_vs_solver=0.5721, elapsed=3.6s
iter  210/300: games={'X': 15, 'O': 2, 'draw': 3}, examples=179, value_loss=0.3071, policy_loss=0.7853, value_error_vs_solver=0.5647, elapsed=3.9s
iter  211/300: games={'X': 14, 'O': 1, 'draw': 5}, examples=226, value_loss=0.1893, policy_loss=0.6310, value_error_vs_solver=0.6065, elapsed=4.8s
iter  212/300: games={'X': 15, 'O': 2, 'draw': 3}, examples=187, value_loss=0.2891, policy_loss=0.7407, value_error_vs_solver=0.5948, elapsed=4.5s
iter  213/300: games={'X': 18, 'O': 2, 'draw': 0}, examples=124, value_loss=0.2722, policy_loss=0.9276, value_error_vs_solver=0.5744, elapsed=2.2s
iter  214/300: games={'X': 14, 'O': 3, 'draw': 3}, examples=165, value_loss=0.3966, policy_loss=0.7505, value_error_vs_solver=0.6123, elapsed=3.7s
iter  215/300: games={'X': 17, 'O': 2, 'draw': 1}, examples=142, value_loss=0.3436, policy_loss=0.8755, value_error_vs_solver=0.5724, elapsed=3.4s
iter  216/300: games={'X': 16, 'O': 1, 'draw': 3}, examples=183, value_loss=0.1868, policy_loss=0.7268, value_error_vs_solver=0.5484, elapsed=3.2s
iter  217/300: games={'X': 16, 'O': 2, 'draw': 2}, examples=164, value_loss=0.3461, policy_loss=0.7947, value_error_vs_solver=0.5468, elapsed=3.5s
iter  218/300: games={'X': 17, 'O': 2, 'draw': 1}, examples=156, value_loss=0.2313, policy_loss=0.7881, value_error_vs_solver=0.5887, elapsed=2.9s
iter  219/300: games={'X': 18, 'O': 1, 'draw': 1}, examples=155, value_loss=0.1972, policy_loss=0.8230, value_error_vs_solver=0.6265, elapsed=3.0s
iter  220/300: games={'X': 19, 'O': 1, 'draw': 0}, examples=131, value_loss=0.2338, policy_loss=0.9781, value_error_vs_solver=0.5612, elapsed=2.1s
iter  221/300: games={'X': 15, 'O': 1, 'draw': 4}, examples=185, value_loss=0.2158, policy_loss=0.6936, value_error_vs_solver=0.5799, elapsed=3.9s
iter  222/300: games={'X': 13, 'O': 3, 'draw': 4}, examples=205, value_loss=0.3425, policy_loss=0.6968, value_error_vs_solver=0.5570, elapsed=4.1s
iter  223/300: games={'X': 17, 'O': 0, 'draw': 3}, examples=172, value_loss=0.0958, policy_loss=0.7012, value_error_vs_solver=0.5563, elapsed=3.9s
iter  224/300: games={'X': 14, 'O': 2, 'draw': 4}, examples=209, value_loss=0.2575, policy_loss=0.6580, value_error_vs_solver=0.5691, elapsed=6.7s
iter  225/300: games={'X': 18, 'O': 0, 'draw': 2}, examples=185, value_loss=0.0940, policy_loss=0.7187, value_error_vs_solver=0.5296, elapsed=23.7s
iter  226/300: games={'X': 16, 'O': 1, 'draw': 3}, examples=166, value_loss=0.2658, policy_loss=0.6905, value_error_vs_solver=0.5527, elapsed=4.8s
iter  227/300: games={'X': 19, 'O': 1, 'draw': 0}, examples=125, value_loss=0.2183, policy_loss=0.9495, value_error_vs_solver=0.5824, elapsed=2.5s
iter  228/300: games={'X': 18, 'O': 2, 'draw': 0}, examples=132, value_loss=0.2343, policy_loss=0.9481, value_error_vs_solver=0.5630, elapsed=2.7s
iter  229/300: games={'X': 18, 'O': 1, 'draw': 1}, examples=164, value_loss=0.2629, policy_loss=0.7881, value_error_vs_solver=0.5528, elapsed=3.6s
iter  230/300: games={'X': 17, 'O': 0, 'draw': 3}, examples=174, value_loss=0.1002, policy_loss=0.7232, value_error_vs_solver=0.5788, elapsed=3.8s
iter  231/300: games={'X': 16, 'O': 2, 'draw': 2}, examples=167, value_loss=0.3251, policy_loss=0.7612, value_error_vs_solver=0.5389, elapsed=4.5s
iter  232/300: games={'X': 17, 'O': 2, 'draw': 1}, examples=138, value_loss=0.2773, policy_loss=0.7992, value_error_vs_solver=0.5196, elapsed=2.9s
iter  233/300: games={'X': 16, 'O': 3, 'draw': 1}, examples=158, value_loss=0.3318, policy_loss=0.7961, value_error_vs_solver=0.5475, elapsed=2.9s
iter  234/300: games={'X': 16, 'O': 3, 'draw': 1}, examples=151, value_loss=0.5143, policy_loss=0.7804, value_error_vs_solver=0.5309, elapsed=3.4s
iter  235/300: games={'X': 17, 'O': 1, 'draw': 2}, examples=166, value_loss=0.1880, policy_loss=0.7899, value_error_vs_solver=0.5741, elapsed=4.2s
iter  236/300: games={'X': 16, 'O': 2, 'draw': 2}, examples=166, value_loss=0.3022, policy_loss=0.7721, value_error_vs_solver=0.5975, elapsed=3.0s
iter  237/300: games={'X': 19, 'O': 0, 'draw': 1}, examples=153, value_loss=0.0786, policy_loss=0.8033, value_error_vs_solver=0.5611, elapsed=3.5s
iter  238/300: games={'X': 15, 'O': 0, 'draw': 5}, examples=211, value_loss=0.1596, policy_loss=0.6047, value_error_vs_solver=0.6115, elapsed=5.1s
iter  239/300: games={'X': 20, 'O': 0, 'draw': 0}, examples=134, value_loss=0.0673, policy_loss=0.8600, value_error_vs_solver=0.5459, elapsed=2.0s
iter  240/300: games={'X': 20, 'O': 0, 'draw': 0}, examples=144, value_loss=0.0586, policy_loss=0.8115, value_error_vs_solver=0.5800, elapsed=2.9s
iter  241/300: games={'X': 14, 'O': 2, 'draw': 4}, examples=206, value_loss=0.3190, policy_loss=0.6455, value_error_vs_solver=0.6048, elapsed=4.3s
iter  242/300: games={'X': 12, 'O': 3, 'draw': 5}, examples=221, value_loss=0.3797, policy_loss=0.6444, value_error_vs_solver=0.5765, elapsed=12.7s
iter  243/300: games={'X': 17, 'O': 1, 'draw': 2}, examples=156, value_loss=0.1783, policy_loss=0.7699, value_error_vs_solver=0.5467, elapsed=15.3s
iter  244/300: games={'X': 18, 'O': 2, 'draw': 0}, examples=116, value_loss=0.3660, policy_loss=0.9235, value_error_vs_solver=0.5793, elapsed=2.7s
iter  245/300: games={'X': 16, 'O': 0, 'draw': 4}, examples=206, value_loss=0.1007, policy_loss=0.5784, value_error_vs_solver=0.5678, elapsed=3.9s
iter  246/300: games={'X': 20, 'O': 0, 'draw': 0}, examples=122, value_loss=0.0839, policy_loss=0.9499, value_error_vs_solver=0.5506, elapsed=2.0s
iter  247/300: games={'X': 15, 'O': 3, 'draw': 2}, examples=183, value_loss=0.3851, policy_loss=0.7542, value_error_vs_solver=0.5577, elapsed=3.2s
iter  248/300: games={'X': 19, 'O': 0, 'draw': 1}, examples=141, value_loss=0.0801, policy_loss=0.7982, value_error_vs_solver=0.5699, elapsed=2.6s
iter  249/300: games={'X': 16, 'O': 3, 'draw': 1}, examples=141, value_loss=0.2643, policy_loss=0.7656, value_error_vs_solver=0.5530, elapsed=2.6s
iter  250/300: games={'X': 19, 'O': 1, 'draw': 0}, examples=131, value_loss=0.1577, policy_loss=0.8567, value_error_vs_solver=0.4896, elapsed=1.8s
iter  251/300: games={'X': 17, 'O': 2, 'draw': 1}, examples=142, value_loss=0.3740, policy_loss=0.9236, value_error_vs_solver=0.5437, elapsed=2.4s
iter  252/300: games={'X': 15, 'O': 2, 'draw': 3}, examples=188, value_loss=0.4137, policy_loss=0.7636, value_error_vs_solver=0.5497, elapsed=4.0s
iter  253/300: games={'X': 19, 'O': 0, 'draw': 1}, examples=163, value_loss=0.1943, policy_loss=0.7245, value_error_vs_solver=0.5959, elapsed=2.6s
iter  254/300: games={'X': 19, 'O': 1, 'draw': 0}, examples=121, value_loss=0.2974, policy_loss=0.8922, value_error_vs_solver=0.5517, elapsed=2.0s
iter  255/300: games={'X': 18, 'O': 1, 'draw': 1}, examples=139, value_loss=0.1875, policy_loss=0.8368, value_error_vs_solver=0.5683, elapsed=2.5s
iter  256/300: games={'X': 12, 'O': 5, 'draw': 3}, examples=174, value_loss=0.5730, policy_loss=0.7260, value_error_vs_solver=0.5731, elapsed=3.9s
iter  257/300: games={'X': 16, 'O': 1, 'draw': 3}, examples=183, value_loss=0.1974, policy_loss=0.6386, value_error_vs_solver=0.5707, elapsed=3.5s
iter  258/300: games={'X': 14, 'O': 5, 'draw': 1}, examples=135, value_loss=0.8322, policy_loss=0.7828, value_error_vs_solver=0.5643, elapsed=2.3s
iter  259/300: games={'X': 16, 'O': 2, 'draw': 2}, examples=171, value_loss=0.2930, policy_loss=0.7245, value_error_vs_solver=0.6117, elapsed=4.2s
iter  260/300: games={'X': 16, 'O': 3, 'draw': 1}, examples=167, value_loss=0.3239, policy_loss=0.7581, value_error_vs_solver=0.5503, elapsed=2.7s
iter  261/300: games={'X': 19, 'O': 0, 'draw': 1}, examples=143, value_loss=0.1034, policy_loss=0.7984, value_error_vs_solver=0.5511, elapsed=2.4s
iter  262/300: games={'X': 18, 'O': 1, 'draw': 1}, examples=127, value_loss=0.2417, policy_loss=0.8067, value_error_vs_solver=0.5717, elapsed=2.5s
iter  263/300: games={'X': 17, 'O': 3, 'draw': 0}, examples=137, value_loss=0.4251, policy_loss=0.7834, value_error_vs_solver=0.4979, elapsed=2.6s
iter  264/300: games={'X': 19, 'O': 0, 'draw': 1}, examples=152, value_loss=0.0978, policy_loss=0.7748, value_error_vs_solver=0.5769, elapsed=2.9s
iter  265/300: games={'X': 18, 'O': 2, 'draw': 0}, examples=126, value_loss=0.2346, policy_loss=0.8584, value_error_vs_solver=0.5799, elapsed=2.6s
iter  266/300: games={'X': 19, 'O': 1, 'draw': 0}, examples=123, value_loss=0.2893, policy_loss=0.8847, value_error_vs_solver=0.5501, elapsed=3.0s
iter  267/300: games={'X': 16, 'O': 2, 'draw': 2}, examples=166, value_loss=0.3323, policy_loss=0.7352, value_error_vs_solver=0.5870, elapsed=4.6s
iter  268/300: games={'X': 18, 'O': 1, 'draw': 1}, examples=141, value_loss=0.1541, policy_loss=0.8979, value_error_vs_solver=0.5369, elapsed=3.2s
iter  269/300: games={'X': 17, 'O': 1, 'draw': 2}, examples=163, value_loss=0.2676, policy_loss=0.7106, value_error_vs_solver=0.5814, elapsed=5.2s
iter  270/300: games={'X': 20, 'O': 0, 'draw': 0}, examples=124, value_loss=0.0510, policy_loss=0.8414, value_error_vs_solver=0.5403, elapsed=2.8s
iter  271/300: games={'X': 18, 'O': 0, 'draw': 2}, examples=159, value_loss=0.0751, policy_loss=0.6941, value_error_vs_solver=0.5278, elapsed=4.2s
iter  272/300: games={'X': 18, 'O': 2, 'draw': 0}, examples=130, value_loss=0.2654, policy_loss=0.7474, value_error_vs_solver=0.5843, elapsed=6.0s
iter  273/300: games={'X': 18, 'O': 1, 'draw': 1}, examples=141, value_loss=0.2696, policy_loss=0.9187, value_error_vs_solver=0.6109, elapsed=5.5s
iter  274/300: games={'X': 18, 'O': 2, 'draw': 0}, examples=130, value_loss=0.1570, policy_loss=0.7343, value_error_vs_solver=0.5594, elapsed=3.9s
iter  275/300: games={'X': 17, 'O': 0, 'draw': 3}, examples=172, value_loss=0.0995, policy_loss=0.7145, value_error_vs_solver=0.5740, elapsed=4.9s
iter  276/300: games={'X': 18, 'O': 1, 'draw': 1}, examples=141, value_loss=0.2464, policy_loss=0.7691, value_error_vs_solver=0.5532, elapsed=4.6s
iter  277/300: games={'X': 19, 'O': 1, 'draw': 0}, examples=139, value_loss=0.1996, policy_loss=0.9889, value_error_vs_solver=0.5421, elapsed=3.7s
iter  278/300: games={'X': 17, 'O': 2, 'draw': 1}, examples=164, value_loss=0.3086, policy_loss=0.8135, value_error_vs_solver=0.6117, elapsed=6.3s
iter  279/300: games={'X': 17, 'O': 0, 'draw': 3}, examples=174, value_loss=0.1263, policy_loss=0.7117, value_error_vs_solver=0.5390, elapsed=6.0s
iter  280/300: games={'X': 17, 'O': 1, 'draw': 2}, examples=165, value_loss=0.0989, policy_loss=0.7274, value_error_vs_solver=0.5318, elapsed=6.2s
iter  281/300: games={'X': 18, 'O': 0, 'draw': 2}, examples=144, value_loss=0.0834, policy_loss=0.7080, value_error_vs_solver=0.5362, elapsed=5.3s
iter  282/300: games={'X': 14, 'O': 3, 'draw': 3}, examples=183, value_loss=0.2547, policy_loss=0.7045, value_error_vs_solver=0.5265, elapsed=10.6s
iter  283/300: games={'X': 16, 'O': 4, 'draw': 0}, examples=136, value_loss=0.6861, policy_loss=0.8673, value_error_vs_solver=0.6046, elapsed=4.5s
iter  284/300: games={'X': 17, 'O': 3, 'draw': 0}, examples=129, value_loss=0.3052, policy_loss=0.6525, value_error_vs_solver=0.5881, elapsed=4.0s
iter  285/300: games={'X': 16, 'O': 1, 'draw': 3}, examples=165, value_loss=0.2415, policy_loss=0.6963, value_error_vs_solver=0.5390, elapsed=6.7s
iter  286/300: games={'X': 18, 'O': 1, 'draw': 1}, examples=143, value_loss=0.1553, policy_loss=0.7885, value_error_vs_solver=0.5349, elapsed=5.1s
iter  287/300: games={'X': 19, 'O': 1, 'draw': 0}, examples=143, value_loss=0.1565, policy_loss=0.7211, value_error_vs_solver=0.5519, elapsed=2.9s
iter  288/300: games={'X': 16, 'O': 2, 'draw': 2}, examples=164, value_loss=0.3783, policy_loss=0.7793, value_error_vs_solver=0.5455, elapsed=4.5s
iter  289/300: games={'X': 16, 'O': 2, 'draw': 2}, examples=153, value_loss=0.2452, policy_loss=0.7750, value_error_vs_solver=0.5329, elapsed=3.4s
iter  290/300: games={'X': 17, 'O': 0, 'draw': 3}, examples=168, value_loss=0.0993, policy_loss=0.6995, value_error_vs_solver=0.5274, elapsed=3.8s
iter  291/300: games={'X': 18, 'O': 0, 'draw': 2}, examples=151, value_loss=0.1128, policy_loss=0.6702, value_error_vs_solver=0.5682, elapsed=3.4s
iter  292/300: games={'X': 18, 'O': 1, 'draw': 1}, examples=144, value_loss=0.1549, policy_loss=0.7960, value_error_vs_solver=0.5852, elapsed=2.8s
iter  293/300: games={'X': 16, 'O': 4, 'draw': 0}, examples=128, value_loss=0.6008, policy_loss=0.9433, value_error_vs_solver=0.5125, elapsed=2.8s
iter  294/300: games={'X': 17, 'O': 1, 'draw': 2}, examples=170, value_loss=0.1783, policy_loss=0.6907, value_error_vs_solver=0.5523, elapsed=4.5s
iter  295/300: games={'X': 19, 'O': 0, 'draw': 1}, examples=138, value_loss=0.0651, policy_loss=0.7664, value_error_vs_solver=0.5302, elapsed=3.3s
iter  296/300: games={'X': 19, 'O': 0, 'draw': 1}, examples=143, value_loss=0.0795, policy_loss=0.7488, value_error_vs_solver=0.5393, elapsed=3.1s
iter  297/300: games={'X': 19, 'O': 1, 'draw': 0}, examples=125, value_loss=0.1963, policy_loss=0.8602, value_error_vs_solver=0.5601, elapsed=2.6s
iter  298/300: games={'X': 18, 'O': 1, 'draw': 1}, examples=143, value_loss=0.1502, policy_loss=0.7138, value_error_vs_solver=0.5184, elapsed=4.0s
iter  299/300: games={'X': 14, 'O': 3, 'draw': 3}, examples=164, value_loss=0.4906, policy_loss=0.7167, value_error_vs_solver=0.5419, elapsed=3.7s
iter  300/300: games={'X': 19, 'O': 0, 'draw': 1}, examples=145, value_loss=0.0610, policy_loss=0.7503, value_error_vs_solver=0.4884, elapsed=3.4s
Done. Total time: 1983.7s. Saved to selfplay_trained_net.pkl
