Loading solver states for value-error benchmarking...
Run 'imitate': iterations=300, temperature_moves=6, noise_frac=0.25, teacher_side=2, extra_iterations_side=None, imitate_teacher_policy=True
iter    1/300: games={'X': 0, 'O': 15, 'draw': 5}, buffer=280, value_loss=1.1477, policy_loss=0.6749, value_error_vs_solver=0.6648 (X=0.6644, O=0.6630), elapsed=13.2s
iter    2/300: games={'X': 0, 'O': 12, 'draw': 8}, buffer=534, value_loss=0.7594, policy_loss=0.6874, value_error_vs_solver=0.7753 (X=0.7786, O=0.7851), elapsed=11.6s
iter    3/300: games={'X': 0, 'O': 18, 'draw': 2}, buffer=747, value_loss=0.6710, policy_loss=0.6924, value_error_vs_solver=0.7933 (X=0.8365, O=0.7704), elapsed=9.4s
iter    4/300: games={'X': 0, 'O': 14, 'draw': 6}, buffer=1097, value_loss=0.4809, policy_loss=0.7041, value_error_vs_solver=0.7264 (X=0.6522, O=0.6985), elapsed=17.1s
iter    5/300: games={'X': 3, 'O': 10, 'draw': 7}, buffer=1340, value_loss=0.4098, policy_loss=0.6598, value_error_vs_solver=0.7555 (X=0.7472, O=0.8075), elapsed=11.4s
iter    6/300: games={'X': 6, 'O': 10, 'draw': 4}, buffer=1571, value_loss=0.4142, policy_loss=0.6587, value_error_vs_solver=0.6755 (X=0.7188, O=0.7139), elapsed=11.7s
iter    7/300: games={'X': 1, 'O': 14, 'draw': 5}, buffer=1829, value_loss=0.4059, policy_loss=0.6215, value_error_vs_solver=0.7000 (X=0.7020, O=0.7580), elapsed=11.6s
iter    8/300: games={'X': 4, 'O': 8, 'draw': 8}, buffer=2111, value_loss=0.3633, policy_loss=0.6117, value_error_vs_solver=0.6801 (X=0.7356, O=0.7195), elapsed=14.9s
iter    9/300: games={'X': 4, 'O': 7, 'draw': 9}, buffer=2390, value_loss=0.3394, policy_loss=0.5789, value_error_vs_solver=0.7073 (X=0.6577, O=0.7202), elapsed=16.4s
iter   10/300: games={'X': 10, 'O': 2, 'draw': 8}, buffer=2653, value_loss=0.3097, policy_loss=0.5512, value_error_vs_solver=0.6920 (X=0.7201, O=0.7206), elapsed=11.5s
iter   11/300: games={'X': 9, 'O': 4, 'draw': 7}, buffer=2871, value_loss=0.3076, policy_loss=0.5266, value_error_vs_solver=0.6574 (X=0.6351, O=0.6595), elapsed=8.9s
iter   12/300: games={'X': 12, 'O': 4, 'draw': 4}, buffer=3055, value_loss=0.3026, policy_loss=0.4978, value_error_vs_solver=0.6443 (X=0.6797, O=0.6531), elapsed=7.2s
iter   13/300: games={'X': 14, 'O': 2, 'draw': 4}, buffer=3225, value_loss=0.2898, policy_loss=0.4889, value_error_vs_solver=0.7284 (X=0.7950, O=0.7007), elapsed=8.5s
iter   14/300: games={'X': 8, 'O': 3, 'draw': 9}, buffer=3466, value_loss=0.2765, policy_loss=0.4640, value_error_vs_solver=0.6289 (X=0.6633, O=0.6599), elapsed=11.1s
iter   15/300: games={'X': 16, 'O': 0, 'draw': 4}, buffer=3657, value_loss=0.2648, policy_loss=0.4487, value_error_vs_solver=0.6411 (X=0.5904, O=0.6311), elapsed=10.7s
iter   16/300: games={'X': 11, 'O': 5, 'draw': 4}, buffer=3847, value_loss=0.2690, policy_loss=0.4338, value_error_vs_solver=0.6614 (X=0.6669, O=0.6464), elapsed=8.7s
iter   17/300: games={'X': 15, 'O': 4, 'draw': 1}, buffer=3999, value_loss=0.2721, policy_loss=0.4236, value_error_vs_solver=0.6513 (X=0.6327, O=0.6678), elapsed=7.6s
iter   18/300: games={'X': 12, 'O': 5, 'draw': 3}, buffer=4186, value_loss=0.2621, policy_loss=0.4180, value_error_vs_solver=0.6129 (X=0.5722, O=0.5555), elapsed=8.2s
iter   19/300: games={'X': 16, 'O': 2, 'draw': 2}, buffer=4351, value_loss=0.2589, policy_loss=0.4061, value_error_vs_solver=0.6138 (X=0.6846, O=0.6047), elapsed=7.9s
iter   20/300: games={'X': 18, 'O': 0, 'draw': 2}, buffer=4523, value_loss=0.2536, policy_loss=0.3945, value_error_vs_solver=0.6112 (X=0.6559, O=0.6684), elapsed=8.9s
iter   21/300: games={'X': 15, 'O': 1, 'draw': 4}, buffer=4692, value_loss=0.2518, policy_loss=0.3838, value_error_vs_solver=0.6093 (X=0.6148, O=0.6034), elapsed=7.6s
iter   22/300: games={'X': 15, 'O': 0, 'draw': 5}, buffer=4896, value_loss=0.2480, policy_loss=0.3783, value_error_vs_solver=0.6292 (X=0.6273, O=0.6915), elapsed=10.1s
iter   23/300: games={'X': 16, 'O': 1, 'draw': 3}, buffer=5108, value_loss=0.2456, policy_loss=0.3672, value_error_vs_solver=0.6674 (X=0.5794, O=0.6333), elapsed=9.9s
iter   24/300: games={'X': 16, 'O': 1, 'draw': 3}, buffer=5276, value_loss=0.2325, policy_loss=0.3583, value_error_vs_solver=0.5615 (X=0.6032, O=0.6313), elapsed=7.8s
iter   25/300: games={'X': 18, 'O': 0, 'draw': 2}, buffer=5442, value_loss=0.2295, policy_loss=0.3554, value_error_vs_solver=0.6234 (X=0.6535, O=0.5728), elapsed=8.5s
iter   26/300: games={'X': 15, 'O': 2, 'draw': 3}, buffer=5609, value_loss=0.2357, policy_loss=0.3519, value_error_vs_solver=0.5724 (X=0.6933, O=0.5579), elapsed=8.9s
iter   27/300: games={'X': 13, 'O': 2, 'draw': 5}, buffer=5791, value_loss=0.2214, policy_loss=0.3462, value_error_vs_solver=0.6384 (X=0.6814, O=0.6122), elapsed=9.7s
iter   28/300: games={'X': 11, 'O': 2, 'draw': 7}, buffer=6009, value_loss=0.2219, policy_loss=0.3414, value_error_vs_solver=0.6186 (X=0.6214, O=0.6521), elapsed=10.1s
iter   29/300: games={'X': 17, 'O': 1, 'draw': 2}, buffer=6169, value_loss=0.2204, policy_loss=0.3364, value_error_vs_solver=0.6234 (X=0.6238, O=0.5972), elapsed=7.9s
iter   30/300: games={'X': 17, 'O': 0, 'draw': 3}, buffer=6319, value_loss=0.2191, policy_loss=0.3309, value_error_vs_solver=0.6418 (X=0.5407, O=0.6423), elapsed=7.2s
iter   31/300: games={'X': 14, 'O': 3, 'draw': 3}, buffer=6484, value_loss=0.2225, policy_loss=0.3307, value_error_vs_solver=0.5250 (X=0.6226, O=0.5455), elapsed=7.9s
iter   32/300: games={'X': 16, 'O': 2, 'draw': 2}, buffer=6662, value_loss=0.2192, policy_loss=0.3277, value_error_vs_solver=0.6560 (X=0.6880, O=0.6362), elapsed=9.3s
iter   33/300: games={'X': 13, 'O': 4, 'draw': 3}, buffer=6822, value_loss=0.2210, policy_loss=0.3256, value_error_vs_solver=0.5781 (X=0.6645, O=0.5866), elapsed=6.9s
iter   34/300: games={'X': 15, 'O': 1, 'draw': 4}, buffer=6985, value_loss=0.2131, policy_loss=0.3223, value_error_vs_solver=0.5879 (X=0.6039, O=0.6424), elapsed=6.9s
iter   35/300: games={'X': 14, 'O': 2, 'draw': 4}, buffer=7163, value_loss=0.2100, policy_loss=0.3201, value_error_vs_solver=0.5613 (X=0.5477, O=0.5786), elapsed=7.6s
iter   36/300: games={'X': 14, 'O': 1, 'draw': 5}, buffer=7338, value_loss=0.2099, policy_loss=0.3170, value_error_vs_solver=0.5686 (X=0.5778, O=0.5649), elapsed=7.9s
iter   37/300: games={'X': 18, 'O': 1, 'draw': 1}, buffer=7488, value_loss=0.2056, policy_loss=0.3139, value_error_vs_solver=0.6073 (X=0.6647, O=0.5673), elapsed=6.1s
iter   38/300: games={'X': 18, 'O': 0, 'draw': 2}, buffer=7638, value_loss=0.2046, policy_loss=0.3124, value_error_vs_solver=0.6113 (X=0.5675, O=0.6107), elapsed=7.4s
iter   39/300: games={'X': 14, 'O': 1, 'draw': 5}, buffer=7809, value_loss=0.2107, policy_loss=0.3135, value_error_vs_solver=0.5692 (X=0.5986, O=0.5483), elapsed=10.5s
iter   40/300: games={'X': 14, 'O': 4, 'draw': 2}, buffer=7964, value_loss=0.2057, policy_loss=0.3130, value_error_vs_solver=0.5157 (X=0.5232, O=0.5426), elapsed=8.5s
iter   41/300: games={'X': 15, 'O': 3, 'draw': 2}, buffer=8000, value_loss=0.1957, policy_loss=0.3069, value_error_vs_solver=0.5392 (X=0.5762, O=0.5269), elapsed=6.7s
iter   42/300: games={'X': 10, 'O': 4, 'draw': 6}, buffer=8000, value_loss=0.2032, policy_loss=0.2995, value_error_vs_solver=0.5766 (X=0.6689, O=0.5510), elapsed=10.7s
iter   43/300: games={'X': 13, 'O': 2, 'draw': 5}, buffer=8000, value_loss=0.2029, policy_loss=0.2918, value_error_vs_solver=0.5658 (X=0.5668, O=0.4957), elapsed=6.8s
iter   44/300: games={'X': 18, 'O': 1, 'draw': 1}, buffer=8000, value_loss=0.1975, policy_loss=0.2852, value_error_vs_solver=0.5529 (X=0.5287, O=0.5832), elapsed=4.5s
iter   45/300: games={'X': 16, 'O': 0, 'draw': 4}, buffer=8000, value_loss=0.1857, policy_loss=0.2769, value_error_vs_solver=0.6190 (X=0.5034, O=0.5717), elapsed=5.7s
iter   46/300: games={'X': 15, 'O': 0, 'draw': 5}, buffer=8000, value_loss=0.1872, policy_loss=0.2687, value_error_vs_solver=0.5477 (X=0.6083, O=0.6289), elapsed=7.2s
iter   47/300: games={'X': 15, 'O': 0, 'draw': 5}, buffer=8000, value_loss=0.1818, policy_loss=0.2613, value_error_vs_solver=0.5584 (X=0.5917, O=0.6115), elapsed=3.4s
iter   48/300: games={'X': 17, 'O': 1, 'draw': 2}, buffer=8000, value_loss=0.1894, policy_loss=0.2568, value_error_vs_solver=0.5592 (X=0.5153, O=0.4878), elapsed=2.9s
iter   49/300: games={'X': 16, 'O': 1, 'draw': 3}, buffer=8000, value_loss=0.1782, policy_loss=0.2517, value_error_vs_solver=0.5643 (X=0.6170, O=0.5313), elapsed=4.2s
iter   50/300: games={'X': 20, 'O': 0, 'draw': 0}, buffer=8000, value_loss=0.1712, policy_loss=0.2485, value_error_vs_solver=0.6112 (X=0.5830, O=0.5912), elapsed=3.3s
iter   51/300: games={'X': 16, 'O': 1, 'draw': 3}, buffer=8000, value_loss=0.1676, policy_loss=0.2442, value_error_vs_solver=0.5625 (X=0.5608, O=0.5838), elapsed=4.3s
iter   52/300: games={'X': 15, 'O': 1, 'draw': 4}, buffer=8000, value_loss=0.1663, policy_loss=0.2389, value_error_vs_solver=0.5420 (X=0.6292, O=0.5067), elapsed=5.2s
iter   53/300: games={'X': 17, 'O': 1, 'draw': 2}, buffer=8000, value_loss=0.1571, policy_loss=0.2387, value_error_vs_solver=0.5805 (X=0.6684, O=0.5563), elapsed=4.8s
iter   54/300: games={'X': 11, 'O': 3, 'draw': 6}, buffer=8000, value_loss=0.1578, policy_loss=0.2330, value_error_vs_solver=0.5577 (X=0.5209, O=0.5201), elapsed=7.3s
iter   55/300: games={'X': 17, 'O': 2, 'draw': 1}, buffer=8000, value_loss=0.1526, policy_loss=0.2309, value_error_vs_solver=0.5266 (X=0.6313, O=0.5846), elapsed=3.7s
iter   56/300: games={'X': 19, 'O': 0, 'draw': 1}, buffer=8000, value_loss=0.1516, policy_loss=0.2286, value_error_vs_solver=0.5602 (X=0.5688, O=0.4950), elapsed=3.9s
iter   57/300: games={'X': 18, 'O': 0, 'draw': 2}, buffer=8000, value_loss=0.1597, policy_loss=0.2261, value_error_vs_solver=0.5088 (X=0.6433, O=0.5588), elapsed=3.5s
iter   58/300: games={'X': 16, 'O': 2, 'draw': 2}, buffer=8000, value_loss=0.1465, policy_loss=0.2244, value_error_vs_solver=0.5645 (X=0.5192, O=0.6138), elapsed=4.0s
iter   59/300: games={'X': 16, 'O': 2, 'draw': 2}, buffer=8000, value_loss=0.1425, policy_loss=0.2224, value_error_vs_solver=0.5974 (X=0.6117, O=0.6268), elapsed=4.3s
iter   60/300: games={'X': 18, 'O': 0, 'draw': 2}, buffer=8000, value_loss=0.1492, policy_loss=0.2230, value_error_vs_solver=0.5409 (X=0.5554, O=0.6291), elapsed=3.3s
iter   61/300: games={'X': 18, 'O': 0, 'draw': 2}, buffer=8000, value_loss=0.1478, policy_loss=0.2211, value_error_vs_solver=0.5862 (X=0.5724, O=0.5512), elapsed=3.9s
iter   62/300: games={'X': 19, 'O': 1, 'draw': 0}, buffer=8000, value_loss=0.1384, policy_loss=0.2195, value_error_vs_solver=0.5410 (X=0.5719, O=0.5269), elapsed=4.0s
iter   63/300: games={'X': 13, 'O': 4, 'draw': 3}, buffer=8000, value_loss=0.1397, policy_loss=0.2180, value_error_vs_solver=0.5703 (X=0.6107, O=0.5829), elapsed=4.4s
iter   64/300: games={'X': 15, 'O': 2, 'draw': 3}, buffer=8000, value_loss=0.1456, policy_loss=0.2170, value_error_vs_solver=0.5873 (X=0.6253, O=0.5443), elapsed=5.1s
iter   65/300: games={'X': 17, 'O': 2, 'draw': 1}, buffer=8000, value_loss=0.1440, policy_loss=0.2173, value_error_vs_solver=0.6132 (X=0.4856, O=0.5705), elapsed=3.7s
iter   66/300: games={'X': 14, 'O': 2, 'draw': 4}, buffer=8000, value_loss=0.1489, policy_loss=0.2157, value_error_vs_solver=0.5480 (X=0.5265, O=0.5392), elapsed=5.4s
iter   67/300: games={'X': 18, 'O': 1, 'draw': 1}, buffer=8000, value_loss=0.1479, policy_loss=0.2149, value_error_vs_solver=0.5346 (X=0.5776, O=0.5556), elapsed=4.6s
iter   68/300: games={'X': 18, 'O': 0, 'draw': 2}, buffer=8000, value_loss=0.1397, policy_loss=0.2138, value_error_vs_solver=0.5518 (X=0.5167, O=0.5273), elapsed=5.7s
iter   69/300: games={'X': 18, 'O': 1, 'draw': 1}, buffer=8000, value_loss=0.1428, policy_loss=0.2140, value_error_vs_solver=0.5588 (X=0.4957, O=0.5706), elapsed=4.0s
iter   70/300: games={'X': 16, 'O': 2, 'draw': 2}, buffer=8000, value_loss=0.1358, policy_loss=0.2128, value_error_vs_solver=0.5062 (X=0.5658, O=0.5098), elapsed=5.0s
iter   71/300: games={'X': 14, 'O': 1, 'draw': 5}, buffer=8000, value_loss=0.1352, policy_loss=0.2117, value_error_vs_solver=0.5131 (X=0.5952, O=0.5576), elapsed=6.5s
iter   72/300: games={'X': 15, 'O': 0, 'draw': 5}, buffer=8000, value_loss=0.1309, policy_loss=0.2103, value_error_vs_solver=0.5807 (X=0.4905, O=0.5865), elapsed=5.7s
iter   73/300: games={'X': 19, 'O': 0, 'draw': 1}, buffer=8000, value_loss=0.1298, policy_loss=0.2101, value_error_vs_solver=0.5639 (X=0.6059, O=0.5752), elapsed=5.1s
iter   74/300: games={'X': 14, 'O': 4, 'draw': 2}, buffer=8000, value_loss=0.1435, policy_loss=0.2107, value_error_vs_solver=0.5701 (X=0.6784, O=0.7087), elapsed=5.0s
iter   75/300: games={'X': 14, 'O': 1, 'draw': 5}, buffer=8000, value_loss=0.1372, policy_loss=0.2101, value_error_vs_solver=0.5971 (X=0.5673, O=0.5595), elapsed=5.3s
iter   76/300: games={'X': 18, 'O': 0, 'draw': 2}, buffer=8000, value_loss=0.1414, policy_loss=0.2108, value_error_vs_solver=0.5800 (X=0.5736, O=0.4998), elapsed=4.8s
iter   77/300: games={'X': 17, 'O': 1, 'draw': 2}, buffer=8000, value_loss=0.1351, policy_loss=0.2104, value_error_vs_solver=0.5985 (X=0.4905, O=0.5401), elapsed=4.2s
iter   78/300: games={'X': 16, 'O': 3, 'draw': 1}, buffer=8000, value_loss=0.1460, policy_loss=0.2102, value_error_vs_solver=0.5786 (X=0.5933, O=0.5148), elapsed=4.5s
iter   79/300: games={'X': 20, 'O': 0, 'draw': 0}, buffer=8000, value_loss=0.1460, policy_loss=0.2102, value_error_vs_solver=0.5397 (X=0.4824, O=0.5794), elapsed=3.7s
iter   80/300: games={'X': 14, 'O': 1, 'draw': 5}, buffer=8000, value_loss=0.1467, policy_loss=0.2090, value_error_vs_solver=0.5500 (X=0.5145, O=0.5080), elapsed=6.2s
iter   81/300: games={'X': 12, 'O': 0, 'draw': 8}, buffer=8000, value_loss=0.1407, policy_loss=0.2082, value_error_vs_solver=0.5677 (X=0.5602, O=0.5651), elapsed=8.8s
iter   82/300: games={'X': 19, 'O': 0, 'draw': 1}, buffer=8000, value_loss=0.1438, policy_loss=0.2074, value_error_vs_solver=0.5137 (X=0.6299, O=0.5046), elapsed=4.4s
iter   83/300: games={'X': 19, 'O': 1, 'draw': 0}, buffer=8000, value_loss=0.1452, policy_loss=0.2073, value_error_vs_solver=0.5434 (X=0.5550, O=0.5762), elapsed=3.8s
iter   84/300: games={'X': 18, 'O': 1, 'draw': 1}, buffer=8000, value_loss=0.1374, policy_loss=0.2065, value_error_vs_solver=0.5668 (X=0.5443, O=0.6059), elapsed=3.5s
iter   85/300: games={'X': 16, 'O': 1, 'draw': 3}, buffer=8000, value_loss=0.1402, policy_loss=0.2060, value_error_vs_solver=0.5292 (X=0.5580, O=0.5338), elapsed=4.7s
iter   86/300: games={'X': 19, 'O': 0, 'draw': 1}, buffer=8000, value_loss=0.1382, policy_loss=0.2052, value_error_vs_solver=0.5682 (X=0.5113, O=0.5399), elapsed=3.5s
iter   87/300: games={'X': 18, 'O': 1, 'draw': 1}, buffer=8000, value_loss=0.1472, policy_loss=0.2031, value_error_vs_solver=0.5455 (X=0.5572, O=0.5568), elapsed=4.0s
iter   88/300: games={'X': 13, 'O': 0, 'draw': 7}, buffer=8000, value_loss=0.1420, policy_loss=0.2003, value_error_vs_solver=0.5483 (X=0.5204, O=0.5326), elapsed=7.3s
iter   89/300: games={'X': 18, 'O': 0, 'draw': 2}, buffer=8000, value_loss=0.1371, policy_loss=0.2005, value_error_vs_solver=0.5614 (X=0.5650, O=0.5357), elapsed=4.8s
iter   90/300: games={'X': 16, 'O': 3, 'draw': 1}, buffer=8000, value_loss=0.1348, policy_loss=0.1996, value_error_vs_solver=0.5519 (X=0.5378, O=0.4795), elapsed=3.7s
iter   91/300: games={'X': 19, 'O': 1, 'draw': 0}, buffer=8000, value_loss=0.1488, policy_loss=0.1990, value_error_vs_solver=0.5072 (X=0.4965, O=0.5484), elapsed=3.1s
iter   92/300: games={'X': 16, 'O': 0, 'draw': 4}, buffer=8000, value_loss=0.1343, policy_loss=0.1974, value_error_vs_solver=0.5711 (X=0.5584, O=0.5162), elapsed=5.3s
iter   93/300: games={'X': 15, 'O': 0, 'draw': 5}, buffer=8000, value_loss=0.1426, policy_loss=0.1954, value_error_vs_solver=0.5513 (X=0.6132, O=0.5500), elapsed=5.0s
iter   94/300: games={'X': 14, 'O': 1, 'draw': 5}, buffer=8000, value_loss=0.1370, policy_loss=0.1936, value_error_vs_solver=0.5298 (X=0.4742, O=0.5468), elapsed=5.7s
iter   95/300: games={'X': 18, 'O': 0, 'draw': 2}, buffer=8000, value_loss=0.1365, policy_loss=0.1925, value_error_vs_solver=0.5411 (X=0.6310, O=0.5056), elapsed=4.1s
iter   96/300: games={'X': 17, 'O': 0, 'draw': 3}, buffer=8000, value_loss=0.1328, policy_loss=0.1911, value_error_vs_solver=0.5290 (X=0.6280, O=0.5278), elapsed=5.2s
iter   97/300: games={'X': 17, 'O': 0, 'draw': 3}, buffer=8000, value_loss=0.1392, policy_loss=0.1894, value_error_vs_solver=0.5969 (X=0.5477, O=0.5552), elapsed=4.3s
iter   98/300: games={'X': 17, 'O': 1, 'draw': 2}, buffer=8000, value_loss=0.1393, policy_loss=0.1876, value_error_vs_solver=0.5201 (X=0.5172, O=0.5465), elapsed=4.3s
iter   99/300: games={'X': 20, 'O': 0, 'draw': 0}, buffer=8000, value_loss=0.1266, policy_loss=0.1858, value_error_vs_solver=0.5660 (X=0.5351, O=0.4532), elapsed=3.7s
iter  100/300: games={'X': 15, 'O': 2, 'draw': 3}, buffer=8000, value_loss=0.1358, policy_loss=0.1848, value_error_vs_solver=0.5587 (X=0.5039, O=0.5205), elapsed=5.6s
iter  101/300: games={'X': 14, 'O': 1, 'draw': 5}, buffer=8000, value_loss=0.1303, policy_loss=0.1826, value_error_vs_solver=0.5439 (X=0.5704, O=0.5166), elapsed=5.6s
iter  102/300: games={'X': 16, 'O': 0, 'draw': 4}, buffer=8000, value_loss=0.1238, policy_loss=0.1802, value_error_vs_solver=0.5547 (X=0.5219, O=0.5979), elapsed=6.0s
iter  103/300: games={'X': 16, 'O': 1, 'draw': 3}, buffer=8000, value_loss=0.1305, policy_loss=0.1795, value_error_vs_solver=0.6090 (X=0.6103, O=0.5817), elapsed=5.8s
iter  104/300: games={'X': 17, 'O': 1, 'draw': 2}, buffer=8000, value_loss=0.1283, policy_loss=0.1794, value_error_vs_solver=0.5571 (X=0.5463, O=0.5534), elapsed=4.3s
iter  105/300: games={'X': 16, 'O': 0, 'draw': 4}, buffer=8000, value_loss=0.1320, policy_loss=0.1784, value_error_vs_solver=0.5259 (X=0.5749, O=0.5436), elapsed=4.8s
iter  106/300: games={'X': 18, 'O': 0, 'draw': 2}, buffer=8000, value_loss=0.1297, policy_loss=0.1777, value_error_vs_solver=0.5865 (X=0.6064, O=0.5021), elapsed=5.5s
iter  107/300: games={'X': 17, 'O': 1, 'draw': 2}, buffer=8000, value_loss=0.1278, policy_loss=0.1772, value_error_vs_solver=0.5394 (X=0.6244, O=0.5652), elapsed=4.3s
iter  108/300: games={'X': 17, 'O': 0, 'draw': 3}, buffer=8000, value_loss=0.1332, policy_loss=0.1754, value_error_vs_solver=0.5985 (X=0.5853, O=0.5939), elapsed=4.7s
iter  109/300: games={'X': 13, 'O': 1, 'draw': 6}, buffer=8000, value_loss=0.1278, policy_loss=0.1742, value_error_vs_solver=0.5784 (X=0.5276, O=0.5280), elapsed=5.7s
iter  110/300: games={'X': 18, 'O': 1, 'draw': 1}, buffer=8000, value_loss=0.1244, policy_loss=0.1745, value_error_vs_solver=0.5933 (X=0.5105, O=0.5499), elapsed=4.1s
iter  111/300: games={'X': 17, 'O': 0, 'draw': 3}, buffer=8000, value_loss=0.1221, policy_loss=0.1730, value_error_vs_solver=0.5466 (X=0.5504, O=0.6499), elapsed=5.9s
iter  112/300: games={'X': 17, 'O': 1, 'draw': 2}, buffer=8000, value_loss=0.1299, policy_loss=0.1725, value_error_vs_solver=0.5214 (X=0.5953, O=0.5257), elapsed=4.7s
iter  113/300: games={'X': 20, 'O': 0, 'draw': 0}, buffer=8000, value_loss=0.1187, policy_loss=0.1707, value_error_vs_solver=0.5977 (X=0.5465, O=0.5256), elapsed=4.0s
iter  114/300: games={'X': 13, 'O': 0, 'draw': 7}, buffer=8000, value_loss=0.1232, policy_loss=0.1695, value_error_vs_solver=0.5834 (X=0.5279, O=0.5093), elapsed=7.6s
iter  115/300: games={'X': 17, 'O': 1, 'draw': 2}, buffer=8000, value_loss=0.1215, policy_loss=0.1698, value_error_vs_solver=0.5380 (X=0.6058, O=0.5460), elapsed=4.1s
iter  116/300: games={'X': 18, 'O': 1, 'draw': 1}, buffer=8000, value_loss=0.1226, policy_loss=0.1705, value_error_vs_solver=0.5332 (X=0.5739, O=0.5347), elapsed=3.3s
iter  117/300: games={'X': 19, 'O': 0, 'draw': 1}, buffer=8000, value_loss=0.1243, policy_loss=0.1685, value_error_vs_solver=0.5398 (X=0.5382, O=0.5672), elapsed=3.6s
iter  118/300: games={'X': 17, 'O': 1, 'draw': 2}, buffer=8000, value_loss=0.1231, policy_loss=0.1692, value_error_vs_solver=0.5628 (X=0.5527, O=0.5660), elapsed=4.1s
iter  119/300: games={'X': 17, 'O': 1, 'draw': 2}, buffer=8000, value_loss=0.1304, policy_loss=0.1681, value_error_vs_solver=0.5565 (X=0.6054, O=0.5812), elapsed=4.6s
iter  120/300: games={'X': 15, 'O': 3, 'draw': 2}, buffer=8000, value_loss=0.1262, policy_loss=0.1695, value_error_vs_solver=0.5743 (X=0.5090, O=0.5483), elapsed=4.8s
iter  121/300: games={'X': 16, 'O': 0, 'draw': 4}, buffer=8000, value_loss=0.1146, policy_loss=0.1690, value_error_vs_solver=0.5647 (X=0.4761, O=0.5372), elapsed=4.5s
iter  122/300: games={'X': 19, 'O': 0, 'draw': 1}, buffer=8000, value_loss=0.1172, policy_loss=0.1702, value_error_vs_solver=0.5680 (X=0.5803, O=0.6066), elapsed=3.6s
iter  123/300: games={'X': 17, 'O': 1, 'draw': 2}, buffer=8000, value_loss=0.1227, policy_loss=0.1708, value_error_vs_solver=0.5893 (X=0.5027, O=0.5746), elapsed=4.9s
iter  124/300: games={'X': 18, 'O': 2, 'draw': 0}, buffer=8000, value_loss=0.1077, policy_loss=0.1699, value_error_vs_solver=0.5807 (X=0.5877, O=0.5469), elapsed=3.8s
iter  125/300: games={'X': 18, 'O': 1, 'draw': 1}, buffer=8000, value_loss=0.1107, policy_loss=0.1691, value_error_vs_solver=0.6023 (X=0.5799, O=0.5715), elapsed=4.0s
iter  126/300: games={'X': 18, 'O': 0, 'draw': 2}, buffer=8000, value_loss=0.1143, policy_loss=0.1687, value_error_vs_solver=0.5497 (X=0.6100, O=0.4882), elapsed=4.7s
iter  127/300: games={'X': 17, 'O': 0, 'draw': 3}, buffer=8000, value_loss=0.1080, policy_loss=0.1667, value_error_vs_solver=0.5456 (X=0.6113, O=0.5671), elapsed=4.4s
iter  128/300: games={'X': 18, 'O': 0, 'draw': 2}, buffer=8000, value_loss=0.1079, policy_loss=0.1674, value_error_vs_solver=0.5336 (X=0.5460, O=0.5304), elapsed=3.7s
iter  129/300: games={'X': 17, 'O': 1, 'draw': 2}, buffer=8000, value_loss=0.1108, policy_loss=0.1679, value_error_vs_solver=0.5604 (X=0.5725, O=0.4994), elapsed=4.2s
iter  130/300: games={'X': 18, 'O': 2, 'draw': 0}, buffer=8000, value_loss=0.1072, policy_loss=0.1664, value_error_vs_solver=0.5014 (X=0.5156, O=0.5290), elapsed=2.7s
iter  131/300: games={'X': 18, 'O': 2, 'draw': 0}, buffer=8000, value_loss=0.1184, policy_loss=0.1661, value_error_vs_solver=0.5884 (X=0.5866, O=0.5377), elapsed=3.7s
iter  132/300: games={'X': 19, 'O': 0, 'draw': 1}, buffer=8000, value_loss=0.1211, policy_loss=0.1655, value_error_vs_solver=0.5296 (X=0.5843, O=0.5604), elapsed=4.0s
iter  133/300: games={'X': 17, 'O': 0, 'draw': 3}, buffer=8000, value_loss=0.1104, policy_loss=0.1663, value_error_vs_solver=0.5421 (X=0.5537, O=0.5759), elapsed=4.2s
iter  134/300: games={'X': 18, 'O': 0, 'draw': 2}, buffer=8000, value_loss=0.1066, policy_loss=0.1653, value_error_vs_solver=0.5485 (X=0.5839, O=0.5402), elapsed=4.7s
iter  135/300: games={'X': 16, 'O': 0, 'draw': 4}, buffer=8000, value_loss=0.1025, policy_loss=0.1645, value_error_vs_solver=0.5550 (X=0.5561, O=0.5392), elapsed=4.4s
iter  136/300: games={'X': 14, 'O': 1, 'draw': 5}, buffer=8000, value_loss=0.1022, policy_loss=0.1628, value_error_vs_solver=0.4933 (X=0.5231, O=0.5745), elapsed=5.8s
iter  137/300: games={'X': 15, 'O': 1, 'draw': 4}, buffer=8000, value_loss=0.1034, policy_loss=0.1618, value_error_vs_solver=0.5204 (X=0.5001, O=0.5400), elapsed=4.0s
iter  138/300: games={'X': 16, 'O': 0, 'draw': 4}, buffer=8000, value_loss=0.1044, policy_loss=0.1600, value_error_vs_solver=0.5680 (X=0.5866, O=0.4862), elapsed=5.4s
iter  139/300: games={'X': 20, 'O': 0, 'draw': 0}, buffer=8000, value_loss=0.1006, policy_loss=0.1595, value_error_vs_solver=0.5861 (X=0.6036, O=0.5307), elapsed=3.0s
iter  140/300: games={'X': 20, 'O': 0, 'draw': 0}, buffer=8000, value_loss=0.0978, policy_loss=0.1590, value_error_vs_solver=0.5682 (X=0.5221, O=0.5608), elapsed=3.0s
iter  141/300: games={'X': 18, 'O': 0, 'draw': 2}, buffer=8000, value_loss=0.0961, policy_loss=0.1584, value_error_vs_solver=0.5377 (X=0.5654, O=0.5200), elapsed=4.0s
iter  142/300: games={'X': 20, 'O': 0, 'draw': 0}, buffer=8000, value_loss=0.0968, policy_loss=0.1576, value_error_vs_solver=0.5229 (X=0.4731, O=0.4947), elapsed=2.9s
iter  143/300: games={'X': 18, 'O': 0, 'draw': 2}, buffer=8000, value_loss=0.0937, policy_loss=0.1566, value_error_vs_solver=0.5284 (X=0.5259, O=0.5333), elapsed=3.9s
iter  144/300: games={'X': 19, 'O': 1, 'draw': 0}, buffer=8000, value_loss=0.0940, policy_loss=0.1564, value_error_vs_solver=0.5268 (X=0.6126, O=0.5897), elapsed=3.7s
iter  145/300: games={'X': 16, 'O': 3, 'draw': 1}, buffer=8000, value_loss=0.0989, policy_loss=0.1557, value_error_vs_solver=0.5043 (X=0.5432, O=0.5761), elapsed=4.1s
iter  146/300: games={'X': 17, 'O': 2, 'draw': 1}, buffer=8000, value_loss=0.0973, policy_loss=0.1557, value_error_vs_solver=0.5681 (X=0.6445, O=0.5647), elapsed=4.8s
iter  147/300: games={'X': 18, 'O': 2, 'draw': 0}, buffer=8000, value_loss=0.1050, policy_loss=0.1554, value_error_vs_solver=0.5163 (X=0.4568, O=0.5786), elapsed=5.2s
iter  148/300: games={'X': 17, 'O': 2, 'draw': 1}, buffer=8000, value_loss=0.1065, policy_loss=0.1555, value_error_vs_solver=0.5366 (X=0.5138, O=0.4622), elapsed=5.9s
iter  149/300: games={'X': 19, 'O': 1, 'draw': 0}, buffer=8000, value_loss=0.1069, policy_loss=0.1546, value_error_vs_solver=0.5854 (X=0.6583, O=0.4701), elapsed=4.3s
iter  150/300: games={'X': 17, 'O': 2, 'draw': 1}, buffer=8000, value_loss=0.1024, policy_loss=0.1547, value_error_vs_solver=0.5057 (X=0.5992, O=0.5353), elapsed=5.2s
iter  151/300: games={'X': 19, 'O': 0, 'draw': 1}, buffer=8000, value_loss=0.1038, policy_loss=0.1542, value_error_vs_solver=0.5745 (X=0.6457, O=0.5216), elapsed=4.5s
iter  152/300: games={'X': 16, 'O': 2, 'draw': 2}, buffer=8000, value_loss=0.1025, policy_loss=0.1534, value_error_vs_solver=0.5876 (X=0.5920, O=0.5617), elapsed=4.8s
iter  153/300: games={'X': 18, 'O': 1, 'draw': 1}, buffer=8000, value_loss=0.0996, policy_loss=0.1530, value_error_vs_solver=0.5560 (X=0.6186, O=0.5476), elapsed=3.3s
iter  154/300: games={'X': 20, 'O': 0, 'draw': 0}, buffer=8000, value_loss=0.1107, policy_loss=0.1526, value_error_vs_solver=0.5331 (X=0.5243, O=0.4673), elapsed=3.1s
iter  155/300: games={'X': 18, 'O': 0, 'draw': 2}, buffer=8000, value_loss=0.1086, policy_loss=0.1518, value_error_vs_solver=0.5561 (X=0.5221, O=0.5215), elapsed=3.7s
iter  156/300: games={'X': 20, 'O': 0, 'draw': 0}, buffer=8000, value_loss=0.1049, policy_loss=0.1519, value_error_vs_solver=0.5452 (X=0.5366, O=0.5226), elapsed=3.4s
iter  157/300: games={'X': 18, 'O': 1, 'draw': 1}, buffer=8000, value_loss=0.1032, policy_loss=0.1514, value_error_vs_solver=0.5301 (X=0.5643, O=0.5149), elapsed=3.5s
iter  158/300: games={'X': 19, 'O': 1, 'draw': 0}, buffer=8000, value_loss=0.0972, policy_loss=0.1503, value_error_vs_solver=0.5362 (X=0.5358, O=0.4801), elapsed=3.4s
iter  159/300: games={'X': 19, 'O': 0, 'draw': 1}, buffer=8000, value_loss=0.0988, policy_loss=0.1494, value_error_vs_solver=0.5828 (X=0.5658, O=0.5578), elapsed=3.5s
iter  160/300: games={'X': 20, 'O': 0, 'draw': 0}, buffer=8000, value_loss=0.1037, policy_loss=0.1493, value_error_vs_solver=0.5582 (X=0.5486, O=0.4992), elapsed=2.9s
iter  161/300: games={'X': 17, 'O': 3, 'draw': 0}, buffer=8000, value_loss=0.1101, policy_loss=0.1500, value_error_vs_solver=0.5777 (X=0.5651, O=0.5562), elapsed=3.3s
iter  162/300: games={'X': 18, 'O': 1, 'draw': 1}, buffer=8000, value_loss=0.1059, policy_loss=0.1485, value_error_vs_solver=0.5629 (X=0.5842, O=0.5362), elapsed=4.1s
iter  163/300: games={'X': 16, 'O': 1, 'draw': 3}, buffer=8000, value_loss=0.1047, policy_loss=0.1500, value_error_vs_solver=0.5709 (X=0.5530, O=0.5394), elapsed=5.6s
iter  164/300: games={'X': 17, 'O': 0, 'draw': 3}, buffer=8000, value_loss=0.1069, policy_loss=0.1488, value_error_vs_solver=0.5313 (X=0.5074, O=0.4857), elapsed=4.3s
iter  165/300: games={'X': 18, 'O': 0, 'draw': 2}, buffer=8000, value_loss=0.0960, policy_loss=0.1487, value_error_vs_solver=0.5294 (X=0.5764, O=0.5535), elapsed=5.2s
iter  166/300: games={'X': 18, 'O': 2, 'draw': 0}, buffer=8000, value_loss=0.0962, policy_loss=0.1479, value_error_vs_solver=0.5224 (X=0.5094, O=0.5748), elapsed=3.2s
iter  167/300: games={'X': 17, 'O': 1, 'draw': 2}, buffer=8000, value_loss=0.1071, policy_loss=0.1496, value_error_vs_solver=0.5481 (X=0.5629, O=0.5235), elapsed=5.5s
iter  168/300: games={'X': 19, 'O': 0, 'draw': 1}, buffer=8000, value_loss=0.1020, policy_loss=0.1488, value_error_vs_solver=0.5612 (X=0.5774, O=0.4589), elapsed=4.6s
iter  169/300: games={'X': 19, 'O': 0, 'draw': 1}, buffer=8000, value_loss=0.0964, policy_loss=0.1486, value_error_vs_solver=0.5591 (X=0.5500, O=0.5724), elapsed=5.8s
iter  170/300: games={'X': 18, 'O': 2, 'draw': 0}, buffer=8000, value_loss=0.1048, policy_loss=0.1486, value_error_vs_solver=0.5710 (X=0.5444, O=0.5799), elapsed=3.8s
iter  171/300: games={'X': 20, 'O': 0, 'draw': 0}, buffer=8000, value_loss=0.0998, policy_loss=0.1470, value_error_vs_solver=0.5630 (X=0.5644, O=0.5118), elapsed=3.0s
iter  172/300: games={'X': 18, 'O': 1, 'draw': 1}, buffer=8000, value_loss=0.1090, policy_loss=0.1482, value_error_vs_solver=0.5176 (X=0.4944, O=0.5562), elapsed=5.1s
iter  173/300: games={'X': 13, 'O': 2, 'draw': 5}, buffer=8000, value_loss=0.1024, policy_loss=0.1477, value_error_vs_solver=0.5832 (X=0.4839, O=0.4754), elapsed=6.2s
iter  174/300: games={'X': 19, 'O': 1, 'draw': 0}, buffer=8000, value_loss=0.1117, policy_loss=0.1473, value_error_vs_solver=0.5339 (X=0.5466, O=0.5329), elapsed=3.4s
iter  175/300: games={'X': 17, 'O': 0, 'draw': 3}, buffer=8000, value_loss=0.1011, policy_loss=0.1460, value_error_vs_solver=0.5167 (X=0.5681, O=0.5318), elapsed=4.0s
iter  176/300: games={'X': 17, 'O': 1, 'draw': 2}, buffer=8000, value_loss=0.1011, policy_loss=0.1450, value_error_vs_solver=0.5546 (X=0.5264, O=0.5310), elapsed=4.6s
iter  177/300: games={'X': 19, 'O': 0, 'draw': 1}, buffer=8000, value_loss=0.1066, policy_loss=0.1454, value_error_vs_solver=0.5525 (X=0.6046, O=0.5588), elapsed=3.4s
iter  178/300: games={'X': 18, 'O': 1, 'draw': 1}, buffer=8000, value_loss=0.1014, policy_loss=0.1444, value_error_vs_solver=0.5255 (X=0.5304, O=0.4012), elapsed=3.1s
iter  179/300: games={'X': 19, 'O': 0, 'draw': 1}, buffer=8000, value_loss=0.1020, policy_loss=0.1438, value_error_vs_solver=0.5910 (X=0.5797, O=0.5465), elapsed=4.2s
iter  180/300: games={'X': 20, 'O': 0, 'draw': 0}, buffer=8000, value_loss=0.0996, policy_loss=0.1434, value_error_vs_solver=0.5424 (X=0.5488, O=0.4914), elapsed=3.1s
iter  181/300: games={'X': 19, 'O': 1, 'draw': 0}, buffer=8000, value_loss=0.0919, policy_loss=0.1433, value_error_vs_solver=0.5382 (X=0.5445, O=0.5683), elapsed=3.2s
iter  182/300: games={'X': 16, 'O': 0, 'draw': 4}, buffer=8000, value_loss=0.0975, policy_loss=0.1428, value_error_vs_solver=0.5893 (X=0.6112, O=0.5646), elapsed=5.9s
iter  183/300: games={'X': 19, 'O': 0, 'draw': 1}, buffer=8000, value_loss=0.0942, policy_loss=0.1423, value_error_vs_solver=0.5357 (X=0.5602, O=0.5110), elapsed=3.1s
iter  184/300: games={'X': 20, 'O': 0, 'draw': 0}, buffer=8000, value_loss=0.0934, policy_loss=0.1411, value_error_vs_solver=0.5249 (X=0.5555, O=0.5680), elapsed=2.9s
iter  185/300: games={'X': 19, 'O': 0, 'draw': 1}, buffer=8000, value_loss=0.0905, policy_loss=0.1409, value_error_vs_solver=0.5278 (X=0.6338, O=0.6033), elapsed=3.7s
iter  186/300: games={'X': 19, 'O': 1, 'draw': 0}, buffer=8000, value_loss=0.0975, policy_loss=0.1400, value_error_vs_solver=0.5180 (X=0.6057, O=0.5180), elapsed=2.8s
iter  187/300: games={'X': 17, 'O': 2, 'draw': 1}, buffer=8000, value_loss=0.0983, policy_loss=0.1393, value_error_vs_solver=0.6019 (X=0.5664, O=0.5196), elapsed=3.7s
iter  188/300: games={'X': 18, 'O': 1, 'draw': 1}, buffer=8000, value_loss=0.0943, policy_loss=0.1386, value_error_vs_solver=0.5286 (X=0.5556, O=0.5204), elapsed=3.4s
iter  189/300: games={'X': 17, 'O': 1, 'draw': 2}, buffer=8000, value_loss=0.0944, policy_loss=0.1380, value_error_vs_solver=0.5617 (X=0.6148, O=0.5893), elapsed=4.8s
iter  190/300: games={'X': 15, 'O': 0, 'draw': 5}, buffer=8000, value_loss=0.1059, policy_loss=0.1379, value_error_vs_solver=0.5552 (X=0.5342, O=0.5881), elapsed=6.4s
iter  191/300: games={'X': 18, 'O': 1, 'draw': 1}, buffer=8000, value_loss=0.0917, policy_loss=0.1369, value_error_vs_solver=0.5614 (X=0.5743, O=0.6233), elapsed=3.5s
iter  192/300: games={'X': 19, 'O': 1, 'draw': 0}, buffer=8000, value_loss=0.0988, policy_loss=0.1374, value_error_vs_solver=0.5432 (X=0.5654, O=0.4865), elapsed=3.4s
iter  193/300: games={'X': 18, 'O': 1, 'draw': 1}, buffer=8000, value_loss=0.0917, policy_loss=0.1361, value_error_vs_solver=0.5358 (X=0.6576, O=0.5688), elapsed=3.8s
iter  194/300: games={'X': 17, 'O': 2, 'draw': 1}, buffer=8000, value_loss=0.0869, policy_loss=0.1363, value_error_vs_solver=0.5567 (X=0.5911, O=0.5159), elapsed=4.2s
iter  195/300: games={'X': 18, 'O': 2, 'draw': 0}, buffer=8000, value_loss=0.0938, policy_loss=0.1388, value_error_vs_solver=0.4897 (X=0.5484, O=0.5879), elapsed=3.4s
iter  196/300: games={'X': 17, 'O': 2, 'draw': 1}, buffer=8000, value_loss=0.0955, policy_loss=0.1374, value_error_vs_solver=0.5314 (X=0.5502, O=0.4747), elapsed=3.8s
iter  197/300: games={'X': 17, 'O': 1, 'draw': 2}, buffer=8000, value_loss=0.0939, policy_loss=0.1369, value_error_vs_solver=0.5455 (X=0.5419, O=0.4980), elapsed=4.3s
iter  198/300: games={'X': 17, 'O': 0, 'draw': 3}, buffer=8000, value_loss=0.0969, policy_loss=0.1370, value_error_vs_solver=0.5064 (X=0.5955, O=0.5435), elapsed=5.8s
iter  199/300: games={'X': 15, 'O': 3, 'draw': 2}, buffer=8000, value_loss=0.1006, policy_loss=0.1399, value_error_vs_solver=0.5086 (X=0.5020, O=0.6321), elapsed=5.3s
iter  200/300: games={'X': 18, 'O': 1, 'draw': 1}, buffer=8000, value_loss=0.1044, policy_loss=0.1396, value_error_vs_solver=0.5239 (X=0.5936, O=0.5392), elapsed=4.2s
iter  201/300: games={'X': 17, 'O': 2, 'draw': 1}, buffer=8000, value_loss=0.1084, policy_loss=0.1409, value_error_vs_solver=0.5500 (X=0.5806, O=0.4932), elapsed=4.5s
iter  202/300: games={'X': 13, 'O': 4, 'draw': 3}, buffer=8000, value_loss=0.1099, policy_loss=0.1409, value_error_vs_solver=0.5722 (X=0.5370, O=0.5077), elapsed=5.0s
iter  203/300: games={'X': 20, 'O': 0, 'draw': 0}, buffer=8000, value_loss=0.1124, policy_loss=0.1412, value_error_vs_solver=0.5638 (X=0.4894, O=0.4612), elapsed=3.6s
iter  204/300: games={'X': 17, 'O': 0, 'draw': 3}, buffer=8000, value_loss=0.1136, policy_loss=0.1421, value_error_vs_solver=0.5532 (X=0.5592, O=0.5639), elapsed=4.9s
iter  205/300: games={'X': 19, 'O': 1, 'draw': 0}, buffer=8000, value_loss=0.1096, policy_loss=0.1420, value_error_vs_solver=0.5980 (X=0.6087, O=0.5718), elapsed=3.0s
iter  206/300: games={'X': 16, 'O': 2, 'draw': 2}, buffer=8000, value_loss=0.1151, policy_loss=0.1438, value_error_vs_solver=0.5370 (X=0.5896, O=0.5219), elapsed=4.4s
iter  207/300: games={'X': 16, 'O': 1, 'draw': 3}, buffer=8000, value_loss=0.1161, policy_loss=0.1440, value_error_vs_solver=0.5949 (X=0.5831, O=0.5704), elapsed=5.5s
iter  208/300: games={'X': 16, 'O': 2, 'draw': 2}, buffer=8000, value_loss=0.1092, policy_loss=0.1443, value_error_vs_solver=0.5331 (X=0.5514, O=0.5624), elapsed=4.6s
iter  209/300: games={'X': 18, 'O': 2, 'draw': 0}, buffer=8000, value_loss=0.1158, policy_loss=0.1452, value_error_vs_solver=0.6236 (X=0.5896, O=0.4998), elapsed=3.3s
iter  210/300: games={'X': 17, 'O': 1, 'draw': 2}, buffer=8000, value_loss=0.1057, policy_loss=0.1455, value_error_vs_solver=0.5693 (X=0.5216, O=0.5561), elapsed=4.1s
iter  211/300: games={'X': 18, 'O': 1, 'draw': 1}, buffer=8000, value_loss=0.1075, policy_loss=0.1456, value_error_vs_solver=0.5925 (X=0.5594, O=0.6093), elapsed=4.0s
iter  212/300: games={'X': 17, 'O': 2, 'draw': 1}, buffer=8000, value_loss=0.1146, policy_loss=0.1474, value_error_vs_solver=0.5689 (X=0.6076, O=0.5036), elapsed=3.6s
iter  213/300: games={'X': 19, 'O': 0, 'draw': 1}, buffer=8000, value_loss=0.1150, policy_loss=0.1475, value_error_vs_solver=0.5807 (X=0.5753, O=0.5569), elapsed=3.5s
iter  214/300: games={'X': 19, 'O': 0, 'draw': 1}, buffer=8000, value_loss=0.1088, policy_loss=0.1468, value_error_vs_solver=0.5685 (X=0.5762, O=0.5525), elapsed=3.6s
iter  215/300: games={'X': 19, 'O': 0, 'draw': 1}, buffer=8000, value_loss=0.1129, policy_loss=0.1465, value_error_vs_solver=0.5055 (X=0.6500, O=0.5392), elapsed=3.9s
iter  216/300: games={'X': 17, 'O': 1, 'draw': 2}, buffer=8000, value_loss=0.1145, policy_loss=0.1468, value_error_vs_solver=0.5597 (X=0.5224, O=0.5454), elapsed=4.4s
iter  217/300: games={'X': 20, 'O': 0, 'draw': 0}, buffer=8000, value_loss=0.1118, policy_loss=0.1469, value_error_vs_solver=0.5624 (X=0.5542, O=0.5184), elapsed=3.4s
iter  218/300: games={'X': 18, 'O': 0, 'draw': 2}, buffer=8000, value_loss=0.1102, policy_loss=0.1479, value_error_vs_solver=0.5441 (X=0.4994, O=0.5160), elapsed=5.5s
iter  219/300: games={'X': 20, 'O': 0, 'draw': 0}, buffer=8000, value_loss=0.1167, policy_loss=0.1480, value_error_vs_solver=0.5708 (X=0.6437, O=0.5504), elapsed=3.4s
iter  220/300: games={'X': 18, 'O': 1, 'draw': 1}, buffer=8000, value_loss=0.1121, policy_loss=0.1483, value_error_vs_solver=0.5267 (X=0.5525, O=0.5068), elapsed=5.0s
iter  221/300: games={'X': 19, 'O': 0, 'draw': 1}, buffer=8000, value_loss=0.1101, policy_loss=0.1489, value_error_vs_solver=0.5186 (X=0.6205, O=0.5857), elapsed=4.9s
iter  222/300: games={'X': 15, 'O': 2, 'draw': 3}, buffer=8000, value_loss=0.1110, policy_loss=0.1492, value_error_vs_solver=0.5689 (X=0.5517, O=0.6021), elapsed=6.4s
iter  223/300: games={'X': 19, 'O': 1, 'draw': 0}, buffer=8000, value_loss=0.1243, policy_loss=0.1498, value_error_vs_solver=0.5798 (X=0.5475, O=0.5516), elapsed=3.8s
iter  224/300: games={'X': 19, 'O': 1, 'draw': 0}, buffer=8000, value_loss=0.1061, policy_loss=0.1498, value_error_vs_solver=0.5667 (X=0.5535, O=0.5087), elapsed=3.2s
iter  225/300: games={'X': 17, 'O': 0, 'draw': 3}, buffer=8000, value_loss=0.1096, policy_loss=0.1504, value_error_vs_solver=0.5560 (X=0.5705, O=0.5589), elapsed=5.3s
iter  226/300: games={'X': 16, 'O': 1, 'draw': 3}, buffer=8000, value_loss=0.1046, policy_loss=0.1515, value_error_vs_solver=0.5323 (X=0.6440, O=0.5666), elapsed=4.0s
iter  227/300: games={'X': 19, 'O': 0, 'draw': 1}, buffer=8000, value_loss=0.1099, policy_loss=0.1519, value_error_vs_solver=0.5376 (X=0.4939, O=0.5594), elapsed=3.8s
iter  228/300: games={'X': 16, 'O': 1, 'draw': 3}, buffer=8000, value_loss=0.1082, policy_loss=0.1527, value_error_vs_solver=0.5508 (X=0.6465, O=0.4966), elapsed=5.0s
iter  229/300: games={'X': 19, 'O': 0, 'draw': 1}, buffer=8000, value_loss=0.1029, policy_loss=0.1532, value_error_vs_solver=0.5096 (X=0.5669, O=0.5993), elapsed=4.1s
iter  230/300: games={'X': 20, 'O': 0, 'draw': 0}, buffer=8000, value_loss=0.1052, policy_loss=0.1536, value_error_vs_solver=0.4998 (X=0.5955, O=0.4885), elapsed=3.7s
iter  231/300: games={'X': 16, 'O': 1, 'draw': 3}, buffer=8000, value_loss=0.0985, policy_loss=0.1537, value_error_vs_solver=0.5622 (X=0.5737, O=0.4876), elapsed=5.3s
iter  232/300: games={'X': 19, 'O': 1, 'draw': 0}, buffer=8000, value_loss=0.1015, policy_loss=0.1541, value_error_vs_solver=0.5568 (X=0.5335, O=0.5369), elapsed=3.7s
iter  233/300: games={'X': 20, 'O': 0, 'draw': 0}, buffer=8000, value_loss=0.1036, policy_loss=0.1546, value_error_vs_solver=0.5379 (X=0.5769, O=0.5292), elapsed=3.6s
iter  234/300: games={'X': 17, 'O': 3, 'draw': 0}, buffer=8000, value_loss=0.1035, policy_loss=0.1578, value_error_vs_solver=0.5164 (X=0.5465, O=0.5391), elapsed=3.8s
iter  235/300: games={'X': 17, 'O': 2, 'draw': 1}, buffer=8000, value_loss=0.1096, policy_loss=0.1583, value_error_vs_solver=0.5684 (X=0.5879, O=0.5520), elapsed=5.1s
iter  236/300: games={'X': 17, 'O': 1, 'draw': 2}, buffer=8000, value_loss=0.1100, policy_loss=0.1584, value_error_vs_solver=0.5782 (X=0.5788, O=0.5883), elapsed=5.1s
iter  237/300: games={'X': 17, 'O': 0, 'draw': 3}, buffer=8000, value_loss=0.1040, policy_loss=0.1586, value_error_vs_solver=0.5438 (X=0.5310, O=0.5144), elapsed=5.3s
iter  238/300: games={'X': 15, 'O': 2, 'draw': 3}, buffer=8000, value_loss=0.1106, policy_loss=0.1601, value_error_vs_solver=0.5579 (X=0.4954, O=0.5400), elapsed=5.3s
iter  239/300: games={'X': 16, 'O': 4, 'draw': 0}, buffer=8000, value_loss=0.1123, policy_loss=0.1609, value_error_vs_solver=0.5964 (X=0.5707, O=0.6293), elapsed=4.0s
iter  240/300: games={'X': 17, 'O': 1, 'draw': 2}, buffer=8000, value_loss=0.1135, policy_loss=0.1612, value_error_vs_solver=0.6178 (X=0.5477, O=0.5726), elapsed=5.7s
iter  241/300: games={'X': 17, 'O': 3, 'draw': 0}, buffer=8000, value_loss=0.1305, policy_loss=0.1618, value_error_vs_solver=0.5491 (X=0.6701, O=0.5477), elapsed=4.9s
iter  242/300: games={'X': 17, 'O': 2, 'draw': 1}, buffer=8000, value_loss=0.1284, policy_loss=0.1616, value_error_vs_solver=0.6014 (X=0.5356, O=0.5737), elapsed=6.4s
iter  243/300: games={'X': 17, 'O': 1, 'draw': 2}, buffer=8000, value_loss=0.1304, policy_loss=0.1631, value_error_vs_solver=0.5554 (X=0.5246, O=0.4906), elapsed=9.4s
iter  244/300: games={'X': 18, 'O': 2, 'draw': 0}, buffer=8000, value_loss=0.1294, policy_loss=0.1651, value_error_vs_solver=0.4883 (X=0.6075, O=0.5478), elapsed=6.0s
iter  245/300: games={'X': 16, 'O': 2, 'draw': 2}, buffer=8000, value_loss=0.1278, policy_loss=0.1674, value_error_vs_solver=0.5929 (X=0.5407, O=0.5553), elapsed=5.9s
iter  246/300: games={'X': 15, 'O': 0, 'draw': 5}, buffer=8000, value_loss=0.1231, policy_loss=0.1678, value_error_vs_solver=0.5651 (X=0.6002, O=0.5480), elapsed=9.1s
iter  247/300: games={'X': 15, 'O': 3, 'draw': 2}, buffer=8000, value_loss=0.1275, policy_loss=0.1710, value_error_vs_solver=0.5565 (X=0.5772, O=0.5993), elapsed=8.7s
iter  248/300: games={'X': 14, 'O': 5, 'draw': 1}, buffer=8000, value_loss=0.1394, policy_loss=0.1723, value_error_vs_solver=0.6300 (X=0.5686, O=0.5836), elapsed=5.3s
iter  249/300: games={'X': 18, 'O': 0, 'draw': 2}, buffer=8000, value_loss=0.1426, policy_loss=0.1729, value_error_vs_solver=0.5725 (X=0.6455, O=0.5819), elapsed=6.5s
iter  250/300: games={'X': 13, 'O': 4, 'draw': 3}, buffer=8000, value_loss=0.1396, policy_loss=0.1752, value_error_vs_solver=0.5637 (X=0.6187, O=0.4944), elapsed=7.1s
iter  251/300: games={'X': 13, 'O': 4, 'draw': 3}, buffer=8000, value_loss=0.1521, policy_loss=0.1755, value_error_vs_solver=0.5231 (X=0.5644, O=0.5333), elapsed=6.5s
iter  252/300: games={'X': 18, 'O': 0, 'draw': 2}, buffer=8000, value_loss=0.1470, policy_loss=0.1761, value_error_vs_solver=0.6221 (X=0.5524, O=0.5795), elapsed=6.3s
iter  253/300: games={'X': 19, 'O': 1, 'draw': 0}, buffer=8000, value_loss=0.1511, policy_loss=0.1772, value_error_vs_solver=0.5679 (X=0.4550, O=0.5081), elapsed=4.3s
iter  254/300: games={'X': 19, 'O': 1, 'draw': 0}, buffer=8000, value_loss=0.1449, policy_loss=0.1780, value_error_vs_solver=0.5580 (X=0.5286, O=0.4735), elapsed=4.8s
iter  255/300: games={'X': 18, 'O': 2, 'draw': 0}, buffer=8000, value_loss=0.1497, policy_loss=0.1796, value_error_vs_solver=0.5355 (X=0.5449, O=0.5924), elapsed=4.4s
iter  256/300: games={'X': 15, 'O': 1, 'draw': 4}, buffer=8000, value_loss=0.1462, policy_loss=0.1809, value_error_vs_solver=0.5312 (X=0.5766, O=0.5250), elapsed=6.7s
iter  257/300: games={'X': 19, 'O': 1, 'draw': 0}, buffer=8000, value_loss=0.1477, policy_loss=0.1813, value_error_vs_solver=0.5917 (X=0.6489, O=0.5732), elapsed=3.6s
iter  258/300: games={'X': 19, 'O': 1, 'draw': 0}, buffer=8000, value_loss=0.1458, policy_loss=0.1821, value_error_vs_solver=0.5870 (X=0.5694, O=0.6051), elapsed=4.3s
iter  259/300: games={'X': 15, 'O': 4, 'draw': 1}, buffer=8000, value_loss=0.1512, policy_loss=0.1833, value_error_vs_solver=0.5392 (X=0.5320, O=0.5790), elapsed=5.6s
iter  260/300: games={'X': 18, 'O': 2, 'draw': 0}, buffer=8000, value_loss=0.1555, policy_loss=0.1830, value_error_vs_solver=0.5771 (X=0.5805, O=0.5766), elapsed=4.1s
iter  261/300: games={'X': 18, 'O': 2, 'draw': 0}, buffer=8000, value_loss=0.1529, policy_loss=0.1838, value_error_vs_solver=0.4964 (X=0.5814, O=0.5242), elapsed=5.2s
iter  262/300: games={'X': 18, 'O': 0, 'draw': 2}, buffer=8000, value_loss=0.1530, policy_loss=0.1835, value_error_vs_solver=0.5237 (X=0.5750, O=0.5301), elapsed=6.2s
iter  263/300: games={'X': 19, 'O': 0, 'draw': 1}, buffer=8000, value_loss=0.1432, policy_loss=0.1831, value_error_vs_solver=0.5801 (X=0.6157, O=0.5660), elapsed=5.6s
iter  264/300: games={'X': 16, 'O': 2, 'draw': 2}, buffer=8000, value_loss=0.1531, policy_loss=0.1833, value_error_vs_solver=0.5439 (X=0.5337, O=0.5288), elapsed=8.6s
iter  265/300: games={'X': 15, 'O': 3, 'draw': 2}, buffer=8000, value_loss=0.1499, policy_loss=0.1826, value_error_vs_solver=0.5150 (X=0.5076, O=0.5266), elapsed=9.0s
iter  266/300: games={'X': 19, 'O': 1, 'draw': 0}, buffer=8000, value_loss=0.1510, policy_loss=0.1829, value_error_vs_solver=0.5584 (X=0.5882, O=0.5243), elapsed=4.3s
iter  267/300: games={'X': 19, 'O': 0, 'draw': 1}, buffer=8000, value_loss=0.1442, policy_loss=0.1813, value_error_vs_solver=0.5538 (X=0.5740, O=0.5525), elapsed=6.6s
iter  268/300: games={'X': 19, 'O': 1, 'draw': 0}, buffer=8000, value_loss=0.1366, policy_loss=0.1822, value_error_vs_solver=0.5741 (X=0.5177, O=0.5571), elapsed=6.9s
iter  269/300: games={'X': 18, 'O': 1, 'draw': 1}, buffer=8000, value_loss=0.1457, policy_loss=0.1829, value_error_vs_solver=0.5339 (X=0.5600, O=0.5520), elapsed=6.3s
iter  270/300: games={'X': 14, 'O': 3, 'draw': 3}, buffer=8000, value_loss=0.1483, policy_loss=0.1823, value_error_vs_solver=0.5419 (X=0.5805, O=0.5903), elapsed=10.1s
iter  271/300: games={'X': 15, 'O': 3, 'draw': 2}, buffer=8000, value_loss=0.1492, policy_loss=0.1823, value_error_vs_solver=0.5149 (X=0.4693, O=0.5809), elapsed=7.5s
iter  272/300: games={'X': 19, 'O': 0, 'draw': 1}, buffer=8000, value_loss=0.1501, policy_loss=0.1832, value_error_vs_solver=0.5373 (X=0.5781, O=0.5186), elapsed=6.3s
iter  273/300: games={'X': 17, 'O': 2, 'draw': 1}, buffer=8000, value_loss=0.1560, policy_loss=0.1831, value_error_vs_solver=0.5587 (X=0.5755, O=0.5632), elapsed=4.6s
iter  274/300: games={'X': 19, 'O': 1, 'draw': 0}, buffer=8000, value_loss=0.1473, policy_loss=0.1835, value_error_vs_solver=0.5732 (X=0.5042, O=0.5776), elapsed=5.1s
iter  275/300: games={'X': 18, 'O': 1, 'draw': 1}, buffer=8000, value_loss=0.1517, policy_loss=0.1832, value_error_vs_solver=0.5629 (X=0.5928, O=0.5372), elapsed=4.5s
iter  276/300: games={'X': 16, 'O': 2, 'draw': 2}, buffer=8000, value_loss=0.1550, policy_loss=0.1829, value_error_vs_solver=0.5021 (X=0.5261, O=0.5415), elapsed=5.8s
iter  277/300: games={'X': 15, 'O': 5, 'draw': 0}, buffer=8000, value_loss=0.1575, policy_loss=0.1838, value_error_vs_solver=0.5366 (X=0.5623, O=0.5723), elapsed=4.9s
iter  278/300: games={'X': 18, 'O': 2, 'draw': 0}, buffer=8000, value_loss=0.1678, policy_loss=0.1835, value_error_vs_solver=0.5595 (X=0.5621, O=0.5304), elapsed=5.1s
iter  279/300: games={'X': 18, 'O': 1, 'draw': 1}, buffer=8000, value_loss=0.1670, policy_loss=0.1837, value_error_vs_solver=0.5342 (X=0.5567, O=0.5209), elapsed=8.0s
iter  280/300: games={'X': 17, 'O': 3, 'draw': 0}, buffer=8000, value_loss=0.1651, policy_loss=0.1839, value_error_vs_solver=0.5726 (X=0.6481, O=0.5465), elapsed=5.9s
iter  281/300: games={'X': 16, 'O': 3, 'draw': 1}, buffer=8000, value_loss=0.1652, policy_loss=0.1836, value_error_vs_solver=0.5231 (X=0.5336, O=0.5741), elapsed=5.9s
iter  282/300: games={'X': 16, 'O': 1, 'draw': 3}, buffer=8000, value_loss=0.1730, policy_loss=0.1836, value_error_vs_solver=0.5369 (X=0.5087, O=0.5153), elapsed=8.8s
iter  283/300: games={'X': 15, 'O': 3, 'draw': 2}, buffer=8000, value_loss=0.1851, policy_loss=0.1827, value_error_vs_solver=0.5213 (X=0.5617, O=0.4313), elapsed=6.7s
iter  284/300: games={'X': 16, 'O': 3, 'draw': 1}, buffer=8000, value_loss=0.1845, policy_loss=0.1846, value_error_vs_solver=0.5167 (X=0.5846, O=0.5894), elapsed=6.7s
iter  285/300: games={'X': 18, 'O': 0, 'draw': 2}, buffer=8000, value_loss=0.1760, policy_loss=0.1841, value_error_vs_solver=0.5981 (X=0.5346, O=0.5077), elapsed=7.0s
iter  286/300: games={'X': 16, 'O': 1, 'draw': 3}, buffer=8000, value_loss=0.1822, policy_loss=0.1843, value_error_vs_solver=0.5624 (X=0.5751, O=0.5196), elapsed=7.3s
iter  287/300: games={'X': 16, 'O': 3, 'draw': 1}, buffer=8000, value_loss=0.1890, policy_loss=0.1878, value_error_vs_solver=0.5405 (X=0.5059, O=0.5601), elapsed=7.5s
iter  288/300: games={'X': 17, 'O': 2, 'draw': 1}, buffer=8000, value_loss=0.1850, policy_loss=0.1863, value_error_vs_solver=0.4819 (X=0.5831, O=0.5124), elapsed=6.8s
iter  289/300: games={'X': 18, 'O': 1, 'draw': 1}, buffer=8000, value_loss=0.1754, policy_loss=0.1845, value_error_vs_solver=0.5146 (X=0.6266, O=0.5456), elapsed=4.6s
iter  290/300: games={'X': 12, 'O': 4, 'draw': 4}, buffer=8000, value_loss=0.1864, policy_loss=0.1847, value_error_vs_solver=0.5271 (X=0.6279, O=0.6037), elapsed=9.5s
iter  291/300: games={'X': 17, 'O': 2, 'draw': 1}, buffer=8000, value_loss=0.1923, policy_loss=0.1837, value_error_vs_solver=0.5596 (X=0.5780, O=0.4854), elapsed=6.3s
iter  292/300: games={'X': 15, 'O': 4, 'draw': 1}, buffer=8000, value_loss=0.1931, policy_loss=0.1838, value_error_vs_solver=0.5659 (X=0.5521, O=0.5711), elapsed=6.1s
iter  293/300: games={'X': 18, 'O': 2, 'draw': 0}, buffer=8000, value_loss=0.1865, policy_loss=0.1835, value_error_vs_solver=0.6032 (X=0.6027, O=0.5319), elapsed=5.1s
iter  294/300: games={'X': 17, 'O': 0, 'draw': 3}, buffer=8000, value_loss=0.1794, policy_loss=0.1826, value_error_vs_solver=0.5187 (X=0.5144, O=0.4872), elapsed=8.0s
iter  295/300: games={'X': 18, 'O': 1, 'draw': 1}, buffer=8000, value_loss=0.1776, policy_loss=0.1823, value_error_vs_solver=0.5457 (X=0.5669, O=0.4821), elapsed=7.0s
iter  296/300: games={'X': 14, 'O': 5, 'draw': 1}, buffer=8000, value_loss=0.1884, policy_loss=0.1826, value_error_vs_solver=0.5275 (X=0.5569, O=0.5498), elapsed=6.8s
iter  297/300: games={'X': 16, 'O': 2, 'draw': 2}, buffer=8000, value_loss=0.1887, policy_loss=0.1814, value_error_vs_solver=0.5104 (X=0.5800, O=0.5195), elapsed=7.5s
iter  298/300: games={'X': 18, 'O': 1, 'draw': 1}, buffer=8000, value_loss=0.1842, policy_loss=0.1799, value_error_vs_solver=0.5477 (X=0.5255, O=0.5653), elapsed=6.5s
iter  299/300: games={'X': 15, 'O': 3, 'draw': 2}, buffer=8000, value_loss=0.1963, policy_loss=0.1821, value_error_vs_solver=0.5310 (X=0.5684, O=0.5201), elapsed=5.9s
iter  300/300: games={'X': 16, 'O': 0, 'draw': 4}, buffer=8000, value_loss=0.1887, policy_loss=0.1809, value_error_vs_solver=0.5587 (X=0.5853, O=0.5567), elapsed=7.5s
Done. Total time: 1661.0s. Saved to selfplay_trained_net_imitate.pkl
