Loading solver states for value-error benchmarking...
Run 'exploration': iterations=300, temperature_moves=20, noise_frac=0.4, teacher_side=None
iter    1/300: games={'X': 10, 'O': 9, 'draw': 1}, buffer=193, value_loss=1.1096, policy_loss=1.6263, value_error_vs_solver=0.7259 (X=0.6988, O=0.7218), elapsed=5.4s
iter    2/300: games={'X': 11, 'O': 7, 'draw': 2}, buffer=420, value_loss=0.8948, policy_loss=1.6361, value_error_vs_solver=0.7984 (X=0.8299, O=0.7675), elapsed=5.4s
iter    3/300: games={'X': 8, 'O': 12, 'draw': 0}, buffer=642, value_loss=0.9116, policy_loss=1.6315, value_error_vs_solver=0.7705 (X=0.7757, O=0.8018), elapsed=5.8s
iter    4/300: games={'X': 12, 'O': 8, 'draw': 0}, buffer=812, value_loss=0.9068, policy_loss=1.6012, value_error_vs_solver=0.7292 (X=0.7001, O=0.7555), elapsed=4.0s
iter    5/300: games={'X': 9, 'O': 10, 'draw': 1}, buffer=995, value_loss=0.8416, policy_loss=1.5940, value_error_vs_solver=0.7591 (X=0.7281, O=0.7736), elapsed=5.3s
iter    6/300: games={'X': 7, 'O': 13, 'draw': 0}, buffer=1228, value_loss=0.8698, policy_loss=1.5741, value_error_vs_solver=0.7468 (X=0.7056, O=0.7496), elapsed=5.6s
iter    7/300: games={'X': 7, 'O': 11, 'draw': 2}, buffer=1513, value_loss=0.8383, policy_loss=1.5498, value_error_vs_solver=0.7290 (X=0.7452, O=0.7672), elapsed=9.4s
iter    8/300: games={'X': 14, 'O': 6, 'draw': 0}, buffer=1665, value_loss=0.7996, policy_loss=1.5385, value_error_vs_solver=0.7135 (X=0.6614, O=0.6496), elapsed=4.9s
iter    9/300: games={'X': 9, 'O': 10, 'draw': 1}, buffer=1856, value_loss=0.7925, policy_loss=1.5215, value_error_vs_solver=0.7070 (X=0.7109, O=0.7479), elapsed=4.1s
iter   10/300: games={'X': 12, 'O': 7, 'draw': 1}, buffer=2054, value_loss=0.7990, policy_loss=1.5188, value_error_vs_solver=0.6734 (X=0.6797, O=0.6969), elapsed=5.2s
iter   11/300: games={'X': 9, 'O': 10, 'draw': 1}, buffer=2279, value_loss=0.7827, policy_loss=1.5088, value_error_vs_solver=0.6852 (X=0.7200, O=0.6883), elapsed=5.8s
iter   12/300: games={'X': 10, 'O': 8, 'draw': 2}, buffer=2513, value_loss=0.7683, policy_loss=1.4904, value_error_vs_solver=0.7044 (X=0.7084, O=0.6769), elapsed=6.2s
iter   13/300: games={'X': 9, 'O': 8, 'draw': 3}, buffer=2768, value_loss=0.7622, policy_loss=1.4765, value_error_vs_solver=0.6328 (X=0.6494, O=0.6858), elapsed=6.4s
iter   14/300: games={'X': 11, 'O': 8, 'draw': 1}, buffer=2990, value_loss=0.7379, policy_loss=1.4620, value_error_vs_solver=0.6635 (X=0.6567, O=0.6749), elapsed=5.4s
iter   15/300: games={'X': 10, 'O': 9, 'draw': 1}, buffer=3227, value_loss=0.7458, policy_loss=1.4407, value_error_vs_solver=0.6665 (X=0.6758, O=0.7053), elapsed=5.7s
iter   16/300: games={'X': 10, 'O': 9, 'draw': 1}, buffer=3446, value_loss=0.7384, policy_loss=1.4109, value_error_vs_solver=0.6485 (X=0.6675, O=0.6928), elapsed=5.4s
iter   17/300: games={'X': 11, 'O': 5, 'draw': 4}, buffer=3691, value_loss=0.7132, policy_loss=1.3869, value_error_vs_solver=0.6575 (X=0.5916, O=0.6369), elapsed=6.7s
iter   18/300: games={'X': 10, 'O': 6, 'draw': 4}, buffer=3983, value_loss=0.6773, policy_loss=1.3604, value_error_vs_solver=0.6110 (X=0.6208, O=0.6493), elapsed=8.0s
iter   19/300: games={'X': 7, 'O': 10, 'draw': 3}, buffer=4250, value_loss=0.6844, policy_loss=1.3353, value_error_vs_solver=0.6533 (X=0.6078, O=0.6061), elapsed=7.1s
iter   20/300: games={'X': 9, 'O': 8, 'draw': 3}, buffer=4494, value_loss=0.6707, policy_loss=1.3187, value_error_vs_solver=0.6552 (X=0.6202, O=0.6034), elapsed=5.9s
iter   21/300: games={'X': 9, 'O': 7, 'draw': 4}, buffer=4768, value_loss=0.6474, policy_loss=1.2924, value_error_vs_solver=0.6562 (X=0.6932, O=0.6439), elapsed=9.5s
iter   22/300: games={'X': 14, 'O': 4, 'draw': 2}, buffer=4973, value_loss=0.6450, policy_loss=1.2811, value_error_vs_solver=0.6266 (X=0.6276, O=0.6536), elapsed=6.2s
iter   23/300: games={'X': 8, 'O': 6, 'draw': 6}, buffer=5282, value_loss=0.6182, policy_loss=1.2597, value_error_vs_solver=0.5998 (X=0.5942, O=0.6532), elapsed=9.5s
iter   24/300: games={'X': 14, 'O': 4, 'draw': 2}, buffer=5523, value_loss=0.6044, policy_loss=1.2497, value_error_vs_solver=0.6343 (X=0.6458, O=0.6053), elapsed=7.6s
iter   25/300: games={'X': 11, 'O': 5, 'draw': 4}, buffer=5776, value_loss=0.5955, policy_loss=1.2292, value_error_vs_solver=0.6332 (X=0.6664, O=0.6623), elapsed=7.0s
iter   26/300: games={'X': 12, 'O': 4, 'draw': 4}, buffer=6016, value_loss=0.5701, policy_loss=1.2124, value_error_vs_solver=0.6056 (X=0.6599, O=0.5852), elapsed=6.5s
iter   27/300: games={'X': 14, 'O': 4, 'draw': 2}, buffer=6237, value_loss=0.5685, policy_loss=1.2047, value_error_vs_solver=0.6268 (X=0.6002, O=0.5992), elapsed=5.0s
iter   28/300: games={'X': 12, 'O': 5, 'draw': 3}, buffer=6529, value_loss=0.5710, policy_loss=1.1955, value_error_vs_solver=0.5388 (X=0.6262, O=0.5252), elapsed=7.1s
iter   29/300: games={'X': 16, 'O': 2, 'draw': 2}, buffer=6739, value_loss=0.5525, policy_loss=1.1875, value_error_vs_solver=0.5709 (X=0.5872, O=0.6315), elapsed=4.9s
iter   30/300: games={'X': 12, 'O': 6, 'draw': 2}, buffer=6983, value_loss=0.5526, policy_loss=1.1716, value_error_vs_solver=0.6374 (X=0.5786, O=0.6353), elapsed=5.9s
iter   31/300: games={'X': 14, 'O': 5, 'draw': 1}, buffer=7185, value_loss=0.5496, policy_loss=1.1809, value_error_vs_solver=0.5724 (X=0.5522, O=0.6082), elapsed=5.2s
iter   32/300: games={'X': 17, 'O': 2, 'draw': 1}, buffer=7361, value_loss=0.5436, policy_loss=1.1631, value_error_vs_solver=0.5993 (X=0.6503, O=0.5793), elapsed=4.0s
iter   33/300: games={'X': 15, 'O': 2, 'draw': 3}, buffer=7605, value_loss=0.5316, policy_loss=1.1533, value_error_vs_solver=0.5812 (X=0.5413, O=0.5745), elapsed=5.2s
iter   34/300: games={'X': 13, 'O': 6, 'draw': 1}, buffer=7790, value_loss=0.5418, policy_loss=1.1471, value_error_vs_solver=0.5600 (X=0.5902, O=0.5865), elapsed=4.7s
iter   35/300: games={'X': 17, 'O': 2, 'draw': 1}, buffer=7995, value_loss=0.5321, policy_loss=1.1464, value_error_vs_solver=0.5505 (X=0.6253, O=0.5557), elapsed=4.1s
iter   36/300: games={'X': 16, 'O': 2, 'draw': 2}, buffer=8000, value_loss=0.5138, policy_loss=1.1206, value_error_vs_solver=0.5566 (X=0.5776, O=0.4955), elapsed=4.8s
iter   37/300: games={'X': 17, 'O': 3, 'draw': 0}, buffer=8000, value_loss=0.5108, policy_loss=1.1104, value_error_vs_solver=0.5415 (X=0.5320, O=0.5394), elapsed=3.1s
iter   38/300: games={'X': 14, 'O': 5, 'draw': 1}, buffer=8000, value_loss=0.5110, policy_loss=1.0952, value_error_vs_solver=0.5657 (X=0.5461, O=0.5138), elapsed=5.9s
iter   39/300: games={'X': 17, 'O': 2, 'draw': 1}, buffer=8000, value_loss=0.5003, policy_loss=1.0873, value_error_vs_solver=0.5941 (X=0.5422, O=0.5350), elapsed=3.6s
iter   40/300: games={'X': 12, 'O': 3, 'draw': 5}, buffer=8000, value_loss=0.4710, policy_loss=1.0504, value_error_vs_solver=0.5451 (X=0.5262, O=0.5168), elapsed=9.0s
iter   41/300: games={'X': 16, 'O': 2, 'draw': 2}, buffer=8000, value_loss=0.4762, policy_loss=1.0459, value_error_vs_solver=0.5026 (X=0.5988, O=0.4813), elapsed=3.7s
iter   42/300: games={'X': 12, 'O': 4, 'draw': 4}, buffer=8000, value_loss=0.4611, policy_loss=1.0277, value_error_vs_solver=0.5262 (X=0.5332, O=0.5527), elapsed=7.0s
iter   43/300: games={'X': 15, 'O': 2, 'draw': 3}, buffer=8000, value_loss=0.4406, policy_loss=1.0089, value_error_vs_solver=0.4893 (X=0.5445, O=0.5406), elapsed=6.4s
iter   44/300: games={'X': 18, 'O': 1, 'draw': 1}, buffer=8000, value_loss=0.4318, policy_loss=1.0038, value_error_vs_solver=0.5315 (X=0.4439, O=0.4834), elapsed=3.8s
iter   45/300: games={'X': 17, 'O': 3, 'draw': 0}, buffer=8000, value_loss=0.4314, policy_loss=0.9976, value_error_vs_solver=0.4880 (X=0.4683, O=0.4674), elapsed=2.7s
iter   46/300: games={'X': 18, 'O': 2, 'draw': 0}, buffer=8000, value_loss=0.4235, policy_loss=0.9943, value_error_vs_solver=0.4473 (X=0.4821, O=0.4765), elapsed=2.8s
iter   47/300: games={'X': 16, 'O': 3, 'draw': 1}, buffer=8000, value_loss=0.4175, policy_loss=0.9804, value_error_vs_solver=0.5381 (X=0.5333, O=0.5003), elapsed=3.8s
iter   48/300: games={'X': 17, 'O': 0, 'draw': 3}, buffer=8000, value_loss=0.4018, policy_loss=0.9740, value_error_vs_solver=0.4923 (X=0.4790, O=0.5119), elapsed=5.1s
iter   49/300: games={'X': 20, 'O': 0, 'draw': 0}, buffer=8000, value_loss=0.4009, policy_loss=0.9835, value_error_vs_solver=0.5416 (X=0.4231, O=0.4501), elapsed=2.9s
iter   50/300: games={'X': 18, 'O': 2, 'draw': 0}, buffer=8000, value_loss=0.3912, policy_loss=0.9680, value_error_vs_solver=0.5056 (X=0.4543, O=0.4837), elapsed=2.5s
iter   51/300: games={'X': 17, 'O': 1, 'draw': 2}, buffer=8000, value_loss=0.3626, policy_loss=0.9535, value_error_vs_solver=0.4822 (X=0.4657, O=0.4945), elapsed=4.6s
iter   52/300: games={'X': 15, 'O': 4, 'draw': 1}, buffer=8000, value_loss=0.3661, policy_loss=0.9451, value_error_vs_solver=0.4549 (X=0.6041, O=0.4630), elapsed=4.1s
iter   53/300: games={'X': 17, 'O': 1, 'draw': 2}, buffer=8000, value_loss=0.3558, policy_loss=0.9422, value_error_vs_solver=0.4919 (X=0.4402, O=0.4666), elapsed=4.5s
iter   54/300: games={'X': 18, 'O': 1, 'draw': 1}, buffer=8000, value_loss=0.3397, policy_loss=0.9369, value_error_vs_solver=0.5021 (X=0.4748, O=0.4654), elapsed=4.2s
iter   55/300: games={'X': 19, 'O': 0, 'draw': 1}, buffer=8000, value_loss=0.3329, policy_loss=0.9387, value_error_vs_solver=0.4977 (X=0.5414, O=0.5687), elapsed=4.5s
iter   56/300: games={'X': 16, 'O': 4, 'draw': 0}, buffer=8000, value_loss=0.3327, policy_loss=0.9359, value_error_vs_solver=0.5432 (X=0.5221, O=0.4772), elapsed=3.8s
iter   57/300: games={'X': 17, 'O': 2, 'draw': 1}, buffer=8000, value_loss=0.3353, policy_loss=0.9264, value_error_vs_solver=0.4892 (X=0.4872, O=0.4559), elapsed=4.9s
iter   58/300: games={'X': 20, 'O': 0, 'draw': 0}, buffer=8000, value_loss=0.3230, policy_loss=0.9229, value_error_vs_solver=0.4194 (X=0.4421, O=0.4636), elapsed=3.7s
iter   59/300: games={'X': 18, 'O': 1, 'draw': 1}, buffer=8000, value_loss=0.3124, policy_loss=0.9152, value_error_vs_solver=0.4371 (X=0.4079, O=0.4650), elapsed=4.8s
iter   60/300: games={'X': 18, 'O': 1, 'draw': 1}, buffer=8000, value_loss=0.3086, policy_loss=0.9085, value_error_vs_solver=0.4487 (X=0.4626, O=0.4048), elapsed=3.3s
iter   61/300: games={'X': 19, 'O': 0, 'draw': 1}, buffer=8000, value_loss=0.3052, policy_loss=0.9153, value_error_vs_solver=0.5140 (X=0.5908, O=0.4289), elapsed=3.1s
iter   62/300: games={'X': 18, 'O': 2, 'draw': 0}, buffer=8000, value_loss=0.2973, policy_loss=0.9152, value_error_vs_solver=0.4646 (X=0.4541, O=0.4516), elapsed=2.6s
iter   63/300: games={'X': 15, 'O': 2, 'draw': 3}, buffer=8000, value_loss=0.2871, policy_loss=0.9047, value_error_vs_solver=0.4429 (X=0.4412, O=0.4202), elapsed=5.4s
iter   64/300: games={'X': 17, 'O': 2, 'draw': 1}, buffer=8000, value_loss=0.2791, policy_loss=0.8951, value_error_vs_solver=0.4979 (X=0.4692, O=0.4112), elapsed=3.0s
iter   65/300: games={'X': 16, 'O': 2, 'draw': 2}, buffer=8000, value_loss=0.2795, policy_loss=0.9100, value_error_vs_solver=0.4535 (X=0.4377, O=0.4483), elapsed=4.2s
iter   66/300: games={'X': 18, 'O': 2, 'draw': 0}, buffer=8000, value_loss=0.2824, policy_loss=0.8990, value_error_vs_solver=0.4084 (X=0.3717, O=0.3665), elapsed=2.4s
iter   67/300: games={'X': 18, 'O': 2, 'draw': 0}, buffer=8000, value_loss=0.2817, policy_loss=0.8937, value_error_vs_solver=0.4311 (X=0.4760, O=0.4447), elapsed=4.7s
iter   68/300: games={'X': 17, 'O': 1, 'draw': 2}, buffer=8000, value_loss=0.2822, policy_loss=0.8996, value_error_vs_solver=0.4703 (X=0.4264, O=0.4438), elapsed=5.1s
iter   69/300: games={'X': 15, 'O': 3, 'draw': 2}, buffer=8000, value_loss=0.2816, policy_loss=0.8879, value_error_vs_solver=0.4307 (X=0.4446, O=0.4618), elapsed=7.1s
iter   70/300: games={'X': 16, 'O': 2, 'draw': 2}, buffer=8000, value_loss=0.2731, policy_loss=0.8903, value_error_vs_solver=0.4320 (X=0.4548, O=0.4264), elapsed=5.5s
iter   71/300: games={'X': 15, 'O': 3, 'draw': 2}, buffer=8000, value_loss=0.2748, policy_loss=0.8844, value_error_vs_solver=0.4372 (X=0.4631, O=0.4765), elapsed=5.9s
iter   72/300: games={'X': 17, 'O': 3, 'draw': 0}, buffer=8000, value_loss=0.2873, policy_loss=0.8831, value_error_vs_solver=0.4250 (X=0.4189, O=0.4153), elapsed=5.0s
iter   73/300: games={'X': 18, 'O': 1, 'draw': 1}, buffer=8000, value_loss=0.2743, policy_loss=0.8860, value_error_vs_solver=0.4017 (X=0.4642, O=0.4080), elapsed=3.5s
iter   74/300: games={'X': 18, 'O': 2, 'draw': 0}, buffer=8000, value_loss=0.2701, policy_loss=0.8778, value_error_vs_solver=0.4556 (X=0.4068, O=0.4500), elapsed=2.7s
iter   75/300: games={'X': 19, 'O': 1, 'draw': 0}, buffer=8000, value_loss=0.2773, policy_loss=0.8798, value_error_vs_solver=0.4544 (X=0.4064, O=0.4566), elapsed=2.2s
iter   76/300: games={'X': 17, 'O': 1, 'draw': 2}, buffer=8000, value_loss=0.2611, policy_loss=0.8865, value_error_vs_solver=0.4531 (X=0.5841, O=0.4539), elapsed=5.7s
iter   77/300: games={'X': 19, 'O': 0, 'draw': 1}, buffer=8000, value_loss=0.2504, policy_loss=0.8690, value_error_vs_solver=0.3877 (X=0.4328, O=0.4067), elapsed=3.4s
iter   78/300: games={'X': 16, 'O': 2, 'draw': 2}, buffer=8000, value_loss=0.2466, policy_loss=0.8679, value_error_vs_solver=0.4740 (X=0.5253, O=0.5420), elapsed=3.8s
iter   79/300: games={'X': 15, 'O': 3, 'draw': 2}, buffer=8000, value_loss=0.2504, policy_loss=0.8775, value_error_vs_solver=0.5007 (X=0.5128, O=0.4227), elapsed=4.5s
iter   80/300: games={'X': 19, 'O': 0, 'draw': 1}, buffer=8000, value_loss=0.2338, policy_loss=0.8756, value_error_vs_solver=0.4071 (X=0.4347, O=0.4810), elapsed=4.0s
iter   81/300: games={'X': 18, 'O': 1, 'draw': 1}, buffer=8000, value_loss=0.2413, policy_loss=0.8714, value_error_vs_solver=0.4383 (X=0.3911, O=0.4188), elapsed=3.0s
iter   82/300: games={'X': 19, 'O': 1, 'draw': 0}, buffer=8000, value_loss=0.2388, policy_loss=0.8765, value_error_vs_solver=0.4136 (X=0.4675, O=0.4062), elapsed=3.0s
iter   83/300: games={'X': 15, 'O': 3, 'draw': 2}, buffer=8000, value_loss=0.2341, policy_loss=0.8816, value_error_vs_solver=0.4548 (X=0.4566, O=0.3816), elapsed=6.9s
iter   84/300: games={'X': 17, 'O': 3, 'draw': 0}, buffer=8000, value_loss=0.2319, policy_loss=0.8692, value_error_vs_solver=0.4471 (X=0.4689, O=0.4259), elapsed=2.6s
iter   85/300: games={'X': 19, 'O': 1, 'draw': 0}, buffer=8000, value_loss=0.2320, policy_loss=0.8676, value_error_vs_solver=0.3876 (X=0.4278, O=0.4201), elapsed=2.5s
iter   86/300: games={'X': 18, 'O': 1, 'draw': 1}, buffer=8000, value_loss=0.2242, policy_loss=0.8763, value_error_vs_solver=0.4091 (X=0.3892, O=0.4314), elapsed=4.1s
iter   87/300: games={'X': 18, 'O': 2, 'draw': 0}, buffer=8000, value_loss=0.2211, policy_loss=0.8654, value_error_vs_solver=0.4325 (X=0.4235, O=0.4060), elapsed=2.4s
iter   88/300: games={'X': 18, 'O': 1, 'draw': 1}, buffer=8000, value_loss=0.2340, policy_loss=0.8605, value_error_vs_solver=0.3888 (X=0.4139, O=0.4157), elapsed=4.8s
iter   89/300: games={'X': 20, 'O': 0, 'draw': 0}, buffer=8000, value_loss=0.2300, policy_loss=0.8658, value_error_vs_solver=0.4904 (X=0.4063, O=0.4131), elapsed=2.5s
iter   90/300: games={'X': 16, 'O': 2, 'draw': 2}, buffer=8000, value_loss=0.2241, policy_loss=0.8735, value_error_vs_solver=0.4216 (X=0.4028, O=0.3995), elapsed=4.4s
iter   91/300: games={'X': 18, 'O': 2, 'draw': 0}, buffer=8000, value_loss=0.2334, policy_loss=0.8752, value_error_vs_solver=0.4827 (X=0.4046, O=0.4493), elapsed=2.7s
iter   92/300: games={'X': 17, 'O': 3, 'draw': 0}, buffer=8000, value_loss=0.2191, policy_loss=0.8721, value_error_vs_solver=0.4072 (X=0.3433, O=0.4429), elapsed=2.8s
iter   93/300: games={'X': 15, 'O': 4, 'draw': 1}, buffer=8000, value_loss=0.2218, policy_loss=0.8694, value_error_vs_solver=0.3957 (X=0.4801, O=0.3766), elapsed=2.9s
iter   94/300: games={'X': 18, 'O': 1, 'draw': 1}, buffer=8000, value_loss=0.2288, policy_loss=0.8769, value_error_vs_solver=0.4435 (X=0.4386, O=0.4322), elapsed=2.3s
iter   95/300: games={'X': 17, 'O': 0, 'draw': 3}, buffer=8000, value_loss=0.2174, policy_loss=0.8738, value_error_vs_solver=0.3865 (X=0.4516, O=0.4564), elapsed=4.5s
iter   96/300: games={'X': 19, 'O': 1, 'draw': 0}, buffer=8000, value_loss=0.2246, policy_loss=0.8782, value_error_vs_solver=0.4436 (X=0.3968, O=0.3746), elapsed=2.8s
iter   97/300: games={'X': 16, 'O': 4, 'draw': 0}, buffer=8000, value_loss=0.2246, policy_loss=0.8857, value_error_vs_solver=0.4230 (X=0.4468, O=0.4352), elapsed=2.7s
iter   98/300: games={'X': 20, 'O': 0, 'draw': 0}, buffer=8000, value_loss=0.2224, policy_loss=0.8800, value_error_vs_solver=0.3789 (X=0.3806, O=0.3926), elapsed=3.5s
iter   99/300: games={'X': 18, 'O': 1, 'draw': 1}, buffer=8000, value_loss=0.2176, policy_loss=0.8849, value_error_vs_solver=0.4517 (X=0.4718, O=0.4458), elapsed=3.0s
iter  100/300: games={'X': 18, 'O': 1, 'draw': 1}, buffer=8000, value_loss=0.2211, policy_loss=0.8850, value_error_vs_solver=0.4130 (X=0.3505, O=0.4155), elapsed=2.8s
iter  101/300: games={'X': 16, 'O': 2, 'draw': 2}, buffer=8000, value_loss=0.2277, policy_loss=0.8767, value_error_vs_solver=0.3776 (X=0.4472, O=0.4521), elapsed=5.2s
iter  102/300: games={'X': 19, 'O': 0, 'draw': 1}, buffer=8000, value_loss=0.2279, policy_loss=0.8853, value_error_vs_solver=0.4083 (X=0.3938, O=0.3993), elapsed=4.1s
iter  103/300: games={'X': 18, 'O': 1, 'draw': 1}, buffer=8000, value_loss=0.2186, policy_loss=0.8848, value_error_vs_solver=0.4323 (X=0.3741, O=0.3581), elapsed=6.9s
iter  104/300: games={'X': 17, 'O': 2, 'draw': 1}, buffer=8000, value_loss=0.2221, policy_loss=0.8832, value_error_vs_solver=0.3963 (X=0.4340, O=0.4003), elapsed=3.4s
iter  105/300: games={'X': 16, 'O': 1, 'draw': 3}, buffer=8000, value_loss=0.2171, policy_loss=0.8869, value_error_vs_solver=0.3836 (X=0.4198, O=0.3942), elapsed=4.6s
iter  106/300: games={'X': 17, 'O': 1, 'draw': 2}, buffer=8000, value_loss=0.2232, policy_loss=0.8783, value_error_vs_solver=0.4357 (X=0.4940, O=0.3972), elapsed=5.0s
iter  107/300: games={'X': 18, 'O': 2, 'draw': 0}, buffer=8000, value_loss=0.2168, policy_loss=0.8861, value_error_vs_solver=0.3882 (X=0.4670, O=0.4326), elapsed=4.5s
iter  108/300: games={'X': 19, 'O': 1, 'draw': 0}, buffer=8000, value_loss=0.2197, policy_loss=0.8695, value_error_vs_solver=0.3698 (X=0.4245, O=0.3834), elapsed=3.4s
iter  109/300: games={'X': 15, 'O': 2, 'draw': 3}, buffer=8000, value_loss=0.2263, policy_loss=0.8794, value_error_vs_solver=0.4421 (X=0.4303, O=0.4340), elapsed=5.8s
iter  110/300: games={'X': 17, 'O': 3, 'draw': 0}, buffer=8000, value_loss=0.2264, policy_loss=0.8768, value_error_vs_solver=0.3675 (X=0.4030, O=0.3133), elapsed=2.9s
iter  111/300: games={'X': 18, 'O': 2, 'draw': 0}, buffer=8000, value_loss=0.2272, policy_loss=0.8771, value_error_vs_solver=0.4379 (X=0.4243, O=0.4044), elapsed=3.0s
iter  112/300: games={'X': 18, 'O': 0, 'draw': 2}, buffer=8000, value_loss=0.2138, policy_loss=0.8735, value_error_vs_solver=0.4113 (X=0.4263, O=0.3804), elapsed=3.7s
iter  113/300: games={'X': 18, 'O': 0, 'draw': 2}, buffer=8000, value_loss=0.2208, policy_loss=0.8748, value_error_vs_solver=0.3890 (X=0.4067, O=0.4188), elapsed=3.2s
iter  114/300: games={'X': 20, 'O': 0, 'draw': 0}, buffer=8000, value_loss=0.2180, policy_loss=0.8882, value_error_vs_solver=0.4237 (X=0.3594, O=0.3867), elapsed=2.2s
iter  115/300: games={'X': 18, 'O': 1, 'draw': 1}, buffer=8000, value_loss=0.2133, policy_loss=0.8842, value_error_vs_solver=0.4179 (X=0.3790, O=0.3940), elapsed=4.5s
iter  116/300: games={'X': 19, 'O': 1, 'draw': 0}, buffer=8000, value_loss=0.2068, policy_loss=0.8859, value_error_vs_solver=0.4049 (X=0.4231, O=0.4281), elapsed=2.9s
iter  117/300: games={'X': 16, 'O': 2, 'draw': 2}, buffer=8000, value_loss=0.2079, policy_loss=0.8819, value_error_vs_solver=0.4175 (X=0.4203, O=0.3966), elapsed=4.8s
iter  118/300: games={'X': 19, 'O': 0, 'draw': 1}, buffer=8000, value_loss=0.2138, policy_loss=0.8894, value_error_vs_solver=0.4086 (X=0.3690, O=0.3751), elapsed=3.1s
iter  119/300: games={'X': 17, 'O': 1, 'draw': 2}, buffer=8000, value_loss=0.2013, policy_loss=0.8820, value_error_vs_solver=0.3908 (X=0.4447, O=0.4193), elapsed=4.2s
iter  120/300: games={'X': 18, 'O': 0, 'draw': 2}, buffer=8000, value_loss=0.2090, policy_loss=0.8817, value_error_vs_solver=0.4067 (X=0.4077, O=0.4007), elapsed=3.9s
iter  121/300: games={'X': 17, 'O': 0, 'draw': 3}, buffer=8000, value_loss=0.1992, policy_loss=0.8862, value_error_vs_solver=0.3693 (X=0.4345, O=0.3786), elapsed=4.0s
iter  122/300: games={'X': 18, 'O': 2, 'draw': 0}, buffer=8000, value_loss=0.1882, policy_loss=0.8899, value_error_vs_solver=0.4404 (X=0.3841, O=0.4016), elapsed=2.5s
iter  123/300: games={'X': 15, 'O': 3, 'draw': 2}, buffer=8000, value_loss=0.1874, policy_loss=0.8945, value_error_vs_solver=0.3639 (X=0.4367, O=0.4120), elapsed=4.5s
iter  124/300: games={'X': 18, 'O': 1, 'draw': 1}, buffer=8000, value_loss=0.1833, policy_loss=0.8876, value_error_vs_solver=0.3880 (X=0.3521, O=0.3874), elapsed=3.1s
iter  125/300: games={'X': 18, 'O': 1, 'draw': 1}, buffer=8000, value_loss=0.1812, policy_loss=0.8892, value_error_vs_solver=0.4242 (X=0.3705, O=0.4069), elapsed=3.1s
iter  126/300: games={'X': 18, 'O': 2, 'draw': 0}, buffer=8000, value_loss=0.1759, policy_loss=0.8916, value_error_vs_solver=0.3891 (X=0.4493, O=0.3344), elapsed=2.5s
iter  127/300: games={'X': 20, 'O': 0, 'draw': 0}, buffer=8000, value_loss=0.1788, policy_loss=0.8833, value_error_vs_solver=0.3423 (X=0.4404, O=0.4380), elapsed=3.3s
iter  128/300: games={'X': 18, 'O': 2, 'draw': 0}, buffer=8000, value_loss=0.1946, policy_loss=0.8868, value_error_vs_solver=0.4106 (X=0.4194, O=0.4027), elapsed=3.1s
iter  129/300: games={'X': 17, 'O': 2, 'draw': 1}, buffer=8000, value_loss=0.1823, policy_loss=0.8969, value_error_vs_solver=0.4543 (X=0.3827, O=0.3377), elapsed=3.8s
iter  130/300: games={'X': 16, 'O': 1, 'draw': 3}, buffer=8000, value_loss=0.1840, policy_loss=0.8919, value_error_vs_solver=0.4284 (X=0.3953, O=0.4086), elapsed=4.0s
iter  131/300: games={'X': 17, 'O': 3, 'draw': 0}, buffer=8000, value_loss=0.1884, policy_loss=0.8967, value_error_vs_solver=0.3870 (X=0.4015, O=0.3518), elapsed=3.0s
iter  132/300: games={'X': 19, 'O': 1, 'draw': 0}, buffer=8000, value_loss=0.1925, policy_loss=0.9012, value_error_vs_solver=0.4066 (X=0.4852, O=0.4259), elapsed=3.0s
iter  133/300: games={'X': 19, 'O': 1, 'draw': 0}, buffer=8000, value_loss=0.1895, policy_loss=0.9005, value_error_vs_solver=0.4389 (X=0.3378, O=0.4584), elapsed=2.5s
iter  134/300: games={'X': 19, 'O': 1, 'draw': 0}, buffer=8000, value_loss=0.1841, policy_loss=0.9017, value_error_vs_solver=0.3963 (X=0.4450, O=0.3359), elapsed=3.0s
iter  135/300: games={'X': 15, 'O': 2, 'draw': 3}, buffer=8000, value_loss=0.1899, policy_loss=0.8992, value_error_vs_solver=0.4545 (X=0.4381, O=0.4440), elapsed=5.7s
iter  136/300: games={'X': 17, 'O': 3, 'draw': 0}, buffer=8000, value_loss=0.1867, policy_loss=0.8941, value_error_vs_solver=0.4058 (X=0.4202, O=0.3716), elapsed=2.6s
iter  137/300: games={'X': 18, 'O': 1, 'draw': 1}, buffer=8000, value_loss=0.1991, policy_loss=0.8981, value_error_vs_solver=0.4576 (X=0.4148, O=0.4210), elapsed=3.1s
iter  138/300: games={'X': 19, 'O': 0, 'draw': 1}, buffer=8000, value_loss=0.1903, policy_loss=0.9005, value_error_vs_solver=0.4183 (X=0.3953, O=0.3654), elapsed=3.2s
iter  139/300: games={'X': 18, 'O': 1, 'draw': 1}, buffer=8000, value_loss=0.1937, policy_loss=0.9054, value_error_vs_solver=0.4545 (X=0.3952, O=0.4014), elapsed=3.0s
iter  140/300: games={'X': 19, 'O': 0, 'draw': 1}, buffer=8000, value_loss=0.1861, policy_loss=0.8986, value_error_vs_solver=0.3840 (X=0.3540, O=0.4003), elapsed=3.1s
iter  141/300: games={'X': 20, 'O': 0, 'draw': 0}, buffer=8000, value_loss=0.1803, policy_loss=0.8972, value_error_vs_solver=0.3506 (X=0.3832, O=0.4176), elapsed=2.3s
iter  142/300: games={'X': 18, 'O': 1, 'draw': 1}, buffer=8000, value_loss=0.1816, policy_loss=0.8988, value_error_vs_solver=0.4360 (X=0.3687, O=0.4370), elapsed=3.3s
iter  143/300: games={'X': 19, 'O': 0, 'draw': 1}, buffer=8000, value_loss=0.1818, policy_loss=0.9035, value_error_vs_solver=0.3989 (X=0.3803, O=0.4056), elapsed=3.3s
iter  144/300: games={'X': 17, 'O': 2, 'draw': 1}, buffer=8000, value_loss=0.1727, policy_loss=0.9039, value_error_vs_solver=0.3986 (X=0.4702, O=0.4154), elapsed=4.2s
iter  145/300: games={'X': 19, 'O': 0, 'draw': 1}, buffer=8000, value_loss=0.1683, policy_loss=0.8989, value_error_vs_solver=0.3631 (X=0.4067, O=0.3762), elapsed=3.1s
iter  146/300: games={'X': 19, 'O': 0, 'draw': 1}, buffer=8000, value_loss=0.1734, policy_loss=0.9102, value_error_vs_solver=0.3933 (X=0.4446, O=0.4437), elapsed=2.3s
iter  147/300: games={'X': 18, 'O': 1, 'draw': 1}, buffer=8000, value_loss=0.1681, policy_loss=0.9027, value_error_vs_solver=0.4395 (X=0.4470, O=0.3676), elapsed=3.4s
iter  148/300: games={'X': 16, 'O': 2, 'draw': 2}, buffer=8000, value_loss=0.1677, policy_loss=0.9022, value_error_vs_solver=0.3885 (X=0.4207, O=0.4057), elapsed=5.2s
iter  149/300: games={'X': 20, 'O': 0, 'draw': 0}, buffer=8000, value_loss=0.1679, policy_loss=0.9115, value_error_vs_solver=0.4632 (X=0.4230, O=0.4165), elapsed=2.2s
iter  150/300: games={'X': 19, 'O': 0, 'draw': 1}, buffer=8000, value_loss=0.1676, policy_loss=0.8991, value_error_vs_solver=0.3673 (X=0.3513, O=0.4613), elapsed=3.9s
iter  151/300: games={'X': 15, 'O': 3, 'draw': 2}, buffer=8000, value_loss=0.1690, policy_loss=0.8954, value_error_vs_solver=0.4369 (X=0.4106, O=0.3800), elapsed=4.7s
iter  152/300: games={'X': 16, 'O': 3, 'draw': 1}, buffer=8000, value_loss=0.1694, policy_loss=0.9111, value_error_vs_solver=0.4623 (X=0.4327, O=0.4237), elapsed=4.2s
iter  153/300: games={'X': 18, 'O': 1, 'draw': 1}, buffer=8000, value_loss=0.1799, policy_loss=0.9010, value_error_vs_solver=0.3613 (X=0.4301, O=0.4677), elapsed=2.9s
iter  154/300: games={'X': 18, 'O': 1, 'draw': 1}, buffer=8000, value_loss=0.1737, policy_loss=0.8990, value_error_vs_solver=0.4478 (X=0.4343, O=0.4367), elapsed=3.2s
iter  155/300: games={'X': 18, 'O': 1, 'draw': 1}, buffer=8000, value_loss=0.1700, policy_loss=0.8973, value_error_vs_solver=0.4275 (X=0.4098, O=0.4621), elapsed=3.4s
iter  156/300: games={'X': 16, 'O': 1, 'draw': 3}, buffer=8000, value_loss=0.1699, policy_loss=0.9069, value_error_vs_solver=0.4237 (X=0.3413, O=0.4071), elapsed=4.9s
iter  157/300: games={'X': 17, 'O': 2, 'draw': 1}, buffer=8000, value_loss=0.1827, policy_loss=0.9062, value_error_vs_solver=0.4122 (X=0.3624, O=0.3650), elapsed=3.9s
iter  158/300: games={'X': 16, 'O': 2, 'draw': 2}, buffer=8000, value_loss=0.1770, policy_loss=0.8994, value_error_vs_solver=0.3673 (X=0.3156, O=0.3884), elapsed=3.6s
iter  159/300: games={'X': 18, 'O': 2, 'draw': 0}, buffer=8000, value_loss=0.1728, policy_loss=0.9050, value_error_vs_solver=0.4201 (X=0.3990, O=0.4280), elapsed=3.9s
iter  160/300: games={'X': 19, 'O': 0, 'draw': 1}, buffer=8000, value_loss=0.1799, policy_loss=0.9069, value_error_vs_solver=0.4138 (X=0.3851, O=0.3984), elapsed=5.0s
iter  161/300: games={'X': 18, 'O': 1, 'draw': 1}, buffer=8000, value_loss=0.1797, policy_loss=0.8975, value_error_vs_solver=0.4210 (X=0.4139, O=0.3162), elapsed=3.8s
iter  162/300: games={'X': 17, 'O': 2, 'draw': 1}, buffer=8000, value_loss=0.1859, policy_loss=0.9107, value_error_vs_solver=0.3978 (X=0.4040, O=0.4301), elapsed=3.1s
iter  163/300: games={'X': 19, 'O': 0, 'draw': 1}, buffer=8000, value_loss=0.1780, policy_loss=0.8991, value_error_vs_solver=0.4054 (X=0.4129, O=0.4045), elapsed=4.1s
iter  164/300: games={'X': 19, 'O': 0, 'draw': 1}, buffer=8000, value_loss=0.1776, policy_loss=0.9036, value_error_vs_solver=0.4456 (X=0.4203, O=0.3803), elapsed=3.2s
iter  165/300: games={'X': 18, 'O': 2, 'draw': 0}, buffer=8000, value_loss=0.1731, policy_loss=0.9065, value_error_vs_solver=0.3845 (X=0.3684, O=0.4032), elapsed=2.5s
iter  166/300: games={'X': 16, 'O': 4, 'draw': 0}, buffer=8000, value_loss=0.1869, policy_loss=0.9141, value_error_vs_solver=0.3779 (X=0.3751, O=0.4328), elapsed=2.7s
iter  167/300: games={'X': 18, 'O': 0, 'draw': 2}, buffer=8000, value_loss=0.1788, policy_loss=0.8992, value_error_vs_solver=0.4022 (X=0.3673, O=0.3901), elapsed=3.4s
iter  168/300: games={'X': 18, 'O': 2, 'draw': 0}, buffer=8000, value_loss=0.1802, policy_loss=0.9115, value_error_vs_solver=0.3786 (X=0.4153, O=0.3537), elapsed=2.2s
iter  169/300: games={'X': 20, 'O': 0, 'draw': 0}, buffer=8000, value_loss=0.1783, policy_loss=0.9036, value_error_vs_solver=0.4108 (X=0.3936, O=0.4457), elapsed=2.3s
iter  170/300: games={'X': 17, 'O': 2, 'draw': 1}, buffer=8000, value_loss=0.1825, policy_loss=0.9041, value_error_vs_solver=0.4136 (X=0.3465, O=0.3979), elapsed=3.2s
iter  171/300: games={'X': 19, 'O': 1, 'draw': 0}, buffer=8000, value_loss=0.1841, policy_loss=0.9053, value_error_vs_solver=0.4365 (X=0.4463, O=0.4442), elapsed=2.4s
iter  172/300: games={'X': 17, 'O': 3, 'draw': 0}, buffer=8000, value_loss=0.1882, policy_loss=0.9150, value_error_vs_solver=0.3434 (X=0.3527, O=0.3964), elapsed=1.9s
iter  173/300: games={'X': 19, 'O': 0, 'draw': 1}, buffer=8000, value_loss=0.1790, policy_loss=0.9144, value_error_vs_solver=0.4160 (X=0.4586, O=0.3867), elapsed=2.7s
iter  174/300: games={'X': 17, 'O': 2, 'draw': 1}, buffer=8000, value_loss=0.1786, policy_loss=0.9199, value_error_vs_solver=0.4117 (X=0.3632, O=0.3388), elapsed=2.8s
iter  175/300: games={'X': 16, 'O': 2, 'draw': 2}, buffer=8000, value_loss=0.2011, policy_loss=0.9140, value_error_vs_solver=0.3986 (X=0.4264, O=0.4060), elapsed=3.4s
iter  176/300: games={'X': 18, 'O': 1, 'draw': 1}, buffer=8000, value_loss=0.1870, policy_loss=0.9152, value_error_vs_solver=0.3977 (X=0.4089, O=0.3983), elapsed=3.2s
iter  177/300: games={'X': 15, 'O': 3, 'draw': 2}, buffer=8000, value_loss=0.1880, policy_loss=0.9048, value_error_vs_solver=0.3874 (X=0.3513, O=0.4030), elapsed=3.9s
iter  178/300: games={'X': 18, 'O': 1, 'draw': 1}, buffer=8000, value_loss=0.1782, policy_loss=0.9057, value_error_vs_solver=0.3876 (X=0.4338, O=0.5106), elapsed=2.9s
iter  179/300: games={'X': 18, 'O': 0, 'draw': 2}, buffer=8000, value_loss=0.1823, policy_loss=0.9113, value_error_vs_solver=0.3999 (X=0.4553, O=0.3436), elapsed=3.5s
iter  180/300: games={'X': 17, 'O': 1, 'draw': 2}, buffer=8000, value_loss=0.1847, policy_loss=0.9153, value_error_vs_solver=0.4104 (X=0.3714, O=0.3612), elapsed=3.5s
iter  181/300: games={'X': 20, 'O': 0, 'draw': 0}, buffer=8000, value_loss=0.1856, policy_loss=0.9194, value_error_vs_solver=0.3838 (X=0.4236, O=0.3957), elapsed=2.4s
iter  182/300: games={'X': 17, 'O': 1, 'draw': 2}, buffer=8000, value_loss=0.1721, policy_loss=0.9143, value_error_vs_solver=0.4142 (X=0.3769, O=0.4344), elapsed=3.2s
iter  183/300: games={'X': 19, 'O': 1, 'draw': 0}, buffer=8000, value_loss=0.1769, policy_loss=0.9096, value_error_vs_solver=0.3992 (X=0.4425, O=0.4049), elapsed=2.2s
iter  184/300: games={'X': 19, 'O': 0, 'draw': 1}, buffer=8000, value_loss=0.1706, policy_loss=0.9158, value_error_vs_solver=0.3880 (X=0.4081, O=0.3930), elapsed=2.9s
iter  185/300: games={'X': 17, 'O': 3, 'draw': 0}, buffer=8000, value_loss=0.1803, policy_loss=0.9200, value_error_vs_solver=0.4266 (X=0.3326, O=0.4109), elapsed=2.9s
iter  186/300: games={'X': 19, 'O': 0, 'draw': 1}, buffer=8000, value_loss=0.1777, policy_loss=0.9159, value_error_vs_solver=0.3825 (X=0.3941, O=0.4243), elapsed=2.8s
iter  187/300: games={'X': 17, 'O': 1, 'draw': 2}, buffer=8000, value_loss=0.1748, policy_loss=0.9117, value_error_vs_solver=0.3837 (X=0.3774, O=0.4414), elapsed=3.3s
iter  188/300: games={'X': 20, 'O': 0, 'draw': 0}, buffer=8000, value_loss=0.1801, policy_loss=0.9180, value_error_vs_solver=0.3911 (X=0.4331, O=0.3880), elapsed=2.8s
iter  189/300: games={'X': 19, 'O': 0, 'draw': 1}, buffer=8000, value_loss=0.1747, policy_loss=0.9164, value_error_vs_solver=0.4016 (X=0.3758, O=0.4168), elapsed=2.4s
iter  190/300: games={'X': 16, 'O': 4, 'draw': 0}, buffer=8000, value_loss=0.1801, policy_loss=0.9215, value_error_vs_solver=0.3997 (X=0.4034, O=0.4015), elapsed=2.0s
iter  191/300: games={'X': 17, 'O': 1, 'draw': 2}, buffer=8000, value_loss=0.1766, policy_loss=0.9207, value_error_vs_solver=0.4135 (X=0.4120, O=0.4248), elapsed=2.9s
iter  192/300: games={'X': 17, 'O': 2, 'draw': 1}, buffer=8000, value_loss=0.1803, policy_loss=0.9222, value_error_vs_solver=0.4216 (X=0.2981, O=0.3420), elapsed=3.2s
iter  193/300: games={'X': 19, 'O': 1, 'draw': 0}, buffer=8000, value_loss=0.1731, policy_loss=0.9262, value_error_vs_solver=0.4096 (X=0.4433, O=0.4830), elapsed=2.1s
iter  194/300: games={'X': 20, 'O': 0, 'draw': 0}, buffer=8000, value_loss=0.1743, policy_loss=0.9148, value_error_vs_solver=0.3863 (X=0.4331, O=0.3871), elapsed=1.8s
iter  195/300: games={'X': 18, 'O': 0, 'draw': 2}, buffer=8000, value_loss=0.1666, policy_loss=0.9124, value_error_vs_solver=0.3844 (X=0.4614, O=0.3414), elapsed=3.8s
iter  196/300: games={'X': 19, 'O': 0, 'draw': 1}, buffer=8000, value_loss=0.1655, policy_loss=0.9205, value_error_vs_solver=0.3576 (X=0.4331, O=0.4108), elapsed=3.9s
iter  197/300: games={'X': 19, 'O': 1, 'draw': 0}, buffer=8000, value_loss=0.1692, policy_loss=0.9248, value_error_vs_solver=0.4319 (X=0.4480, O=0.3671), elapsed=1.9s
iter  198/300: games={'X': 18, 'O': 0, 'draw': 2}, buffer=8000, value_loss=0.1676, policy_loss=0.9180, value_error_vs_solver=0.3987 (X=0.4279, O=0.3835), elapsed=4.0s
iter  199/300: games={'X': 17, 'O': 3, 'draw': 0}, buffer=8000, value_loss=0.1717, policy_loss=0.9114, value_error_vs_solver=0.4285 (X=0.3998, O=0.3843), elapsed=2.6s
iter  200/300: games={'X': 18, 'O': 0, 'draw': 2}, buffer=8000, value_loss=0.1659, policy_loss=0.9125, value_error_vs_solver=0.3718 (X=0.4747, O=0.4062), elapsed=3.2s
iter  201/300: games={'X': 17, 'O': 2, 'draw': 1}, buffer=8000, value_loss=0.1745, policy_loss=0.9123, value_error_vs_solver=0.4194 (X=0.3909, O=0.3258), elapsed=3.1s
iter  202/300: games={'X': 18, 'O': 1, 'draw': 1}, buffer=8000, value_loss=0.1581, policy_loss=0.9180, value_error_vs_solver=0.3822 (X=0.4094, O=0.3823), elapsed=3.8s
iter  203/300: games={'X': 18, 'O': 1, 'draw': 1}, buffer=8000, value_loss=0.1678, policy_loss=0.9207, value_error_vs_solver=0.3877 (X=0.4321, O=0.4157), elapsed=2.7s
iter  204/300: games={'X': 17, 'O': 1, 'draw': 2}, buffer=8000, value_loss=0.1674, policy_loss=0.9175, value_error_vs_solver=0.3748 (X=0.4118, O=0.3980), elapsed=3.4s
iter  205/300: games={'X': 20, 'O': 0, 'draw': 0}, buffer=8000, value_loss=0.1641, policy_loss=0.9225, value_error_vs_solver=0.4406 (X=0.4628, O=0.3726), elapsed=2.9s
iter  206/300: games={'X': 20, 'O': 0, 'draw': 0}, buffer=8000, value_loss=0.1667, policy_loss=0.9152, value_error_vs_solver=0.3832 (X=0.4129, O=0.3633), elapsed=3.1s
iter  207/300: games={'X': 16, 'O': 3, 'draw': 1}, buffer=8000, value_loss=0.1555, policy_loss=0.9249, value_error_vs_solver=0.3593 (X=0.3372, O=0.3659), elapsed=3.2s
iter  208/300: games={'X': 19, 'O': 1, 'draw': 0}, buffer=8000, value_loss=0.1550, policy_loss=0.9265, value_error_vs_solver=0.3775 (X=0.4508, O=0.3762), elapsed=3.3s
iter  209/300: games={'X': 19, 'O': 0, 'draw': 1}, buffer=8000, value_loss=0.1553, policy_loss=0.9261, value_error_vs_solver=0.3863 (X=0.4079, O=0.4048), elapsed=4.1s
iter  210/300: games={'X': 19, 'O': 1, 'draw': 0}, buffer=8000, value_loss=0.1449, policy_loss=0.9150, value_error_vs_solver=0.4336 (X=0.3680, O=0.3828), elapsed=3.2s
iter  211/300: games={'X': 18, 'O': 0, 'draw': 2}, buffer=8000, value_loss=0.1504, policy_loss=0.9294, value_error_vs_solver=0.4153 (X=0.4109, O=0.3799), elapsed=6.1s
iter  212/300: games={'X': 17, 'O': 2, 'draw': 1}, buffer=8000, value_loss=0.1530, policy_loss=0.9206, value_error_vs_solver=0.4426 (X=0.3992, O=0.4006), elapsed=3.8s
iter  213/300: games={'X': 18, 'O': 1, 'draw': 1}, buffer=8000, value_loss=0.1577, policy_loss=0.9126, value_error_vs_solver=0.4012 (X=0.3297, O=0.4156), elapsed=4.7s
iter  214/300: games={'X': 18, 'O': 1, 'draw': 1}, buffer=8000, value_loss=0.1510, policy_loss=0.9183, value_error_vs_solver=0.4115 (X=0.4866, O=0.3784), elapsed=4.2s
iter  215/300: games={'X': 19, 'O': 0, 'draw': 1}, buffer=8000, value_loss=0.1381, policy_loss=0.9241, value_error_vs_solver=0.4179 (X=0.4422, O=0.4008), elapsed=3.9s
iter  216/300: games={'X': 20, 'O': 0, 'draw': 0}, buffer=8000, value_loss=0.1483, policy_loss=0.9210, value_error_vs_solver=0.3810 (X=0.4664, O=0.4204), elapsed=3.9s
iter  217/300: games={'X': 18, 'O': 2, 'draw': 0}, buffer=8000, value_loss=0.1430, policy_loss=0.9238, value_error_vs_solver=0.3997 (X=0.4225, O=0.3914), elapsed=2.3s
iter  218/300: games={'X': 17, 'O': 1, 'draw': 2}, buffer=8000, value_loss=0.1448, policy_loss=0.9239, value_error_vs_solver=0.3901 (X=0.4470, O=0.3957), elapsed=3.8s
iter  219/300: games={'X': 19, 'O': 1, 'draw': 0}, buffer=8000, value_loss=0.1494, policy_loss=0.9275, value_error_vs_solver=0.3867 (X=0.3730, O=0.3815), elapsed=2.7s
iter  220/300: games={'X': 18, 'O': 2, 'draw': 0}, buffer=8000, value_loss=0.1513, policy_loss=0.9190, value_error_vs_solver=0.4159 (X=0.4295, O=0.4138), elapsed=2.5s
iter  221/300: games={'X': 19, 'O': 0, 'draw': 1}, buffer=8000, value_loss=0.1448, policy_loss=0.9313, value_error_vs_solver=0.3795 (X=0.4052, O=0.3621), elapsed=3.9s
iter  222/300: games={'X': 18, 'O': 2, 'draw': 0}, buffer=8000, value_loss=0.1494, policy_loss=0.9250, value_error_vs_solver=0.3801 (X=0.4232, O=0.3805), elapsed=3.5s
iter  223/300: games={'X': 15, 'O': 2, 'draw': 3}, buffer=8000, value_loss=0.1517, policy_loss=0.9230, value_error_vs_solver=0.4469 (X=0.3675, O=0.4139), elapsed=5.4s
iter  224/300: games={'X': 17, 'O': 2, 'draw': 1}, buffer=8000, value_loss=0.1482, policy_loss=0.9262, value_error_vs_solver=0.3821 (X=0.3546, O=0.4124), elapsed=4.7s
iter  225/300: games={'X': 18, 'O': 0, 'draw': 2}, buffer=8000, value_loss=0.1458, policy_loss=0.9258, value_error_vs_solver=0.4250 (X=0.4350, O=0.4415), elapsed=3.2s
iter  226/300: games={'X': 20, 'O': 0, 'draw': 0}, buffer=8000, value_loss=0.1353, policy_loss=0.9206, value_error_vs_solver=0.3593 (X=0.4657, O=0.3976), elapsed=2.9s
iter  227/300: games={'X': 19, 'O': 1, 'draw': 0}, buffer=8000, value_loss=0.1314, policy_loss=0.9172, value_error_vs_solver=0.4025 (X=0.3932, O=0.3977), elapsed=3.0s
iter  228/300: games={'X': 20, 'O': 0, 'draw': 0}, buffer=8000, value_loss=0.1276, policy_loss=0.9312, value_error_vs_solver=0.3861 (X=0.3468, O=0.3965), elapsed=2.7s
iter  229/300: games={'X': 19, 'O': 0, 'draw': 1}, buffer=8000, value_loss=0.1360, policy_loss=0.9183, value_error_vs_solver=0.3497 (X=0.4365, O=0.4003), elapsed=3.0s
iter  230/300: games={'X': 19, 'O': 0, 'draw': 1}, buffer=8000, value_loss=0.1285, policy_loss=0.9199, value_error_vs_solver=0.3723 (X=0.3656, O=0.3921), elapsed=4.4s
iter  231/300: games={'X': 19, 'O': 1, 'draw': 0}, buffer=8000, value_loss=0.1246, policy_loss=0.9211, value_error_vs_solver=0.4251 (X=0.4112, O=0.4214), elapsed=3.1s
iter  232/300: games={'X': 19, 'O': 1, 'draw': 0}, buffer=8000, value_loss=0.1194, policy_loss=0.9261, value_error_vs_solver=0.3946 (X=0.3751, O=0.4016), elapsed=2.7s
iter  233/300: games={'X': 16, 'O': 3, 'draw': 1}, buffer=8000, value_loss=0.1396, policy_loss=0.9237, value_error_vs_solver=0.3528 (X=0.4165, O=0.3934), elapsed=3.5s
iter  234/300: games={'X': 20, 'O': 0, 'draw': 0}, buffer=8000, value_loss=0.1302, policy_loss=0.9247, value_error_vs_solver=0.3686 (X=0.3828, O=0.4253), elapsed=3.4s
iter  235/300: games={'X': 17, 'O': 1, 'draw': 2}, buffer=8000, value_loss=0.1311, policy_loss=0.9234, value_error_vs_solver=0.4279 (X=0.4183, O=0.4545), elapsed=5.7s
iter  236/300: games={'X': 18, 'O': 1, 'draw': 1}, buffer=8000, value_loss=0.1366, policy_loss=0.9360, value_error_vs_solver=0.4270 (X=0.4793, O=0.4306), elapsed=4.2s
iter  237/300: games={'X': 18, 'O': 0, 'draw': 2}, buffer=8000, value_loss=0.1358, policy_loss=0.9319, value_error_vs_solver=0.4301 (X=0.4524, O=0.3614), elapsed=5.4s
iter  238/300: games={'X': 17, 'O': 2, 'draw': 1}, buffer=8000, value_loss=0.1442, policy_loss=0.9211, value_error_vs_solver=0.3839 (X=0.4773, O=0.3908), elapsed=4.9s
iter  239/300: games={'X': 17, 'O': 3, 'draw': 0}, buffer=8000, value_loss=0.1410, policy_loss=0.9374, value_error_vs_solver=0.4001 (X=0.4155, O=0.3987), elapsed=3.3s
iter  240/300: games={'X': 18, 'O': 1, 'draw': 1}, buffer=8000, value_loss=0.1415, policy_loss=0.9276, value_error_vs_solver=0.3730 (X=0.4549, O=0.4085), elapsed=5.2s
iter  241/300: games={'X': 19, 'O': 1, 'draw': 0}, buffer=8000, value_loss=0.1297, policy_loss=0.9149, value_error_vs_solver=0.4542 (X=0.4163, O=0.4460), elapsed=3.7s
iter  242/300: games={'X': 18, 'O': 2, 'draw': 0}, buffer=8000, value_loss=0.1407, policy_loss=0.9270, value_error_vs_solver=0.4181 (X=0.3730, O=0.3776), elapsed=3.4s
iter  243/300: games={'X': 19, 'O': 0, 'draw': 1}, buffer=8000, value_loss=0.1398, policy_loss=0.9294, value_error_vs_solver=0.4301 (X=0.3452, O=0.3723), elapsed=5.3s
iter  244/300: games={'X': 19, 'O': 0, 'draw': 1}, buffer=8000, value_loss=0.1361, policy_loss=0.9284, value_error_vs_solver=0.3969 (X=0.4201, O=0.3844), elapsed=4.2s
iter  245/300: games={'X': 16, 'O': 2, 'draw': 2}, buffer=8000, value_loss=0.1361, policy_loss=0.9336, value_error_vs_solver=0.3919 (X=0.3477, O=0.4012), elapsed=6.4s
iter  246/300: games={'X': 17, 'O': 1, 'draw': 2}, buffer=8000, value_loss=0.1382, policy_loss=0.9221, value_error_vs_solver=0.3798 (X=0.3494, O=0.4637), elapsed=6.2s
iter  247/300: games={'X': 18, 'O': 1, 'draw': 1}, buffer=8000, value_loss=0.1352, policy_loss=0.9151, value_error_vs_solver=0.4167 (X=0.4104, O=0.3536), elapsed=5.9s
iter  248/300: games={'X': 19, 'O': 1, 'draw': 0}, buffer=8000, value_loss=0.1332, policy_loss=0.9288, value_error_vs_solver=0.4048 (X=0.4607, O=0.3945), elapsed=3.8s
iter  249/300: games={'X': 19, 'O': 1, 'draw': 0}, buffer=8000, value_loss=0.1457, policy_loss=0.9240, value_error_vs_solver=0.3930 (X=0.3786, O=0.4636), elapsed=3.9s
iter  250/300: games={'X': 17, 'O': 2, 'draw': 1}, buffer=8000, value_loss=0.1396, policy_loss=0.9344, value_error_vs_solver=0.3804 (X=0.4241, O=0.4095), elapsed=5.0s
iter  251/300: games={'X': 17, 'O': 0, 'draw': 3}, buffer=8000, value_loss=0.1515, policy_loss=0.9245, value_error_vs_solver=0.3625 (X=0.3346, O=0.4004), elapsed=5.4s
iter  252/300: games={'X': 20, 'O': 0, 'draw': 0}, buffer=8000, value_loss=0.1415, policy_loss=0.9269, value_error_vs_solver=0.4019 (X=0.4395, O=0.3843), elapsed=3.5s
iter  253/300: games={'X': 17, 'O': 1, 'draw': 2}, buffer=8000, value_loss=0.1440, policy_loss=0.9302, value_error_vs_solver=0.3927 (X=0.4060, O=0.3461), elapsed=6.7s
iter  254/300: games={'X': 18, 'O': 2, 'draw': 0}, buffer=8000, value_loss=0.1509, policy_loss=0.9416, value_error_vs_solver=0.3451 (X=0.3859, O=0.4219), elapsed=4.6s
iter  255/300: games={'X': 19, 'O': 0, 'draw': 1}, buffer=8000, value_loss=0.1541, policy_loss=0.9217, value_error_vs_solver=0.4134 (X=0.3536, O=0.3622), elapsed=4.6s
iter  256/300: games={'X': 19, 'O': 1, 'draw': 0}, buffer=8000, value_loss=0.1526, policy_loss=0.9312, value_error_vs_solver=0.3366 (X=0.3986, O=0.3867), elapsed=4.6s
iter  257/300: games={'X': 18, 'O': 1, 'draw': 1}, buffer=8000, value_loss=0.1446, policy_loss=0.9318, value_error_vs_solver=0.3944 (X=0.3499, O=0.3562), elapsed=3.7s
iter  258/300: games={'X': 18, 'O': 0, 'draw': 2}, buffer=8000, value_loss=0.1456, policy_loss=0.9315, value_error_vs_solver=0.3990 (X=0.3640, O=0.3685), elapsed=4.5s
iter  259/300: games={'X': 18, 'O': 2, 'draw': 0}, buffer=8000, value_loss=0.1506, policy_loss=0.9275, value_error_vs_solver=0.3799 (X=0.3961, O=0.4421), elapsed=3.5s
iter  260/300: games={'X': 20, 'O': 0, 'draw': 0}, buffer=8000, value_loss=0.1444, policy_loss=0.9325, value_error_vs_solver=0.4161 (X=0.3960, O=0.3790), elapsed=2.8s
iter  261/300: games={'X': 17, 'O': 1, 'draw': 2}, buffer=8000, value_loss=0.1415, policy_loss=0.9262, value_error_vs_solver=0.4044 (X=0.4466, O=0.4052), elapsed=5.1s
iter  262/300: games={'X': 18, 'O': 2, 'draw': 0}, buffer=8000, value_loss=0.1534, policy_loss=0.9339, value_error_vs_solver=0.4283 (X=0.3745, O=0.4067), elapsed=3.5s
iter  263/300: games={'X': 18, 'O': 1, 'draw': 1}, buffer=8000, value_loss=0.1434, policy_loss=0.9359, value_error_vs_solver=0.3973 (X=0.4523, O=0.3834), elapsed=4.1s
iter  264/300: games={'X': 20, 'O': 0, 'draw': 0}, buffer=8000, value_loss=0.1532, policy_loss=0.9390, value_error_vs_solver=0.3763 (X=0.4564, O=0.3761), elapsed=3.7s
iter  265/300: games={'X': 19, 'O': 0, 'draw': 1}, buffer=8000, value_loss=0.1404, policy_loss=0.9374, value_error_vs_solver=0.3761 (X=0.4185, O=0.3535), elapsed=3.5s
iter  266/300: games={'X': 17, 'O': 3, 'draw': 0}, buffer=8000, value_loss=0.1430, policy_loss=0.9369, value_error_vs_solver=0.3666 (X=0.3495, O=0.3987), elapsed=2.6s
iter  267/300: games={'X': 18, 'O': 2, 'draw': 0}, buffer=8000, value_loss=0.1528, policy_loss=0.9330, value_error_vs_solver=0.4360 (X=0.4027, O=0.4051), elapsed=3.5s
iter  268/300: games={'X': 20, 'O': 0, 'draw': 0}, buffer=8000, value_loss=0.1496, policy_loss=0.9490, value_error_vs_solver=0.3648 (X=0.4081, O=0.3876), elapsed=3.0s
iter  269/300: games={'X': 18, 'O': 0, 'draw': 2}, buffer=8000, value_loss=0.1525, policy_loss=0.9390, value_error_vs_solver=0.3917 (X=0.4030, O=0.3472), elapsed=5.7s
iter  270/300: games={'X': 19, 'O': 1, 'draw': 0}, buffer=8000, value_loss=0.1512, policy_loss=0.9381, value_error_vs_solver=0.4467 (X=0.3936, O=0.3723), elapsed=3.1s
iter  271/300: games={'X': 17, 'O': 1, 'draw': 2}, buffer=8000, value_loss=0.1424, policy_loss=0.9399, value_error_vs_solver=0.4201 (X=0.3683, O=0.3393), elapsed=3.8s
iter  272/300: games={'X': 19, 'O': 0, 'draw': 1}, buffer=8000, value_loss=0.1416, policy_loss=0.9438, value_error_vs_solver=0.3841 (X=0.3978, O=0.3911), elapsed=4.1s
iter  273/300: games={'X': 18, 'O': 1, 'draw': 1}, buffer=8000, value_loss=0.1424, policy_loss=0.9407, value_error_vs_solver=0.4426 (X=0.4287, O=0.3504), elapsed=4.0s
iter  274/300: games={'X': 18, 'O': 1, 'draw': 1}, buffer=8000, value_loss=0.1504, policy_loss=0.9471, value_error_vs_solver=0.3847 (X=0.4382, O=0.3920), elapsed=4.2s
iter  275/300: games={'X': 17, 'O': 1, 'draw': 2}, buffer=8000, value_loss=0.1416, policy_loss=0.9507, value_error_vs_solver=0.4155 (X=0.3710, O=0.4465), elapsed=7.1s
iter  276/300: games={'X': 18, 'O': 2, 'draw': 0}, buffer=8000, value_loss=0.1464, policy_loss=0.9407, value_error_vs_solver=0.3524 (X=0.3923, O=0.3426), elapsed=4.0s
iter  277/300: games={'X': 16, 'O': 2, 'draw': 2}, buffer=8000, value_loss=0.1369, policy_loss=0.9392, value_error_vs_solver=0.3716 (X=0.3945, O=0.3813), elapsed=6.9s
iter  278/300: games={'X': 19, 'O': 1, 'draw': 0}, buffer=8000, value_loss=0.1537, policy_loss=0.9411, value_error_vs_solver=0.4155 (X=0.3862, O=0.4401), elapsed=3.9s
iter  279/300: games={'X': 18, 'O': 1, 'draw': 1}, buffer=8000, value_loss=0.1533, policy_loss=0.9481, value_error_vs_solver=0.4087 (X=0.4537, O=0.3722), elapsed=4.2s
iter  280/300: games={'X': 18, 'O': 0, 'draw': 2}, buffer=8000, value_loss=0.1434, policy_loss=0.9428, value_error_vs_solver=0.3945 (X=0.4249, O=0.4391), elapsed=6.8s
iter  281/300: games={'X': 20, 'O': 0, 'draw': 0}, buffer=8000, value_loss=0.1374, policy_loss=0.9454, value_error_vs_solver=0.4028 (X=0.3942, O=0.3762), elapsed=4.4s
iter  282/300: games={'X': 19, 'O': 1, 'draw': 0}, buffer=8000, value_loss=0.1427, policy_loss=0.9510, value_error_vs_solver=0.3718 (X=0.3888, O=0.4342), elapsed=3.6s
iter  283/300: games={'X': 18, 'O': 0, 'draw': 2}, buffer=8000, value_loss=0.1435, policy_loss=0.9479, value_error_vs_solver=0.3480 (X=0.4070, O=0.3401), elapsed=5.4s
iter  284/300: games={'X': 16, 'O': 3, 'draw': 1}, buffer=8000, value_loss=0.1560, policy_loss=0.9355, value_error_vs_solver=0.4253 (X=0.4816, O=0.3824), elapsed=4.2s
iter  285/300: games={'X': 19, 'O': 1, 'draw': 0}, buffer=8000, value_loss=0.1583, policy_loss=0.9374, value_error_vs_solver=0.3712 (X=0.3633, O=0.3360), elapsed=3.1s
iter  286/300: games={'X': 17, 'O': 2, 'draw': 1}, buffer=8000, value_loss=0.1588, policy_loss=0.9477, value_error_vs_solver=0.3475 (X=0.3522, O=0.3847), elapsed=4.2s
iter  287/300: games={'X': 20, 'O': 0, 'draw': 0}, buffer=8000, value_loss=0.1454, policy_loss=0.9381, value_error_vs_solver=0.3993 (X=0.3269, O=0.3815), elapsed=3.4s
iter  288/300: games={'X': 19, 'O': 1, 'draw': 0}, buffer=8000, value_loss=0.1480, policy_loss=0.9334, value_error_vs_solver=0.4266 (X=0.3864, O=0.4068), elapsed=3.9s
iter  289/300: games={'X': 20, 'O': 0, 'draw': 0}, buffer=8000, value_loss=0.1513, policy_loss=0.9392, value_error_vs_solver=0.4239 (X=0.3931, O=0.3980), elapsed=3.6s
iter  290/300: games={'X': 19, 'O': 0, 'draw': 1}, buffer=8000, value_loss=0.1437, policy_loss=0.9466, value_error_vs_solver=0.3456 (X=0.4140, O=0.3973), elapsed=4.7s
iter  291/300: games={'X': 18, 'O': 1, 'draw': 1}, buffer=8000, value_loss=0.1447, policy_loss=0.9348, value_error_vs_solver=0.4040 (X=0.3714, O=0.4415), elapsed=3.2s
iter  292/300: games={'X': 18, 'O': 1, 'draw': 1}, buffer=8000, value_loss=0.1432, policy_loss=0.9481, value_error_vs_solver=0.3660 (X=0.3935, O=0.3940), elapsed=4.9s
iter  293/300: games={'X': 18, 'O': 2, 'draw': 0}, buffer=8000, value_loss=0.1449, policy_loss=0.9402, value_error_vs_solver=0.4235 (X=0.3897, O=0.3689), elapsed=3.5s
iter  294/300: games={'X': 16, 'O': 3, 'draw': 1}, buffer=8000, value_loss=0.1574, policy_loss=0.9385, value_error_vs_solver=0.4402 (X=0.3925, O=0.4333), elapsed=4.6s
iter  295/300: games={'X': 18, 'O': 0, 'draw': 2}, buffer=8000, value_loss=0.1482, policy_loss=0.9452, value_error_vs_solver=0.3927 (X=0.4069, O=0.4550), elapsed=5.9s
iter  296/300: games={'X': 19, 'O': 0, 'draw': 1}, buffer=8000, value_loss=0.1486, policy_loss=0.9380, value_error_vs_solver=0.4198 (X=0.4273, O=0.4013), elapsed=4.7s
iter  297/300: games={'X': 18, 'O': 1, 'draw': 1}, buffer=8000, value_loss=0.1440, policy_loss=0.9422, value_error_vs_solver=0.3625 (X=0.4400, O=0.3844), elapsed=4.0s
iter  298/300: games={'X': 15, 'O': 3, 'draw': 2}, buffer=8000, value_loss=0.1553, policy_loss=0.9398, value_error_vs_solver=0.3909 (X=0.4327, O=0.4361), elapsed=6.6s
iter  299/300: games={'X': 18, 'O': 1, 'draw': 1}, buffer=8000, value_loss=0.1611, policy_loss=0.9419, value_error_vs_solver=0.4241 (X=0.3538, O=0.3913), elapsed=4.8s
iter  300/300: games={'X': 18, 'O': 1, 'draw': 1}, buffer=8000, value_loss=0.1570, policy_loss=0.9350, value_error_vs_solver=0.3739 (X=0.3857, O=0.3219), elapsed=4.2s
Done. Total time: 1221.4s. Saved to selfplay_trained_net_exploration.pkl
