Loading solver states for value-error benchmarking...
iter    1/300: games={'X': 1, 'O': 19, 'draw': 0}, buffer=217, value_loss=1.2414, policy_loss=1.5580, value_error_vs_solver=0.6968 (X=0.7077, O=0.7308), elapsed=3.7s
iter    2/300: games={'X': 0, 'O': 19, 'draw': 1}, buffer=463, value_loss=1.1119, policy_loss=1.5050, value_error_vs_solver=0.6842 (X=0.7406, O=0.7553), elapsed=5.2s
iter    3/300: games={'X': 1, 'O': 16, 'draw': 3}, buffer=697, value_loss=0.8593, policy_loss=1.4824, value_error_vs_solver=0.7410 (X=0.8377, O=0.7273), elapsed=4.2s
iter    4/300: games={'X': 0, 'O': 13, 'draw': 7}, buffer=1072, value_loss=0.5482, policy_loss=1.4300, value_error_vs_solver=0.7698 (X=0.7327, O=0.7499), elapsed=6.6s
iter    5/300: games={'X': 0, 'O': 19, 'draw': 1}, buffer=1308, value_loss=0.5762, policy_loss=1.4228, value_error_vs_solver=0.7166 (X=0.6730, O=0.7375), elapsed=4.4s
iter    6/300: games={'X': 4, 'O': 12, 'draw': 4}, buffer=1551, value_loss=0.5130, policy_loss=1.3736, value_error_vs_solver=0.7446 (X=0.6804, O=0.7296), elapsed=4.4s
iter    7/300: games={'X': 4, 'O': 14, 'draw': 2}, buffer=1740, value_loss=0.4803, policy_loss=1.3525, value_error_vs_solver=0.6925 (X=0.6884, O=0.6704), elapsed=3.4s
iter    8/300: games={'X': 0, 'O': 18, 'draw': 2}, buffer=2037, value_loss=0.5042, policy_loss=1.3429, value_error_vs_solver=0.7434 (X=0.6674, O=0.6877), elapsed=6.2s
iter    9/300: games={'X': 7, 'O': 3, 'draw': 10}, buffer=2526, value_loss=0.3964, policy_loss=1.2488, value_error_vs_solver=0.6499 (X=0.7226, O=0.6532), elapsed=12.3s
iter   10/300: games={'X': 7, 'O': 8, 'draw': 5}, buffer=2810, value_loss=0.3624, policy_loss=1.2138, value_error_vs_solver=0.6850 (X=0.6701, O=0.6921), elapsed=6.4s
iter   11/300: games={'X': 12, 'O': 4, 'draw': 4}, buffer=3080, value_loss=0.3482, policy_loss=1.1394, value_error_vs_solver=0.6568 (X=0.6458, O=0.6318), elapsed=6.1s
iter   12/300: games={'X': 14, 'O': 4, 'draw': 2}, buffer=3278, value_loss=0.3420, policy_loss=1.1071, value_error_vs_solver=0.6850 (X=0.7271, O=0.6618), elapsed=4.2s
iter   13/300: games={'X': 12, 'O': 2, 'draw': 6}, buffer=3521, value_loss=0.3280, policy_loss=1.0808, value_error_vs_solver=0.6131 (X=0.6696, O=0.6033), elapsed=6.2s
iter   14/300: games={'X': 12, 'O': 4, 'draw': 4}, buffer=3729, value_loss=0.3269, policy_loss=1.0247, value_error_vs_solver=0.6331 (X=0.6074, O=0.6472), elapsed=4.1s
iter   15/300: games={'X': 11, 'O': 4, 'draw': 5}, buffer=3963, value_loss=0.3060, policy_loss=1.0100, value_error_vs_solver=0.5987 (X=0.6212, O=0.5673), elapsed=4.8s
iter   16/300: games={'X': 10, 'O': 1, 'draw': 9}, buffer=4219, value_loss=0.2993, policy_loss=0.9983, value_error_vs_solver=0.6505 (X=0.6208, O=0.6450), elapsed=4.9s
iter   17/300: games={'X': 13, 'O': 5, 'draw': 2}, buffer=4422, value_loss=0.3019, policy_loss=0.9770, value_error_vs_solver=0.6783 (X=0.7259, O=0.6149), elapsed=3.6s
iter   18/300: games={'X': 14, 'O': 3, 'draw': 3}, buffer=4629, value_loss=0.2902, policy_loss=0.9510, value_error_vs_solver=0.6053 (X=0.6326, O=0.6146), elapsed=3.7s
iter   19/300: games={'X': 13, 'O': 3, 'draw': 4}, buffer=4850, value_loss=0.2836, policy_loss=0.9285, value_error_vs_solver=0.6156 (X=0.6167, O=0.5202), elapsed=4.3s
iter   20/300: games={'X': 14, 'O': 2, 'draw': 4}, buffer=5056, value_loss=0.2726, policy_loss=0.9245, value_error_vs_solver=0.5693 (X=0.5884, O=0.5894), elapsed=3.5s
iter   21/300: games={'X': 18, 'O': 0, 'draw': 2}, buffer=5212, value_loss=0.2653, policy_loss=0.8992, value_error_vs_solver=0.5644 (X=0.6151, O=0.6019), elapsed=3.0s
iter   22/300: games={'X': 18, 'O': 1, 'draw': 1}, buffer=5368, value_loss=0.2630, policy_loss=0.8892, value_error_vs_solver=0.5818 (X=0.5865, O=0.6186), elapsed=3.4s
iter   23/300: games={'X': 18, 'O': 0, 'draw': 2}, buffer=5544, value_loss=0.2574, policy_loss=0.8730, value_error_vs_solver=0.5325 (X=0.5748, O=0.5650), elapsed=2.9s
iter   24/300: games={'X': 17, 'O': 1, 'draw': 2}, buffer=5733, value_loss=0.2507, policy_loss=0.8750, value_error_vs_solver=0.5398 (X=0.5511, O=0.5800), elapsed=3.1s
iter   25/300: games={'X': 17, 'O': 0, 'draw': 3}, buffer=5900, value_loss=0.2474, policy_loss=0.8569, value_error_vs_solver=0.5746 (X=0.6125, O=0.5621), elapsed=2.7s
iter   26/300: games={'X': 14, 'O': 4, 'draw': 2}, buffer=6068, value_loss=0.2470, policy_loss=0.8551, value_error_vs_solver=0.6237 (X=0.6031, O=0.6402), elapsed=2.6s
iter   27/300: games={'X': 17, 'O': 0, 'draw': 3}, buffer=6251, value_loss=0.2446, policy_loss=0.8442, value_error_vs_solver=0.5408 (X=0.5982, O=0.5224), elapsed=2.7s
iter   28/300: games={'X': 18, 'O': 0, 'draw': 2}, buffer=6457, value_loss=0.2351, policy_loss=0.8280, value_error_vs_solver=0.5705 (X=0.6068, O=0.6946), elapsed=3.7s
iter   29/300: games={'X': 19, 'O': 0, 'draw': 1}, buffer=6610, value_loss=0.2232, policy_loss=0.8185, value_error_vs_solver=0.5486 (X=0.5925, O=0.4892), elapsed=4.0s
iter   30/300: games={'X': 16, 'O': 4, 'draw': 0}, buffer=6750, value_loss=0.2261, policy_loss=0.8076, value_error_vs_solver=0.5400 (X=0.6523, O=0.5327), elapsed=3.4s
iter   31/300: games={'X': 20, 'O': 0, 'draw': 0}, buffer=6882, value_loss=0.2381, policy_loss=0.8254, value_error_vs_solver=0.5912 (X=0.5798, O=0.5649), elapsed=1.9s
iter   32/300: games={'X': 19, 'O': 1, 'draw': 0}, buffer=7015, value_loss=0.2298, policy_loss=0.8052, value_error_vs_solver=0.5675 (X=0.6140, O=0.5574), elapsed=1.8s
iter   33/300: games={'X': 18, 'O': 0, 'draw': 2}, buffer=7185, value_loss=0.2281, policy_loss=0.8122, value_error_vs_solver=0.5312 (X=0.5556, O=0.5260), elapsed=2.4s
iter   34/300: games={'X': 17, 'O': 2, 'draw': 1}, buffer=7338, value_loss=0.2222, policy_loss=0.7963, value_error_vs_solver=0.5473 (X=0.5177, O=0.5153), elapsed=2.2s
iter   35/300: games={'X': 18, 'O': 2, 'draw': 0}, buffer=7474, value_loss=0.2156, policy_loss=0.7902, value_error_vs_solver=0.5686 (X=0.5819, O=0.5638), elapsed=2.1s
iter   36/300: games={'X': 18, 'O': 0, 'draw': 2}, buffer=7643, value_loss=0.2117, policy_loss=0.7788, value_error_vs_solver=0.5439 (X=0.6032, O=0.5123), elapsed=3.0s
iter   37/300: games={'X': 16, 'O': 3, 'draw': 1}, buffer=7807, value_loss=0.2208, policy_loss=0.7791, value_error_vs_solver=0.5382 (X=0.5254, O=0.5869), elapsed=2.4s
iter   38/300: games={'X': 18, 'O': 1, 'draw': 1}, buffer=7979, value_loss=0.2176, policy_loss=0.7758, value_error_vs_solver=0.5832 (X=0.4916, O=0.5020), elapsed=2.3s
iter   39/300: games={'X': 19, 'O': 1, 'draw': 0}, buffer=8000, value_loss=0.2099, policy_loss=0.7547, value_error_vs_solver=0.5595 (X=0.5563, O=0.6615), elapsed=1.7s
iter   40/300: games={'X': 16, 'O': 1, 'draw': 3}, buffer=8000, value_loss=0.2102, policy_loss=0.7354, value_error_vs_solver=0.5490 (X=0.5889, O=0.5740), elapsed=2.5s
iter   41/300: games={'X': 20, 'O': 0, 'draw': 0}, buffer=8000, value_loss=0.1981, policy_loss=0.7191, value_error_vs_solver=0.5593 (X=0.5907, O=0.5906), elapsed=2.1s
iter   42/300: games={'X': 19, 'O': 0, 'draw': 1}, buffer=8000, value_loss=0.1889, policy_loss=0.7121, value_error_vs_solver=0.5885 (X=0.6050, O=0.5822), elapsed=2.3s
iter   43/300: games={'X': 19, 'O': 1, 'draw': 0}, buffer=8000, value_loss=0.1875, policy_loss=0.7063, value_error_vs_solver=0.5076 (X=0.5904, O=0.4761), elapsed=1.7s
iter   44/300: games={'X': 19, 'O': 0, 'draw': 1}, buffer=8000, value_loss=0.1800, policy_loss=0.6944, value_error_vs_solver=0.5679 (X=0.5672, O=0.4568), elapsed=2.0s
iter   45/300: games={'X': 18, 'O': 2, 'draw': 0}, buffer=8000, value_loss=0.1898, policy_loss=0.6814, value_error_vs_solver=0.5421 (X=0.5608, O=0.5442), elapsed=1.8s
iter   46/300: games={'X': 17, 'O': 2, 'draw': 1}, buffer=8000, value_loss=0.1867, policy_loss=0.6650, value_error_vs_solver=0.5983 (X=0.5331, O=0.5363), elapsed=3.0s
iter   47/300: games={'X': 18, 'O': 1, 'draw': 1}, buffer=8000, value_loss=0.1814, policy_loss=0.6571, value_error_vs_solver=0.5976 (X=0.5449, O=0.5424), elapsed=2.0s
iter   48/300: games={'X': 20, 'O': 0, 'draw': 0}, buffer=8000, value_loss=0.1719, policy_loss=0.6466, value_error_vs_solver=0.5348 (X=0.6085, O=0.5231), elapsed=1.6s
iter   49/300: games={'X': 16, 'O': 2, 'draw': 2}, buffer=8000, value_loss=0.1727, policy_loss=0.6336, value_error_vs_solver=0.4766 (X=0.5622, O=0.5831), elapsed=2.3s
iter   50/300: games={'X': 19, 'O': 0, 'draw': 1}, buffer=8000, value_loss=0.1588, policy_loss=0.6158, value_error_vs_solver=0.5725 (X=0.5373, O=0.5924), elapsed=2.0s
iter   51/300: games={'X': 19, 'O': 0, 'draw': 1}, buffer=8000, value_loss=0.1513, policy_loss=0.6001, value_error_vs_solver=0.5374 (X=0.5309, O=0.5876), elapsed=2.5s
iter   52/300: games={'X': 16, 'O': 2, 'draw': 2}, buffer=8000, value_loss=0.1399, policy_loss=0.6018, value_error_vs_solver=0.5055 (X=0.4792, O=0.4842), elapsed=2.5s
iter   53/300: games={'X': 19, 'O': 0, 'draw': 1}, buffer=8000, value_loss=0.1408, policy_loss=0.5945, value_error_vs_solver=0.5165 (X=0.5172, O=0.5420), elapsed=1.8s
iter   54/300: games={'X': 20, 'O': 0, 'draw': 0}, buffer=8000, value_loss=0.1357, policy_loss=0.5897, value_error_vs_solver=0.5155 (X=0.5461, O=0.5288), elapsed=2.1s
iter   55/300: games={'X': 15, 'O': 3, 'draw': 2}, buffer=8000, value_loss=0.1325, policy_loss=0.5825, value_error_vs_solver=0.6024 (X=0.5315, O=0.5296), elapsed=4.0s
iter   56/300: games={'X': 17, 'O': 0, 'draw': 3}, buffer=8000, value_loss=0.1232, policy_loss=0.5708, value_error_vs_solver=0.5384 (X=0.5685, O=0.4736), elapsed=4.3s
iter   57/300: games={'X': 18, 'O': 0, 'draw': 2}, buffer=8000, value_loss=0.1243, policy_loss=0.5657, value_error_vs_solver=0.5346 (X=0.5557, O=0.5368), elapsed=3.7s
iter   58/300: games={'X': 20, 'O': 0, 'draw': 0}, buffer=8000, value_loss=0.1213, policy_loss=0.5524, value_error_vs_solver=0.5833 (X=0.5294, O=0.5089), elapsed=3.4s
iter   59/300: games={'X': 15, 'O': 1, 'draw': 4}, buffer=8000, value_loss=0.1114, policy_loss=0.5454, value_error_vs_solver=0.5885 (X=0.5244, O=0.4922), elapsed=4.2s
iter   60/300: games={'X': 18, 'O': 1, 'draw': 1}, buffer=8000, value_loss=0.1166, policy_loss=0.5400, value_error_vs_solver=0.5334 (X=0.5185, O=0.5866), elapsed=3.0s
iter   61/300: games={'X': 20, 'O': 0, 'draw': 0}, buffer=8000, value_loss=0.1142, policy_loss=0.5407, value_error_vs_solver=0.5729 (X=0.5371, O=0.5727), elapsed=2.8s
iter   62/300: games={'X': 17, 'O': 1, 'draw': 2}, buffer=8000, value_loss=0.1076, policy_loss=0.5367, value_error_vs_solver=0.5611 (X=0.4499, O=0.5155), elapsed=3.6s
iter   63/300: games={'X': 17, 'O': 0, 'draw': 3}, buffer=8000, value_loss=0.1060, policy_loss=0.5282, value_error_vs_solver=0.5289 (X=0.5891, O=0.5139), elapsed=4.5s
iter   64/300: games={'X': 16, 'O': 0, 'draw': 4}, buffer=8000, value_loss=0.0981, policy_loss=0.5301, value_error_vs_solver=0.5717 (X=0.5379, O=0.5406), elapsed=3.8s
iter   65/300: games={'X': 19, 'O': 0, 'draw': 1}, buffer=8000, value_loss=0.0962, policy_loss=0.5195, value_error_vs_solver=0.5457 (X=0.4610, O=0.5405), elapsed=4.5s
iter   66/300: games={'X': 20, 'O': 0, 'draw': 0}, buffer=8000, value_loss=0.0931, policy_loss=0.5184, value_error_vs_solver=0.5639 (X=0.5368, O=0.5238), elapsed=3.3s
iter   67/300: games={'X': 18, 'O': 0, 'draw': 2}, buffer=8000, value_loss=0.0848, policy_loss=0.5124, value_error_vs_solver=0.5985 (X=0.5711, O=0.5374), elapsed=3.6s
iter   68/300: games={'X': 18, 'O': 0, 'draw': 2}, buffer=8000, value_loss=0.0828, policy_loss=0.5115, value_error_vs_solver=0.5543 (X=0.5377, O=0.5295), elapsed=3.5s
iter   69/300: games={'X': 14, 'O': 0, 'draw': 6}, buffer=8000, value_loss=0.0769, policy_loss=0.5060, value_error_vs_solver=0.6182 (X=0.5647, O=0.4877), elapsed=4.4s
iter   70/300: games={'X': 18, 'O': 1, 'draw': 1}, buffer=8000, value_loss=0.0772, policy_loss=0.5079, value_error_vs_solver=0.5681 (X=0.6499, O=0.5207), elapsed=2.9s
iter   71/300: games={'X': 17, 'O': 2, 'draw': 1}, buffer=8000, value_loss=0.0820, policy_loss=0.4929, value_error_vs_solver=0.5053 (X=0.5659, O=0.5358), elapsed=3.3s
iter   72/300: games={'X': 17, 'O': 0, 'draw': 3}, buffer=8000, value_loss=0.0804, policy_loss=0.4923, value_error_vs_solver=0.5440 (X=0.4392, O=0.4911), elapsed=5.6s
iter   73/300: games={'X': 13, 'O': 1, 'draw': 6}, buffer=8000, value_loss=0.0811, policy_loss=0.4912, value_error_vs_solver=0.5270 (X=0.5989, O=0.5351), elapsed=5.1s
iter   74/300: games={'X': 18, 'O': 0, 'draw': 2}, buffer=8000, value_loss=0.0824, policy_loss=0.4841, value_error_vs_solver=0.5555 (X=0.4951, O=0.5545), elapsed=3.2s
iter   75/300: games={'X': 19, 'O': 0, 'draw': 1}, buffer=8000, value_loss=0.0813, policy_loss=0.4872, value_error_vs_solver=0.5371 (X=0.5335, O=0.5298), elapsed=3.5s
iter   76/300: games={'X': 16, 'O': 1, 'draw': 3}, buffer=8000, value_loss=0.0803, policy_loss=0.4872, value_error_vs_solver=0.5752 (X=0.5209, O=0.5239), elapsed=4.5s
iter   77/300: games={'X': 15, 'O': 1, 'draw': 4}, buffer=8000, value_loss=0.0849, policy_loss=0.4800, value_error_vs_solver=0.5280 (X=0.5141, O=0.5165), elapsed=3.5s
iter   78/300: games={'X': 17, 'O': 1, 'draw': 2}, buffer=8000, value_loss=0.0839, policy_loss=0.4787, value_error_vs_solver=0.5462 (X=0.4650, O=0.5289), elapsed=3.8s
iter   79/300: games={'X': 12, 'O': 2, 'draw': 6}, buffer=8000, value_loss=0.0826, policy_loss=0.4700, value_error_vs_solver=0.5761 (X=0.5070, O=0.5303), elapsed=4.2s
iter   80/300: games={'X': 17, 'O': 0, 'draw': 3}, buffer=8000, value_loss=0.0785, policy_loss=0.4714, value_error_vs_solver=0.6115 (X=0.5489, O=0.5461), elapsed=3.6s
iter   81/300: games={'X': 17, 'O': 2, 'draw': 1}, buffer=8000, value_loss=0.0868, policy_loss=0.4624, value_error_vs_solver=0.5259 (X=0.5337, O=0.5482), elapsed=3.3s
iter   82/300: games={'X': 16, 'O': 1, 'draw': 3}, buffer=8000, value_loss=0.0954, policy_loss=0.4681, value_error_vs_solver=0.5921 (X=0.5137, O=0.4625), elapsed=3.2s
iter   83/300: games={'X': 18, 'O': 0, 'draw': 2}, buffer=8000, value_loss=0.0886, policy_loss=0.4603, value_error_vs_solver=0.5603 (X=0.5066, O=0.5422), elapsed=2.8s
iter   84/300: games={'X': 11, 'O': 1, 'draw': 8}, buffer=8000, value_loss=0.0896, policy_loss=0.4588, value_error_vs_solver=0.5766 (X=0.5657, O=0.5519), elapsed=7.6s
iter   85/300: games={'X': 14, 'O': 2, 'draw': 4}, buffer=8000, value_loss=0.0882, policy_loss=0.4450, value_error_vs_solver=0.5330 (X=0.5807, O=0.5410), elapsed=6.2s
iter   86/300: games={'X': 13, 'O': 0, 'draw': 7}, buffer=8000, value_loss=0.0950, policy_loss=0.4404, value_error_vs_solver=0.5423 (X=0.5582, O=0.5717), elapsed=5.0s
iter   87/300: games={'X': 13, 'O': 1, 'draw': 6}, buffer=8000, value_loss=0.0876, policy_loss=0.4364, value_error_vs_solver=0.5491 (X=0.5093, O=0.5253), elapsed=5.2s
iter   88/300: games={'X': 16, 'O': 0, 'draw': 4}, buffer=8000, value_loss=0.0914, policy_loss=0.4263, value_error_vs_solver=0.5514 (X=0.6081, O=0.4716), elapsed=4.5s
iter   89/300: games={'X': 17, 'O': 1, 'draw': 2}, buffer=8000, value_loss=0.0932, policy_loss=0.4254, value_error_vs_solver=0.5411 (X=0.5689, O=0.5528), elapsed=4.1s
iter   90/300: games={'X': 14, 'O': 1, 'draw': 5}, buffer=8000, value_loss=0.0878, policy_loss=0.4175, value_error_vs_solver=0.5336 (X=0.5231, O=0.5951), elapsed=3.8s
iter   91/300: games={'X': 14, 'O': 0, 'draw': 6}, buffer=8000, value_loss=0.0916, policy_loss=0.4157, value_error_vs_solver=0.5344 (X=0.5842, O=0.4840), elapsed=4.4s
iter   92/300: games={'X': 16, 'O': 1, 'draw': 3}, buffer=8000, value_loss=0.0844, policy_loss=0.3979, value_error_vs_solver=0.5591 (X=0.6588, O=0.5822), elapsed=4.6s
iter   93/300: games={'X': 16, 'O': 1, 'draw': 3}, buffer=8000, value_loss=0.0824, policy_loss=0.4060, value_error_vs_solver=0.5088 (X=0.6004, O=0.5593), elapsed=3.7s
iter   94/300: games={'X': 17, 'O': 1, 'draw': 2}, buffer=8000, value_loss=0.0788, policy_loss=0.3993, value_error_vs_solver=0.5078 (X=0.5778, O=0.4407), elapsed=3.9s
iter   95/300: games={'X': 15, 'O': 1, 'draw': 4}, buffer=8000, value_loss=0.0794, policy_loss=0.3924, value_error_vs_solver=0.4893 (X=0.5925, O=0.5778), elapsed=5.6s
iter   96/300: games={'X': 15, 'O': 0, 'draw': 5}, buffer=8000, value_loss=0.0823, policy_loss=0.3925, value_error_vs_solver=0.5380 (X=0.5247, O=0.5545), elapsed=4.3s
iter   97/300: games={'X': 15, 'O': 2, 'draw': 3}, buffer=8000, value_loss=0.0762, policy_loss=0.3853, value_error_vs_solver=0.5158 (X=0.5040, O=0.5369), elapsed=3.5s
iter   98/300: games={'X': 17, 'O': 0, 'draw': 3}, buffer=8000, value_loss=0.0789, policy_loss=0.3875, value_error_vs_solver=0.5507 (X=0.5770, O=0.5477), elapsed=3.8s
iter   99/300: games={'X': 17, 'O': 1, 'draw': 2}, buffer=8000, value_loss=0.0839, policy_loss=0.3885, value_error_vs_solver=0.5366 (X=0.5000, O=0.5316), elapsed=3.3s
iter  100/300: games={'X': 17, 'O': 0, 'draw': 3}, buffer=8000, value_loss=0.0783, policy_loss=0.3879, value_error_vs_solver=0.5449 (X=0.5375, O=0.5290), elapsed=3.4s
iter  101/300: games={'X': 17, 'O': 2, 'draw': 1}, buffer=8000, value_loss=0.0895, policy_loss=0.3912, value_error_vs_solver=0.5605 (X=0.5269, O=0.5824), elapsed=3.2s
iter  102/300: games={'X': 9, 'O': 2, 'draw': 9}, buffer=8000, value_loss=0.0838, policy_loss=0.3853, value_error_vs_solver=0.5309 (X=0.5277, O=0.4922), elapsed=5.4s
iter  103/300: games={'X': 18, 'O': 0, 'draw': 2}, buffer=8000, value_loss=0.0889, policy_loss=0.3757, value_error_vs_solver=0.5762 (X=0.5514, O=0.5678), elapsed=3.9s
iter  104/300: games={'X': 16, 'O': 0, 'draw': 4}, buffer=8000, value_loss=0.0900, policy_loss=0.3830, value_error_vs_solver=0.4997 (X=0.5724, O=0.4598), elapsed=4.2s
iter  105/300: games={'X': 16, 'O': 1, 'draw': 3}, buffer=8000, value_loss=0.0838, policy_loss=0.3677, value_error_vs_solver=0.5813 (X=0.5460, O=0.6267), elapsed=3.2s
iter  106/300: games={'X': 12, 'O': 0, 'draw': 8}, buffer=8000, value_loss=0.0881, policy_loss=0.3710, value_error_vs_solver=0.4905 (X=0.5725, O=0.4954), elapsed=4.3s
iter  107/300: games={'X': 16, 'O': 1, 'draw': 3}, buffer=8000, value_loss=0.0897, policy_loss=0.3689, value_error_vs_solver=0.5337 (X=0.5870, O=0.5270), elapsed=3.3s
iter  108/300: games={'X': 11, 'O': 3, 'draw': 6}, buffer=8000, value_loss=0.0915, policy_loss=0.3566, value_error_vs_solver=0.4824 (X=0.5185, O=0.5278), elapsed=3.7s
iter  109/300: games={'X': 16, 'O': 0, 'draw': 4}, buffer=8000, value_loss=0.0908, policy_loss=0.3622, value_error_vs_solver=0.5112 (X=0.5083, O=0.5079), elapsed=3.0s
iter  110/300: games={'X': 18, 'O': 1, 'draw': 1}, buffer=8000, value_loss=0.0892, policy_loss=0.3613, value_error_vs_solver=0.5298 (X=0.6206, O=0.4835), elapsed=3.4s
iter  111/300: games={'X': 11, 'O': 0, 'draw': 9}, buffer=8000, value_loss=0.0888, policy_loss=0.3485, value_error_vs_solver=0.5625 (X=0.5820, O=0.5316), elapsed=6.0s
iter  112/300: games={'X': 9, 'O': 2, 'draw': 9}, buffer=8000, value_loss=0.0929, policy_loss=0.3488, value_error_vs_solver=0.4842 (X=0.5547, O=0.5563), elapsed=6.7s
iter  113/300: games={'X': 16, 'O': 0, 'draw': 4}, buffer=8000, value_loss=0.0883, policy_loss=0.3476, value_error_vs_solver=0.5181 (X=0.5223, O=0.4752), elapsed=5.2s
iter  114/300: games={'X': 11, 'O': 1, 'draw': 8}, buffer=8000, value_loss=0.0937, policy_loss=0.3420, value_error_vs_solver=0.5512 (X=0.6237, O=0.4951), elapsed=6.3s
iter  115/300: games={'X': 11, 'O': 0, 'draw': 9}, buffer=8000, value_loss=0.0832, policy_loss=0.3311, value_error_vs_solver=0.5901 (X=0.5155, O=0.5301), elapsed=6.6s
iter  116/300: games={'X': 14, 'O': 1, 'draw': 5}, buffer=8000, value_loss=0.0950, policy_loss=0.3290, value_error_vs_solver=0.5528 (X=0.5524, O=0.5506), elapsed=5.6s
iter  117/300: games={'X': 16, 'O': 1, 'draw': 3}, buffer=8000, value_loss=0.0884, policy_loss=0.3236, value_error_vs_solver=0.5221 (X=0.5644, O=0.4438), elapsed=5.6s
iter  118/300: games={'X': 11, 'O': 0, 'draw': 9}, buffer=8000, value_loss=0.0828, policy_loss=0.3224, value_error_vs_solver=0.5651 (X=0.5818, O=0.5092), elapsed=6.4s
iter  119/300: games={'X': 13, 'O': 0, 'draw': 7}, buffer=8000, value_loss=0.0835, policy_loss=0.3129, value_error_vs_solver=0.5322 (X=0.5702, O=0.4977), elapsed=5.4s
iter  120/300: games={'X': 15, 'O': 0, 'draw': 5}, buffer=8000, value_loss=0.0789, policy_loss=0.3192, value_error_vs_solver=0.5772 (X=0.5847, O=0.4660), elapsed=5.8s
iter  121/300: games={'X': 9, 'O': 1, 'draw': 10}, buffer=8000, value_loss=0.0794, policy_loss=0.3160, value_error_vs_solver=0.5557 (X=0.5711, O=0.5006), elapsed=6.0s
iter  122/300: games={'X': 16, 'O': 0, 'draw': 4}, buffer=8000, value_loss=0.0779, policy_loss=0.3195, value_error_vs_solver=0.4860 (X=0.5375, O=0.4659), elapsed=4.7s
iter  123/300: games={'X': 12, 'O': 1, 'draw': 7}, buffer=8000, value_loss=0.0825, policy_loss=0.3172, value_error_vs_solver=0.5313 (X=0.5074, O=0.5518), elapsed=5.3s
iter  124/300: games={'X': 9, 'O': 3, 'draw': 8}, buffer=8000, value_loss=0.0842, policy_loss=0.3194, value_error_vs_solver=0.5742 (X=0.4909, O=0.4796), elapsed=5.9s
iter  125/300: games={'X': 16, 'O': 1, 'draw': 3}, buffer=8000, value_loss=0.0830, policy_loss=0.3200, value_error_vs_solver=0.5377 (X=0.5405, O=0.5228), elapsed=4.0s
iter  126/300: games={'X': 14, 'O': 0, 'draw': 6}, buffer=8000, value_loss=0.0830, policy_loss=0.3105, value_error_vs_solver=0.5247 (X=0.5608, O=0.4354), elapsed=6.1s
iter  127/300: games={'X': 14, 'O': 1, 'draw': 5}, buffer=8000, value_loss=0.0861, policy_loss=0.3180, value_error_vs_solver=0.5336 (X=0.5889, O=0.5247), elapsed=5.5s
iter  128/300: games={'X': 11, 'O': 0, 'draw': 9}, buffer=8000, value_loss=0.0828, policy_loss=0.3062, value_error_vs_solver=0.4976 (X=0.5115, O=0.5145), elapsed=6.0s
iter  129/300: games={'X': 12, 'O': 2, 'draw': 6}, buffer=8000, value_loss=0.0857, policy_loss=0.3132, value_error_vs_solver=0.6102 (X=0.5043, O=0.6272), elapsed=7.6s
iter  130/300: games={'X': 11, 'O': 1, 'draw': 8}, buffer=8000, value_loss=0.0862, policy_loss=0.3187, value_error_vs_solver=0.5609 (X=0.5624, O=0.4875), elapsed=6.5s
iter  131/300: games={'X': 16, 'O': 1, 'draw': 3}, buffer=8000, value_loss=0.0854, policy_loss=0.3164, value_error_vs_solver=0.5719 (X=0.5465, O=0.4945), elapsed=4.6s
iter  132/300: games={'X': 10, 'O': 1, 'draw': 9}, buffer=8000, value_loss=0.0866, policy_loss=0.3068, value_error_vs_solver=0.5840 (X=0.4953, O=0.5120), elapsed=4.2s
iter  133/300: games={'X': 14, 'O': 0, 'draw': 6}, buffer=8000, value_loss=0.0794, policy_loss=0.3058, value_error_vs_solver=0.5273 (X=0.5717, O=0.5253), elapsed=4.3s
iter  134/300: games={'X': 12, 'O': 0, 'draw': 8}, buffer=8000, value_loss=0.0818, policy_loss=0.3095, value_error_vs_solver=0.5435 (X=0.5877, O=0.5519), elapsed=4.5s
iter  135/300: games={'X': 11, 'O': 3, 'draw': 6}, buffer=8000, value_loss=0.0828, policy_loss=0.3070, value_error_vs_solver=0.5400 (X=0.5331, O=0.4608), elapsed=4.9s
iter  136/300: games={'X': 13, 'O': 0, 'draw': 7}, buffer=8000, value_loss=0.0858, policy_loss=0.3132, value_error_vs_solver=0.5164 (X=0.5840, O=0.5500), elapsed=3.8s
iter  137/300: games={'X': 13, 'O': 0, 'draw': 7}, buffer=8000, value_loss=0.0825, policy_loss=0.3074, value_error_vs_solver=0.5334 (X=0.5053, O=0.5795), elapsed=4.7s
iter  138/300: games={'X': 14, 'O': 0, 'draw': 6}, buffer=8000, value_loss=0.0790, policy_loss=0.3082, value_error_vs_solver=0.5681 (X=0.5932, O=0.4901), elapsed=5.3s
iter  139/300: games={'X': 12, 'O': 1, 'draw': 7}, buffer=8000, value_loss=0.0811, policy_loss=0.3076, value_error_vs_solver=0.5465 (X=0.5442, O=0.4655), elapsed=7.4s
iter  140/300: games={'X': 10, 'O': 1, 'draw': 9}, buffer=8000, value_loss=0.0788, policy_loss=0.3107, value_error_vs_solver=0.5256 (X=0.5694, O=0.5466), elapsed=4.4s
iter  141/300: games={'X': 11, 'O': 3, 'draw': 6}, buffer=8000, value_loss=0.0827, policy_loss=0.3009, value_error_vs_solver=0.5231 (X=0.5063, O=0.5583), elapsed=4.2s
iter  142/300: games={'X': 13, 'O': 2, 'draw': 5}, buffer=8000, value_loss=0.0863, policy_loss=0.3140, value_error_vs_solver=0.5485 (X=0.5844, O=0.5125), elapsed=4.5s
iter  143/300: games={'X': 11, 'O': 1, 'draw': 8}, buffer=8000, value_loss=0.0887, policy_loss=0.3150, value_error_vs_solver=0.5750 (X=0.5675, O=0.5479), elapsed=5.1s
iter  144/300: games={'X': 11, 'O': 0, 'draw': 9}, buffer=8000, value_loss=0.0861, policy_loss=0.3143, value_error_vs_solver=0.5449 (X=0.5442, O=0.5081), elapsed=5.2s
iter  145/300: games={'X': 11, 'O': 0, 'draw': 9}, buffer=8000, value_loss=0.0839, policy_loss=0.3164, value_error_vs_solver=0.5220 (X=0.5593, O=0.5740), elapsed=5.8s
iter  146/300: games={'X': 14, 'O': 0, 'draw': 6}, buffer=8000, value_loss=0.0799, policy_loss=0.3147, value_error_vs_solver=0.5091 (X=0.5465, O=0.5054), elapsed=5.1s
iter  147/300: games={'X': 8, 'O': 1, 'draw': 11}, buffer=8000, value_loss=0.0834, policy_loss=0.3192, value_error_vs_solver=0.5075 (X=0.5453, O=0.5296), elapsed=5.8s
iter  148/300: games={'X': 6, 'O': 2, 'draw': 12}, buffer=8000, value_loss=0.0868, policy_loss=0.3188, value_error_vs_solver=0.5790 (X=0.5685, O=0.6219), elapsed=7.1s
iter  149/300: games={'X': 10, 'O': 0, 'draw': 10}, buffer=8000, value_loss=0.0907, policy_loss=0.3250, value_error_vs_solver=0.5534 (X=0.5630, O=0.5700), elapsed=6.1s
iter  150/300: games={'X': 12, 'O': 4, 'draw': 4}, buffer=8000, value_loss=0.0871, policy_loss=0.3188, value_error_vs_solver=0.5256 (X=0.5490, O=0.5566), elapsed=3.9s
iter  151/300: games={'X': 9, 'O': 1, 'draw': 10}, buffer=8000, value_loss=0.0858, policy_loss=0.3155, value_error_vs_solver=0.5693 (X=0.5664, O=0.4601), elapsed=4.8s
iter  152/300: games={'X': 8, 'O': 1, 'draw': 11}, buffer=8000, value_loss=0.0885, policy_loss=0.3245, value_error_vs_solver=0.4941 (X=0.5221, O=0.6213), elapsed=4.6s
iter  153/300: games={'X': 12, 'O': 1, 'draw': 7}, buffer=8000, value_loss=0.0862, policy_loss=0.3238, value_error_vs_solver=0.5921 (X=0.6003, O=0.5193), elapsed=3.9s
iter  154/300: games={'X': 8, 'O': 2, 'draw': 10}, buffer=8000, value_loss=0.0829, policy_loss=0.3271, value_error_vs_solver=0.5594 (X=0.5949, O=0.5116), elapsed=5.4s
iter  155/300: games={'X': 8, 'O': 0, 'draw': 12}, buffer=8000, value_loss=0.0746, policy_loss=0.3205, value_error_vs_solver=0.5624 (X=0.6171, O=0.5626), elapsed=5.2s
iter  156/300: games={'X': 9, 'O': 0, 'draw': 11}, buffer=8000, value_loss=0.0721, policy_loss=0.3130, value_error_vs_solver=0.5515 (X=0.5186, O=0.5475), elapsed=6.0s
iter  157/300: games={'X': 8, 'O': 3, 'draw': 9}, buffer=8000, value_loss=0.0823, policy_loss=0.3193, value_error_vs_solver=0.6042 (X=0.4848, O=0.5543), elapsed=5.9s
iter  158/300: games={'X': 7, 'O': 2, 'draw': 11}, buffer=8000, value_loss=0.0725, policy_loss=0.3099, value_error_vs_solver=0.5291 (X=0.4796, O=0.4937), elapsed=5.9s
iter  159/300: games={'X': 7, 'O': 0, 'draw': 13}, buffer=8000, value_loss=0.0745, policy_loss=0.3039, value_error_vs_solver=0.5177 (X=0.4864, O=0.5367), elapsed=5.9s
iter  160/300: games={'X': 9, 'O': 4, 'draw': 7}, buffer=8000, value_loss=0.0932, policy_loss=0.3059, value_error_vs_solver=0.4940 (X=0.5449, O=0.5724), elapsed=5.7s
iter  161/300: games={'X': 7, 'O': 3, 'draw': 10}, buffer=8000, value_loss=0.0889, policy_loss=0.2968, value_error_vs_solver=0.6427 (X=0.6203, O=0.6098), elapsed=6.7s
iter  162/300: games={'X': 7, 'O': 3, 'draw': 10}, buffer=8000, value_loss=0.0806, policy_loss=0.2992, value_error_vs_solver=0.5574 (X=0.5887, O=0.5380), elapsed=5.0s
iter  163/300: games={'X': 7, 'O': 0, 'draw': 13}, buffer=8000, value_loss=0.0751, policy_loss=0.2776, value_error_vs_solver=0.5351 (X=0.5761, O=0.5468), elapsed=7.2s
iter  164/300: games={'X': 8, 'O': 2, 'draw': 10}, buffer=8000, value_loss=0.0841, policy_loss=0.2820, value_error_vs_solver=0.5746 (X=0.5553, O=0.5609), elapsed=6.5s
iter  165/300: games={'X': 10, 'O': 1, 'draw': 9}, buffer=8000, value_loss=0.0781, policy_loss=0.2738, value_error_vs_solver=0.5906 (X=0.4919, O=0.5713), elapsed=6.0s
iter  166/300: games={'X': 7, 'O': 1, 'draw': 12}, buffer=8000, value_loss=0.0790, policy_loss=0.2695, value_error_vs_solver=0.5460 (X=0.5495, O=0.6129), elapsed=6.2s
iter  167/300: games={'X': 6, 'O': 0, 'draw': 14}, buffer=8000, value_loss=0.0745, policy_loss=0.2578, value_error_vs_solver=0.5581 (X=0.5445, O=0.4883), elapsed=6.5s
iter  168/300: games={'X': 4, 'O': 1, 'draw': 15}, buffer=8000, value_loss=0.0680, policy_loss=0.2492, value_error_vs_solver=0.5311 (X=0.5664, O=0.5649), elapsed=8.0s
iter  169/300: games={'X': 11, 'O': 0, 'draw': 9}, buffer=8000, value_loss=0.0675, policy_loss=0.2393, value_error_vs_solver=0.5834 (X=0.5797, O=0.5209), elapsed=8.8s
iter  170/300: games={'X': 5, 'O': 1, 'draw': 14}, buffer=8000, value_loss=0.0635, policy_loss=0.2342, value_error_vs_solver=0.6163 (X=0.6106, O=0.5166), elapsed=6.8s
iter  171/300: games={'X': 5, 'O': 2, 'draw': 13}, buffer=8000, value_loss=0.0651, policy_loss=0.2251, value_error_vs_solver=0.5931 (X=0.5811, O=0.5611), elapsed=6.6s
iter  172/300: games={'X': 11, 'O': 0, 'draw': 9}, buffer=8000, value_loss=0.0635, policy_loss=0.2239, value_error_vs_solver=0.6009 (X=0.5392, O=0.6058), elapsed=6.0s
iter  173/300: games={'X': 9, 'O': 3, 'draw': 8}, buffer=8000, value_loss=0.0653, policy_loss=0.2235, value_error_vs_solver=0.5750 (X=0.5886, O=0.6358), elapsed=7.4s
iter  174/300: games={'X': 13, 'O': 1, 'draw': 6}, buffer=8000, value_loss=0.0666, policy_loss=0.2276, value_error_vs_solver=0.5937 (X=0.5463, O=0.5050), elapsed=4.5s
iter  175/300: games={'X': 11, 'O': 0, 'draw': 9}, buffer=8000, value_loss=0.0661, policy_loss=0.2203, value_error_vs_solver=0.6024 (X=0.6493, O=0.5751), elapsed=6.2s
iter  176/300: games={'X': 10, 'O': 1, 'draw': 9}, buffer=8000, value_loss=0.0678, policy_loss=0.2227, value_error_vs_solver=0.5525 (X=0.5830, O=0.5832), elapsed=5.8s
iter  177/300: games={'X': 8, 'O': 0, 'draw': 12}, buffer=8000, value_loss=0.0491, policy_loss=0.2112, value_error_vs_solver=0.5499 (X=0.5494, O=0.5846), elapsed=6.5s
iter  178/300: games={'X': 10, 'O': 1, 'draw': 9}, buffer=8000, value_loss=0.0514, policy_loss=0.2131, value_error_vs_solver=0.6002 (X=0.5585, O=0.5545), elapsed=5.9s
iter  179/300: games={'X': 10, 'O': 1, 'draw': 9}, buffer=8000, value_loss=0.0450, policy_loss=0.2050, value_error_vs_solver=0.6196 (X=0.5882, O=0.5699), elapsed=5.6s
iter  180/300: games={'X': 14, 'O': 0, 'draw': 6}, buffer=8000, value_loss=0.0474, policy_loss=0.2101, value_error_vs_solver=0.5681 (X=0.5550, O=0.6379), elapsed=5.9s
iter  181/300: games={'X': 11, 'O': 0, 'draw': 9}, buffer=8000, value_loss=0.0472, policy_loss=0.2008, value_error_vs_solver=0.5884 (X=0.6066, O=0.5207), elapsed=5.6s
iter  182/300: games={'X': 15, 'O': 1, 'draw': 4}, buffer=8000, value_loss=0.0461, policy_loss=0.2001, value_error_vs_solver=0.6167 (X=0.5726, O=0.6168), elapsed=5.1s
iter  183/300: games={'X': 13, 'O': 0, 'draw': 7}, buffer=8000, value_loss=0.0458, policy_loss=0.1942, value_error_vs_solver=0.5624 (X=0.6258, O=0.5812), elapsed=4.8s
iter  184/300: games={'X': 11, 'O': 0, 'draw': 9}, buffer=8000, value_loss=0.0458, policy_loss=0.1972, value_error_vs_solver=0.5639 (X=0.5787, O=0.5854), elapsed=6.1s
iter  185/300: games={'X': 12, 'O': 0, 'draw': 8}, buffer=8000, value_loss=0.0431, policy_loss=0.1911, value_error_vs_solver=0.5703 (X=0.5945, O=0.5521), elapsed=4.7s
iter  186/300: games={'X': 9, 'O': 0, 'draw': 11}, buffer=8000, value_loss=0.0461, policy_loss=0.1913, value_error_vs_solver=0.5337 (X=0.6472, O=0.5983), elapsed=6.9s
iter  187/300: games={'X': 12, 'O': 1, 'draw': 7}, buffer=8000, value_loss=0.0446, policy_loss=0.1893, value_error_vs_solver=0.5543 (X=0.5648, O=0.5739), elapsed=5.5s
iter  188/300: games={'X': 9, 'O': 3, 'draw': 8}, buffer=8000, value_loss=0.0462, policy_loss=0.1878, value_error_vs_solver=0.5888 (X=0.5595, O=0.5767), elapsed=5.0s
iter  189/300: games={'X': 12, 'O': 2, 'draw': 6}, buffer=8000, value_loss=0.0514, policy_loss=0.1999, value_error_vs_solver=0.5796 (X=0.5543, O=0.6338), elapsed=4.1s
iter  190/300: games={'X': 12, 'O': 0, 'draw': 8}, buffer=8000, value_loss=0.0485, policy_loss=0.1956, value_error_vs_solver=0.5889 (X=0.5725, O=0.5977), elapsed=6.1s
iter  191/300: games={'X': 8, 'O': 2, 'draw': 10}, buffer=8000, value_loss=0.0501, policy_loss=0.1976, value_error_vs_solver=0.5259 (X=0.5653, O=0.5130), elapsed=6.4s
iter  192/300: games={'X': 9, 'O': 0, 'draw': 11}, buffer=8000, value_loss=0.0470, policy_loss=0.1977, value_error_vs_solver=0.5665 (X=0.6290, O=0.5060), elapsed=6.4s
iter  193/300: games={'X': 13, 'O': 1, 'draw': 6}, buffer=8000, value_loss=0.0454, policy_loss=0.1950, value_error_vs_solver=0.5644 (X=0.5618, O=0.5919), elapsed=4.7s
iter  194/300: games={'X': 6, 'O': 2, 'draw': 12}, buffer=8000, value_loss=0.0493, policy_loss=0.1926, value_error_vs_solver=0.5653 (X=0.5698, O=0.5970), elapsed=7.7s
iter  195/300: games={'X': 10, 'O': 0, 'draw': 10}, buffer=8000, value_loss=0.0446, policy_loss=0.1837, value_error_vs_solver=0.5769 (X=0.5680, O=0.5775), elapsed=6.3s
iter  196/300: games={'X': 10, 'O': 1, 'draw': 9}, buffer=8000, value_loss=0.0544, policy_loss=0.1997, value_error_vs_solver=0.5734 (X=0.5534, O=0.5473), elapsed=6.4s
iter  197/300: games={'X': 8, 'O': 1, 'draw': 11}, buffer=8000, value_loss=0.0490, policy_loss=0.1941, value_error_vs_solver=0.5402 (X=0.6385, O=0.5530), elapsed=6.1s
iter  198/300: games={'X': 10, 'O': 1, 'draw': 9}, buffer=8000, value_loss=0.0503, policy_loss=0.1975, value_error_vs_solver=0.5729 (X=0.6203, O=0.6075), elapsed=6.4s
iter  199/300: games={'X': 14, 'O': 0, 'draw': 6}, buffer=8000, value_loss=0.0543, policy_loss=0.1948, value_error_vs_solver=0.5710 (X=0.5506, O=0.6246), elapsed=4.0s
iter  200/300: games={'X': 11, 'O': 0, 'draw': 9}, buffer=8000, value_loss=0.0527, policy_loss=0.1956, value_error_vs_solver=0.5594 (X=0.5881, O=0.5375), elapsed=5.7s
iter  201/300: games={'X': 14, 'O': 2, 'draw': 4}, buffer=8000, value_loss=0.0512, policy_loss=0.2012, value_error_vs_solver=0.5695 (X=0.5719, O=0.5203), elapsed=3.8s
iter  202/300: games={'X': 9, 'O': 2, 'draw': 9}, buffer=8000, value_loss=0.0522, policy_loss=0.1898, value_error_vs_solver=0.6007 (X=0.5292, O=0.5590), elapsed=5.0s
iter  203/300: games={'X': 9, 'O': 4, 'draw': 7}, buffer=8000, value_loss=0.0576, policy_loss=0.1965, value_error_vs_solver=0.5771 (X=0.5087, O=0.5202), elapsed=4.3s
iter  204/300: games={'X': 12, 'O': 1, 'draw': 7}, buffer=8000, value_loss=0.0596, policy_loss=0.1954, value_error_vs_solver=0.5565 (X=0.5264, O=0.5489), elapsed=5.2s
iter  205/300: games={'X': 17, 'O': 0, 'draw': 3}, buffer=8000, value_loss=0.0601, policy_loss=0.2036, value_error_vs_solver=0.5394 (X=0.6359, O=0.4729), elapsed=3.8s
iter  206/300: games={'X': 10, 'O': 2, 'draw': 8}, buffer=8000, value_loss=0.0597, policy_loss=0.1950, value_error_vs_solver=0.5874 (X=0.5922, O=0.5488), elapsed=5.5s
iter  207/300: games={'X': 10, 'O': 1, 'draw': 9}, buffer=8000, value_loss=0.0624, policy_loss=0.2000, value_error_vs_solver=0.5879 (X=0.5843, O=0.6343), elapsed=5.1s
iter  208/300: games={'X': 12, 'O': 1, 'draw': 7}, buffer=8000, value_loss=0.0644, policy_loss=0.2015, value_error_vs_solver=0.6202 (X=0.5762, O=0.5904), elapsed=5.6s
iter  209/300: games={'X': 11, 'O': 0, 'draw': 9}, buffer=8000, value_loss=0.0601, policy_loss=0.1971, value_error_vs_solver=0.6309 (X=0.6302, O=0.6331), elapsed=5.5s
iter  210/300: games={'X': 13, 'O': 2, 'draw': 5}, buffer=8000, value_loss=0.0615, policy_loss=0.1985, value_error_vs_solver=0.6169 (X=0.6420, O=0.4957), elapsed=4.4s
iter  211/300: games={'X': 11, 'O': 1, 'draw': 8}, buffer=8000, value_loss=0.0650, policy_loss=0.1974, value_error_vs_solver=0.5771 (X=0.5860, O=0.5385), elapsed=5.0s
iter  212/300: games={'X': 14, 'O': 1, 'draw': 5}, buffer=8000, value_loss=0.0641, policy_loss=0.2013, value_error_vs_solver=0.5396 (X=0.6622, O=0.6035), elapsed=5.4s
iter  213/300: games={'X': 9, 'O': 1, 'draw': 10}, buffer=8000, value_loss=0.0625, policy_loss=0.2019, value_error_vs_solver=0.5641 (X=0.6857, O=0.6003), elapsed=5.5s
iter  214/300: games={'X': 11, 'O': 1, 'draw': 8}, buffer=8000, value_loss=0.0654, policy_loss=0.1983, value_error_vs_solver=0.5901 (X=0.6045, O=0.6450), elapsed=5.3s
iter  215/300: games={'X': 11, 'O': 1, 'draw': 8}, buffer=8000, value_loss=0.0638, policy_loss=0.2025, value_error_vs_solver=0.6422 (X=0.5963, O=0.5836), elapsed=4.9s
iter  216/300: games={'X': 13, 'O': 2, 'draw': 5}, buffer=8000, value_loss=0.0672, policy_loss=0.2020, value_error_vs_solver=0.5697 (X=0.6053, O=0.5770), elapsed=4.5s
iter  217/300: games={'X': 17, 'O': 1, 'draw': 2}, buffer=8000, value_loss=0.0669, policy_loss=0.2053, value_error_vs_solver=0.6400 (X=0.5593, O=0.5861), elapsed=2.6s
iter  218/300: games={'X': 12, 'O': 1, 'draw': 7}, buffer=8000, value_loss=0.0663, policy_loss=0.2045, value_error_vs_solver=0.5940 (X=0.5606, O=0.5929), elapsed=4.0s
iter  219/300: games={'X': 11, 'O': 1, 'draw': 8}, buffer=8000, value_loss=0.0630, policy_loss=0.2061, value_error_vs_solver=0.5718 (X=0.7525, O=0.5411), elapsed=5.1s
iter  220/300: games={'X': 16, 'O': 0, 'draw': 4}, buffer=8000, value_loss=0.0668, policy_loss=0.2143, value_error_vs_solver=0.5836 (X=0.6933, O=0.5023), elapsed=5.1s
iter  221/300: games={'X': 14, 'O': 1, 'draw': 5}, buffer=8000, value_loss=0.0659, policy_loss=0.2146, value_error_vs_solver=0.5610 (X=0.5200, O=0.6212), elapsed=5.7s
iter  222/300: games={'X': 16, 'O': 0, 'draw': 4}, buffer=8000, value_loss=0.0645, policy_loss=0.2094, value_error_vs_solver=0.5597 (X=0.5465, O=0.5635), elapsed=4.0s
iter  223/300: games={'X': 15, 'O': 1, 'draw': 4}, buffer=8000, value_loss=0.0709, policy_loss=0.2213, value_error_vs_solver=0.6181 (X=0.6261, O=0.5563), elapsed=4.4s
iter  224/300: games={'X': 11, 'O': 2, 'draw': 7}, buffer=8000, value_loss=0.0665, policy_loss=0.2141, value_error_vs_solver=0.6022 (X=0.5645, O=0.5954), elapsed=6.1s
iter  225/300: games={'X': 17, 'O': 2, 'draw': 1}, buffer=8000, value_loss=0.0682, policy_loss=0.2132, value_error_vs_solver=0.5835 (X=0.6112, O=0.5156), elapsed=4.1s
iter  226/300: games={'X': 9, 'O': 1, 'draw': 10}, buffer=8000, value_loss=0.0697, policy_loss=0.2125, value_error_vs_solver=0.5609 (X=0.6017, O=0.5531), elapsed=7.6s
iter  227/300: games={'X': 12, 'O': 2, 'draw': 6}, buffer=8000, value_loss=0.0706, policy_loss=0.2119, value_error_vs_solver=0.5497 (X=0.6004, O=0.5439), elapsed=6.1s
iter  228/300: games={'X': 14, 'O': 2, 'draw': 4}, buffer=8000, value_loss=0.0666, policy_loss=0.2107, value_error_vs_solver=0.6069 (X=0.6075, O=0.5664), elapsed=4.5s
iter  229/300: games={'X': 15, 'O': 1, 'draw': 4}, buffer=8000, value_loss=0.0665, policy_loss=0.2114, value_error_vs_solver=0.5261 (X=0.5584, O=0.5650), elapsed=4.5s
iter  230/300: games={'X': 14, 'O': 2, 'draw': 4}, buffer=8000, value_loss=0.0755, policy_loss=0.2170, value_error_vs_solver=0.5938 (X=0.5849, O=0.5548), elapsed=4.6s
iter  231/300: games={'X': 17, 'O': 0, 'draw': 3}, buffer=8000, value_loss=0.0693, policy_loss=0.2211, value_error_vs_solver=0.5834 (X=0.6774, O=0.6264), elapsed=4.8s
iter  232/300: games={'X': 16, 'O': 1, 'draw': 3}, buffer=8000, value_loss=0.0699, policy_loss=0.2226, value_error_vs_solver=0.5665 (X=0.6263, O=0.5178), elapsed=4.6s
iter  233/300: games={'X': 13, 'O': 2, 'draw': 5}, buffer=8000, value_loss=0.0690, policy_loss=0.2228, value_error_vs_solver=0.5769 (X=0.6473, O=0.6117), elapsed=4.9s
iter  234/300: games={'X': 15, 'O': 1, 'draw': 4}, buffer=8000, value_loss=0.0729, policy_loss=0.2259, value_error_vs_solver=0.6046 (X=0.6412, O=0.6747), elapsed=5.0s
iter  235/300: games={'X': 15, 'O': 0, 'draw': 5}, buffer=8000, value_loss=0.0715, policy_loss=0.2299, value_error_vs_solver=0.5791 (X=0.6102, O=0.6019), elapsed=4.6s
iter  236/300: games={'X': 13, 'O': 3, 'draw': 4}, buffer=8000, value_loss=0.0747, policy_loss=0.2322, value_error_vs_solver=0.5629 (X=0.7157, O=0.6154), elapsed=4.8s
iter  237/300: games={'X': 10, 'O': 2, 'draw': 8}, buffer=8000, value_loss=0.0768, policy_loss=0.2325, value_error_vs_solver=0.5868 (X=0.6177, O=0.5978), elapsed=6.5s
iter  238/300: games={'X': 14, 'O': 1, 'draw': 5}, buffer=8000, value_loss=0.0765, policy_loss=0.2334, value_error_vs_solver=0.5939 (X=0.6322, O=0.5958), elapsed=5.0s
iter  239/300: games={'X': 20, 'O': 0, 'draw': 0}, buffer=8000, value_loss=0.0797, policy_loss=0.2418, value_error_vs_solver=0.5685 (X=0.6091, O=0.5670), elapsed=2.5s
iter  240/300: games={'X': 16, 'O': 2, 'draw': 2}, buffer=8000, value_loss=0.0841, policy_loss=0.2416, value_error_vs_solver=0.5971 (X=0.5597, O=0.5770), elapsed=4.2s
iter  241/300: games={'X': 18, 'O': 0, 'draw': 2}, buffer=8000, value_loss=0.0854, policy_loss=0.2508, value_error_vs_solver=0.6319 (X=0.5963, O=0.5915), elapsed=4.5s
iter  242/300: games={'X': 15, 'O': 1, 'draw': 4}, buffer=8000, value_loss=0.0899, policy_loss=0.2553, value_error_vs_solver=0.6444 (X=0.6095, O=0.5954), elapsed=4.4s
iter  243/300: games={'X': 13, 'O': 1, 'draw': 6}, buffer=8000, value_loss=0.0824, policy_loss=0.2514, value_error_vs_solver=0.5528 (X=0.6845, O=0.5437), elapsed=6.1s
iter  244/300: games={'X': 16, 'O': 1, 'draw': 3}, buffer=8000, value_loss=0.0835, policy_loss=0.2601, value_error_vs_solver=0.5636 (X=0.5750, O=0.6301), elapsed=4.3s
iter  245/300: games={'X': 16, 'O': 0, 'draw': 4}, buffer=8000, value_loss=0.0808, policy_loss=0.2568, value_error_vs_solver=0.6197 (X=0.6268, O=0.6135), elapsed=7.1s
iter  246/300: games={'X': 15, 'O': 1, 'draw': 4}, buffer=8000, value_loss=0.0788, policy_loss=0.2599, value_error_vs_solver=0.5782 (X=0.5519, O=0.5432), elapsed=4.4s
iter  247/300: games={'X': 15, 'O': 1, 'draw': 4}, buffer=8000, value_loss=0.0781, policy_loss=0.2608, value_error_vs_solver=0.5781 (X=0.5588, O=0.6553), elapsed=4.7s
iter  248/300: games={'X': 16, 'O': 1, 'draw': 3}, buffer=8000, value_loss=0.0846, policy_loss=0.2593, value_error_vs_solver=0.6195 (X=0.6122, O=0.5948), elapsed=4.8s
iter  249/300: games={'X': 16, 'O': 1, 'draw': 3}, buffer=8000, value_loss=0.0897, policy_loss=0.2619, value_error_vs_solver=0.5997 (X=0.6268, O=0.5474), elapsed=4.8s
iter  250/300: games={'X': 15, 'O': 0, 'draw': 5}, buffer=8000, value_loss=0.0907, policy_loss=0.2664, value_error_vs_solver=0.5937 (X=0.5613, O=0.5994), elapsed=6.8s
iter  251/300: games={'X': 16, 'O': 1, 'draw': 3}, buffer=8000, value_loss=0.0860, policy_loss=0.2721, value_error_vs_solver=0.5745 (X=0.5889, O=0.6012), elapsed=4.0s
iter  252/300: games={'X': 19, 'O': 0, 'draw': 1}, buffer=8000, value_loss=0.0848, policy_loss=0.2760, value_error_vs_solver=0.6036 (X=0.6241, O=0.5847), elapsed=3.7s
iter  253/300: games={'X': 16, 'O': 0, 'draw': 4}, buffer=8000, value_loss=0.0877, policy_loss=0.2755, value_error_vs_solver=0.6124 (X=0.5958, O=0.6080), elapsed=5.1s
iter  254/300: games={'X': 17, 'O': 1, 'draw': 2}, buffer=8000, value_loss=0.0895, policy_loss=0.2781, value_error_vs_solver=0.5530 (X=0.6143, O=0.5558), elapsed=3.7s
iter  255/300: games={'X': 20, 'O': 0, 'draw': 0}, buffer=8000, value_loss=0.0812, policy_loss=0.2737, value_error_vs_solver=0.6234 (X=0.5649, O=0.6121), elapsed=3.1s
iter  256/300: games={'X': 13, 'O': 2, 'draw': 5}, buffer=8000, value_loss=0.0886, policy_loss=0.2826, value_error_vs_solver=0.5856 (X=0.5915, O=0.5614), elapsed=4.4s
iter  257/300: games={'X': 18, 'O': 0, 'draw': 2}, buffer=8000, value_loss=0.0865, policy_loss=0.2773, value_error_vs_solver=0.5704 (X=0.5931, O=0.5885), elapsed=3.8s
iter  258/300: games={'X': 13, 'O': 2, 'draw': 5}, buffer=8000, value_loss=0.0865, policy_loss=0.2865, value_error_vs_solver=0.5566 (X=0.5757, O=0.5777), elapsed=6.1s
iter  259/300: games={'X': 15, 'O': 2, 'draw': 3}, buffer=8000, value_loss=0.0900, policy_loss=0.2852, value_error_vs_solver=0.6105 (X=0.5899, O=0.5868), elapsed=4.1s
iter  260/300: games={'X': 14, 'O': 0, 'draw': 6}, buffer=8000, value_loss=0.0890, policy_loss=0.2798, value_error_vs_solver=0.5556 (X=0.5926, O=0.6188), elapsed=6.5s
iter  261/300: games={'X': 20, 'O': 0, 'draw': 0}, buffer=8000, value_loss=0.0819, policy_loss=0.2880, value_error_vs_solver=0.5543 (X=0.5673, O=0.6192), elapsed=3.5s
iter  262/300: games={'X': 14, 'O': 0, 'draw': 6}, buffer=8000, value_loss=0.0866, policy_loss=0.2878, value_error_vs_solver=0.5619 (X=0.6655, O=0.5965), elapsed=6.0s
iter  263/300: games={'X': 18, 'O': 2, 'draw': 0}, buffer=8000, value_loss=0.0858, policy_loss=0.2838, value_error_vs_solver=0.5316 (X=0.5406, O=0.5383), elapsed=2.2s
iter  264/300: games={'X': 18, 'O': 0, 'draw': 2}, buffer=8000, value_loss=0.0850, policy_loss=0.2943, value_error_vs_solver=0.6299 (X=0.6009, O=0.5949), elapsed=4.0s
iter  265/300: games={'X': 16, 'O': 1, 'draw': 3}, buffer=8000, value_loss=0.0836, policy_loss=0.2881, value_error_vs_solver=0.6533 (X=0.6689, O=0.5447), elapsed=4.4s
iter  266/300: games={'X': 16, 'O': 4, 'draw': 0}, buffer=8000, value_loss=0.0960, policy_loss=0.2930, value_error_vs_solver=0.5276 (X=0.6586, O=0.6077), elapsed=3.8s
iter  267/300: games={'X': 11, 'O': 2, 'draw': 7}, buffer=8000, value_loss=0.0974, policy_loss=0.2831, value_error_vs_solver=0.5405 (X=0.5152, O=0.5681), elapsed=7.3s
iter  268/300: games={'X': 10, 'O': 5, 'draw': 5}, buffer=8000, value_loss=0.0912, policy_loss=0.2901, value_error_vs_solver=0.5984 (X=0.5739, O=0.5902), elapsed=6.5s
iter  269/300: games={'X': 15, 'O': 0, 'draw': 5}, buffer=8000, value_loss=0.0914, policy_loss=0.2840, value_error_vs_solver=0.5597 (X=0.5351, O=0.6227), elapsed=6.5s
iter  270/300: games={'X': 14, 'O': 0, 'draw': 6}, buffer=8000, value_loss=0.0938, policy_loss=0.2773, value_error_vs_solver=0.5541 (X=0.6251, O=0.5785), elapsed=7.5s
iter  271/300: games={'X': 13, 'O': 2, 'draw': 5}, buffer=8000, value_loss=0.0949, policy_loss=0.2727, value_error_vs_solver=0.6065 (X=0.5792, O=0.5784), elapsed=8.2s
iter  272/300: games={'X': 15, 'O': 1, 'draw': 4}, buffer=8000, value_loss=0.0894, policy_loss=0.2830, value_error_vs_solver=0.5809 (X=0.5556, O=0.5811), elapsed=3.7s
iter  273/300: games={'X': 14, 'O': 1, 'draw': 5}, buffer=8000, value_loss=0.0846, policy_loss=0.2792, value_error_vs_solver=0.5366 (X=0.6035, O=0.5683), elapsed=6.4s
iter  274/300: games={'X': 17, 'O': 0, 'draw': 3}, buffer=8000, value_loss=0.0840, policy_loss=0.2706, value_error_vs_solver=0.5444 (X=0.6373, O=0.5188), elapsed=4.3s
iter  275/300: games={'X': 13, 'O': 5, 'draw': 2}, buffer=8000, value_loss=0.0910, policy_loss=0.2635, value_error_vs_solver=0.5934 (X=0.5846, O=0.6452), elapsed=3.6s
iter  276/300: games={'X': 14, 'O': 2, 'draw': 4}, buffer=8000, value_loss=0.0935, policy_loss=0.2710, value_error_vs_solver=0.5846 (X=0.5187, O=0.6068), elapsed=3.7s
iter  277/300: games={'X': 15, 'O': 1, 'draw': 4}, buffer=8000, value_loss=0.0924, policy_loss=0.2676, value_error_vs_solver=0.6005 (X=0.6440, O=0.5780), elapsed=5.2s
iter  278/300: games={'X': 17, 'O': 1, 'draw': 2}, buffer=8000, value_loss=0.0939, policy_loss=0.2684, value_error_vs_solver=0.5697 (X=0.6141, O=0.5859), elapsed=3.7s
iter  279/300: games={'X': 18, 'O': 1, 'draw': 1}, buffer=8000, value_loss=0.0922, policy_loss=0.2636, value_error_vs_solver=0.5704 (X=0.6125, O=0.5131), elapsed=3.3s
iter  280/300: games={'X': 17, 'O': 1, 'draw': 2}, buffer=8000, value_loss=0.0957, policy_loss=0.2718, value_error_vs_solver=0.6232 (X=0.5429, O=0.5141), elapsed=4.2s
iter  281/300: games={'X': 17, 'O': 1, 'draw': 2}, buffer=8000, value_loss=0.0912, policy_loss=0.2704, value_error_vs_solver=0.5935 (X=0.6342, O=0.5620), elapsed=7.7s
iter  282/300: games={'X': 15, 'O': 2, 'draw': 3}, buffer=8000, value_loss=0.0987, policy_loss=0.2754, value_error_vs_solver=0.6002 (X=0.5199, O=0.5727), elapsed=5.2s
iter  283/300: games={'X': 17, 'O': 0, 'draw': 3}, buffer=8000, value_loss=0.0979, policy_loss=0.2674, value_error_vs_solver=0.6008 (X=0.6747, O=0.5740), elapsed=4.5s
iter  284/300: games={'X': 15, 'O': 1, 'draw': 4}, buffer=8000, value_loss=0.0935, policy_loss=0.2746, value_error_vs_solver=0.5690 (X=0.6431, O=0.5486), elapsed=3.5s
iter  285/300: games={'X': 16, 'O': 2, 'draw': 2}, buffer=8000, value_loss=0.1003, policy_loss=0.2804, value_error_vs_solver=0.6270 (X=0.6052, O=0.5880), elapsed=3.6s
iter  286/300: games={'X': 18, 'O': 1, 'draw': 1}, buffer=8000, value_loss=0.1058, policy_loss=0.2788, value_error_vs_solver=0.5346 (X=0.6407, O=0.6297), elapsed=3.0s
iter  287/300: games={'X': 13, 'O': 0, 'draw': 7}, buffer=8000, value_loss=0.1042, policy_loss=0.2629, value_error_vs_solver=0.5913 (X=0.6089, O=0.5203), elapsed=5.7s
iter  288/300: games={'X': 13, 'O': 1, 'draw': 6}, buffer=8000, value_loss=0.1014, policy_loss=0.2600, value_error_vs_solver=0.5806 (X=0.5720, O=0.6584), elapsed=6.7s
iter  289/300: games={'X': 19, 'O': 1, 'draw': 0}, buffer=8000, value_loss=0.1066, policy_loss=0.2653, value_error_vs_solver=0.6440 (X=0.5494, O=0.6459), elapsed=3.2s
iter  290/300: games={'X': 17, 'O': 0, 'draw': 3}, buffer=8000, value_loss=0.1026, policy_loss=0.2596, value_error_vs_solver=0.6320 (X=0.6969, O=0.5789), elapsed=4.7s
iter  291/300: games={'X': 16, 'O': 1, 'draw': 3}, buffer=8000, value_loss=0.0980, policy_loss=0.2612, value_error_vs_solver=0.5585 (X=0.6290, O=0.5430), elapsed=3.6s
iter  292/300: games={'X': 16, 'O': 1, 'draw': 3}, buffer=8000, value_loss=0.1020, policy_loss=0.2593, value_error_vs_solver=0.6005 (X=0.6047, O=0.6196), elapsed=3.3s
iter  293/300: games={'X': 12, 'O': 0, 'draw': 8}, buffer=8000, value_loss=0.0903, policy_loss=0.2586, value_error_vs_solver=0.5870 (X=0.6431, O=0.6154), elapsed=5.7s
iter  294/300: games={'X': 19, 'O': 0, 'draw': 1}, buffer=8000, value_loss=0.0943, policy_loss=0.2569, value_error_vs_solver=0.6077 (X=0.5421, O=0.6200), elapsed=2.7s
iter  295/300: games={'X': 14, 'O': 0, 'draw': 6}, buffer=8000, value_loss=0.0904, policy_loss=0.2532, value_error_vs_solver=0.5645 (X=0.5163, O=0.6375), elapsed=5.4s
iter  296/300: games={'X': 15, 'O': 1, 'draw': 4}, buffer=8000, value_loss=0.0941, policy_loss=0.2540, value_error_vs_solver=0.5856 (X=0.5761, O=0.5877), elapsed=4.3s
iter  297/300: games={'X': 15, 'O': 1, 'draw': 4}, buffer=8000, value_loss=0.0905, policy_loss=0.2494, value_error_vs_solver=0.5983 (X=0.6334, O=0.6130), elapsed=4.1s
iter  298/300: games={'X': 16, 'O': 0, 'draw': 4}, buffer=8000, value_loss=0.0914, policy_loss=0.2447, value_error_vs_solver=0.5671 (X=0.5346, O=0.6045), elapsed=4.5s
iter  299/300: games={'X': 15, 'O': 1, 'draw': 4}, buffer=8000, value_loss=0.0850, policy_loss=0.2441, value_error_vs_solver=0.6507 (X=0.6236, O=0.5832), elapsed=6.2s
iter  300/300: games={'X': 15, 'O': 0, 'draw': 5}, buffer=8000, value_loss=0.0783, policy_loss=0.2403, value_error_vs_solver=0.5825 (X=0.5463, O=0.6081), elapsed=4.5s
Done. Total time: 1404.1s. Saved to selfplay_trained_net_teacher.pkl
