Loading solver states for value-error benchmarking...
Run 'twonet': iterations=300, temperature_moves=6, noise_frac=0.25, teacher_side=None, extra_iterations_side=None
iter    1/300: games={'X': 8, 'O': 10, 'draw': 2}, buffer_x=98, buffer_o=89, value_loss=0.9027, policy_loss=1.5219, value_error_vs_solver=0.7313 (X=0.7279, O=0.7347), elapsed=6.9s
iter    2/300: games={'X': 16, 'O': 4, 'draw': 0}, buffer_x=195, buffer_o=170, value_loss=0.8950, policy_loss=1.5664, value_error_vs_solver=0.7662 (X=0.7459, O=0.7866), elapsed=6.3s
iter    3/300: games={'X': 7, 'O': 10, 'draw': 3}, buffer_x=303, buffer_o=270, value_loss=0.8114, policy_loss=1.5727, value_error_vs_solver=0.8154 (X=0.7401, O=0.8907), elapsed=8.3s
iter    4/300: games={'X': 10, 'O': 10, 'draw': 0}, buffer_x=387, buffer_o=344, value_loss=0.7788, policy_loss=1.5673, value_error_vs_solver=0.8248 (X=0.8002, O=0.8494), elapsed=5.8s
iter    5/300: games={'X': 12, 'O': 8, 'draw': 0}, buffer_x=500, buffer_o=445, value_loss=0.8272, policy_loss=1.5757, value_error_vs_solver=0.7995 (X=0.7628, O=0.8362), elapsed=8.8s
iter    6/300: games={'X': 14, 'O': 5, 'draw': 1}, buffer_x=619, buffer_o=549, value_loss=0.7925, policy_loss=1.5558, value_error_vs_solver=0.7777 (X=0.7500, O=0.8055), elapsed=8.9s
iter    7/300: games={'X': 11, 'O': 9, 'draw': 0}, buffer_x=696, buffer_o=615, value_loss=0.7542, policy_loss=1.5358, value_error_vs_solver=0.7517 (X=0.6400, O=0.8634), elapsed=5.3s
iter    8/300: games={'X': 13, 'O': 6, 'draw': 1}, buffer_x=789, buffer_o=694, value_loss=0.7196, policy_loss=1.5168, value_error_vs_solver=0.7825 (X=0.7067, O=0.8583), elapsed=8.3s
iter    9/300: games={'X': 18, 'O': 2, 'draw': 0}, buffer_x=864, buffer_o=751, value_loss=0.6708, policy_loss=1.5024, value_error_vs_solver=0.7581 (X=0.6593, O=0.8569), elapsed=5.8s
iter   10/300: games={'X': 14, 'O': 3, 'draw': 3}, buffer_x=973, buffer_o=844, value_loss=0.6375, policy_loss=1.4834, value_error_vs_solver=0.8071 (X=0.6841, O=0.9302), elapsed=7.9s
iter   11/300: games={'X': 17, 'O': 3, 'draw': 0}, buffer_x=1055, buffer_o=909, value_loss=0.6134, policy_loss=1.4632, value_error_vs_solver=0.7705 (X=0.6823, O=0.8587), elapsed=5.3s
iter   12/300: games={'X': 13, 'O': 5, 'draw': 2}, buffer_x=1172, buffer_o=1012, value_loss=0.6210, policy_loss=1.4344, value_error_vs_solver=0.7446 (X=0.6574, O=0.8318), elapsed=7.6s
iter   13/300: games={'X': 16, 'O': 4, 'draw': 0}, buffer_x=1259, buffer_o=1083, value_loss=0.6019, policy_loss=1.4064, value_error_vs_solver=0.7496 (X=0.6219, O=0.8773), elapsed=5.8s
iter   14/300: games={'X': 15, 'O': 5, 'draw': 0}, buffer_x=1351, buffer_o=1160, value_loss=0.5972, policy_loss=1.3855, value_error_vs_solver=0.7426 (X=0.5926, O=0.8926), elapsed=6.8s
iter   15/300: games={'X': 12, 'O': 7, 'draw': 1}, buffer_x=1463, buffer_o=1259, value_loss=0.6016, policy_loss=1.3467, value_error_vs_solver=0.7518 (X=0.6567, O=0.8469), elapsed=7.7s
iter   16/300: games={'X': 14, 'O': 4, 'draw': 2}, buffer_x=1574, buffer_o=1355, value_loss=0.5797, policy_loss=1.3164, value_error_vs_solver=0.7652 (X=0.6971, O=0.8333), elapsed=7.7s
iter   17/300: games={'X': 16, 'O': 4, 'draw': 0}, buffer_x=1659, buffer_o=1424, value_loss=0.5731, policy_loss=1.2894, value_error_vs_solver=0.7047 (X=0.6407, O=0.7687), elapsed=3.8s
iter   18/300: games={'X': 13, 'O': 3, 'draw': 4}, buffer_x=1771, buffer_o=1522, value_loss=0.5501, policy_loss=1.2555, value_error_vs_solver=0.7362 (X=0.6314, O=0.8411), elapsed=6.5s
iter   19/300: games={'X': 17, 'O': 2, 'draw': 1}, buffer_x=1861, buffer_o=1594, value_loss=0.5288, policy_loss=1.2213, value_error_vs_solver=0.7519 (X=0.6841, O=0.8198), elapsed=4.7s
iter   20/300: games={'X': 18, 'O': 2, 'draw': 0}, buffer_x=1944, buffer_o=1659, value_loss=0.5175, policy_loss=1.2034, value_error_vs_solver=0.7125 (X=0.6266, O=0.7984), elapsed=4.4s
iter   21/300: games={'X': 15, 'O': 4, 'draw': 1}, buffer_x=2042, buffer_o=1741, value_loss=0.5117, policy_loss=1.1750, value_error_vs_solver=0.7013 (X=0.6170, O=0.7856), elapsed=4.4s
iter   22/300: games={'X': 15, 'O': 3, 'draw': 2}, buffer_x=2134, buffer_o=1816, value_loss=0.5080, policy_loss=1.1571, value_error_vs_solver=0.7006 (X=0.6135, O=0.7876), elapsed=5.1s
iter   23/300: games={'X': 16, 'O': 1, 'draw': 3}, buffer_x=2238, buffer_o=1902, value_loss=0.4847, policy_loss=1.1314, value_error_vs_solver=0.6502 (X=0.5182, O=0.7821), elapsed=5.8s
iter   24/300: games={'X': 17, 'O': 1, 'draw': 2}, buffer_x=2351, buffer_o=1997, value_loss=0.4663, policy_loss=1.1128, value_error_vs_solver=0.7021 (X=0.6102, O=0.7941), elapsed=6.4s
iter   25/300: games={'X': 14, 'O': 5, 'draw': 1}, buffer_x=2447, buffer_o=2079, value_loss=0.4708, policy_loss=1.0991, value_error_vs_solver=0.6486 (X=0.5939, O=0.7034), elapsed=4.6s
iter   26/300: games={'X': 15, 'O': 0, 'draw': 5}, buffer_x=2561, buffer_o=2175, value_loss=0.4467, policy_loss=1.0698, value_error_vs_solver=0.6818 (X=0.6029, O=0.7607), elapsed=7.8s
iter   27/300: games={'X': 17, 'O': 1, 'draw': 2}, buffer_x=2676, buffer_o=2272, value_loss=0.4326, policy_loss=1.0574, value_error_vs_solver=0.6434 (X=0.5852, O=0.7015), elapsed=7.6s
iter   28/300: games={'X': 15, 'O': 2, 'draw': 3}, buffer_x=2790, buffer_o=2371, value_loss=0.4257, policy_loss=1.0265, value_error_vs_solver=0.6792 (X=0.6114, O=0.7470), elapsed=7.9s
iter   29/300: games={'X': 9, 'O': 3, 'draw': 8}, buffer_x=2946, buffer_o=2516, value_loss=0.4208, policy_loss=1.0072, value_error_vs_solver=0.6973 (X=0.6740, O=0.7206), elapsed=11.2s
iter   30/300: games={'X': 11, 'O': 5, 'draw': 4}, buffer_x=3064, buffer_o=2622, value_loss=0.4239, policy_loss=0.9936, value_error_vs_solver=0.6861 (X=0.6048, O=0.7673), elapsed=7.4s
iter   31/300: games={'X': 10, 'O': 3, 'draw': 7}, buffer_x=3217, buffer_o=2765, value_loss=0.4205, policy_loss=0.9727, value_error_vs_solver=0.6666 (X=0.6234, O=0.7098), elapsed=11.1s
iter   32/300: games={'X': 8, 'O': 1, 'draw': 11}, buffer_x=3402, buffer_o=2939, value_loss=0.4033, policy_loss=0.9511, value_error_vs_solver=0.6546 (X=0.6101, O=0.6992), elapsed=12.3s
iter   33/300: games={'X': 4, 'O': 2, 'draw': 14}, buffer_x=3668, buffer_o=3198, value_loss=0.3863, policy_loss=0.9140, value_error_vs_solver=0.6517 (X=0.6004, O=0.7031), elapsed=20.3s
iter   34/300: games={'X': 7, 'O': 0, 'draw': 13}, buffer_x=3833, buffer_o=3352, value_loss=0.3663, policy_loss=0.8843, value_error_vs_solver=0.6605 (X=0.6252, O=0.6959), elapsed=11.1s
iter   35/300: games={'X': 9, 'O': 2, 'draw': 9}, buffer_x=3981, buffer_o=3486, value_loss=0.3559, policy_loss=0.8658, value_error_vs_solver=0.6395 (X=0.5646, O=0.7144), elapsed=10.0s
iter   36/300: games={'X': 6, 'O': 2, 'draw': 12}, buffer_x=4167, buffer_o=3664, value_loss=0.3433, policy_loss=0.8499, value_error_vs_solver=0.6350 (X=0.5890, O=0.6810), elapsed=13.5s
iter   37/300: games={'X': 4, 'O': 2, 'draw': 14}, buffer_x=4376, buffer_o=3864, value_loss=0.3299, policy_loss=0.8266, value_error_vs_solver=0.5700 (X=0.5595, O=0.5806), elapsed=14.2s
iter   38/300: games={'X': 3, 'O': 2, 'draw': 15}, buffer_x=4579, buffer_o=4060, value_loss=0.3186, policy_loss=0.8064, value_error_vs_solver=0.6091 (X=0.5539, O=0.6644), elapsed=13.7s
iter   39/300: games={'X': 4, 'O': 2, 'draw': 14}, buffer_x=4764, buffer_o=4235, value_loss=0.3097, policy_loss=0.7897, value_error_vs_solver=0.6135 (X=0.5564, O=0.6705), elapsed=14.0s
iter   40/300: games={'X': 6, 'O': 1, 'draw': 13}, buffer_x=4899, buffer_o=4354, value_loss=0.3001, policy_loss=0.7796, value_error_vs_solver=0.6005 (X=0.5838, O=0.6171), elapsed=11.0s
iter   41/300: games={'X': 5, 'O': 3, 'draw': 12}, buffer_x=5050, buffer_o=4493, value_loss=0.2969, policy_loss=0.7703, value_error_vs_solver=0.6312 (X=0.5999, O=0.6625), elapsed=11.2s
iter   42/300: games={'X': 8, 'O': 1, 'draw': 11}, buffer_x=5189, buffer_o=4617, value_loss=0.2943, policy_loss=0.7642, value_error_vs_solver=0.5756 (X=0.5311, O=0.6201), elapsed=9.6s
iter   43/300: games={'X': 10, 'O': 5, 'draw': 5}, buffer_x=5295, buffer_o=4713, value_loss=0.2920, policy_loss=0.7606, value_error_vs_solver=0.5834 (X=0.5736, O=0.5932), elapsed=6.9s
iter   44/300: games={'X': 7, 'O': 1, 'draw': 12}, buffer_x=5440, buffer_o=4846, value_loss=0.2864, policy_loss=0.7496, value_error_vs_solver=0.6070 (X=0.5397, O=0.6743), elapsed=8.6s
iter   45/300: games={'X': 11, 'O': 1, 'draw': 8}, buffer_x=5563, buffer_o=4954, value_loss=0.2814, policy_loss=0.7439, value_error_vs_solver=0.5632 (X=0.5323, O=0.5941), elapsed=7.6s
iter   46/300: games={'X': 6, 'O': 6, 'draw': 8}, buffer_x=5678, buffer_o=5057, value_loss=0.2816, policy_loss=0.7382, value_error_vs_solver=0.5603 (X=0.5312, O=0.5895), elapsed=8.1s
iter   47/300: games={'X': 12, 'O': 3, 'draw': 5}, buffer_x=5781, buffer_o=5144, value_loss=0.2825, policy_loss=0.7387, value_error_vs_solver=0.5755 (X=0.5829, O=0.5681), elapsed=7.2s
iter   48/300: games={'X': 13, 'O': 2, 'draw': 5}, buffer_x=5886, buffer_o=5233, value_loss=0.2778, policy_loss=0.7353, value_error_vs_solver=0.5869 (X=0.5787, O=0.5950), elapsed=6.4s
iter   49/300: games={'X': 13, 'O': 2, 'draw': 5}, buffer_x=6002, buffer_o=5335, value_loss=0.2770, policy_loss=0.7330, value_error_vs_solver=0.5898 (X=0.5954, O=0.5842), elapsed=7.0s
iter   50/300: games={'X': 13, 'O': 4, 'draw': 3}, buffer_x=6094, buffer_o=5414, value_loss=0.2780, policy_loss=0.7294, value_error_vs_solver=0.5583 (X=0.5382, O=0.5784), elapsed=6.0s
iter   51/300: games={'X': 10, 'O': 2, 'draw': 8}, buffer_x=6219, buffer_o=5524, value_loss=0.2738, policy_loss=0.7265, value_error_vs_solver=0.6080 (X=0.6122, O=0.6038), elapsed=9.1s
iter   52/300: games={'X': 14, 'O': 1, 'draw': 5}, buffer_x=6326, buffer_o=5614, value_loss=0.2742, policy_loss=0.7249, value_error_vs_solver=0.6021 (X=0.6030, O=0.6011), elapsed=6.4s
iter   53/300: games={'X': 11, 'O': 2, 'draw': 7}, buffer_x=6445, buffer_o=5719, value_loss=0.2719, policy_loss=0.7207, value_error_vs_solver=0.5409 (X=0.5168, O=0.5650), elapsed=7.1s
iter   54/300: games={'X': 12, 'O': 2, 'draw': 6}, buffer_x=6553, buffer_o=5812, value_loss=0.2703, policy_loss=0.7196, value_error_vs_solver=0.5776 (X=0.6117, O=0.5436), elapsed=5.2s
iter   55/300: games={'X': 15, 'O': 1, 'draw': 4}, buffer_x=6654, buffer_o=5897, value_loss=0.2705, policy_loss=0.7193, value_error_vs_solver=0.5981 (X=0.5474, O=0.6487), elapsed=5.6s
iter   56/300: games={'X': 11, 'O': 2, 'draw': 7}, buffer_x=6774, buffer_o=6001, value_loss=0.2679, policy_loss=0.7152, value_error_vs_solver=0.5517 (X=0.4904, O=0.6131), elapsed=7.2s
iter   57/300: games={'X': 13, 'O': 3, 'draw': 4}, buffer_x=6867, buffer_o=6079, value_loss=0.2664, policy_loss=0.7151, value_error_vs_solver=0.5630 (X=0.5352, O=0.5908), elapsed=5.8s
iter   58/300: games={'X': 16, 'O': 0, 'draw': 4}, buffer_x=6968, buffer_o=6162, value_loss=0.2624, policy_loss=0.7135, value_error_vs_solver=0.6005 (X=0.6057, O=0.5953), elapsed=6.2s
iter   59/300: games={'X': 16, 'O': 1, 'draw': 3}, buffer_x=7065, buffer_o=6241, value_loss=0.2612, policy_loss=0.7126, value_error_vs_solver=0.5853 (X=0.6190, O=0.5516), elapsed=5.1s
iter   60/300: games={'X': 13, 'O': 2, 'draw': 5}, buffer_x=7161, buffer_o=6320, value_loss=0.2615, policy_loss=0.7098, value_error_vs_solver=0.6124 (X=0.6048, O=0.6200), elapsed=6.0s
iter   61/300: games={'X': 16, 'O': 1, 'draw': 3}, buffer_x=7250, buffer_o=6393, value_loss=0.2593, policy_loss=0.7082, value_error_vs_solver=0.5720 (X=0.5527, O=0.5913), elapsed=5.3s
iter   62/300: games={'X': 16, 'O': 0, 'draw': 4}, buffer_x=7351, buffer_o=6477, value_loss=0.2583, policy_loss=0.7076, value_error_vs_solver=0.5623 (X=0.5296, O=0.5950), elapsed=6.1s
iter   63/300: games={'X': 19, 'O': 0, 'draw': 1}, buffer_x=7434, buffer_o=6540, value_loss=0.2569, policy_loss=0.7076, value_error_vs_solver=0.5921 (X=0.6005, O=0.5838), elapsed=4.5s
iter   64/300: games={'X': 15, 'O': 1, 'draw': 4}, buffer_x=7537, buffer_o=6624, value_loss=0.2546, policy_loss=0.7051, value_error_vs_solver=0.5848 (X=0.5645, O=0.6051), elapsed=6.6s
iter   65/300: games={'X': 17, 'O': 2, 'draw': 1}, buffer_x=7632, buffer_o=6701, value_loss=0.2552, policy_loss=0.7033, value_error_vs_solver=0.5730 (X=0.5602, O=0.5858), elapsed=5.2s
iter   66/300: games={'X': 18, 'O': 0, 'draw': 2}, buffer_x=7719, buffer_o=6769, value_loss=0.2539, policy_loss=0.7028, value_error_vs_solver=0.5119 (X=0.5029, O=0.5209), elapsed=4.7s
iter   67/300: games={'X': 16, 'O': 0, 'draw': 4}, buffer_x=7826, buffer_o=6857, value_loss=0.2508, policy_loss=0.6983, value_error_vs_solver=0.5727 (X=0.6032, O=0.5421), elapsed=6.9s
iter   68/300: games={'X': 15, 'O': 1, 'draw': 4}, buffer_x=7933, buffer_o=6945, value_loss=0.2484, policy_loss=0.6999, value_error_vs_solver=0.5865 (X=0.6171, O=0.5559), elapsed=6.9s
iter   69/300: games={'X': 15, 'O': 0, 'draw': 5}, buffer_x=8000, buffer_o=7037, value_loss=0.2448, policy_loss=0.6943, value_error_vs_solver=0.5480 (X=0.5381, O=0.5579), elapsed=6.2s
iter   70/300: games={'X': 17, 'O': 0, 'draw': 3}, buffer_x=8000, buffer_o=7109, value_loss=0.2427, policy_loss=0.6878, value_error_vs_solver=0.5257 (X=0.4741, O=0.5774), elapsed=5.3s
iter   71/300: games={'X': 16, 'O': 1, 'draw': 3}, buffer_x=8000, buffer_o=7181, value_loss=0.2394, policy_loss=0.6833, value_error_vs_solver=0.5480 (X=0.5810, O=0.5150), elapsed=6.2s
iter   72/300: games={'X': 17, 'O': 0, 'draw': 3}, buffer_x=8000, buffer_o=7264, value_loss=0.2349, policy_loss=0.6758, value_error_vs_solver=0.5582 (X=0.5570, O=0.5593), elapsed=6.7s
iter   73/300: games={'X': 18, 'O': 0, 'draw': 2}, buffer_x=8000, buffer_o=7340, value_loss=0.2293, policy_loss=0.6696, value_error_vs_solver=0.5164 (X=0.4708, O=0.5619), elapsed=5.2s
iter   74/300: games={'X': 16, 'O': 1, 'draw': 3}, buffer_x=8000, buffer_o=7420, value_loss=0.2262, policy_loss=0.6645, value_error_vs_solver=0.5169 (X=0.5000, O=0.5337), elapsed=5.5s
iter   75/300: games={'X': 17, 'O': 0, 'draw': 3}, buffer_x=8000, buffer_o=7493, value_loss=0.2235, policy_loss=0.6601, value_error_vs_solver=0.5728 (X=0.5722, O=0.5734), elapsed=4.8s
iter   76/300: games={'X': 19, 'O': 0, 'draw': 1}, buffer_x=8000, buffer_o=7551, value_loss=0.2211, policy_loss=0.6566, value_error_vs_solver=0.6091 (X=0.5407, O=0.6775), elapsed=3.7s
iter   77/300: games={'X': 18, 'O': 0, 'draw': 2}, buffer_x=8000, buffer_o=7623, value_loss=0.2158, policy_loss=0.6506, value_error_vs_solver=0.5261 (X=0.4263, O=0.6260), elapsed=3.9s
iter   78/300: games={'X': 16, 'O': 1, 'draw': 3}, buffer_x=8000, buffer_o=7702, value_loss=0.2162, policy_loss=0.6493, value_error_vs_solver=0.5120 (X=0.4788, O=0.5452), elapsed=5.2s
iter   79/300: games={'X': 15, 'O': 1, 'draw': 4}, buffer_x=8000, buffer_o=7793, value_loss=0.2147, policy_loss=0.6457, value_error_vs_solver=0.5107 (X=0.5192, O=0.5021), elapsed=6.2s
iter   80/300: games={'X': 18, 'O': 0, 'draw': 2}, buffer_x=8000, buffer_o=7858, value_loss=0.2125, policy_loss=0.6431, value_error_vs_solver=0.5698 (X=0.5432, O=0.5964), elapsed=5.1s
iter   81/300: games={'X': 15, 'O': 2, 'draw': 3}, buffer_x=8000, buffer_o=7936, value_loss=0.2081, policy_loss=0.6402, value_error_vs_solver=0.5186 (X=0.5024, O=0.5348), elapsed=4.2s
iter   82/300: games={'X': 14, 'O': 0, 'draw': 6}, buffer_x=8000, buffer_o=8000, value_loss=0.2060, policy_loss=0.6353, value_error_vs_solver=0.5867 (X=0.5638, O=0.6096), elapsed=7.6s
iter   83/300: games={'X': 19, 'O': 0, 'draw': 1}, buffer_x=8000, buffer_o=8000, value_loss=0.2002, policy_loss=0.6322, value_error_vs_solver=0.5672 (X=0.5706, O=0.5637), elapsed=5.7s
iter   84/300: games={'X': 19, 'O': 1, 'draw': 0}, buffer_x=8000, buffer_o=8000, value_loss=0.1975, policy_loss=0.6290, value_error_vs_solver=0.4974 (X=0.4655, O=0.5292), elapsed=5.1s
iter   85/300: games={'X': 18, 'O': 2, 'draw': 0}, buffer_x=8000, buffer_o=8000, value_loss=0.1945, policy_loss=0.6270, value_error_vs_solver=0.5472 (X=0.5805, O=0.5138), elapsed=4.8s
iter   86/300: games={'X': 20, 'O': 0, 'draw': 0}, buffer_x=8000, buffer_o=8000, value_loss=0.1917, policy_loss=0.6243, value_error_vs_solver=0.5326 (X=0.5359, O=0.5292), elapsed=4.3s
iter   87/300: games={'X': 19, 'O': 0, 'draw': 1}, buffer_x=8000, buffer_o=8000, value_loss=0.1889, policy_loss=0.6211, value_error_vs_solver=0.5590 (X=0.5409, O=0.5771), elapsed=4.6s
iter   88/300: games={'X': 17, 'O': 1, 'draw': 2}, buffer_x=8000, buffer_o=8000, value_loss=0.1845, policy_loss=0.6196, value_error_vs_solver=0.4953 (X=0.4733, O=0.5173), elapsed=4.9s
iter   89/300: games={'X': 19, 'O': 1, 'draw': 0}, buffer_x=8000, buffer_o=8000, value_loss=0.1814, policy_loss=0.6171, value_error_vs_solver=0.5268 (X=0.4932, O=0.5605), elapsed=4.4s
iter   90/300: games={'X': 19, 'O': 1, 'draw': 0}, buffer_x=8000, buffer_o=8000, value_loss=0.1792, policy_loss=0.6175, value_error_vs_solver=0.5256 (X=0.5056, O=0.5457), elapsed=4.3s
iter   91/300: games={'X': 18, 'O': 1, 'draw': 1}, buffer_x=8000, buffer_o=8000, value_loss=0.1785, policy_loss=0.6156, value_error_vs_solver=0.5096 (X=0.4870, O=0.5323), elapsed=4.5s
iter   92/300: games={'X': 18, 'O': 1, 'draw': 1}, buffer_x=8000, buffer_o=8000, value_loss=0.1751, policy_loss=0.6136, value_error_vs_solver=0.5412 (X=0.5363, O=0.5461), elapsed=5.2s
iter   93/300: games={'X': 17, 'O': 0, 'draw': 3}, buffer_x=8000, buffer_o=8000, value_loss=0.1714, policy_loss=0.6116, value_error_vs_solver=0.5107 (X=0.5107, O=0.5107), elapsed=6.6s
iter   94/300: games={'X': 17, 'O': 1, 'draw': 2}, buffer_x=8000, buffer_o=8000, value_loss=0.1704, policy_loss=0.6080, value_error_vs_solver=0.5507 (X=0.5619, O=0.5394), elapsed=5.9s
iter   95/300: games={'X': 15, 'O': 1, 'draw': 4}, buffer_x=8000, buffer_o=8000, value_loss=0.1682, policy_loss=0.6052, value_error_vs_solver=0.4732 (X=0.4512, O=0.4952), elapsed=7.4s
iter   96/300: games={'X': 19, 'O': 1, 'draw': 0}, buffer_x=8000, buffer_o=8000, value_loss=0.1673, policy_loss=0.6033, value_error_vs_solver=0.5230 (X=0.4873, O=0.5587), elapsed=4.6s
iter   97/300: games={'X': 17, 'O': 3, 'draw': 0}, buffer_x=8000, buffer_o=8000, value_loss=0.1652, policy_loss=0.6022, value_error_vs_solver=0.5188 (X=0.5439, O=0.4937), elapsed=5.2s
iter   98/300: games={'X': 19, 'O': 0, 'draw': 1}, buffer_x=8000, buffer_o=8000, value_loss=0.1638, policy_loss=0.6021, value_error_vs_solver=0.4731 (X=0.4421, O=0.5040), elapsed=4.1s
iter   99/300: games={'X': 20, 'O': 0, 'draw': 0}, buffer_x=8000, buffer_o=8000, value_loss=0.1618, policy_loss=0.6020, value_error_vs_solver=0.5712 (X=0.5901, O=0.5524), elapsed=3.8s
iter  100/300: games={'X': 18, 'O': 1, 'draw': 1}, buffer_x=8000, buffer_o=8000, value_loss=0.1597, policy_loss=0.5995, value_error_vs_solver=0.4815 (X=0.4602, O=0.5029), elapsed=4.9s
iter  101/300: games={'X': 19, 'O': 0, 'draw': 1}, buffer_x=8000, buffer_o=8000, value_loss=0.1565, policy_loss=0.6000, value_error_vs_solver=0.5190 (X=0.5309, O=0.5070), elapsed=4.3s
iter  102/300: games={'X': 17, 'O': 0, 'draw': 3}, buffer_x=8000, buffer_o=8000, value_loss=0.1534, policy_loss=0.5967, value_error_vs_solver=0.4865 (X=0.4847, O=0.4882), elapsed=5.5s
iter  103/300: games={'X': 19, 'O': 1, 'draw': 0}, buffer_x=8000, buffer_o=8000, value_loss=0.1531, policy_loss=0.5976, value_error_vs_solver=0.5167 (X=0.4955, O=0.5379), elapsed=4.5s
iter  104/300: games={'X': 18, 'O': 1, 'draw': 1}, buffer_x=8000, buffer_o=8000, value_loss=0.1507, policy_loss=0.5959, value_error_vs_solver=0.5020 (X=0.5040, O=0.5000), elapsed=5.5s
iter  105/300: games={'X': 20, 'O': 0, 'draw': 0}, buffer_x=8000, buffer_o=8000, value_loss=0.1486, policy_loss=0.5961, value_error_vs_solver=0.5378 (X=0.5655, O=0.5101), elapsed=4.7s
iter  106/300: games={'X': 19, 'O': 1, 'draw': 0}, buffer_x=8000, buffer_o=8000, value_loss=0.1486, policy_loss=0.5965, value_error_vs_solver=0.5026 (X=0.5266, O=0.4786), elapsed=5.1s
iter  107/300: games={'X': 18, 'O': 1, 'draw': 1}, buffer_x=8000, buffer_o=8000, value_loss=0.1472, policy_loss=0.5957, value_error_vs_solver=0.4856 (X=0.4934, O=0.4779), elapsed=4.6s
iter  108/300: games={'X': 18, 'O': 0, 'draw': 2}, buffer_x=8000, buffer_o=8000, value_loss=0.1455, policy_loss=0.5943, value_error_vs_solver=0.5410 (X=0.5266, O=0.5554), elapsed=5.4s
iter  109/300: games={'X': 19, 'O': 1, 'draw': 0}, buffer_x=8000, buffer_o=8000, value_loss=0.1452, policy_loss=0.5935, value_error_vs_solver=0.4754 (X=0.4523, O=0.4985), elapsed=4.0s
iter  110/300: games={'X': 17, 'O': 1, 'draw': 2}, buffer_x=8000, buffer_o=8000, value_loss=0.1446, policy_loss=0.5925, value_error_vs_solver=0.4915 (X=0.4667, O=0.5162), elapsed=5.4s
iter  111/300: games={'X': 16, 'O': 2, 'draw': 2}, buffer_x=8000, buffer_o=8000, value_loss=0.1440, policy_loss=0.5913, value_error_vs_solver=0.5121 (X=0.5405, O=0.4838), elapsed=5.1s
iter  112/300: games={'X': 18, 'O': 1, 'draw': 1}, buffer_x=8000, buffer_o=8000, value_loss=0.1428, policy_loss=0.5911, value_error_vs_solver=0.4394 (X=0.4584, O=0.4203), elapsed=4.8s
iter  113/300: games={'X': 19, 'O': 0, 'draw': 1}, buffer_x=8000, buffer_o=8000, value_loss=0.1416, policy_loss=0.5889, value_error_vs_solver=0.4585 (X=0.4964, O=0.4205), elapsed=5.2s
iter  114/300: games={'X': 17, 'O': 2, 'draw': 1}, buffer_x=8000, buffer_o=8000, value_loss=0.1398, policy_loss=0.5880, value_error_vs_solver=0.5153 (X=0.5881, O=0.4425), elapsed=5.0s
iter  115/300: games={'X': 20, 'O': 0, 'draw': 0}, buffer_x=8000, buffer_o=8000, value_loss=0.1400, policy_loss=0.5870, value_error_vs_solver=0.4717 (X=0.5004, O=0.4430), elapsed=4.7s
iter  116/300: games={'X': 19, 'O': 1, 'draw': 0}, buffer_x=8000, buffer_o=8000, value_loss=0.1384, policy_loss=0.5865, value_error_vs_solver=0.5019 (X=0.5241, O=0.4798), elapsed=4.9s
iter  117/300: games={'X': 20, 'O': 0, 'draw': 0}, buffer_x=8000, buffer_o=8000, value_loss=0.1366, policy_loss=0.5855, value_error_vs_solver=0.5073 (X=0.5342, O=0.4805), elapsed=5.1s
iter  118/300: games={'X': 18, 'O': 0, 'draw': 2}, buffer_x=8000, buffer_o=8000, value_loss=0.1358, policy_loss=0.5853, value_error_vs_solver=0.5238 (X=0.5713, O=0.4762), elapsed=6.2s
iter  119/300: games={'X': 19, 'O': 0, 'draw': 1}, buffer_x=8000, buffer_o=8000, value_loss=0.1335, policy_loss=0.5840, value_error_vs_solver=0.4912 (X=0.5774, O=0.4050), elapsed=5.9s
iter  120/300: games={'X': 18, 'O': 0, 'draw': 2}, buffer_x=8000, buffer_o=8000, value_loss=0.1316, policy_loss=0.5820, value_error_vs_solver=0.5611 (X=0.5863, O=0.5360), elapsed=5.7s
iter  121/300: games={'X': 17, 'O': 0, 'draw': 3}, buffer_x=8000, buffer_o=8000, value_loss=0.1306, policy_loss=0.5820, value_error_vs_solver=0.4703 (X=0.4431, O=0.4976), elapsed=6.5s
iter  122/300: games={'X': 16, 'O': 3, 'draw': 1}, buffer_x=8000, buffer_o=8000, value_loss=0.1324, policy_loss=0.5832, value_error_vs_solver=0.5402 (X=0.5804, O=0.5000), elapsed=5.1s
iter  123/300: games={'X': 17, 'O': 2, 'draw': 1}, buffer_x=8000, buffer_o=8000, value_loss=0.1320, policy_loss=0.5829, value_error_vs_solver=0.4628 (X=0.4788, O=0.4468), elapsed=5.2s
iter  124/300: games={'X': 19, 'O': 1, 'draw': 0}, buffer_x=8000, buffer_o=8000, value_loss=0.1315, policy_loss=0.5827, value_error_vs_solver=0.4708 (X=0.5269, O=0.4148), elapsed=4.5s
iter  125/300: games={'X': 20, 'O': 0, 'draw': 0}, buffer_x=8000, buffer_o=8000, value_loss=0.1305, policy_loss=0.5830, value_error_vs_solver=0.4795 (X=0.4905, O=0.4684), elapsed=5.2s
iter  126/300: games={'X': 19, 'O': 1, 'draw': 0}, buffer_x=8000, buffer_o=8000, value_loss=0.1304, policy_loss=0.5837, value_error_vs_solver=0.5503 (X=0.5997, O=0.5009), elapsed=4.1s
iter  127/300: games={'X': 18, 'O': 1, 'draw': 1}, buffer_x=8000, buffer_o=8000, value_loss=0.1292, policy_loss=0.5825, value_error_vs_solver=0.5280 (X=0.4917, O=0.5642), elapsed=5.3s
iter  128/300: games={'X': 19, 'O': 1, 'draw': 0}, buffer_x=8000, buffer_o=8000, value_loss=0.1280, policy_loss=0.5827, value_error_vs_solver=0.5031 (X=0.5013, O=0.5048), elapsed=4.5s
iter  129/300: games={'X': 19, 'O': 0, 'draw': 1}, buffer_x=8000, buffer_o=8000, value_loss=0.1263, policy_loss=0.5834, value_error_vs_solver=0.5221 (X=0.5665, O=0.4778), elapsed=5.6s
iter  130/300: games={'X': 19, 'O': 0, 'draw': 1}, buffer_x=8000, buffer_o=8000, value_loss=0.1254, policy_loss=0.5838, value_error_vs_solver=0.5107 (X=0.5366, O=0.4848), elapsed=4.6s
iter  131/300: games={'X': 18, 'O': 0, 'draw': 2}, buffer_x=8000, buffer_o=8000, value_loss=0.1247, policy_loss=0.5852, value_error_vs_solver=0.4793 (X=0.5239, O=0.4347), elapsed=5.7s
iter  132/300: games={'X': 20, 'O': 0, 'draw': 0}, buffer_x=8000, buffer_o=8000, value_loss=0.1216, policy_loss=0.5873, value_error_vs_solver=0.4960 (X=0.5378, O=0.4542), elapsed=4.4s
iter  133/300: games={'X': 19, 'O': 1, 'draw': 0}, buffer_x=8000, buffer_o=8000, value_loss=0.1198, policy_loss=0.5894, value_error_vs_solver=0.4798 (X=0.4909, O=0.4686), elapsed=5.3s
iter  134/300: games={'X': 20, 'O': 0, 'draw': 0}, buffer_x=8000, buffer_o=8000, value_loss=0.1189, policy_loss=0.5912, value_error_vs_solver=0.4486 (X=0.5215, O=0.3756), elapsed=4.4s
iter  135/300: games={'X': 20, 'O': 0, 'draw': 0}, buffer_x=8000, buffer_o=8000, value_loss=0.1170, policy_loss=0.5933, value_error_vs_solver=0.4382 (X=0.4615, O=0.4149), elapsed=4.4s
iter  136/300: games={'X': 19, 'O': 0, 'draw': 1}, buffer_x=8000, buffer_o=8000, value_loss=0.1164, policy_loss=0.5950, value_error_vs_solver=0.5030 (X=0.5353, O=0.4708), elapsed=4.6s
iter  137/300: games={'X': 16, 'O': 1, 'draw': 3}, buffer_x=8000, buffer_o=8000, value_loss=0.1144, policy_loss=0.5953, value_error_vs_solver=0.5052 (X=0.5455, O=0.4649), elapsed=5.8s
iter  138/300: games={'X': 20, 'O': 0, 'draw': 0}, buffer_x=8000, buffer_o=8000, value_loss=0.1122, policy_loss=0.5967, value_error_vs_solver=0.4978 (X=0.5282, O=0.4674), elapsed=5.6s
iter  139/300: games={'X': 18, 'O': 2, 'draw': 0}, buffer_x=8000, buffer_o=8000, value_loss=0.1130, policy_loss=0.5972, value_error_vs_solver=0.4706 (X=0.5081, O=0.4331), elapsed=5.5s
iter  140/300: games={'X': 15, 'O': 0, 'draw': 5}, buffer_x=8000, buffer_o=8000, value_loss=0.1117, policy_loss=0.5981, value_error_vs_solver=0.5062 (X=0.5453, O=0.4670), elapsed=7.5s
iter  141/300: games={'X': 18, 'O': 0, 'draw': 2}, buffer_x=8000, buffer_o=8000, value_loss=0.1095, policy_loss=0.6000, value_error_vs_solver=0.5469 (X=0.6006, O=0.4931), elapsed=4.9s
iter  142/300: games={'X': 20, 'O': 0, 'draw': 0}, buffer_x=8000, buffer_o=8000, value_loss=0.1083, policy_loss=0.6032, value_error_vs_solver=0.4800 (X=0.5153, O=0.4448), elapsed=4.3s
iter  143/300: games={'X': 20, 'O': 0, 'draw': 0}, buffer_x=8000, buffer_o=8000, value_loss=0.1062, policy_loss=0.6062, value_error_vs_solver=0.5451 (X=0.6100, O=0.4802), elapsed=4.2s
iter  144/300: games={'X': 19, 'O': 0, 'draw': 1}, buffer_x=8000, buffer_o=8000, value_loss=0.1054, policy_loss=0.6091, value_error_vs_solver=0.5110 (X=0.5194, O=0.5027), elapsed=4.4s
iter  145/300: games={'X': 18, 'O': 0, 'draw': 2}, buffer_x=8000, buffer_o=8000, value_loss=0.1031, policy_loss=0.6104, value_error_vs_solver=0.4534 (X=0.4487, O=0.4581), elapsed=4.7s
iter  146/300: games={'X': 19, 'O': 0, 'draw': 1}, buffer_x=8000, buffer_o=8000, value_loss=0.1028, policy_loss=0.6130, value_error_vs_solver=0.5535 (X=0.5947, O=0.5122), elapsed=4.4s
iter  147/300: games={'X': 17, 'O': 1, 'draw': 2}, buffer_x=8000, buffer_o=8000, value_loss=0.1014, policy_loss=0.6142, value_error_vs_solver=0.4766 (X=0.5335, O=0.4196), elapsed=6.0s
iter  148/300: games={'X': 18, 'O': 1, 'draw': 1}, buffer_x=8000, buffer_o=8000, value_loss=0.1009, policy_loss=0.6173, value_error_vs_solver=0.4927 (X=0.5504, O=0.4349), elapsed=5.1s
iter  149/300: games={'X': 20, 'O': 0, 'draw': 0}, buffer_x=8000, buffer_o=8000, value_loss=0.1006, policy_loss=0.6204, value_error_vs_solver=0.5514 (X=0.6344, O=0.4684), elapsed=4.6s
iter  150/300: games={'X': 19, 'O': 0, 'draw': 1}, buffer_x=8000, buffer_o=8000, value_loss=0.0994, policy_loss=0.6229, value_error_vs_solver=0.4729 (X=0.4723, O=0.4735), elapsed=4.8s
iter  151/300: games={'X': 20, 'O': 0, 'draw': 0}, buffer_x=8000, buffer_o=8000, value_loss=0.0978, policy_loss=0.6259, value_error_vs_solver=0.5167 (X=0.5943, O=0.4392), elapsed=4.5s
iter  152/300: games={'X': 20, 'O': 0, 'draw': 0}, buffer_x=8000, buffer_o=8000, value_loss=0.0970, policy_loss=0.6288, value_error_vs_solver=0.5297 (X=0.6061, O=0.4534), elapsed=4.7s
iter  153/300: games={'X': 17, 'O': 1, 'draw': 2}, buffer_x=8000, buffer_o=8000, value_loss=0.0962, policy_loss=0.6304, value_error_vs_solver=0.4827 (X=0.4866, O=0.4787), elapsed=4.9s
iter  154/300: games={'X': 18, 'O': 1, 'draw': 1}, buffer_x=8000, buffer_o=8000, value_loss=0.0963, policy_loss=0.6332, value_error_vs_solver=0.5625 (X=0.6061, O=0.5189), elapsed=5.0s
iter  155/300: games={'X': 18, 'O': 2, 'draw': 0}, buffer_x=8000, buffer_o=8000, value_loss=0.0962, policy_loss=0.6359, value_error_vs_solver=0.4543 (X=0.4427, O=0.4660), elapsed=4.4s
iter  156/300: games={'X': 19, 'O': 1, 'draw': 0}, buffer_x=8000, buffer_o=8000, value_loss=0.0945, policy_loss=0.6399, value_error_vs_solver=0.4434 (X=0.4645, O=0.4223), elapsed=4.2s
iter  157/300: games={'X': 18, 'O': 1, 'draw': 1}, buffer_x=8000, buffer_o=8000, value_loss=0.0938, policy_loss=0.6414, value_error_vs_solver=0.4738 (X=0.5293, O=0.4183), elapsed=4.5s
iter  158/300: games={'X': 18, 'O': 1, 'draw': 1}, buffer_x=8000, buffer_o=8000, value_loss=0.0936, policy_loss=0.6431, value_error_vs_solver=0.5540 (X=0.6169, O=0.4911), elapsed=4.9s
iter  159/300: games={'X': 19, 'O': 1, 'draw': 0}, buffer_x=8000, buffer_o=8000, value_loss=0.0936, policy_loss=0.6453, value_error_vs_solver=0.4907 (X=0.5274, O=0.4540), elapsed=4.9s
iter  160/300: games={'X': 20, 'O': 0, 'draw': 0}, buffer_x=8000, buffer_o=8000, value_loss=0.0928, policy_loss=0.6483, value_error_vs_solver=0.5101 (X=0.5405, O=0.4798), elapsed=4.6s
iter  161/300: games={'X': 20, 'O': 0, 'draw': 0}, buffer_x=8000, buffer_o=8000, value_loss=0.0920, policy_loss=0.6509, value_error_vs_solver=0.4949 (X=0.5488, O=0.4410), elapsed=6.6s
iter  162/300: games={'X': 20, 'O': 0, 'draw': 0}, buffer_x=8000, buffer_o=8000, value_loss=0.0904, policy_loss=0.6549, value_error_vs_solver=0.4949 (X=0.4793, O=0.5105), elapsed=6.2s
iter  163/300: games={'X': 19, 'O': 1, 'draw': 0}, buffer_x=8000, buffer_o=8000, value_loss=0.0901, policy_loss=0.6580, value_error_vs_solver=0.4814 (X=0.5436, O=0.4192), elapsed=5.2s
iter  164/300: games={'X': 20, 'O': 0, 'draw': 0}, buffer_x=8000, buffer_o=8000, value_loss=0.0901, policy_loss=0.6602, value_error_vs_solver=0.4703 (X=0.4944, O=0.4463), elapsed=5.1s
iter  165/300: games={'X': 19, 'O': 0, 'draw': 1}, buffer_x=8000, buffer_o=8000, value_loss=0.0887, policy_loss=0.6632, value_error_vs_solver=0.4897 (X=0.5426, O=0.4369), elapsed=5.3s
iter  166/300: games={'X': 19, 'O': 1, 'draw': 0}, buffer_x=8000, buffer_o=8000, value_loss=0.0886, policy_loss=0.6659, value_error_vs_solver=0.4137 (X=0.4425, O=0.3848), elapsed=4.9s
iter  167/300: games={'X': 19, 'O': 0, 'draw': 1}, buffer_x=8000, buffer_o=8000, value_loss=0.0881, policy_loss=0.6684, value_error_vs_solver=0.4886 (X=0.5648, O=0.4125), elapsed=5.3s
iter  168/300: games={'X': 19, 'O': 0, 'draw': 1}, buffer_x=8000, buffer_o=8000, value_loss=0.0872, policy_loss=0.6704, value_error_vs_solver=0.4761 (X=0.4929, O=0.4592), elapsed=5.2s
iter  169/300: games={'X': 20, 'O': 0, 'draw': 0}, buffer_x=8000, buffer_o=8000, value_loss=0.0866, policy_loss=0.6720, value_error_vs_solver=0.4497 (X=0.4926, O=0.4067), elapsed=5.2s
iter  170/300: games={'X': 20, 'O': 0, 'draw': 0}, buffer_x=8000, buffer_o=8000, value_loss=0.0848, policy_loss=0.6745, value_error_vs_solver=0.4408 (X=0.4760, O=0.4056), elapsed=4.3s
iter  171/300: games={'X': 20, 'O': 0, 'draw': 0}, buffer_x=8000, buffer_o=8000, value_loss=0.0843, policy_loss=0.6769, value_error_vs_solver=0.4977 (X=0.5364, O=0.4591), elapsed=5.1s
iter  172/300: games={'X': 19, 'O': 0, 'draw': 1}, buffer_x=8000, buffer_o=8000, value_loss=0.0833, policy_loss=0.6790, value_error_vs_solver=0.4556 (X=0.5073, O=0.4038), elapsed=5.4s
iter  173/300: games={'X': 19, 'O': 0, 'draw': 1}, buffer_x=8000, buffer_o=8000, value_loss=0.0826, policy_loss=0.6806, value_error_vs_solver=0.4986 (X=0.4985, O=0.4987), elapsed=5.4s
iter  174/300: games={'X': 17, 'O': 2, 'draw': 1}, buffer_x=8000, buffer_o=8000, value_loss=0.0841, policy_loss=0.6825, value_error_vs_solver=0.4349 (X=0.4785, O=0.3912), elapsed=5.1s
iter  175/300: games={'X': 19, 'O': 0, 'draw': 1}, buffer_x=8000, buffer_o=8000, value_loss=0.0826, policy_loss=0.6845, value_error_vs_solver=0.5376 (X=0.5601, O=0.5150), elapsed=5.4s
iter  176/300: games={'X': 18, 'O': 0, 'draw': 2}, buffer_x=8000, buffer_o=8000, value_loss=0.0825, policy_loss=0.6855, value_error_vs_solver=0.4825 (X=0.5356, O=0.4293), elapsed=4.8s
iter  177/300: games={'X': 20, 'O': 0, 'draw': 0}, buffer_x=8000, buffer_o=8000, value_loss=0.0818, policy_loss=0.6884, value_error_vs_solver=0.5226 (X=0.5192, O=0.5259), elapsed=4.3s
iter  178/300: games={'X': 19, 'O': 0, 'draw': 1}, buffer_x=8000, buffer_o=8000, value_loss=0.0801, policy_loss=0.6910, value_error_vs_solver=0.5099 (X=0.5579, O=0.4618), elapsed=4.1s
iter  179/300: games={'X': 20, 'O': 0, 'draw': 0}, buffer_x=8000, buffer_o=8000, value_loss=0.0794, policy_loss=0.6919, value_error_vs_solver=0.4646 (X=0.4559, O=0.4733), elapsed=4.6s
iter  180/300: games={'X': 20, 'O': 0, 'draw': 0}, buffer_x=8000, buffer_o=8000, value_loss=0.0787, policy_loss=0.6937, value_error_vs_solver=0.5309 (X=0.6051, O=0.4568), elapsed=4.1s
iter  181/300: games={'X': 20, 'O': 0, 'draw': 0}, buffer_x=8000, buffer_o=8000, value_loss=0.0771, policy_loss=0.6949, value_error_vs_solver=0.4781 (X=0.4582, O=0.4980), elapsed=4.0s
iter  182/300: games={'X': 20, 'O': 0, 'draw': 0}, buffer_x=8000, buffer_o=8000, value_loss=0.0764, policy_loss=0.6976, value_error_vs_solver=0.4744 (X=0.4562, O=0.4927), elapsed=4.0s
iter  183/300: games={'X': 19, 'O': 1, 'draw': 0}, buffer_x=8000, buffer_o=8000, value_loss=0.0754, policy_loss=0.7001, value_error_vs_solver=0.4988 (X=0.5130, O=0.4846), elapsed=4.0s
iter  184/300: games={'X': 19, 'O': 0, 'draw': 1}, buffer_x=8000, buffer_o=8000, value_loss=0.0751, policy_loss=0.7021, value_error_vs_solver=0.5102 (X=0.5058, O=0.5147), elapsed=4.7s
iter  185/300: games={'X': 19, 'O': 0, 'draw': 1}, buffer_x=8000, buffer_o=8000, value_loss=0.0740, policy_loss=0.7027, value_error_vs_solver=0.4761 (X=0.4874, O=0.4648), elapsed=4.1s
iter  186/300: games={'X': 19, 'O': 1, 'draw': 0}, buffer_x=8000, buffer_o=8000, value_loss=0.0733, policy_loss=0.7048, value_error_vs_solver=0.4366 (X=0.4085, O=0.4646), elapsed=5.0s
iter  187/300: games={'X': 18, 'O': 0, 'draw': 2}, buffer_x=8000, buffer_o=8000, value_loss=0.0720, policy_loss=0.7045, value_error_vs_solver=0.4877 (X=0.5901, O=0.3854), elapsed=5.4s
iter  188/300: games={'X': 18, 'O': 0, 'draw': 2}, buffer_x=8000, buffer_o=8000, value_loss=0.0713, policy_loss=0.7060, value_error_vs_solver=0.5133 (X=0.5183, O=0.5083), elapsed=5.7s
iter  189/300: games={'X': 20, 'O': 0, 'draw': 0}, buffer_x=8000, buffer_o=8000, value_loss=0.0710, policy_loss=0.7071, value_error_vs_solver=0.4833 (X=0.4449, O=0.5216), elapsed=4.2s
iter  190/300: games={'X': 20, 'O': 0, 'draw': 0}, buffer_x=8000, buffer_o=8000, value_loss=0.0702, policy_loss=0.7088, value_error_vs_solver=0.4855 (X=0.5218, O=0.4493), elapsed=4.9s
iter  191/300: games={'X': 19, 'O': 0, 'draw': 1}, buffer_x=8000, buffer_o=8000, value_loss=0.0693, policy_loss=0.7106, value_error_vs_solver=0.5106 (X=0.5456, O=0.4755), elapsed=4.6s
iter  192/300: games={'X': 20, 'O': 0, 'draw': 0}, buffer_x=8000, buffer_o=8000, value_loss=0.0696, policy_loss=0.7111, value_error_vs_solver=0.5067 (X=0.6091, O=0.4043), elapsed=4.7s
iter  193/300: games={'X': 20, 'O': 0, 'draw': 0}, buffer_x=8000, buffer_o=8000, value_loss=0.0687, policy_loss=0.7131, value_error_vs_solver=0.5047 (X=0.5255, O=0.4838), elapsed=4.3s
iter  194/300: games={'X': 20, 'O': 0, 'draw': 0}, buffer_x=8000, buffer_o=8000, value_loss=0.0678, policy_loss=0.7145, value_error_vs_solver=0.4516 (X=0.4224, O=0.4807), elapsed=4.3s
iter  195/300: games={'X': 20, 'O': 0, 'draw': 0}, buffer_x=8000, buffer_o=8000, value_loss=0.0676, policy_loss=0.7163, value_error_vs_solver=0.4553 (X=0.4510, O=0.4596), elapsed=4.5s
iter  196/300: games={'X': 19, 'O': 0, 'draw': 1}, buffer_x=8000, buffer_o=8000, value_loss=0.0666, policy_loss=0.7168, value_error_vs_solver=0.5039 (X=0.5493, O=0.4585), elapsed=5.0s
iter  197/300: games={'X': 20, 'O': 0, 'draw': 0}, buffer_x=8000, buffer_o=8000, value_loss=0.0658, policy_loss=0.7181, value_error_vs_solver=0.4801 (X=0.5079, O=0.4523), elapsed=4.9s
iter  198/300: games={'X': 20, 'O': 0, 'draw': 0}, buffer_x=8000, buffer_o=8000, value_loss=0.0647, policy_loss=0.7200, value_error_vs_solver=0.5045 (X=0.5381, O=0.4709), elapsed=4.7s
iter  199/300: games={'X': 20, 'O': 0, 'draw': 0}, buffer_x=8000, buffer_o=8000, value_loss=0.0645, policy_loss=0.7220, value_error_vs_solver=0.5000 (X=0.4508, O=0.5492), elapsed=4.8s
iter  200/300: games={'X': 17, 'O': 0, 'draw': 3}, buffer_x=8000, buffer_o=8000, value_loss=0.0621, policy_loss=0.7236, value_error_vs_solver=0.4791 (X=0.4978, O=0.4603), elapsed=5.6s
iter  201/300: games={'X': 18, 'O': 2, 'draw': 0}, buffer_x=8000, buffer_o=8000, value_loss=0.0652, policy_loss=0.7262, value_error_vs_solver=0.4754 (X=0.5360, O=0.4148), elapsed=4.7s
iter  202/300: games={'X': 18, 'O': 0, 'draw': 2}, buffer_x=8000, buffer_o=8000, value_loss=0.0650, policy_loss=0.7278, value_error_vs_solver=0.4814 (X=0.4736, O=0.4893), elapsed=5.2s
iter  203/300: games={'X': 20, 'O': 0, 'draw': 0}, buffer_x=8000, buffer_o=8000, value_loss=0.0640, policy_loss=0.7287, value_error_vs_solver=0.4408 (X=0.4068, O=0.4747), elapsed=4.9s
iter  204/300: games={'X': 19, 'O': 0, 'draw': 1}, buffer_x=8000, buffer_o=8000, value_loss=0.0636, policy_loss=0.7292, value_error_vs_solver=0.5228 (X=0.5730, O=0.4727), elapsed=4.7s
iter  205/300: games={'X': 19, 'O': 0, 'draw': 1}, buffer_x=8000, buffer_o=8000, value_loss=0.0639, policy_loss=0.7320, value_error_vs_solver=0.5236 (X=0.5634, O=0.4837), elapsed=5.1s
iter  206/300: games={'X': 17, 'O': 0, 'draw': 3}, buffer_x=8000, buffer_o=8000, value_loss=0.0631, policy_loss=0.7313, value_error_vs_solver=0.4408 (X=0.4775, O=0.4042), elapsed=6.1s
iter  207/300: games={'X': 19, 'O': 0, 'draw': 1}, buffer_x=8000, buffer_o=8000, value_loss=0.0625, policy_loss=0.7321, value_error_vs_solver=0.5315 (X=0.5653, O=0.4977), elapsed=4.8s
iter  208/300: games={'X': 20, 'O': 0, 'draw': 0}, buffer_x=8000, buffer_o=8000, value_loss=0.0634, policy_loss=0.7334, value_error_vs_solver=0.4688 (X=0.4701, O=0.4675), elapsed=4.5s
iter  209/300: games={'X': 18, 'O': 1, 'draw': 1}, buffer_x=8000, buffer_o=8000, value_loss=0.0631, policy_loss=0.7342, value_error_vs_solver=0.5130 (X=0.5972, O=0.4287), elapsed=4.7s
iter  210/300: games={'X': 20, 'O': 0, 'draw': 0}, buffer_x=8000, buffer_o=8000, value_loss=0.0628, policy_loss=0.7353, value_error_vs_solver=0.4567 (X=0.4151, O=0.4984), elapsed=4.4s
iter  211/300: games={'X': 19, 'O': 1, 'draw': 0}, buffer_x=8000, buffer_o=8000, value_loss=0.0625, policy_loss=0.7365, value_error_vs_solver=0.5523 (X=0.5865, O=0.5180), elapsed=5.0s
iter  212/300: games={'X': 18, 'O': 1, 'draw': 1}, buffer_x=8000, buffer_o=8000, value_loss=0.0621, policy_loss=0.7372, value_error_vs_solver=0.4952 (X=0.5262, O=0.4643), elapsed=4.7s
iter  213/300: games={'X': 19, 'O': 0, 'draw': 1}, buffer_x=8000, buffer_o=8000, value_loss=0.0620, policy_loss=0.7384, value_error_vs_solver=0.5387 (X=0.5718, O=0.5056), elapsed=4.8s
iter  214/300: games={'X': 19, 'O': 1, 'draw': 0}, buffer_x=8000, buffer_o=8000, value_loss=0.0613, policy_loss=0.7399, value_error_vs_solver=0.5042 (X=0.5593, O=0.4491), elapsed=4.6s
iter  215/300: games={'X': 19, 'O': 0, 'draw': 1}, buffer_x=8000, buffer_o=8000, value_loss=0.0601, policy_loss=0.7418, value_error_vs_solver=0.5130 (X=0.5279, O=0.4981), elapsed=5.1s
iter  216/300: games={'X': 18, 'O': 1, 'draw': 1}, buffer_x=8000, buffer_o=8000, value_loss=0.0609, policy_loss=0.7445, value_error_vs_solver=0.4787 (X=0.4907, O=0.4666), elapsed=4.6s
iter  217/300: games={'X': 17, 'O': 2, 'draw': 1}, buffer_x=8000, buffer_o=8000, value_loss=0.0606, policy_loss=0.7447, value_error_vs_solver=0.4694 (X=0.4636, O=0.4752), elapsed=5.1s
iter  218/300: games={'X': 18, 'O': 0, 'draw': 2}, buffer_x=8000, buffer_o=8000, value_loss=0.0605, policy_loss=0.7462, value_error_vs_solver=0.4966 (X=0.5065, O=0.4866), elapsed=4.9s
iter  219/300: games={'X': 17, 'O': 1, 'draw': 2}, buffer_x=8000, buffer_o=8000, value_loss=0.0607, policy_loss=0.7458, value_error_vs_solver=0.5034 (X=0.5807, O=0.4261), elapsed=5.9s
iter  220/300: games={'X': 20, 'O': 0, 'draw': 0}, buffer_x=8000, buffer_o=8000, value_loss=0.0602, policy_loss=0.7482, value_error_vs_solver=0.5391 (X=0.5394, O=0.5388), elapsed=4.2s
iter  221/300: games={'X': 20, 'O': 0, 'draw': 0}, buffer_x=8000, buffer_o=8000, value_loss=0.0598, policy_loss=0.7489, value_error_vs_solver=0.4746 (X=0.5003, O=0.4489), elapsed=4.7s
iter  222/300: games={'X': 18, 'O': 2, 'draw': 0}, buffer_x=8000, buffer_o=8000, value_loss=0.0605, policy_loss=0.7492, value_error_vs_solver=0.4633 (X=0.5012, O=0.4253), elapsed=4.5s
iter  223/300: games={'X': 18, 'O': 0, 'draw': 2}, buffer_x=8000, buffer_o=8000, value_loss=0.0605, policy_loss=0.7494, value_error_vs_solver=0.5522 (X=0.6365, O=0.4679), elapsed=6.0s
iter  224/300: games={'X': 17, 'O': 1, 'draw': 2}, buffer_x=8000, buffer_o=8000, value_loss=0.0611, policy_loss=0.7485, value_error_vs_solver=0.4785 (X=0.4938, O=0.4632), elapsed=4.9s
iter  225/300: games={'X': 17, 'O': 0, 'draw': 3}, buffer_x=8000, buffer_o=8000, value_loss=0.0608, policy_loss=0.7487, value_error_vs_solver=0.4625 (X=0.5103, O=0.4147), elapsed=5.8s
iter  226/300: games={'X': 17, 'O': 1, 'draw': 2}, buffer_x=8000, buffer_o=8000, value_loss=0.0604, policy_loss=0.7491, value_error_vs_solver=0.4836 (X=0.5583, O=0.4090), elapsed=5.0s
iter  227/300: games={'X': 18, 'O': 1, 'draw': 1}, buffer_x=8000, buffer_o=8000, value_loss=0.0600, policy_loss=0.7486, value_error_vs_solver=0.4165 (X=0.4272, O=0.4058), elapsed=5.3s
iter  228/300: games={'X': 17, 'O': 1, 'draw': 2}, buffer_x=8000, buffer_o=8000, value_loss=0.0614, policy_loss=0.7475, value_error_vs_solver=0.4453 (X=0.4291, O=0.4615), elapsed=4.8s
iter  229/300: games={'X': 18, 'O': 0, 'draw': 2}, buffer_x=8000, buffer_o=8000, value_loss=0.0609, policy_loss=0.7483, value_error_vs_solver=0.4277 (X=0.4602, O=0.3952), elapsed=5.4s
iter  230/300: games={'X': 19, 'O': 0, 'draw': 1}, buffer_x=8000, buffer_o=8000, value_loss=0.0605, policy_loss=0.7483, value_error_vs_solver=0.5566 (X=0.6285, O=0.4846), elapsed=4.7s
iter  231/300: games={'X': 19, 'O': 1, 'draw': 0}, buffer_x=8000, buffer_o=8000, value_loss=0.0605, policy_loss=0.7499, value_error_vs_solver=0.4708 (X=0.4932, O=0.4484), elapsed=4.9s
iter  232/300: games={'X': 20, 'O': 0, 'draw': 0}, buffer_x=8000, buffer_o=8000, value_loss=0.0596, policy_loss=0.7516, value_error_vs_solver=0.4673 (X=0.4593, O=0.4753), elapsed=4.1s
iter  233/300: games={'X': 20, 'O': 0, 'draw': 0}, buffer_x=8000, buffer_o=8000, value_loss=0.0589, policy_loss=0.7526, value_error_vs_solver=0.4724 (X=0.4239, O=0.5209), elapsed=5.2s
iter  234/300: games={'X': 20, 'O': 0, 'draw': 0}, buffer_x=8000, buffer_o=8000, value_loss=0.0576, policy_loss=0.7537, value_error_vs_solver=0.4426 (X=0.4601, O=0.4250), elapsed=4.2s
iter  235/300: games={'X': 17, 'O': 0, 'draw': 3}, buffer_x=8000, buffer_o=8000, value_loss=0.0574, policy_loss=0.7518, value_error_vs_solver=0.5212 (X=0.5449, O=0.4975), elapsed=6.3s
iter  236/300: games={'X': 17, 'O': 1, 'draw': 2}, buffer_x=8000, buffer_o=8000, value_loss=0.0587, policy_loss=0.7508, value_error_vs_solver=0.4675 (X=0.5483, O=0.3866), elapsed=4.7s
iter  237/300: games={'X': 20, 'O': 0, 'draw': 0}, buffer_x=8000, buffer_o=8000, value_loss=0.0585, policy_loss=0.7515, value_error_vs_solver=0.5288 (X=0.4960, O=0.5615), elapsed=6.7s
iter  238/300: games={'X': 20, 'O': 0, 'draw': 0}, buffer_x=8000, buffer_o=8000, value_loss=0.0583, policy_loss=0.7530, value_error_vs_solver=0.5085 (X=0.5286, O=0.4883), elapsed=5.0s
iter  239/300: games={'X': 20, 'O': 0, 'draw': 0}, buffer_x=8000, buffer_o=8000, value_loss=0.0582, policy_loss=0.7551, value_error_vs_solver=0.4567 (X=0.5222, O=0.3912), elapsed=8.4s
iter  240/300: games={'X': 19, 'O': 0, 'draw': 1}, buffer_x=8000, buffer_o=8000, value_loss=0.0573, policy_loss=0.7558, value_error_vs_solver=0.5023 (X=0.5703, O=0.4343), elapsed=6.1s
iter  241/300: games={'X': 20, 'O': 0, 'draw': 0}, buffer_x=8000, buffer_o=8000, value_loss=0.0567, policy_loss=0.7574, value_error_vs_solver=0.4385 (X=0.4648, O=0.4123), elapsed=5.3s
iter  242/300: games={'X': 18, 'O': 2, 'draw': 0}, buffer_x=8000, buffer_o=8000, value_loss=0.0571, policy_loss=0.7574, value_error_vs_solver=0.4798 (X=0.4619, O=0.4977), elapsed=5.5s
iter  243/300: games={'X': 19, 'O': 0, 'draw': 1}, buffer_x=8000, buffer_o=8000, value_loss=0.0561, policy_loss=0.7571, value_error_vs_solver=0.4490 (X=0.4918, O=0.4062), elapsed=5.0s
iter  244/300: games={'X': 19, 'O': 0, 'draw': 1}, buffer_x=8000, buffer_o=8000, value_loss=0.0558, policy_loss=0.7572, value_error_vs_solver=0.4709 (X=0.4813, O=0.4606), elapsed=5.7s
iter  245/300: games={'X': 18, 'O': 0, 'draw': 2}, buffer_x=8000, buffer_o=8000, value_loss=0.0556, policy_loss=0.7576, value_error_vs_solver=0.5056 (X=0.4918, O=0.5193), elapsed=4.7s
iter  246/300: games={'X': 18, 'O': 1, 'draw': 1}, buffer_x=8000, buffer_o=8000, value_loss=0.0553, policy_loss=0.7565, value_error_vs_solver=0.5270 (X=0.5763, O=0.4777), elapsed=4.7s
iter  247/300: games={'X': 19, 'O': 0, 'draw': 1}, buffer_x=8000, buffer_o=8000, value_loss=0.0550, policy_loss=0.7576, value_error_vs_solver=0.5518 (X=0.5230, O=0.5805), elapsed=5.0s
iter  248/300: games={'X': 20, 'O': 0, 'draw': 0}, buffer_x=8000, buffer_o=8000, value_loss=0.0540, policy_loss=0.7591, value_error_vs_solver=0.4721 (X=0.4836, O=0.4607), elapsed=4.1s
iter  249/300: games={'X': 20, 'O': 0, 'draw': 0}, buffer_x=8000, buffer_o=8000, value_loss=0.0538, policy_loss=0.7613, value_error_vs_solver=0.4148 (X=0.3975, O=0.4322), elapsed=5.0s
iter  250/300: games={'X': 17, 'O': 3, 'draw': 0}, buffer_x=8000, buffer_o=8000, value_loss=0.0558, policy_loss=0.7621, value_error_vs_solver=0.4797 (X=0.5153, O=0.4442), elapsed=4.5s
iter  251/300: games={'X': 19, 'O': 1, 'draw': 0}, buffer_x=8000, buffer_o=8000, value_loss=0.0553, policy_loss=0.7637, value_error_vs_solver=0.4648 (X=0.4868, O=0.4427), elapsed=4.4s
iter  252/300: games={'X': 19, 'O': 0, 'draw': 1}, buffer_x=8000, buffer_o=8000, value_loss=0.0554, policy_loss=0.7644, value_error_vs_solver=0.4916 (X=0.5320, O=0.4512), elapsed=4.2s
iter  253/300: games={'X': 20, 'O': 0, 'draw': 0}, buffer_x=8000, buffer_o=8000, value_loss=0.0549, policy_loss=0.7650, value_error_vs_solver=0.4730 (X=0.4691, O=0.4769), elapsed=4.6s
iter  254/300: games={'X': 17, 'O': 2, 'draw': 1}, buffer_x=8000, buffer_o=8000, value_loss=0.0576, policy_loss=0.7658, value_error_vs_solver=0.5082 (X=0.5056, O=0.5108), elapsed=5.6s
iter  255/300: games={'X': 19, 'O': 0, 'draw': 1}, buffer_x=8000, buffer_o=8000, value_loss=0.0565, policy_loss=0.7642, value_error_vs_solver=0.4995 (X=0.5523, O=0.4467), elapsed=5.1s
iter  256/300: games={'X': 20, 'O': 0, 'draw': 0}, buffer_x=8000, buffer_o=8000, value_loss=0.0558, policy_loss=0.7652, value_error_vs_solver=0.4977 (X=0.5877, O=0.4078), elapsed=4.8s
iter  257/300: games={'X': 18, 'O': 0, 'draw': 2}, buffer_x=8000, buffer_o=8000, value_loss=0.0550, policy_loss=0.7645, value_error_vs_solver=0.4051 (X=0.4300, O=0.3802), elapsed=5.5s
iter  258/300: games={'X': 19, 'O': 0, 'draw': 1}, buffer_x=8000, buffer_o=8000, value_loss=0.0545, policy_loss=0.7663, value_error_vs_solver=0.5245 (X=0.5752, O=0.4737), elapsed=4.9s
iter  259/300: games={'X': 18, 'O': 0, 'draw': 2}, buffer_x=8000, buffer_o=8000, value_loss=0.0537, policy_loss=0.7659, value_error_vs_solver=0.4807 (X=0.4700, O=0.4915), elapsed=5.9s
iter  260/300: games={'X': 17, 'O': 1, 'draw': 2}, buffer_x=8000, buffer_o=8000, value_loss=0.0540, policy_loss=0.7661, value_error_vs_solver=0.4668 (X=0.5248, O=0.4087), elapsed=5.5s
iter  261/300: games={'X': 20, 'O': 0, 'draw': 0}, buffer_x=8000, buffer_o=8000, value_loss=0.0527, policy_loss=0.7667, value_error_vs_solver=0.4421 (X=0.4427, O=0.4414), elapsed=4.8s
iter  262/300: games={'X': 20, 'O': 0, 'draw': 0}, buffer_x=8000, buffer_o=8000, value_loss=0.0513, policy_loss=0.7672, value_error_vs_solver=0.4903 (X=0.5632, O=0.4173), elapsed=4.7s
iter  263/300: games={'X': 20, 'O': 0, 'draw': 0}, buffer_x=8000, buffer_o=8000, value_loss=0.0501, policy_loss=0.7666, value_error_vs_solver=0.4527 (X=0.5082, O=0.3971), elapsed=4.9s
iter  264/300: games={'X': 19, 'O': 0, 'draw': 1}, buffer_x=8000, buffer_o=8000, value_loss=0.0503, policy_loss=0.7661, value_error_vs_solver=0.4473 (X=0.4484, O=0.4462), elapsed=5.2s
iter  265/300: games={'X': 19, 'O': 0, 'draw': 1}, buffer_x=8000, buffer_o=8000, value_loss=0.0503, policy_loss=0.7669, value_error_vs_solver=0.4208 (X=0.4694, O=0.3723), elapsed=4.8s
iter  266/300: games={'X': 18, 'O': 0, 'draw': 2}, buffer_x=8000, buffer_o=8000, value_loss=0.0499, policy_loss=0.7669, value_error_vs_solver=0.4805 (X=0.5223, O=0.4386), elapsed=5.5s
iter  267/300: games={'X': 20, 'O': 0, 'draw': 0}, buffer_x=8000, buffer_o=8000, value_loss=0.0499, policy_loss=0.7676, value_error_vs_solver=0.4457 (X=0.4317, O=0.4596), elapsed=4.7s
iter  268/300: games={'X': 19, 'O': 0, 'draw': 1}, buffer_x=8000, buffer_o=8000, value_loss=0.0498, policy_loss=0.7682, value_error_vs_solver=0.4323 (X=0.4532, O=0.4115), elapsed=5.3s
iter  269/300: games={'X': 17, 'O': 1, 'draw': 2}, buffer_x=8000, buffer_o=8000, value_loss=0.0509, policy_loss=0.7690, value_error_vs_solver=0.4684 (X=0.5151, O=0.4217), elapsed=6.2s
iter  270/300: games={'X': 19, 'O': 0, 'draw': 1}, buffer_x=8000, buffer_o=8000, value_loss=0.0512, policy_loss=0.7682, value_error_vs_solver=0.4414 (X=0.4320, O=0.4509), elapsed=4.9s
iter  271/300: games={'X': 20, 'O': 0, 'draw': 0}, buffer_x=8000, buffer_o=8000, value_loss=0.0518, policy_loss=0.7688, value_error_vs_solver=0.5113 (X=0.4952, O=0.5273), elapsed=4.8s
iter  272/300: games={'X': 17, 'O': 1, 'draw': 2}, buffer_x=8000, buffer_o=8000, value_loss=0.0525, policy_loss=0.7678, value_error_vs_solver=0.5061 (X=0.5723, O=0.4398), elapsed=4.8s
iter  273/300: games={'X': 20, 'O': 0, 'draw': 0}, buffer_x=8000, buffer_o=8000, value_loss=0.0522, policy_loss=0.7690, value_error_vs_solver=0.4536 (X=0.4481, O=0.4591), elapsed=5.2s
iter  274/300: games={'X': 20, 'O': 0, 'draw': 0}, buffer_x=8000, buffer_o=8000, value_loss=0.0518, policy_loss=0.7694, value_error_vs_solver=0.4925 (X=0.4732, O=0.5119), elapsed=4.9s
iter  275/300: games={'X': 20, 'O': 0, 'draw': 0}, buffer_x=8000, buffer_o=8000, value_loss=0.0519, policy_loss=0.7713, value_error_vs_solver=0.5106 (X=0.5242, O=0.4970), elapsed=5.4s
iter  276/300: games={'X': 18, 'O': 1, 'draw': 1}, buffer_x=8000, buffer_o=8000, value_loss=0.0524, policy_loss=0.7705, value_error_vs_solver=0.4752 (X=0.4712, O=0.4792), elapsed=4.5s
iter  277/300: games={'X': 19, 'O': 0, 'draw': 1}, buffer_x=8000, buffer_o=8000, value_loss=0.0497, policy_loss=0.7706, value_error_vs_solver=0.5340 (X=0.5432, O=0.5248), elapsed=5.0s
iter  278/300: games={'X': 20, 'O': 0, 'draw': 0}, buffer_x=8000, buffer_o=8000, value_loss=0.0506, policy_loss=0.7739, value_error_vs_solver=0.4894 (X=0.4854, O=0.4935), elapsed=3.7s
iter  279/300: games={'X': 17, 'O': 0, 'draw': 3}, buffer_x=8000, buffer_o=8000, value_loss=0.0508, policy_loss=0.7729, value_error_vs_solver=0.5058 (X=0.4947, O=0.5169), elapsed=4.9s
iter  280/300: games={'X': 19, 'O': 1, 'draw': 0}, buffer_x=8000, buffer_o=8000, value_loss=0.0521, policy_loss=0.7770, value_error_vs_solver=0.5044 (X=0.5557, O=0.4531), elapsed=4.3s
iter  281/300: games={'X': 19, 'O': 1, 'draw': 0}, buffer_x=8000, buffer_o=8000, value_loss=0.0521, policy_loss=0.7756, value_error_vs_solver=0.5118 (X=0.5322, O=0.4914), elapsed=3.9s
iter  282/300: games={'X': 18, 'O': 1, 'draw': 1}, buffer_x=8000, buffer_o=8000, value_loss=0.0527, policy_loss=0.7755, value_error_vs_solver=0.4747 (X=0.4861, O=0.4632), elapsed=4.2s
iter  283/300: games={'X': 19, 'O': 0, 'draw': 1}, buffer_x=8000, buffer_o=8000, value_loss=0.0526, policy_loss=0.7759, value_error_vs_solver=0.4532 (X=0.4368, O=0.4696), elapsed=4.2s
iter  284/300: games={'X': 19, 'O': 0, 'draw': 1}, buffer_x=8000, buffer_o=8000, value_loss=0.0522, policy_loss=0.7766, value_error_vs_solver=0.5099 (X=0.5343, O=0.4856), elapsed=4.5s
iter  285/300: games={'X': 20, 'O': 0, 'draw': 0}, buffer_x=8000, buffer_o=8000, value_loss=0.0525, policy_loss=0.7780, value_error_vs_solver=0.4801 (X=0.4774, O=0.4828), elapsed=4.6s
iter  286/300: games={'X': 19, 'O': 1, 'draw': 0}, buffer_x=8000, buffer_o=8000, value_loss=0.0530, policy_loss=0.7792, value_error_vs_solver=0.4675 (X=0.4819, O=0.4530), elapsed=4.0s
iter  287/300: games={'X': 18, 'O': 0, 'draw': 2}, buffer_x=8000, buffer_o=8000, value_loss=0.0526, policy_loss=0.7796, value_error_vs_solver=0.4691 (X=0.5229, O=0.4152), elapsed=4.9s
iter  288/300: games={'X': 17, 'O': 2, 'draw': 1}, buffer_x=8000, buffer_o=8000, value_loss=0.0546, policy_loss=0.7794, value_error_vs_solver=0.4937 (X=0.4868, O=0.5007), elapsed=5.1s
iter  289/300: games={'X': 17, 'O': 1, 'draw': 2}, buffer_x=8000, buffer_o=8000, value_loss=0.0559, policy_loss=0.7799, value_error_vs_solver=0.4802 (X=0.4673, O=0.4930), elapsed=4.8s
iter  290/300: games={'X': 20, 'O': 0, 'draw': 0}, buffer_x=8000, buffer_o=8000, value_loss=0.0552, policy_loss=0.7805, value_error_vs_solver=0.4368 (X=0.4807, O=0.3930), elapsed=4.2s
iter  291/300: games={'X': 18, 'O': 2, 'draw': 0}, buffer_x=8000, buffer_o=8000, value_loss=0.0570, policy_loss=0.7807, value_error_vs_solver=0.4703 (X=0.4992, O=0.4414), elapsed=4.2s
iter  292/300: games={'X': 19, 'O': 0, 'draw': 1}, buffer_x=8000, buffer_o=8000, value_loss=0.0566, policy_loss=0.7810, value_error_vs_solver=0.4330 (X=0.4095, O=0.4566), elapsed=4.5s
iter  293/300: games={'X': 17, 'O': 2, 'draw': 1}, buffer_x=8000, buffer_o=8000, value_loss=0.0589, policy_loss=0.7826, value_error_vs_solver=0.4973 (X=0.4726, O=0.5221), elapsed=5.1s
iter  294/300: games={'X': 19, 'O': 0, 'draw': 1}, buffer_x=8000, buffer_o=8000, value_loss=0.0584, policy_loss=0.7827, value_error_vs_solver=0.4754 (X=0.5624, O=0.3884), elapsed=5.1s
iter  295/300: games={'X': 18, 'O': 2, 'draw': 0}, buffer_x=8000, buffer_o=8000, value_loss=0.0590, policy_loss=0.7842, value_error_vs_solver=0.4823 (X=0.5305, O=0.4342), elapsed=4.7s
iter  296/300: games={'X': 20, 'O': 0, 'draw': 0}, buffer_x=8000, buffer_o=8000, value_loss=0.0591, policy_loss=0.7838, value_error_vs_solver=0.5120 (X=0.4729, O=0.5510), elapsed=4.6s
iter  297/300: games={'X': 18, 'O': 1, 'draw': 1}, buffer_x=8000, buffer_o=8000, value_loss=0.0603, policy_loss=0.7853, value_error_vs_solver=0.4899 (X=0.4597, O=0.5200), elapsed=5.2s
iter  298/300: games={'X': 18, 'O': 1, 'draw': 1}, buffer_x=8000, buffer_o=8000, value_loss=0.0603, policy_loss=0.7847, value_error_vs_solver=0.5155 (X=0.5082, O=0.5227), elapsed=5.5s
iter  299/300: games={'X': 18, 'O': 2, 'draw': 0}, buffer_x=8000, buffer_o=8000, value_loss=0.0609, policy_loss=0.7845, value_error_vs_solver=0.5208 (X=0.5464, O=0.4953), elapsed=5.3s
iter  300/300: games={'X': 19, 'O': 1, 'draw': 0}, buffer_x=8000, buffer_o=8000, value_loss=0.0623, policy_loss=0.7852, value_error_vs_solver=0.4908 (X=0.5048, O=0.4768), elapsed=5.2s
Done. Total time: 1678.6s. Saved to selfplay_trained_net_twonet_X.pkl and _O.pkl
