Loading solver states for value-error benchmarking...
Run 'catchup_wr': iterations=300, temperature_moves=6, noise_frac=0.25, teacher_side=None, extra_iterations_side=None, imitate_teacher_policy=False
iter    1/300: games={'X': 9, 'O': 11, 'draw': 0}, buffer_x=99, buffer_o=90, x_frozen=False, o_win_rate_rolling=0.5500, value_loss_o=1.4316, policy_loss_o=1.4899, value_error_vs_solver=0.6786 (X=0.6652, O=0.6920), elapsed=11.7s
iter    2/300: games={'X': 9, 'O': 11, 'draw': 0}, buffer_x=179, buffer_o=161, x_frozen=False, o_win_rate_rolling=0.5500, value_loss_o=1.2265, policy_loss_o=1.5718, value_error_vs_solver=0.7395 (X=0.7158, O=0.7631), elapsed=8.3s
iter    3/300: games={'X': 8, 'O': 11, 'draw': 1}, buffer_x=276, buffer_o=250, x_frozen=False, o_win_rate_rolling=0.5500, value_loss_o=1.0563, policy_loss_o=1.5120, value_error_vs_solver=0.7691 (X=0.7182, O=0.8201), elapsed=10.1s
iter    4/300: games={'X': 8, 'O': 12, 'draw': 0}, buffer_x=375, buffer_o=341, x_frozen=False, o_win_rate_rolling=0.5625, value_loss_o=0.9489, policy_loss_o=1.5031, value_error_vs_solver=0.7826 (X=0.7166, O=0.8487), elapsed=10.9s
iter    5/300: games={'X': 13, 'O': 7, 'draw': 0}, buffer_x=499, buffer_o=452, x_frozen=False, o_win_rate_rolling=0.5200, value_loss_o=0.8598, policy_loss_o=1.4491, value_error_vs_solver=0.8172 (X=0.7812, O=0.8533), elapsed=12.4s
iter    6/300: games={'X': 13, 'O': 7, 'draw': 0}, buffer_x=603, buffer_o=543, x_frozen=False, o_win_rate_rolling=0.4917, value_loss_o=0.8880, policy_loss_o=1.4774, value_error_vs_solver=0.7699 (X=0.7040, O=0.8359), elapsed=9.0s
iter    7/300: games={'X': 14, 'O': 4, 'draw': 2}, buffer_x=710, buffer_o=635, x_frozen=False, o_win_rate_rolling=0.4500, value_loss_o=0.8318, policy_loss_o=1.4671, value_error_vs_solver=0.7944 (X=0.7416, O=0.8471), elapsed=9.8s
iter    8/300: games={'X': 12, 'O': 7, 'draw': 1}, buffer_x=809, buffer_o=721, x_frozen=False, o_win_rate_rolling=0.4375, value_loss_o=0.7907, policy_loss_o=1.4667, value_error_vs_solver=0.8035 (X=0.7073, O=0.8997), elapsed=8.6s
iter    9/300: games={'X': 13, 'O': 6, 'draw': 1}, buffer_x=919, buffer_o=817, x_frozen=False, o_win_rate_rolling=0.4222, value_loss_o=0.7607, policy_loss_o=1.4328, value_error_vs_solver=0.7411 (X=0.6702, O=0.8120), elapsed=10.1s
iter   10/300: games={'X': 14, 'O': 5, 'draw': 1}, buffer_x=1043, buffer_o=926, x_frozen=False, o_win_rate_rolling=0.4050, value_loss_o=0.7473, policy_loss_o=1.4098, value_error_vs_solver=0.7467 (X=0.6144, O=0.8789), elapsed=12.3s
iter   11/300: games={'X': 14, 'O': 6, 'draw': 0}, buffer_x=1174, buffer_o=1043, x_frozen=False, o_win_rate_rolling=0.3800, value_loss_o=0.7515, policy_loss_o=1.3739, value_error_vs_solver=0.7074 (X=0.6430, O=0.7718), elapsed=11.1s
iter   12/300: games={'X': 12, 'O': 5, 'draw': 3}, buffer_x=1289, buffer_o=1143, x_frozen=False, o_win_rate_rolling=0.3500, value_loss_o=0.7241, policy_loss_o=1.3485, value_error_vs_solver=0.7789 (X=0.7219, O=0.8360), elapsed=10.6s
iter   13/300: games={'X': 13, 'O': 6, 'draw': 1}, buffer_x=1405, buffer_o=1245, x_frozen=False, o_win_rate_rolling=0.3250, value_loss_o=0.7260, policy_loss_o=1.3264, value_error_vs_solver=0.7426 (X=0.6797, O=0.8055), elapsed=9.5s
iter   14/300: games={'X': 11, 'O': 5, 'draw': 4}, buffer_x=1546, buffer_o=1372, x_frozen=False, o_win_rate_rolling=0.2900, value_loss_o=0.7034, policy_loss_o=1.2955, value_error_vs_solver=0.7425 (X=0.6762, O=0.8088), elapsed=16.2s
iter   15/300: games={'X': 12, 'O': 4, 'draw': 4}, buffer_x=1675, buffer_o=1486, x_frozen=False, o_win_rate_rolling=0.2750, value_loss_o=0.6660, policy_loss_o=1.2621, value_error_vs_solver=0.7194 (X=0.6999, O=0.7390), elapsed=10.0s
iter   16/300: games={'X': 15, 'O': 3, 'draw': 2}, buffer_x=1774, buffer_o=1568, x_frozen=False, o_win_rate_rolling=0.2550, value_loss_o=0.6495, policy_loss_o=1.2419, value_error_vs_solver=0.7506 (X=0.6961, O=0.8051), elapsed=6.9s
iter   17/300: games={'X': 11, 'O': 5, 'draw': 4}, buffer_x=1889, buffer_o=1669, x_frozen=False, o_win_rate_rolling=0.2600, value_loss_o=0.6232, policy_loss_o=1.2095, value_error_vs_solver=0.6905 (X=0.6763, O=0.7047), elapsed=9.3s
iter   18/300: games={'X': 14, 'O': 3, 'draw': 3}, buffer_x=2002, buffer_o=1768, x_frozen=False, o_win_rate_rolling=0.2400, value_loss_o=0.6043, policy_loss_o=1.1992, value_error_vs_solver=0.6945 (X=0.6294, O=0.7597), elapsed=8.6s
iter   19/300: games={'X': 11, 'O': 4, 'draw': 5}, buffer_x=2126, buffer_o=1879, x_frozen=False, o_win_rate_rolling=0.2300, value_loss_o=0.5812, policy_loss_o=1.1794, value_error_vs_solver=0.6993 (X=0.6658, O=0.7327), elapsed=8.2s
iter   20/300: games={'X': 14, 'O': 4, 'draw': 2}, buffer_x=2211, buffer_o=1948, x_frozen=False, o_win_rate_rolling=0.2250, value_loss_o=0.5719, policy_loss_o=1.1674, value_error_vs_solver=0.6468 (X=0.5765, O=0.7171), elapsed=5.3s
iter   21/300: games={'X': 14, 'O': 3, 'draw': 3}, buffer_x=2320, buffer_o=2041, x_frozen=False, o_win_rate_rolling=0.2100, value_loss_o=0.5588, policy_loss_o=1.1544, value_error_vs_solver=0.6777 (X=0.6643, O=0.6911), elapsed=6.8s
iter   22/300: games={'X': 16, 'O': 3, 'draw': 1}, buffer_x=2415, buffer_o=2120, x_frozen=False, o_win_rate_rolling=0.2000, value_loss_o=0.5546, policy_loss_o=1.1395, value_error_vs_solver=0.6524 (X=0.6017, O=0.7032), elapsed=5.7s
iter   23/300: games={'X': 5, 'O': 8, 'draw': 7}, buffer_x=2562, buffer_o=2258, x_frozen=False, o_win_rate_rolling=0.2100, value_loss_o=0.5531, policy_loss_o=1.1357, value_error_vs_solver=0.6828 (X=0.6291, O=0.7365), elapsed=9.7s
iter   24/300: games={'X': 12, 'O': 0, 'draw': 8}, buffer_x=2700, buffer_o=2383, x_frozen=False, o_win_rate_rolling=0.1850, value_loss_o=0.5218, policy_loss_o=1.1128, value_error_vs_solver=0.6824 (X=0.6566, O=0.7082), elapsed=9.3s
iter   25/300: games={'X': 13, 'O': 2, 'draw': 5}, buffer_x=2807, buffer_o=2475, x_frozen=False, o_win_rate_rolling=0.1750, value_loss_o=0.5081, policy_loss_o=1.0967, value_error_vs_solver=0.6282 (X=0.5968, O=0.6595), elapsed=7.3s
iter   26/300: games={'X': 13, 'O': 1, 'draw': 6}, buffer_x=2916, buffer_o=2568, x_frozen=False, o_win_rate_rolling=0.1650, value_loss_o=0.4914, policy_loss_o=1.0866, value_error_vs_solver=0.6682 (X=0.6353, O=0.7012), elapsed=7.2s
iter   27/300: games={'X': 17, 'O': 0, 'draw': 3}, buffer_x=3011, buffer_o=2644, x_frozen=True, o_win_rate_rolling=0.1400, value_loss_o=0.4753, policy_loss_o=1.0731, value_error_vs_solver=0.6599 (X=0.5827, O=0.7371), elapsed=5.3s
iter   28/300: games={'X': 12, 'O': 1, 'draw': 7}, buffer_x=3136, buffer_o=2753, x_frozen=True, o_win_rate_rolling=0.1300, value_loss_o=0.4632, policy_loss_o=1.0824, value_error_vs_solver=0.6591 (X=0.6346, O=0.6837), elapsed=7.7s
iter   29/300: games={'X': 15, 'O': 0, 'draw': 5}, buffer_x=3244, buffer_o=2842, x_frozen=True, o_win_rate_rolling=0.1100, value_loss_o=0.4667, policy_loss_o=1.0605, value_error_vs_solver=0.6755 (X=0.6239, O=0.7271), elapsed=7.7s
iter   30/300: games={'X': 11, 'O': 2, 'draw': 7}, buffer_x=3396, buffer_o=2977, x_frozen=True, o_win_rate_rolling=0.1000, value_loss_o=0.4363, policy_loss_o=1.0382, value_error_vs_solver=0.6879 (X=0.6389, O=0.7369), elapsed=10.7s
iter   31/300: games={'X': 14, 'O': 1, 'draw': 5}, buffer_x=3500, buffer_o=3066, x_frozen=True, o_win_rate_rolling=0.0900, value_loss_o=0.4284, policy_loss_o=1.0304, value_error_vs_solver=0.6444 (X=0.6398, O=0.6490), elapsed=6.7s
iter   32/300: games={'X': 13, 'O': 1, 'draw': 6}, buffer_x=3619, buffer_o=3168, x_frozen=True, o_win_rate_rolling=0.0800, value_loss_o=0.4153, policy_loss_o=1.0216, value_error_vs_solver=0.6425 (X=0.5831, O=0.7019), elapsed=7.2s
iter   33/300: games={'X': 12, 'O': 2, 'draw': 6}, buffer_x=3739, buffer_o=3272, x_frozen=True, o_win_rate_rolling=0.0500, value_loss_o=0.4159, policy_loss_o=1.0114, value_error_vs_solver=0.6901 (X=0.5960, O=0.7842), elapsed=8.6s
iter   34/300: games={'X': 16, 'O': 0, 'draw': 4}, buffer_x=3865, buffer_o=3379, x_frozen=True, o_win_rate_rolling=0.0500, value_loss_o=0.3954, policy_loss_o=1.0018, value_error_vs_solver=0.6593 (X=0.5867, O=0.7319), elapsed=10.6s
iter   35/300: games={'X': 16, 'O': 1, 'draw': 3}, buffer_x=3967, buffer_o=3463, x_frozen=True, o_win_rate_rolling=0.0450, value_loss_o=0.3942, policy_loss_o=0.9968, value_error_vs_solver=0.6283 (X=0.6251, O=0.6316), elapsed=8.3s
iter   36/300: games={'X': 13, 'O': 2, 'draw': 5}, buffer_x=4080, buffer_o=3563, x_frozen=True, o_win_rate_rolling=0.0500, value_loss_o=0.3841, policy_loss_o=0.9921, value_error_vs_solver=0.6560 (X=0.6009, O=0.7112), elapsed=9.9s
iter   37/300: games={'X': 12, 'O': 1, 'draw': 7}, buffer_x=4208, buffer_o=3676, x_frozen=True, o_win_rate_rolling=0.0550, value_loss_o=0.3749, policy_loss_o=0.9839, value_error_vs_solver=0.6116 (X=0.5849, O=0.6384), elapsed=10.3s
iter   38/300: games={'X': 13, 'O': 0, 'draw': 7}, buffer_x=4337, buffer_o=3790, x_frozen=True, o_win_rate_rolling=0.0500, value_loss_o=0.3612, policy_loss_o=0.9686, value_error_vs_solver=0.6105 (X=0.5439, O=0.6770), elapsed=10.0s
iter   39/300: games={'X': 14, 'O': 3, 'draw': 3}, buffer_x=4433, buffer_o=3871, x_frozen=True, o_win_rate_rolling=0.0650, value_loss_o=0.3624, policy_loss_o=0.9682, value_error_vs_solver=0.6823 (X=0.6346, O=0.7299), elapsed=9.8s
iter   40/300: games={'X': 9, 'O': 2, 'draw': 9}, buffer_x=4566, buffer_o=3994, x_frozen=True, o_win_rate_rolling=0.0650, value_loss_o=0.3513, policy_loss_o=0.9593, value_error_vs_solver=0.6626 (X=0.5941, O=0.7312), elapsed=12.6s
iter   41/300: games={'X': 11, 'O': 3, 'draw': 6}, buffer_x=4692, buffer_o=4106, x_frozen=True, o_win_rate_rolling=0.0750, value_loss_o=0.3542, policy_loss_o=0.9528, value_error_vs_solver=0.5985 (X=0.5718, O=0.6252), elapsed=13.2s
iter   42/300: games={'X': 7, 'O': 3, 'draw': 10}, buffer_x=4838, buffer_o=4245, x_frozen=True, o_win_rate_rolling=0.0850, value_loss_o=0.3394, policy_loss_o=0.9389, value_error_vs_solver=0.6757 (X=0.6337, O=0.7177), elapsed=16.7s
iter   43/300: games={'X': 13, 'O': 0, 'draw': 7}, buffer_x=4978, buffer_o=4367, x_frozen=True, o_win_rate_rolling=0.0750, value_loss_o=0.3315, policy_loss_o=0.9284, value_error_vs_solver=0.6114 (X=0.5938, O=0.6289), elapsed=12.3s
iter   44/300: games={'X': 9, 'O': 3, 'draw': 8}, buffer_x=5108, buffer_o=4484, x_frozen=True, o_win_rate_rolling=0.0900, value_loss_o=0.3235, policy_loss_o=0.9126, value_error_vs_solver=0.6733 (X=0.5700, O=0.7765), elapsed=13.5s
iter   45/300: games={'X': 11, 'O': 0, 'draw': 9}, buffer_x=5240, buffer_o=4603, x_frozen=True, o_win_rate_rolling=0.0850, value_loss_o=0.3181, policy_loss_o=0.9091, value_error_vs_solver=0.6518 (X=0.6143, O=0.6893), elapsed=11.9s
iter   46/300: games={'X': 9, 'O': 2, 'draw': 9}, buffer_x=5375, buffer_o=4727, x_frozen=True, o_win_rate_rolling=0.0850, value_loss_o=0.3122, policy_loss_o=0.8969, value_error_vs_solver=0.6331 (X=0.6167, O=0.6495), elapsed=12.9s
iter   47/300: games={'X': 10, 'O': 3, 'draw': 7}, buffer_x=5519, buffer_o=4858, x_frozen=True, o_win_rate_rolling=0.0950, value_loss_o=0.3069, policy_loss_o=0.8869, value_error_vs_solver=0.5850 (X=0.5402, O=0.6297), elapsed=13.5s
iter   48/300: games={'X': 5, 'O': 2, 'draw': 13}, buffer_x=5689, buffer_o=5020, x_frozen=True, o_win_rate_rolling=0.1050, value_loss_o=0.2988, policy_loss_o=0.8714, value_error_vs_solver=0.6332 (X=0.6207, O=0.6457), elapsed=16.2s
iter   49/300: games={'X': 7, 'O': 2, 'draw': 11}, buffer_x=5859, buffer_o=5182, x_frozen=True, o_win_rate_rolling=0.1000, value_loss_o=0.2940, policy_loss_o=0.8564, value_error_vs_solver=0.6244 (X=0.5535, O=0.6953), elapsed=16.8s
iter   50/300: games={'X': 5, 'O': 3, 'draw': 12}, buffer_x=6019, buffer_o=5333, x_frozen=True, o_win_rate_rolling=0.1050, value_loss_o=0.2924, policy_loss_o=0.8416, value_error_vs_solver=0.5595 (X=0.5481, O=0.5709), elapsed=16.2s
iter   51/300: games={'X': 8, 'O': 2, 'draw': 10}, buffer_x=6157, buffer_o=5460, x_frozen=True, o_win_rate_rolling=0.1000, value_loss_o=0.2855, policy_loss_o=0.8350, value_error_vs_solver=0.5988 (X=0.5715, O=0.6261), elapsed=15.5s
iter   52/300: games={'X': 7, 'O': 3, 'draw': 10}, buffer_x=6313, buffer_o=5605, x_frozen=True, o_win_rate_rolling=0.1000, value_loss_o=0.2803, policy_loss_o=0.8229, value_error_vs_solver=0.6465 (X=0.6262, O=0.6668), elapsed=21.9s
iter   53/300: games={'X': 10, 'O': 2, 'draw': 8}, buffer_x=6448, buffer_o=5727, x_frozen=True, o_win_rate_rolling=0.1100, value_loss_o=0.2781, policy_loss_o=0.8167, value_error_vs_solver=0.6146 (X=0.5939, O=0.6353), elapsed=28.9s
iter   54/300: games={'X': 11, 'O': 2, 'draw': 7}, buffer_x=6565, buffer_o=5829, x_frozen=True, o_win_rate_rolling=0.1050, value_loss_o=0.2731, policy_loss_o=0.8103, value_error_vs_solver=0.6747 (X=0.6721, O=0.6774), elapsed=18.2s
iter   55/300: games={'X': 5, 'O': 2, 'draw': 13}, buffer_x=6745, buffer_o=6002, x_frozen=True, o_win_rate_rolling=0.1150, value_loss_o=0.2719, policy_loss_o=0.7991, value_error_vs_solver=0.6243 (X=0.6252, O=0.6234), elapsed=34.3s
iter   56/300: games={'X': 5, 'O': 4, 'draw': 11}, buffer_x=6888, buffer_o=6138, x_frozen=True, o_win_rate_rolling=0.1250, value_loss_o=0.2680, policy_loss_o=0.7894, value_error_vs_solver=0.6148 (X=0.5984, O=0.6312), elapsed=19.0s
iter   57/300: games={'X': 17, 'O': 0, 'draw': 3}, buffer_x=7000, buffer_o=6232, x_frozen=True, o_win_rate_rolling=0.1100, value_loss_o=0.2629, policy_loss_o=0.7863, value_error_vs_solver=0.6001 (X=0.6018, O=0.5985), elapsed=11.8s
iter   58/300: games={'X': 6, 'O': 5, 'draw': 9}, buffer_x=7150, buffer_o=6374, x_frozen=True, o_win_rate_rolling=0.1250, value_loss_o=0.2628, policy_loss_o=0.7787, value_error_vs_solver=0.6899 (X=0.6633, O=0.7165), elapsed=17.9s
iter   59/300: games={'X': 11, 'O': 0, 'draw': 9}, buffer_x=7288, buffer_o=6497, x_frozen=True, o_win_rate_rolling=0.1150, value_loss_o=0.2580, policy_loss_o=0.7711, value_error_vs_solver=0.6407 (X=0.6353, O=0.6460), elapsed=16.5s
iter   60/300: games={'X': 14, 'O': 3, 'draw': 3}, buffer_x=7400, buffer_o=6595, x_frozen=True, o_win_rate_rolling=0.1150, value_loss_o=0.2614, policy_loss_o=0.7691, value_error_vs_solver=0.6310 (X=0.6410, O=0.6209), elapsed=13.1s
iter   61/300: games={'X': 14, 'O': 1, 'draw': 5}, buffer_x=7523, buffer_o=6703, x_frozen=True, o_win_rate_rolling=0.1100, value_loss_o=0.2643, policy_loss_o=0.7683, value_error_vs_solver=0.6264 (X=0.5941, O=0.6587), elapsed=14.7s
iter   62/300: games={'X': 7, 'O': 2, 'draw': 11}, buffer_x=7678, buffer_o=6851, x_frozen=True, o_win_rate_rolling=0.1050, value_loss_o=0.2533, policy_loss_o=0.7551, value_error_vs_solver=0.6088 (X=0.6174, O=0.6002), elapsed=18.7s
iter   63/300: games={'X': 7, 'O': 4, 'draw': 9}, buffer_x=7813, buffer_o=6975, x_frozen=True, o_win_rate_rolling=0.1150, value_loss_o=0.2533, policy_loss_o=0.7519, value_error_vs_solver=0.6488 (X=0.6127, O=0.6848), elapsed=16.9s
iter   64/300: games={'X': 12, 'O': 3, 'draw': 5}, buffer_x=7922, buffer_o=7071, x_frozen=True, o_win_rate_rolling=0.1200, value_loss_o=0.2498, policy_loss_o=0.7475, value_error_vs_solver=0.6344 (X=0.6067, O=0.6622), elapsed=13.2s
iter   65/300: games={'X': 10, 'O': 4, 'draw': 6}, buffer_x=8000, buffer_o=7189, x_frozen=True, o_win_rate_rolling=0.1300, value_loss_o=0.2481, policy_loss_o=0.7450, value_error_vs_solver=0.6284 (X=0.6540, O=0.6029), elapsed=16.1s
iter   66/300: games={'X': 11, 'O': 0, 'draw': 9}, buffer_x=8000, buffer_o=7328, x_frozen=True, o_win_rate_rolling=0.1100, value_loss_o=0.2442, policy_loss_o=0.7370, value_error_vs_solver=0.6418 (X=0.6334, O=0.6502), elapsed=15.9s
iter   67/300: games={'X': 5, 'O': 1, 'draw': 14}, buffer_x=8000, buffer_o=7492, x_frozen=True, o_win_rate_rolling=0.1150, value_loss_o=0.2430, policy_loss_o=0.7260, value_error_vs_solver=0.5793 (X=0.5740, O=0.5846), elapsed=18.2s
iter   68/300: games={'X': 10, 'O': 1, 'draw': 9}, buffer_x=8000, buffer_o=7622, x_frozen=True, o_win_rate_rolling=0.0950, value_loss_o=0.2385, policy_loss_o=0.7224, value_error_vs_solver=0.5620 (X=0.5727, O=0.5512), elapsed=15.4s
iter   69/300: games={'X': 11, 'O': 0, 'draw': 9}, buffer_x=8000, buffer_o=7754, x_frozen=True, o_win_rate_rolling=0.0950, value_loss_o=0.2339, policy_loss_o=0.7146, value_error_vs_solver=0.6087 (X=0.5866, O=0.6307), elapsed=15.1s
iter   70/300: games={'X': 6, 'O': 4, 'draw': 10}, buffer_x=8000, buffer_o=7895, x_frozen=True, o_win_rate_rolling=0.1000, value_loss_o=0.2354, policy_loss_o=0.7087, value_error_vs_solver=0.6339 (X=0.6512, O=0.6166), elapsed=17.4s
iter   71/300: games={'X': 8, 'O': 4, 'draw': 8}, buffer_x=8000, buffer_o=8000, x_frozen=True, o_win_rate_rolling=0.1150, value_loss_o=0.2335, policy_loss_o=0.7040, value_error_vs_solver=0.6027 (X=0.5824, O=0.6229), elapsed=13.0s
iter   72/300: games={'X': 8, 'O': 1, 'draw': 11}, buffer_x=8000, buffer_o=8000, x_frozen=True, o_win_rate_rolling=0.1100, value_loss_o=0.2246, policy_loss_o=0.6895, value_error_vs_solver=0.6303 (X=0.6504, O=0.6102), elapsed=17.3s
iter   73/300: games={'X': 8, 'O': 1, 'draw': 11}, buffer_x=8000, buffer_o=8000, x_frozen=True, o_win_rate_rolling=0.0950, value_loss_o=0.2165, policy_loss_o=0.6728, value_error_vs_solver=0.5953 (X=0.5607, O=0.6299), elapsed=19.6s
iter   74/300: games={'X': 15, 'O': 3, 'draw': 2}, buffer_x=8000, buffer_o=8000, x_frozen=True, o_win_rate_rolling=0.0950, value_loss_o=0.2131, policy_loss_o=0.6653, value_error_vs_solver=0.5617 (X=0.5590, O=0.5644), elapsed=8.3s
iter   75/300: games={'X': 8, 'O': 4, 'draw': 8}, buffer_x=8000, buffer_o=8000, x_frozen=True, o_win_rate_rolling=0.0950, value_loss_o=0.2042, policy_loss_o=0.6516, value_error_vs_solver=0.5840 (X=0.5591, O=0.6090), elapsed=15.9s
iter   76/300: games={'X': 10, 'O': 2, 'draw': 8}, buffer_x=8000, buffer_o=8000, x_frozen=True, o_win_rate_rolling=0.1050, value_loss_o=0.1959, policy_loss_o=0.6399, value_error_vs_solver=0.5976 (X=0.5765, O=0.6188), elapsed=12.6s
iter   77/300: games={'X': 8, 'O': 0, 'draw': 12}, buffer_x=8000, buffer_o=8000, x_frozen=True, o_win_rate_rolling=0.1000, value_loss_o=0.1868, policy_loss_o=0.6236, value_error_vs_solver=0.6001 (X=0.6426, O=0.5576), elapsed=15.0s
iter   78/300: games={'X': 10, 'O': 4, 'draw': 6}, buffer_x=8000, buffer_o=8000, x_frozen=True, o_win_rate_rolling=0.1150, value_loss_o=0.1802, policy_loss_o=0.6129, value_error_vs_solver=0.5741 (X=0.5868, O=0.5614), elapsed=10.7s
iter   79/300: games={'X': 12, 'O': 1, 'draw': 7}, buffer_x=8000, buffer_o=8000, x_frozen=True, o_win_rate_rolling=0.1200, value_loss_o=0.1711, policy_loss_o=0.6038, value_error_vs_solver=0.5839 (X=0.5571, O=0.6106), elapsed=11.6s
iter   80/300: games={'X': 10, 'O': 3, 'draw': 7}, buffer_x=8000, buffer_o=8000, x_frozen=True, o_win_rate_rolling=0.1150, value_loss_o=0.1632, policy_loss_o=0.5972, value_error_vs_solver=0.6044 (X=0.6238, O=0.5851), elapsed=10.9s
iter   81/300: games={'X': 15, 'O': 1, 'draw': 4}, buffer_x=8000, buffer_o=8000, x_frozen=True, o_win_rate_rolling=0.1000, value_loss_o=0.1574, policy_loss_o=0.5898, value_error_vs_solver=0.5712 (X=0.6293, O=0.5131), elapsed=9.6s
iter   82/300: games={'X': 14, 'O': 1, 'draw': 5}, buffer_x=8000, buffer_o=8000, x_frozen=True, o_win_rate_rolling=0.1000, value_loss_o=0.1580, policy_loss_o=0.5844, value_error_vs_solver=0.5745 (X=0.6155, O=0.5334), elapsed=9.7s
iter   83/300: games={'X': 8, 'O': 1, 'draw': 11}, buffer_x=8000, buffer_o=8000, x_frozen=True, o_win_rate_rolling=0.1000, value_loss_o=0.1512, policy_loss_o=0.5714, value_error_vs_solver=0.5663 (X=0.5940, O=0.5386), elapsed=14.7s
iter   84/300: games={'X': 14, 'O': 1, 'draw': 5}, buffer_x=8000, buffer_o=8000, x_frozen=True, o_win_rate_rolling=0.0900, value_loss_o=0.1458, policy_loss_o=0.5619, value_error_vs_solver=0.6182 (X=0.6222, O=0.6142), elapsed=10.2s
iter   85/300: games={'X': 9, 'O': 2, 'draw': 9}, buffer_x=8000, buffer_o=8000, x_frozen=True, o_win_rate_rolling=0.0800, value_loss_o=0.1413, policy_loss_o=0.5509, value_error_vs_solver=0.5624 (X=0.5994, O=0.5254), elapsed=12.5s
iter   86/300: games={'X': 10, 'O': 0, 'draw': 10}, buffer_x=8000, buffer_o=8000, x_frozen=True, o_win_rate_rolling=0.0700, value_loss_o=0.1368, policy_loss_o=0.5410, value_error_vs_solver=0.5853 (X=0.5774, O=0.5931), elapsed=13.0s
iter   87/300: games={'X': 11, 'O': 0, 'draw': 9}, buffer_x=8000, buffer_o=8000, x_frozen=True, o_win_rate_rolling=0.0700, value_loss_o=0.1310, policy_loss_o=0.5261, value_error_vs_solver=0.5554 (X=0.5911, O=0.5198), elapsed=14.0s
iter   88/300: games={'X': 9, 'O': 3, 'draw': 8}, buffer_x=8000, buffer_o=8000, x_frozen=True, o_win_rate_rolling=0.0650, value_loss_o=0.1271, policy_loss_o=0.5161, value_error_vs_solver=0.5544 (X=0.5739, O=0.5348), elapsed=12.1s
iter   89/300: games={'X': 13, 'O': 0, 'draw': 7}, buffer_x=8000, buffer_o=8000, x_frozen=True, o_win_rate_rolling=0.0600, value_loss_o=0.1243, policy_loss_o=0.5070, value_error_vs_solver=0.5387 (X=0.5555, O=0.5220), elapsed=10.7s
iter   90/300: games={'X': 9, 'O': 1, 'draw': 10}, buffer_x=8000, buffer_o=8000, x_frozen=True, o_win_rate_rolling=0.0500, value_loss_o=0.1214, policy_loss_o=0.4979, value_error_vs_solver=0.5638 (X=0.5970, O=0.5306), elapsed=12.5s
iter   91/300: games={'X': 9, 'O': 3, 'draw': 8}, buffer_x=8000, buffer_o=8000, x_frozen=True, o_win_rate_rolling=0.0600, value_loss_o=0.1213, policy_loss_o=0.4890, value_error_vs_solver=0.5704 (X=0.6489, O=0.4919), elapsed=14.8s
iter   92/300: games={'X': 11, 'O': 3, 'draw': 6}, buffer_x=8000, buffer_o=8000, x_frozen=True, o_win_rate_rolling=0.0700, value_loss_o=0.1240, policy_loss_o=0.4810, value_error_vs_solver=0.5534 (X=0.6461, O=0.4607), elapsed=13.9s
iter   93/300: games={'X': 8, 'O': 2, 'draw': 10}, buffer_x=8000, buffer_o=8000, x_frozen=True, o_win_rate_rolling=0.0750, value_loss_o=0.1225, policy_loss_o=0.4703, value_error_vs_solver=0.5302 (X=0.5783, O=0.4820), elapsed=12.9s
iter   94/300: games={'X': 7, 'O': 3, 'draw': 10}, buffer_x=8000, buffer_o=8000, x_frozen=True, o_win_rate_rolling=0.0850, value_loss_o=0.1221, policy_loss_o=0.4568, value_error_vs_solver=0.5754 (X=0.6158, O=0.5349), elapsed=18.6s
iter   95/300: games={'X': 8, 'O': 3, 'draw': 9}, buffer_x=8000, buffer_o=8000, x_frozen=True, o_win_rate_rolling=0.0900, value_loss_o=0.1237, policy_loss_o=0.4518, value_error_vs_solver=0.5532 (X=0.6308, O=0.4756), elapsed=13.9s
iter   96/300: games={'X': 11, 'O': 0, 'draw': 9}, buffer_x=8000, buffer_o=8000, x_frozen=True, o_win_rate_rolling=0.0900, value_loss_o=0.1206, policy_loss_o=0.4432, value_error_vs_solver=0.5472 (X=0.5751, O=0.5194), elapsed=13.2s
iter   97/300: games={'X': 10, 'O': 3, 'draw': 7}, buffer_x=8000, buffer_o=8000, x_frozen=True, o_win_rate_rolling=0.1050, value_loss_o=0.1196, policy_loss_o=0.4375, value_error_vs_solver=0.5484 (X=0.6039, O=0.4929), elapsed=13.4s
iter   98/300: games={'X': 11, 'O': 0, 'draw': 9}, buffer_x=8000, buffer_o=8000, x_frozen=True, o_win_rate_rolling=0.0900, value_loss_o=0.1169, policy_loss_o=0.4247, value_error_vs_solver=0.5540 (X=0.6396, O=0.4685), elapsed=17.3s
iter   99/300: games={'X': 6, 'O': 5, 'draw': 9}, buffer_x=8000, buffer_o=8000, x_frozen=True, o_win_rate_rolling=0.1150, value_loss_o=0.1174, policy_loss_o=0.4122, value_error_vs_solver=0.5476 (X=0.6250, O=0.4702), elapsed=14.1s
iter  100/300: games={'X': 10, 'O': 3, 'draw': 7}, buffer_x=8000, buffer_o=8000, x_frozen=True, o_win_rate_rolling=0.1250, value_loss_o=0.1160, policy_loss_o=0.4039, value_error_vs_solver=0.4950 (X=0.5688, O=0.4213), elapsed=12.2s
iter  101/300: games={'X': 7, 'O': 3, 'draw': 10}, buffer_x=8000, buffer_o=8000, x_frozen=True, o_win_rate_rolling=0.1250, value_loss_o=0.1162, policy_loss_o=0.3939, value_error_vs_solver=0.5651 (X=0.6447, O=0.4855), elapsed=13.6s
iter  102/300: games={'X': 8, 'O': 2, 'draw': 10}, buffer_x=8000, buffer_o=8000, x_frozen=True, o_win_rate_rolling=0.1200, value_loss_o=0.1140, policy_loss_o=0.3855, value_error_vs_solver=0.6135 (X=0.6897, O=0.5374), elapsed=13.4s
iter  103/300: games={'X': 12, 'O': 3, 'draw': 5}, buffer_x=8000, buffer_o=8000, x_frozen=True, o_win_rate_rolling=0.1250, value_loss_o=0.1164, policy_loss_o=0.3823, value_error_vs_solver=0.5519 (X=0.6021, O=0.5018), elapsed=10.6s
iter  104/300: games={'X': 9, 'O': 2, 'draw': 9}, buffer_x=8000, buffer_o=8000, x_frozen=True, o_win_rate_rolling=0.1200, value_loss_o=0.1141, policy_loss_o=0.3790, value_error_vs_solver=0.5631 (X=0.6508, O=0.4755), elapsed=9.3s
iter  105/300: games={'X': 13, 'O': 1, 'draw': 6}, buffer_x=8000, buffer_o=8000, x_frozen=True, o_win_rate_rolling=0.1100, value_loss_o=0.1138, policy_loss_o=0.3788, value_error_vs_solver=0.5740 (X=0.6339, O=0.5142), elapsed=8.5s
iter  106/300: games={'X': 9, 'O': 3, 'draw': 8}, buffer_x=8000, buffer_o=8000, x_frozen=True, o_win_rate_rolling=0.1250, value_loss_o=0.1130, policy_loss_o=0.3741, value_error_vs_solver=0.5381 (X=0.6153, O=0.4609), elapsed=9.5s
iter  107/300: games={'X': 8, 'O': 4, 'draw': 8}, buffer_x=8000, buffer_o=8000, x_frozen=True, o_win_rate_rolling=0.1300, value_loss_o=0.1145, policy_loss_o=0.3719, value_error_vs_solver=0.5451 (X=0.6212, O=0.4690), elapsed=13.5s
iter  108/300: games={'X': 7, 'O': 1, 'draw': 12}, buffer_x=8000, buffer_o=8000, x_frozen=True, o_win_rate_rolling=0.1350, value_loss_o=0.1122, policy_loss_o=0.3656, value_error_vs_solver=0.5030 (X=0.5535, O=0.4524), elapsed=12.3s
iter  109/300: games={'X': 10, 'O': 2, 'draw': 8}, buffer_x=8000, buffer_o=8000, x_frozen=True, o_win_rate_rolling=0.1200, value_loss_o=0.1141, policy_loss_o=0.3647, value_error_vs_solver=0.5839 (X=0.6425, O=0.5253), elapsed=9.5s
iter  110/300: games={'X': 12, 'O': 1, 'draw': 7}, buffer_x=8000, buffer_o=8000, x_frozen=True, o_win_rate_rolling=0.1100, value_loss_o=0.1129, policy_loss_o=0.3614, value_error_vs_solver=0.5690 (X=0.5923, O=0.5458), elapsed=9.9s
iter  111/300: games={'X': 9, 'O': 3, 'draw': 8}, buffer_x=8000, buffer_o=8000, x_frozen=True, o_win_rate_rolling=0.1100, value_loss_o=0.1127, policy_loss_o=0.3594, value_error_vs_solver=0.5106 (X=0.5409, O=0.4802), elapsed=10.1s
iter  112/300: games={'X': 8, 'O': 4, 'draw': 8}, buffer_x=8000, buffer_o=8000, x_frozen=True, o_win_rate_rolling=0.1200, value_loss_o=0.1140, policy_loss_o=0.3597, value_error_vs_solver=0.5834 (X=0.6704, O=0.4965), elapsed=11.8s
iter  113/300: games={'X': 7, 'O': 2, 'draw': 11}, buffer_x=8000, buffer_o=8000, x_frozen=True, o_win_rate_rolling=0.1150, value_loss_o=0.1146, policy_loss_o=0.3572, value_error_vs_solver=0.5263 (X=0.6026, O=0.4500), elapsed=13.7s
iter  114/300: games={'X': 12, 'O': 2, 'draw': 6}, buffer_x=8000, buffer_o=8000, x_frozen=True, o_win_rate_rolling=0.1150, value_loss_o=0.1138, policy_loss_o=0.3572, value_error_vs_solver=0.5744 (X=0.6179, O=0.5309), elapsed=12.8s
iter  115/300: games={'X': 9, 'O': 2, 'draw': 9}, buffer_x=8000, buffer_o=8000, x_frozen=True, o_win_rate_rolling=0.1200, value_loss_o=0.1137, policy_loss_o=0.3559, value_error_vs_solver=0.5518 (X=0.6699, O=0.4337), elapsed=10.0s
iter  116/300: games={'X': 12, 'O': 2, 'draw': 6}, buffer_x=8000, buffer_o=8000, x_frozen=True, o_win_rate_rolling=0.1150, value_loss_o=0.1127, policy_loss_o=0.3563, value_error_vs_solver=0.5626 (X=0.6176, O=0.5076), elapsed=8.5s
iter  117/300: games={'X': 12, 'O': 2, 'draw': 6}, buffer_x=8000, buffer_o=8000, x_frozen=True, o_win_rate_rolling=0.1050, value_loss_o=0.1136, policy_loss_o=0.3554, value_error_vs_solver=0.5946 (X=0.6912, O=0.4981), elapsed=9.2s
iter  118/300: games={'X': 11, 'O': 3, 'draw': 6}, buffer_x=8000, buffer_o=8000, x_frozen=True, o_win_rate_rolling=0.1150, value_loss_o=0.1132, policy_loss_o=0.3564, value_error_vs_solver=0.5568 (X=0.6398, O=0.4738), elapsed=8.5s
iter  119/300: games={'X': 6, 'O': 4, 'draw': 10}, buffer_x=8000, buffer_o=8000, x_frozen=True, o_win_rate_rolling=0.1250, value_loss_o=0.1130, policy_loss_o=0.3516, value_error_vs_solver=0.5478 (X=0.6194, O=0.4761), elapsed=10.0s
iter  120/300: games={'X': 13, 'O': 2, 'draw': 5}, buffer_x=8000, buffer_o=8000, x_frozen=True, o_win_rate_rolling=0.1300, value_loss_o=0.1137, policy_loss_o=0.3536, value_error_vs_solver=0.5169 (X=0.6207, O=0.4132), elapsed=7.0s
iter  121/300: games={'X': 8, 'O': 2, 'draw': 10}, buffer_x=8000, buffer_o=8000, x_frozen=True, o_win_rate_rolling=0.1250, value_loss_o=0.1135, policy_loss_o=0.3521, value_error_vs_solver=0.4581 (X=0.5393, O=0.3769), elapsed=10.0s
iter  122/300: games={'X': 11, 'O': 3, 'draw': 6}, buffer_x=8000, buffer_o=8000, x_frozen=True, o_win_rate_rolling=0.1200, value_loss_o=0.1161, policy_loss_o=0.3536, value_error_vs_solver=0.5146 (X=0.5602, O=0.4691), elapsed=8.9s
iter  123/300: games={'X': 10, 'O': 3, 'draw': 7}, buffer_x=8000, buffer_o=8000, x_frozen=True, o_win_rate_rolling=0.1250, value_loss_o=0.1141, policy_loss_o=0.3507, value_error_vs_solver=0.5051 (X=0.5701, O=0.4401), elapsed=8.4s
iter  124/300: games={'X': 6, 'O': 3, 'draw': 11}, buffer_x=8000, buffer_o=8000, x_frozen=True, o_win_rate_rolling=0.1300, value_loss_o=0.1163, policy_loss_o=0.3486, value_error_vs_solver=0.5440 (X=0.6313, O=0.4566), elapsed=11.3s
iter  125/300: games={'X': 11, 'O': 1, 'draw': 8}, buffer_x=8000, buffer_o=8000, x_frozen=True, o_win_rate_rolling=0.1250, value_loss_o=0.1128, policy_loss_o=0.3461, value_error_vs_solver=0.5780 (X=0.6471, O=0.5089), elapsed=9.4s
iter  126/300: games={'X': 10, 'O': 1, 'draw': 9}, buffer_x=8000, buffer_o=8000, x_frozen=True, o_win_rate_rolling=0.1200, value_loss_o=0.1145, policy_loss_o=0.3438, value_error_vs_solver=0.5168 (X=0.6134, O=0.4202), elapsed=9.0s
iter  127/300: games={'X': 12, 'O': 1, 'draw': 7}, buffer_x=8000, buffer_o=8000, x_frozen=True, o_win_rate_rolling=0.1150, value_loss_o=0.1133, policy_loss_o=0.3443, value_error_vs_solver=0.5591 (X=0.5744, O=0.5437), elapsed=7.4s
iter  128/300: games={'X': 8, 'O': 2, 'draw': 10}, buffer_x=8000, buffer_o=8000, x_frozen=True, o_win_rate_rolling=0.1100, value_loss_o=0.1125, policy_loss_o=0.3422, value_error_vs_solver=0.5165 (X=0.5408, O=0.4922), elapsed=9.4s
iter  129/300: games={'X': 12, 'O': 0, 'draw': 8}, buffer_x=8000, buffer_o=8000, x_frozen=True, o_win_rate_rolling=0.0900, value_loss_o=0.1109, policy_loss_o=0.3403, value_error_vs_solver=0.5422 (X=0.6313, O=0.4531), elapsed=8.5s
iter  130/300: games={'X': 8, 'O': 3, 'draw': 9}, buffer_x=8000, buffer_o=8000, x_frozen=True, o_win_rate_rolling=0.0950, value_loss_o=0.1094, policy_loss_o=0.3385, value_error_vs_solver=0.5721 (X=0.6181, O=0.5261), elapsed=13.5s
iter  131/300: games={'X': 10, 'O': 1, 'draw': 9}, buffer_x=8000, buffer_o=8000, x_frozen=True, o_win_rate_rolling=0.0900, value_loss_o=0.1085, policy_loss_o=0.3373, value_error_vs_solver=0.5530 (X=0.6039, O=0.5021), elapsed=12.2s
iter  132/300: games={'X': 5, 'O': 4, 'draw': 11}, buffer_x=8000, buffer_o=8000, x_frozen=True, o_win_rate_rolling=0.0950, value_loss_o=0.1079, policy_loss_o=0.3377, value_error_vs_solver=0.5350 (X=0.6492, O=0.4208), elapsed=10.6s
iter  133/300: games={'X': 12, 'O': 3, 'draw': 5}, buffer_x=8000, buffer_o=8000, x_frozen=True, o_win_rate_rolling=0.0950, value_loss_o=0.1074, policy_loss_o=0.3393, value_error_vs_solver=0.5000 (X=0.6167, O=0.3832), elapsed=8.5s
iter  134/300: games={'X': 11, 'O': 1, 'draw': 8}, buffer_x=8000, buffer_o=8000, x_frozen=True, o_win_rate_rolling=0.0850, value_loss_o=0.1072, policy_loss_o=0.3383, value_error_vs_solver=0.5725 (X=0.6283, O=0.5167), elapsed=13.2s
iter  135/300: games={'X': 6, 'O': 1, 'draw': 13}, buffer_x=8000, buffer_o=8000, x_frozen=True, o_win_rate_rolling=0.0850, value_loss_o=0.1072, policy_loss_o=0.3362, value_error_vs_solver=0.5612 (X=0.6967, O=0.4256), elapsed=17.4s
iter  136/300: games={'X': 10, 'O': 2, 'draw': 8}, buffer_x=8000, buffer_o=8000, x_frozen=True, o_win_rate_rolling=0.0900, value_loss_o=0.1062, policy_loss_o=0.3355, value_error_vs_solver=0.4940 (X=0.5713, O=0.4167), elapsed=15.7s
iter  137/300: games={'X': 8, 'O': 3, 'draw': 9}, buffer_x=8000, buffer_o=8000, x_frozen=True, o_win_rate_rolling=0.1000, value_loss_o=0.1043, policy_loss_o=0.3336, value_error_vs_solver=0.5373 (X=0.6348, O=0.4397), elapsed=17.5s
iter  138/300: games={'X': 11, 'O': 2, 'draw': 7}, buffer_x=8000, buffer_o=8000, x_frozen=True, o_win_rate_rolling=0.1000, value_loss_o=0.1053, policy_loss_o=0.3339, value_error_vs_solver=0.5324 (X=0.5410, O=0.5238), elapsed=14.8s
iter  139/300: games={'X': 10, 'O': 2, 'draw': 8}, buffer_x=8000, buffer_o=8000, x_frozen=True, o_win_rate_rolling=0.1100, value_loss_o=0.1051, policy_loss_o=0.3343, value_error_vs_solver=0.5060 (X=0.6013, O=0.4107), elapsed=25.7s
iter  140/300: games={'X': 11, 'O': 1, 'draw': 8}, buffer_x=8000, buffer_o=8000, x_frozen=True, o_win_rate_rolling=0.1000, value_loss_o=0.1052, policy_loss_o=0.3338, value_error_vs_solver=0.5407 (X=0.6126, O=0.4689), elapsed=15.2s
iter  141/300: games={'X': 7, 'O': 2, 'draw': 11}, buffer_x=8000, buffer_o=8000, x_frozen=True, o_win_rate_rolling=0.1050, value_loss_o=0.1042, policy_loss_o=0.3328, value_error_vs_solver=0.5267 (X=0.5864, O=0.4669), elapsed=15.8s
iter  142/300: games={'X': 6, 'O': 1, 'draw': 13}, buffer_x=8000, buffer_o=8000, x_frozen=True, o_win_rate_rolling=0.0900, value_loss_o=0.1034, policy_loss_o=0.3291, value_error_vs_solver=0.5363 (X=0.6372, O=0.4355), elapsed=15.6s
iter  143/300: games={'X': 10, 'O': 4, 'draw': 6}, buffer_x=8000, buffer_o=8000, x_frozen=True, o_win_rate_rolling=0.0950, value_loss_o=0.1050, policy_loss_o=0.3298, value_error_vs_solver=0.5391 (X=0.5658, O=0.5124), elapsed=12.2s
iter  144/300: games={'X': 11, 'O': 2, 'draw': 7}, buffer_x=8000, buffer_o=8000, x_frozen=True, o_win_rate_rolling=0.1000, value_loss_o=0.1028, policy_loss_o=0.3294, value_error_vs_solver=0.5148 (X=0.5544, O=0.4752), elapsed=16.4s
iter  145/300: games={'X': 10, 'O': 2, 'draw': 8}, buffer_x=8000, buffer_o=8000, x_frozen=True, o_win_rate_rolling=0.1050, value_loss_o=0.1024, policy_loss_o=0.3279, value_error_vs_solver=0.5634 (X=0.6368, O=0.4900), elapsed=10.9s
iter  146/300: games={'X': 7, 'O': 4, 'draw': 9}, buffer_x=8000, buffer_o=8000, x_frozen=True, o_win_rate_rolling=0.1150, value_loss_o=0.1042, policy_loss_o=0.3275, value_error_vs_solver=0.4961 (X=0.5914, O=0.4009), elapsed=13.4s
iter  147/300: games={'X': 16, 'O': 1, 'draw': 3}, buffer_x=8000, buffer_o=8000, x_frozen=True, o_win_rate_rolling=0.1050, value_loss_o=0.1044, policy_loss_o=0.3266, value_error_vs_solver=0.5309 (X=0.5786, O=0.4831), elapsed=9.1s
iter  148/300: games={'X': 12, 'O': 0, 'draw': 8}, buffer_x=8000, buffer_o=8000, x_frozen=True, o_win_rate_rolling=0.0950, value_loss_o=0.1046, policy_loss_o=0.3236, value_error_vs_solver=0.5091 (X=0.5514, O=0.4668), elapsed=11.2s
iter  149/300: games={'X': 10, 'O': 2, 'draw': 8}, buffer_x=8000, buffer_o=8000, x_frozen=True, o_win_rate_rolling=0.0950, value_loss_o=0.1063, policy_loss_o=0.3239, value_error_vs_solver=0.5986 (X=0.7152, O=0.4821), elapsed=11.1s
iter  150/300: games={'X': 10, 'O': 3, 'draw': 7}, buffer_x=8000, buffer_o=8000, x_frozen=True, o_win_rate_rolling=0.1050, value_loss_o=0.1072, policy_loss_o=0.3236, value_error_vs_solver=0.5118 (X=0.6095, O=0.4141), elapsed=9.5s
iter  151/300: games={'X': 11, 'O': 1, 'draw': 8}, buffer_x=8000, buffer_o=8000, x_frozen=True, o_win_rate_rolling=0.1000, value_loss_o=0.1065, policy_loss_o=0.3211, value_error_vs_solver=0.5511 (X=0.5981, O=0.5041), elapsed=11.3s
iter  152/300: games={'X': 12, 'O': 2, 'draw': 6}, buffer_x=8000, buffer_o=8000, x_frozen=True, o_win_rate_rolling=0.1050, value_loss_o=0.1073, policy_loss_o=0.3212, value_error_vs_solver=0.5389 (X=0.5824, O=0.4953), elapsed=10.6s
iter  153/300: games={'X': 5, 'O': 8, 'draw': 7}, buffer_x=8000, buffer_o=8000, x_frozen=True, o_win_rate_rolling=0.1250, value_loss_o=0.1102, policy_loss_o=0.3213, value_error_vs_solver=0.5142 (X=0.5906, O=0.4379), elapsed=13.1s
iter  154/300: games={'X': 8, 'O': 4, 'draw': 8}, buffer_x=8000, buffer_o=8000, x_frozen=True, o_win_rate_rolling=0.1350, value_loss_o=0.1107, policy_loss_o=0.3220, value_error_vs_solver=0.5468 (X=0.6172, O=0.4764), elapsed=10.7s
iter  155/300: games={'X': 9, 'O': 1, 'draw': 10}, buffer_x=8000, buffer_o=8000, x_frozen=True, o_win_rate_rolling=0.1300, value_loss_o=0.1109, policy_loss_o=0.3191, value_error_vs_solver=0.5429 (X=0.6800, O=0.4058), elapsed=10.4s
iter  156/300: games={'X': 11, 'O': 3, 'draw': 6}, buffer_x=8000, buffer_o=8000, x_frozen=True, o_win_rate_rolling=0.1250, value_loss_o=0.1120, policy_loss_o=0.3196, value_error_vs_solver=0.4972 (X=0.5433, O=0.4512), elapsed=11.7s
iter  157/300: games={'X': 10, 'O': 0, 'draw': 10}, buffer_x=8000, buffer_o=8000, x_frozen=True, o_win_rate_rolling=0.1200, value_loss_o=0.1116, policy_loss_o=0.3191, value_error_vs_solver=0.5598 (X=0.6397, O=0.4800), elapsed=10.1s
iter  158/300: games={'X': 8, 'O': 4, 'draw': 8}, buffer_x=8000, buffer_o=8000, x_frozen=True, o_win_rate_rolling=0.1400, value_loss_o=0.1105, policy_loss_o=0.3187, value_error_vs_solver=0.5531 (X=0.6147, O=0.4915), elapsed=11.9s
iter  159/300: games={'X': 7, 'O': 4, 'draw': 9}, buffer_x=8000, buffer_o=8000, x_frozen=True, o_win_rate_rolling=0.1500, value_loss_o=0.1102, policy_loss_o=0.3178, value_error_vs_solver=0.5847 (X=0.6897, O=0.4797), elapsed=10.9s
iter  160/300: games={'X': 11, 'O': 1, 'draw': 8}, buffer_x=8000, buffer_o=8000, x_frozen=True, o_win_rate_rolling=0.1400, value_loss_o=0.1101, policy_loss_o=0.3172, value_error_vs_solver=0.5653 (X=0.5872, O=0.5433), elapsed=10.2s
iter  161/300: games={'X': 10, 'O': 1, 'draw': 9}, buffer_x=8000, buffer_o=8000, x_frozen=True, o_win_rate_rolling=0.1400, value_loss_o=0.1084, policy_loss_o=0.3165, value_error_vs_solver=0.5439 (X=0.6231, O=0.4647), elapsed=15.2s
iter  162/300: games={'X': 11, 'O': 3, 'draw': 6}, buffer_x=8000, buffer_o=8000, x_frozen=True, o_win_rate_rolling=0.1450, value_loss_o=0.1106, policy_loss_o=0.3185, value_error_vs_solver=0.4888 (X=0.5861, O=0.3916), elapsed=11.2s
iter  163/300: games={'X': 10, 'O': 2, 'draw': 8}, buffer_x=8000, buffer_o=8000, x_frozen=True, o_win_rate_rolling=0.1150, value_loss_o=0.1110, policy_loss_o=0.3177, value_error_vs_solver=0.5116 (X=0.5375, O=0.4857), elapsed=9.4s
iter  164/300: games={'X': 12, 'O': 0, 'draw': 8}, buffer_x=8000, buffer_o=8000, x_frozen=True, o_win_rate_rolling=0.0950, value_loss_o=0.1093, policy_loss_o=0.3176, value_error_vs_solver=0.5175 (X=0.5408, O=0.4942), elapsed=12.5s
iter  165/300: games={'X': 10, 'O': 5, 'draw': 5}, buffer_x=8000, buffer_o=8000, x_frozen=True, o_win_rate_rolling=0.1150, value_loss_o=0.1138, policy_loss_o=0.3212, value_error_vs_solver=0.5277 (X=0.5884, O=0.4671), elapsed=8.7s
iter  166/300: games={'X': 12, 'O': 2, 'draw': 6}, buffer_x=8000, buffer_o=8000, x_frozen=True, o_win_rate_rolling=0.1100, value_loss_o=0.1145, policy_loss_o=0.3213, value_error_vs_solver=0.4754 (X=0.5325, O=0.4183), elapsed=8.7s
iter  167/300: games={'X': 9, 'O': 3, 'draw': 8}, buffer_x=8000, buffer_o=8000, x_frozen=True, o_win_rate_rolling=0.1250, value_loss_o=0.1119, policy_loss_o=0.3212, value_error_vs_solver=0.5550 (X=0.6551, O=0.4550), elapsed=9.2s
iter  168/300: games={'X': 9, 'O': 3, 'draw': 8}, buffer_x=8000, buffer_o=8000, x_frozen=True, o_win_rate_rolling=0.1200, value_loss_o=0.1127, policy_loss_o=0.3201, value_error_vs_solver=0.5244 (X=0.5938, O=0.4551), elapsed=9.0s
iter  169/300: games={'X': 11, 'O': 2, 'draw': 7}, buffer_x=8000, buffer_o=8000, x_frozen=True, o_win_rate_rolling=0.1100, value_loss_o=0.1125, policy_loss_o=0.3201, value_error_vs_solver=0.5148 (X=0.5791, O=0.4505), elapsed=8.4s
iter  170/300: games={'X': 12, 'O': 2, 'draw': 6}, buffer_x=8000, buffer_o=8000, x_frozen=True, o_win_rate_rolling=0.1150, value_loss_o=0.1127, policy_loss_o=0.3217, value_error_vs_solver=0.5307 (X=0.6077, O=0.4537), elapsed=10.2s
iter  171/300: games={'X': 7, 'O': 1, 'draw': 12}, buffer_x=8000, buffer_o=8000, x_frozen=True, o_win_rate_rolling=0.1150, value_loss_o=0.1110, policy_loss_o=0.3190, value_error_vs_solver=0.5145 (X=0.5736, O=0.4555), elapsed=10.9s
iter  172/300: games={'X': 10, 'O': 1, 'draw': 9}, buffer_x=8000, buffer_o=8000, x_frozen=True, o_win_rate_rolling=0.1050, value_loss_o=0.1118, policy_loss_o=0.3162, value_error_vs_solver=0.5681 (X=0.6399, O=0.4962), elapsed=10.6s
iter  173/300: games={'X': 8, 'O': 2, 'draw': 10}, buffer_x=8000, buffer_o=8000, x_frozen=True, o_win_rate_rolling=0.1050, value_loss_o=0.1099, policy_loss_o=0.3144, value_error_vs_solver=0.5778 (X=0.6240, O=0.5316), elapsed=10.3s
iter  174/300: games={'X': 6, 'O': 2, 'draw': 12}, buffer_x=8000, buffer_o=8000, x_frozen=True, o_win_rate_rolling=0.1150, value_loss_o=0.1095, policy_loss_o=0.3127, value_error_vs_solver=0.5192 (X=0.5671, O=0.4714), elapsed=11.4s
iter  175/300: games={'X': 10, 'O': 3, 'draw': 7}, buffer_x=8000, buffer_o=8000, x_frozen=True, o_win_rate_rolling=0.1050, value_loss_o=0.1111, policy_loss_o=0.3142, value_error_vs_solver=0.5084 (X=0.5482, O=0.4685), elapsed=8.1s
iter  176/300: games={'X': 11, 'O': 0, 'draw': 9}, buffer_x=8000, buffer_o=8000, x_frozen=True, o_win_rate_rolling=0.0950, value_loss_o=0.1096, policy_loss_o=0.3140, value_error_vs_solver=0.5328 (X=0.5991, O=0.4664), elapsed=13.5s
iter  177/300: games={'X': 9, 'O': 5, 'draw': 6}, buffer_x=8000, buffer_o=8000, x_frozen=True, o_win_rate_rolling=0.1050, value_loss_o=0.1112, policy_loss_o=0.3138, value_error_vs_solver=0.5329 (X=0.6272, O=0.4386), elapsed=7.7s
iter  178/300: games={'X': 13, 'O': 0, 'draw': 7}, buffer_x=8000, buffer_o=8000, x_frozen=True, o_win_rate_rolling=0.0900, value_loss_o=0.1114, policy_loss_o=0.3145, value_error_vs_solver=0.5205 (X=0.6069, O=0.4341), elapsed=8.0s
iter  179/300: games={'X': 10, 'O': 1, 'draw': 9}, buffer_x=8000, buffer_o=8000, x_frozen=True, o_win_rate_rolling=0.0850, value_loss_o=0.1091, policy_loss_o=0.3128, value_error_vs_solver=0.5151 (X=0.5539, O=0.4763), elapsed=8.0s
iter  180/300: games={'X': 11, 'O': 3, 'draw': 6}, buffer_x=8000, buffer_o=8000, x_frozen=True, o_win_rate_rolling=0.0900, value_loss_o=0.1110, policy_loss_o=0.3154, value_error_vs_solver=0.5246 (X=0.5840, O=0.4652), elapsed=6.8s
iter  181/300: games={'X': 15, 'O': 0, 'draw': 5}, buffer_x=8000, buffer_o=8000, x_frozen=True, o_win_rate_rolling=0.0850, value_loss_o=0.1095, policy_loss_o=0.3171, value_error_vs_solver=0.5603 (X=0.6402, O=0.4803), elapsed=8.5s
iter  182/300: games={'X': 11, 'O': 1, 'draw': 8}, buffer_x=8000, buffer_o=8000, x_frozen=True, o_win_rate_rolling=0.0850, value_loss_o=0.1081, policy_loss_o=0.3169, value_error_vs_solver=0.5821 (X=0.6433, O=0.5209), elapsed=11.4s
iter  183/300: games={'X': 9, 'O': 2, 'draw': 9}, buffer_x=8000, buffer_o=8000, x_frozen=True, o_win_rate_rolling=0.0850, value_loss_o=0.1094, policy_loss_o=0.3162, value_error_vs_solver=0.5265 (X=0.6026, O=0.4504), elapsed=11.1s
iter  184/300: games={'X': 13, 'O': 1, 'draw': 6}, buffer_x=8000, buffer_o=8000, x_frozen=True, o_win_rate_rolling=0.0800, value_loss_o=0.1092, policy_loss_o=0.3171, value_error_vs_solver=0.5674 (X=0.6229, O=0.5118), elapsed=7.7s
iter  185/300: games={'X': 7, 'O': 1, 'draw': 12}, buffer_x=8000, buffer_o=8000, x_frozen=True, o_win_rate_rolling=0.0700, value_loss_o=0.1068, policy_loss_o=0.3140, value_error_vs_solver=0.5448 (X=0.6002, O=0.4895), elapsed=10.9s
iter  186/300: games={'X': 11, 'O': 2, 'draw': 7}, buffer_x=8000, buffer_o=8000, x_frozen=True, o_win_rate_rolling=0.0800, value_loss_o=0.1064, policy_loss_o=0.3165, value_error_vs_solver=0.5125 (X=0.5952, O=0.4298), elapsed=9.2s
iter  187/300: games={'X': 10, 'O': 1, 'draw': 9}, buffer_x=8000, buffer_o=8000, x_frozen=True, o_win_rate_rolling=0.0600, value_loss_o=0.1044, policy_loss_o=0.3140, value_error_vs_solver=0.5467 (X=0.5673, O=0.5261), elapsed=10.5s
iter  188/300: games={'X': 10, 'O': 1, 'draw': 9}, buffer_x=8000, buffer_o=8000, x_frozen=True, o_win_rate_rolling=0.0650, value_loss_o=0.1046, policy_loss_o=0.3146, value_error_vs_solver=0.5564 (X=0.6419, O=0.4708), elapsed=8.3s
iter  189/300: games={'X': 9, 'O': 1, 'draw': 10}, buffer_x=8000, buffer_o=8000, x_frozen=True, o_win_rate_rolling=0.0650, value_loss_o=0.1009, policy_loss_o=0.3129, value_error_vs_solver=0.5597 (X=0.5948, O=0.5246), elapsed=10.7s
iter  190/300: games={'X': 6, 'O': 3, 'draw': 11}, buffer_x=8000, buffer_o=8000, x_frozen=True, o_win_rate_rolling=0.0650, value_loss_o=0.1011, policy_loss_o=0.3111, value_error_vs_solver=0.5101 (X=0.6027, O=0.4176), elapsed=10.3s
iter  191/300: games={'X': 8, 'O': 1, 'draw': 11}, buffer_x=8000, buffer_o=8000, x_frozen=True, o_win_rate_rolling=0.0700, value_loss_o=0.1006, policy_loss_o=0.3108, value_error_vs_solver=0.5578 (X=0.6243, O=0.4913), elapsed=10.4s
iter  192/300: games={'X': 15, 'O': 1, 'draw': 4}, buffer_x=8000, buffer_o=8000, x_frozen=True, o_win_rate_rolling=0.0700, value_loss_o=0.0999, policy_loss_o=0.3116, value_error_vs_solver=0.5777 (X=0.6668, O=0.4886), elapsed=7.4s
iter  193/300: games={'X': 13, 'O': 1, 'draw': 6}, buffer_x=8000, buffer_o=8000, x_frozen=True, o_win_rate_rolling=0.0650, value_loss_o=0.1005, policy_loss_o=0.3130, value_error_vs_solver=0.5371 (X=0.5861, O=0.4881), elapsed=9.4s
iter  194/300: games={'X': 12, 'O': 2, 'draw': 6}, buffer_x=8000, buffer_o=8000, x_frozen=True, o_win_rate_rolling=0.0700, value_loss_o=0.1014, policy_loss_o=0.3145, value_error_vs_solver=0.5404 (X=0.6018, O=0.4790), elapsed=8.7s
iter  195/300: games={'X': 10, 'O': 0, 'draw': 10}, buffer_x=8000, buffer_o=8000, x_frozen=True, o_win_rate_rolling=0.0650, value_loss_o=0.1003, policy_loss_o=0.3137, value_error_vs_solver=0.5032 (X=0.5825, O=0.4240), elapsed=12.6s
iter  196/300: games={'X': 10, 'O': 2, 'draw': 8}, buffer_x=8000, buffer_o=8000, x_frozen=True, o_win_rate_rolling=0.0650, value_loss_o=0.1000, policy_loss_o=0.3119, value_error_vs_solver=0.5110 (X=0.5585, O=0.4635), elapsed=9.6s
iter  197/300: games={'X': 8, 'O': 0, 'draw': 12}, buffer_x=8000, buffer_o=8000, x_frozen=True, o_win_rate_rolling=0.0600, value_loss_o=0.0991, policy_loss_o=0.3121, value_error_vs_solver=0.5196 (X=0.6463, O=0.3929), elapsed=12.7s
iter  198/300: games={'X': 7, 'O': 4, 'draw': 9}, buffer_x=8000, buffer_o=8000, x_frozen=True, o_win_rate_rolling=0.0750, value_loss_o=0.0984, policy_loss_o=0.3112, value_error_vs_solver=0.5348 (X=0.5889, O=0.4808), elapsed=9.9s
iter  199/300: games={'X': 10, 'O': 0, 'draw': 10}, buffer_x=8000, buffer_o=8000, x_frozen=True, o_win_rate_rolling=0.0700, value_loss_o=0.0981, policy_loss_o=0.3099, value_error_vs_solver=0.5058 (X=0.6096, O=0.4020), elapsed=11.3s
iter  200/300: games={'X': 8, 'O': 1, 'draw': 11}, buffer_x=8000, buffer_o=8000, x_frozen=True, o_win_rate_rolling=0.0600, value_loss_o=0.0983, policy_loss_o=0.3082, value_error_vs_solver=0.5258 (X=0.5841, O=0.4675), elapsed=10.2s
iter  201/300: games={'X': 14, 'O': 1, 'draw': 5}, buffer_x=8000, buffer_o=8000, x_frozen=True, o_win_rate_rolling=0.0600, value_loss_o=0.0992, policy_loss_o=0.3102, value_error_vs_solver=0.5718 (X=0.5894, O=0.5542), elapsed=7.8s
iter  202/300: games={'X': 10, 'O': 3, 'draw': 7}, buffer_x=8000, buffer_o=8000, x_frozen=True, o_win_rate_rolling=0.0700, value_loss_o=0.1003, policy_loss_o=0.3124, value_error_vs_solver=0.5406 (X=0.6013, O=0.4799), elapsed=8.1s
iter  203/300: games={'X': 9, 'O': 2, 'draw': 9}, buffer_x=8000, buffer_o=8000, x_frozen=True, o_win_rate_rolling=0.0750, value_loss_o=0.1005, policy_loss_o=0.3114, value_error_vs_solver=0.5750 (X=0.6464, O=0.5036), elapsed=8.7s
iter  204/300: games={'X': 9, 'O': 2, 'draw': 9}, buffer_x=8000, buffer_o=8000, x_frozen=True, o_win_rate_rolling=0.0750, value_loss_o=0.0997, policy_loss_o=0.3091, value_error_vs_solver=0.5701 (X=0.6203, O=0.5199), elapsed=9.0s
iter  205/300: games={'X': 7, 'O': 3, 'draw': 10}, buffer_x=8000, buffer_o=8000, x_frozen=True, o_win_rate_rolling=0.0900, value_loss_o=0.1004, policy_loss_o=0.3076, value_error_vs_solver=0.5220 (X=0.5859, O=0.4581), elapsed=11.1s
iter  206/300: games={'X': 10, 'O': 1, 'draw': 9}, buffer_x=8000, buffer_o=8000, x_frozen=True, o_win_rate_rolling=0.0850, value_loss_o=0.0997, policy_loss_o=0.3060, value_error_vs_solver=0.5206 (X=0.5721, O=0.4692), elapsed=11.3s
iter  207/300: games={'X': 12, 'O': 1, 'draw': 7}, buffer_x=8000, buffer_o=8000, x_frozen=True, o_win_rate_rolling=0.0900, value_loss_o=0.1006, policy_loss_o=0.3082, value_error_vs_solver=0.5512 (X=0.6371, O=0.4654), elapsed=9.3s
iter  208/300: games={'X': 8, 'O': 1, 'draw': 11}, buffer_x=8000, buffer_o=8000, x_frozen=True, o_win_rate_rolling=0.0750, value_loss_o=0.0991, policy_loss_o=0.3073, value_error_vs_solver=0.5453 (X=0.6055, O=0.4850), elapsed=11.8s
iter  209/300: games={'X': 9, 'O': 3, 'draw': 8}, buffer_x=8000, buffer_o=8000, x_frozen=True, o_win_rate_rolling=0.0900, value_loss_o=0.0974, policy_loss_o=0.3060, value_error_vs_solver=0.5525 (X=0.6239, O=0.4810), elapsed=8.5s
iter  210/300: games={'X': 10, 'O': 0, 'draw': 10}, buffer_x=8000, buffer_o=8000, x_frozen=True, o_win_rate_rolling=0.0850, value_loss_o=0.0974, policy_loss_o=0.3069, value_error_vs_solver=0.5378 (X=0.6263, O=0.4493), elapsed=11.2s
iter  211/300: games={'X': 11, 'O': 0, 'draw': 9}, buffer_x=8000, buffer_o=8000, x_frozen=True, o_win_rate_rolling=0.0800, value_loss_o=0.0960, policy_loss_o=0.3062, value_error_vs_solver=0.5546 (X=0.6177, O=0.4916), elapsed=10.8s
iter  212/300: games={'X': 9, 'O': 1, 'draw': 10}, buffer_x=8000, buffer_o=8000, x_frozen=True, o_win_rate_rolling=0.0700, value_loss_o=0.0956, policy_loss_o=0.3028, value_error_vs_solver=0.5228 (X=0.5803, O=0.4654), elapsed=10.9s
iter  213/300: games={'X': 8, 'O': 1, 'draw': 11}, buffer_x=8000, buffer_o=8000, x_frozen=True, o_win_rate_rolling=0.0650, value_loss_o=0.0951, policy_loss_o=0.3017, value_error_vs_solver=0.5632 (X=0.6448, O=0.4816), elapsed=11.9s
iter  214/300: games={'X': 8, 'O': 3, 'draw': 9}, buffer_x=8000, buffer_o=8000, x_frozen=True, o_win_rate_rolling=0.0700, value_loss_o=0.0959, policy_loss_o=0.3023, value_error_vs_solver=0.5141 (X=0.5779, O=0.4503), elapsed=9.3s
iter  215/300: games={'X': 11, 'O': 0, 'draw': 9}, buffer_x=8000, buffer_o=8000, x_frozen=True, o_win_rate_rolling=0.0550, value_loss_o=0.0945, policy_loss_o=0.3006, value_error_vs_solver=0.5354 (X=0.5895, O=0.4813), elapsed=9.1s
iter  216/300: games={'X': 10, 'O': 3, 'draw': 7}, buffer_x=8000, buffer_o=8000, x_frozen=True, o_win_rate_rolling=0.0650, value_loss_o=0.0947, policy_loss_o=0.3002, value_error_vs_solver=0.5494 (X=0.6218, O=0.4771), elapsed=7.5s
iter  217/300: games={'X': 9, 'O': 3, 'draw': 8}, buffer_x=8000, buffer_o=8000, x_frozen=True, o_win_rate_rolling=0.0750, value_loss_o=0.0950, policy_loss_o=0.3027, value_error_vs_solver=0.5952 (X=0.6353, O=0.5551), elapsed=8.7s
iter  218/300: games={'X': 8, 'O': 1, 'draw': 11}, buffer_x=8000, buffer_o=8000, x_frozen=True, o_win_rate_rolling=0.0750, value_loss_o=0.0935, policy_loss_o=0.3004, value_error_vs_solver=0.5270 (X=0.6020, O=0.4519), elapsed=10.4s
iter  219/300: games={'X': 9, 'O': 1, 'draw': 10}, buffer_x=8000, buffer_o=8000, x_frozen=True, o_win_rate_rolling=0.0650, value_loss_o=0.0915, policy_loss_o=0.2991, value_error_vs_solver=0.5968 (X=0.6511, O=0.5424), elapsed=9.4s
iter  220/300: games={'X': 9, 'O': 0, 'draw': 11}, buffer_x=8000, buffer_o=8000, x_frozen=True, o_win_rate_rolling=0.0650, value_loss_o=0.0911, policy_loss_o=0.2985, value_error_vs_solver=0.5388 (X=0.5971, O=0.4805), elapsed=10.5s
iter  221/300: games={'X': 14, 'O': 2, 'draw': 4}, buffer_x=8000, buffer_o=8000, x_frozen=True, o_win_rate_rolling=0.0750, value_loss_o=0.0915, policy_loss_o=0.2995, value_error_vs_solver=0.5445 (X=0.6078, O=0.4813), elapsed=6.7s
iter  222/300: games={'X': 8, 'O': 1, 'draw': 11}, buffer_x=8000, buffer_o=8000, x_frozen=True, o_win_rate_rolling=0.0750, value_loss_o=0.0910, policy_loss_o=0.2995, value_error_vs_solver=0.5800 (X=0.6731, O=0.4869), elapsed=9.8s
iter  223/300: games={'X': 9, 'O': 1, 'draw': 10}, buffer_x=8000, buffer_o=8000, x_frozen=True, o_win_rate_rolling=0.0750, value_loss_o=0.0899, policy_loss_o=0.2996, value_error_vs_solver=0.5078 (X=0.5629, O=0.4526), elapsed=9.8s
iter  224/300: games={'X': 11, 'O': 2, 'draw': 7}, buffer_x=8000, buffer_o=8000, x_frozen=True, o_win_rate_rolling=0.0700, value_loss_o=0.0909, policy_loss_o=0.3001, value_error_vs_solver=0.5444 (X=0.5708, O=0.5181), elapsed=7.3s
iter  225/300: games={'X': 8, 'O': 2, 'draw': 10}, buffer_x=8000, buffer_o=8000, x_frozen=True, o_win_rate_rolling=0.0800, value_loss_o=0.0894, policy_loss_o=0.2991, value_error_vs_solver=0.5520 (X=0.5454, O=0.5586), elapsed=10.5s
iter  226/300: games={'X': 10, 'O': 0, 'draw': 10}, buffer_x=8000, buffer_o=8000, x_frozen=True, o_win_rate_rolling=0.0650, value_loss_o=0.0890, policy_loss_o=0.2992, value_error_vs_solver=0.5158 (X=0.5624, O=0.4691), elapsed=10.3s
iter  227/300: games={'X': 11, 'O': 0, 'draw': 9}, buffer_x=8000, buffer_o=8000, x_frozen=True, o_win_rate_rolling=0.0500, value_loss_o=0.0871, policy_loss_o=0.2985, value_error_vs_solver=0.5537 (X=0.5627, O=0.5448), elapsed=8.8s
iter  228/300: games={'X': 8, 'O': 4, 'draw': 8}, buffer_x=8000, buffer_o=8000, x_frozen=True, o_win_rate_rolling=0.0650, value_loss_o=0.0884, policy_loss_o=0.2980, value_error_vs_solver=0.5137 (X=0.5640, O=0.4633), elapsed=8.4s
iter  229/300: games={'X': 10, 'O': 3, 'draw': 7}, buffer_x=8000, buffer_o=8000, x_frozen=True, o_win_rate_rolling=0.0750, value_loss_o=0.0866, policy_loss_o=0.2964, value_error_vs_solver=0.5188 (X=0.5329, O=0.5047), elapsed=8.0s
iter  230/300: games={'X': 9, 'O': 3, 'draw': 8}, buffer_x=8000, buffer_o=8000, x_frozen=True, o_win_rate_rolling=0.0900, value_loss_o=0.0863, policy_loss_o=0.2956, value_error_vs_solver=0.5583 (X=0.5872, O=0.5295), elapsed=9.7s
iter  231/300: games={'X': 13, 'O': 2, 'draw': 5}, buffer_x=8000, buffer_o=8000, x_frozen=True, o_win_rate_rolling=0.0900, value_loss_o=0.0862, policy_loss_o=0.2956, value_error_vs_solver=0.6003 (X=0.6345, O=0.5661), elapsed=6.9s
iter  232/300: games={'X': 10, 'O': 2, 'draw': 8}, buffer_x=8000, buffer_o=8000, x_frozen=True, o_win_rate_rolling=0.0950, value_loss_o=0.0841, policy_loss_o=0.2955, value_error_vs_solver=0.5415 (X=0.5991, O=0.4839), elapsed=8.0s
iter  233/300: games={'X': 10, 'O': 3, 'draw': 7}, buffer_x=8000, buffer_o=8000, x_frozen=True, o_win_rate_rolling=0.1050, value_loss_o=0.0856, policy_loss_o=0.2955, value_error_vs_solver=0.5587 (X=0.5766, O=0.5408), elapsed=8.1s
iter  234/300: games={'X': 13, 'O': 2, 'draw': 5}, buffer_x=8000, buffer_o=8000, x_frozen=True, o_win_rate_rolling=0.1050, value_loss_o=0.0862, policy_loss_o=0.2940, value_error_vs_solver=0.5754 (X=0.6264, O=0.5244), elapsed=6.9s
iter  235/300: games={'X': 7, 'O': 6, 'draw': 7}, buffer_x=8000, buffer_o=8000, x_frozen=True, o_win_rate_rolling=0.1250, value_loss_o=0.0879, policy_loss_o=0.2937, value_error_vs_solver=0.5280 (X=0.5864, O=0.4696), elapsed=7.4s
iter  236/300: games={'X': 9, 'O': 1, 'draw': 10}, buffer_x=8000, buffer_o=8000, x_frozen=True, o_win_rate_rolling=0.1300, value_loss_o=0.0867, policy_loss_o=0.2944, value_error_vs_solver=0.5927 (X=0.6340, O=0.5513), elapsed=8.3s
iter  237/300: games={'X': 12, 'O': 2, 'draw': 6}, buffer_x=8000, buffer_o=8000, x_frozen=True, o_win_rate_rolling=0.1400, value_loss_o=0.0877, policy_loss_o=0.2955, value_error_vs_solver=0.5269 (X=0.5433, O=0.5105), elapsed=7.1s
iter  238/300: games={'X': 8, 'O': 5, 'draw': 7}, buffer_x=8000, buffer_o=8000, x_frozen=True, o_win_rate_rolling=0.1450, value_loss_o=0.0890, policy_loss_o=0.2972, value_error_vs_solver=0.5564 (X=0.5992, O=0.5137), elapsed=9.1s
iter  239/300: games={'X': 9, 'O': 5, 'draw': 6}, buffer_x=8000, buffer_o=8000, x_frozen=True, o_win_rate_rolling=0.1550, value_loss_o=0.0910, policy_loss_o=0.2975, value_error_vs_solver=0.5624 (X=0.5822, O=0.5426), elapsed=6.9s
iter  240/300: games={'X': 10, 'O': 1, 'draw': 9}, buffer_x=8000, buffer_o=8000, x_frozen=True, o_win_rate_rolling=0.1450, value_loss_o=0.0892, policy_loss_o=0.2979, value_error_vs_solver=0.5354 (X=0.5723, O=0.4984), elapsed=8.3s
iter  241/300: games={'X': 8, 'O': 4, 'draw': 8}, buffer_x=8000, buffer_o=8000, x_frozen=True, o_win_rate_rolling=0.1550, value_loss_o=0.0921, policy_loss_o=0.2971, value_error_vs_solver=0.5360 (X=0.6557, O=0.4164), elapsed=13.6s
iter  242/300: games={'X': 9, 'O': 0, 'draw': 11}, buffer_x=8000, buffer_o=8000, x_frozen=True, o_win_rate_rolling=0.1450, value_loss_o=0.0914, policy_loss_o=0.2947, value_error_vs_solver=0.5633 (X=0.6379, O=0.4886), elapsed=19.5s
iter  243/300: games={'X': 8, 'O': 2, 'draw': 10}, buffer_x=8000, buffer_o=8000, x_frozen=True, o_win_rate_rolling=0.1400, value_loss_o=0.0902, policy_loss_o=0.2925, value_error_vs_solver=0.5580 (X=0.6438, O=0.4722), elapsed=11.3s
iter  244/300: games={'X': 10, 'O': 3, 'draw': 7}, buffer_x=8000, buffer_o=8000, x_frozen=True, o_win_rate_rolling=0.1450, value_loss_o=0.0908, policy_loss_o=0.2949, value_error_vs_solver=0.5663 (X=0.6146, O=0.5179), elapsed=8.9s
iter  245/300: games={'X': 11, 'O': 0, 'draw': 9}, buffer_x=8000, buffer_o=8000, x_frozen=True, o_win_rate_rolling=0.1150, value_loss_o=0.0905, policy_loss_o=0.2924, value_error_vs_solver=0.5789 (X=0.5955, O=0.5622), elapsed=11.5s
iter  246/300: games={'X': 6, 'O': 3, 'draw': 11}, buffer_x=8000, buffer_o=8000, x_frozen=True, o_win_rate_rolling=0.1250, value_loss_o=0.0891, policy_loss_o=0.2891, value_error_vs_solver=0.5535 (X=0.5969, O=0.5100), elapsed=15.4s
iter  247/300: games={'X': 12, 'O': 1, 'draw': 7}, buffer_x=8000, buffer_o=8000, x_frozen=True, o_win_rate_rolling=0.1200, value_loss_o=0.0894, policy_loss_o=0.2880, value_error_vs_solver=0.5068 (X=0.5754, O=0.4383), elapsed=10.7s
iter  248/300: games={'X': 7, 'O': 0, 'draw': 13}, buffer_x=8000, buffer_o=8000, x_frozen=True, o_win_rate_rolling=0.0950, value_loss_o=0.0891, policy_loss_o=0.2862, value_error_vs_solver=0.5327 (X=0.6103, O=0.4551), elapsed=11.5s
iter  249/300: games={'X': 14, 'O': 0, 'draw': 6}, buffer_x=8000, buffer_o=8000, x_frozen=True, o_win_rate_rolling=0.0700, value_loss_o=0.0881, policy_loss_o=0.2863, value_error_vs_solver=0.5709 (X=0.6278, O=0.5139), elapsed=7.9s
iter  250/300: games={'X': 13, 'O': 1, 'draw': 6}, buffer_x=8000, buffer_o=8000, x_frozen=True, o_win_rate_rolling=0.0700, value_loss_o=0.0877, policy_loss_o=0.2873, value_error_vs_solver=0.5544 (X=0.6480, O=0.4609), elapsed=8.3s
iter  251/300: games={'X': 10, 'O': 5, 'draw': 5}, buffer_x=8000, buffer_o=8000, x_frozen=True, o_win_rate_rolling=0.0750, value_loss_o=0.0899, policy_loss_o=0.2864, value_error_vs_solver=0.5264 (X=0.5767, O=0.4762), elapsed=7.8s
iter  252/300: games={'X': 10, 'O': 1, 'draw': 9}, buffer_x=8000, buffer_o=8000, x_frozen=True, o_win_rate_rolling=0.0800, value_loss_o=0.0891, policy_loss_o=0.2875, value_error_vs_solver=0.5516 (X=0.6379, O=0.4654), elapsed=9.8s
iter  253/300: games={'X': 7, 'O': 5, 'draw': 8}, buffer_x=8000, buffer_o=8000, x_frozen=True, o_win_rate_rolling=0.0950, value_loss_o=0.0911, policy_loss_o=0.2865, value_error_vs_solver=0.5412 (X=0.5744, O=0.5079), elapsed=8.9s
iter  254/300: games={'X': 9, 'O': 3, 'draw': 8}, buffer_x=8000, buffer_o=8000, x_frozen=True, o_win_rate_rolling=0.0950, value_loss_o=0.0925, policy_loss_o=0.2862, value_error_vs_solver=0.5641 (X=0.6368, O=0.4914), elapsed=8.2s
iter  255/300: games={'X': 10, 'O': 3, 'draw': 7}, buffer_x=8000, buffer_o=8000, x_frozen=True, o_win_rate_rolling=0.1100, value_loss_o=0.0923, policy_loss_o=0.2881, value_error_vs_solver=0.5805 (X=0.6316, O=0.5294), elapsed=8.2s
iter  256/300: games={'X': 14, 'O': 3, 'draw': 3}, buffer_x=8000, buffer_o=8000, x_frozen=True, o_win_rate_rolling=0.1100, value_loss_o=0.0925, policy_loss_o=0.2902, value_error_vs_solver=0.5485 (X=0.5542, O=0.5429), elapsed=6.0s
iter  257/300: games={'X': 11, 'O': 3, 'draw': 6}, buffer_x=8000, buffer_o=8000, x_frozen=True, o_win_rate_rolling=0.1200, value_loss_o=0.0943, policy_loss_o=0.2917, value_error_vs_solver=0.5765 (X=0.5833, O=0.5696), elapsed=8.1s
iter  258/300: games={'X': 6, 'O': 1, 'draw': 13}, buffer_x=8000, buffer_o=8000, x_frozen=True, o_win_rate_rolling=0.1250, value_loss_o=0.0928, policy_loss_o=0.2882, value_error_vs_solver=0.5118 (X=0.5560, O=0.4676), elapsed=12.0s
iter  259/300: games={'X': 10, 'O': 2, 'draw': 8}, buffer_x=8000, buffer_o=8000, x_frozen=True, o_win_rate_rolling=0.1350, value_loss_o=0.0939, policy_loss_o=0.2864, value_error_vs_solver=0.5719 (X=0.6297, O=0.5141), elapsed=10.3s
iter  260/300: games={'X': 8, 'O': 3, 'draw': 9}, buffer_x=8000, buffer_o=8000, x_frozen=True, o_win_rate_rolling=0.1450, value_loss_o=0.0924, policy_loss_o=0.2848, value_error_vs_solver=0.4728 (X=0.4908, O=0.4549), elapsed=10.2s
iter  261/300: games={'X': 12, 'O': 0, 'draw': 8}, buffer_x=8000, buffer_o=8000, x_frozen=True, o_win_rate_rolling=0.1200, value_loss_o=0.0932, policy_loss_o=0.2859, value_error_vs_solver=0.4884 (X=0.5366, O=0.4402), elapsed=9.4s
iter  262/300: games={'X': 9, 'O': 4, 'draw': 7}, buffer_x=8000, buffer_o=8000, x_frozen=True, o_win_rate_rolling=0.1350, value_loss_o=0.0938, policy_loss_o=0.2861, value_error_vs_solver=0.5324 (X=0.5759, O=0.4889), elapsed=8.9s
iter  263/300: games={'X': 9, 'O': 1, 'draw': 10}, buffer_x=8000, buffer_o=8000, x_frozen=True, o_win_rate_rolling=0.1150, value_loss_o=0.0953, policy_loss_o=0.2863, value_error_vs_solver=0.5173 (X=0.6056, O=0.4290), elapsed=11.8s
iter  264/300: games={'X': 11, 'O': 3, 'draw': 6}, buffer_x=8000, buffer_o=8000, x_frozen=True, o_win_rate_rolling=0.1150, value_loss_o=0.0969, policy_loss_o=0.2881, value_error_vs_solver=0.5252 (X=0.5745, O=0.4758), elapsed=7.8s
iter  265/300: games={'X': 7, 'O': 2, 'draw': 11}, buffer_x=8000, buffer_o=8000, x_frozen=True, o_win_rate_rolling=0.1100, value_loss_o=0.0972, policy_loss_o=0.2879, value_error_vs_solver=0.5034 (X=0.5593, O=0.4474), elapsed=10.1s
iter  266/300: games={'X': 6, 'O': 2, 'draw': 12}, buffer_x=8000, buffer_o=8000, x_frozen=True, o_win_rate_rolling=0.1050, value_loss_o=0.0981, policy_loss_o=0.2876, value_error_vs_solver=0.5456 (X=0.6188, O=0.4724), elapsed=12.2s
iter  267/300: games={'X': 9, 'O': 0, 'draw': 11}, buffer_x=8000, buffer_o=8000, x_frozen=True, o_win_rate_rolling=0.0900, value_loss_o=0.0968, policy_loss_o=0.2859, value_error_vs_solver=0.5727 (X=0.6680, O=0.4774), elapsed=10.8s
iter  268/300: games={'X': 6, 'O': 2, 'draw': 12}, buffer_x=8000, buffer_o=8000, x_frozen=True, o_win_rate_rolling=0.0950, value_loss_o=0.0970, policy_loss_o=0.2842, value_error_vs_solver=0.5195 (X=0.5853, O=0.4536), elapsed=12.2s
iter  269/300: games={'X': 11, 'O': 0, 'draw': 9}, buffer_x=8000, buffer_o=8000, x_frozen=True, o_win_rate_rolling=0.0850, value_loss_o=0.0954, policy_loss_o=0.2840, value_error_vs_solver=0.5864 (X=0.6483, O=0.5245), elapsed=11.0s
iter  270/300: games={'X': 9, 'O': 5, 'draw': 6}, buffer_x=8000, buffer_o=8000, x_frozen=True, o_win_rate_rolling=0.0950, value_loss_o=0.0959, policy_loss_o=0.2886, value_error_vs_solver=0.5458 (X=0.6211, O=0.4705), elapsed=8.7s
iter  271/300: games={'X': 8, 'O': 1, 'draw': 11}, buffer_x=8000, buffer_o=8000, x_frozen=True, o_win_rate_rolling=0.1000, value_loss_o=0.0949, policy_loss_o=0.2864, value_error_vs_solver=0.5336 (X=0.5665, O=0.5007), elapsed=11.8s
iter  272/300: games={'X': 8, 'O': 6, 'draw': 6}, buffer_x=8000, buffer_o=8000, x_frozen=True, o_win_rate_rolling=0.1100, value_loss_o=0.0964, policy_loss_o=0.2862, value_error_vs_solver=0.5209 (X=0.5813, O=0.4605), elapsed=7.2s
iter  273/300: games={'X': 12, 'O': 3, 'draw': 5}, buffer_x=8000, buffer_o=8000, x_frozen=True, o_win_rate_rolling=0.1200, value_loss_o=0.0970, policy_loss_o=0.2875, value_error_vs_solver=0.5538 (X=0.6890, O=0.4186), elapsed=7.0s
iter  274/300: games={'X': 9, 'O': 0, 'draw': 11}, buffer_x=8000, buffer_o=8000, x_frozen=True, o_win_rate_rolling=0.1050, value_loss_o=0.0970, policy_loss_o=0.2862, value_error_vs_solver=0.5401 (X=0.6152, O=0.4650), elapsed=10.6s
iter  275/300: games={'X': 11, 'O': 0, 'draw': 9}, buffer_x=8000, buffer_o=8000, x_frozen=True, o_win_rate_rolling=0.0950, value_loss_o=0.0970, policy_loss_o=0.2859, value_error_vs_solver=0.5184 (X=0.5798, O=0.4570), elapsed=10.7s
iter  276/300: games={'X': 9, 'O': 1, 'draw': 10}, buffer_x=8000, buffer_o=8000, x_frozen=True, o_win_rate_rolling=0.0900, value_loss_o=0.0989, policy_loss_o=0.2859, value_error_vs_solver=0.5233 (X=0.5677, O=0.4790), elapsed=13.8s
iter  277/300: games={'X': 8, 'O': 1, 'draw': 11}, buffer_x=8000, buffer_o=8000, x_frozen=True, o_win_rate_rolling=0.0950, value_loss_o=0.0979, policy_loss_o=0.2854, value_error_vs_solver=0.5404 (X=0.5948, O=0.4860), elapsed=12.4s
iter  278/300: games={'X': 9, 'O': 2, 'draw': 9}, buffer_x=8000, buffer_o=8000, x_frozen=True, o_win_rate_rolling=0.0950, value_loss_o=0.0980, policy_loss_o=0.2849, value_error_vs_solver=0.5068 (X=0.6092, O=0.4045), elapsed=10.8s
iter  279/300: games={'X': 6, 'O': 4, 'draw': 10}, buffer_x=8000, buffer_o=8000, x_frozen=True, o_win_rate_rolling=0.1150, value_loss_o=0.0983, policy_loss_o=0.2854, value_error_vs_solver=0.5223 (X=0.5563, O=0.4883), elapsed=9.9s
iter  280/300: games={'X': 8, 'O': 4, 'draw': 8}, buffer_x=8000, buffer_o=8000, x_frozen=True, o_win_rate_rolling=0.1100, value_loss_o=0.0990, policy_loss_o=0.2854, value_error_vs_solver=0.5255 (X=0.5613, O=0.4897), elapsed=8.9s
iter  281/300: games={'X': 9, 'O': 2, 'draw': 9}, buffer_x=8000, buffer_o=8000, x_frozen=True, o_win_rate_rolling=0.1150, value_loss_o=0.0977, policy_loss_o=0.2845, value_error_vs_solver=0.5360 (X=0.6380, O=0.4341), elapsed=10.4s
iter  282/300: games={'X': 9, 'O': 4, 'draw': 7}, buffer_x=8000, buffer_o=8000, x_frozen=True, o_win_rate_rolling=0.1050, value_loss_o=0.0988, policy_loss_o=0.2846, value_error_vs_solver=0.5644 (X=0.5938, O=0.5350), elapsed=9.7s
iter  283/300: games={'X': 11, 'O': 0, 'draw': 9}, buffer_x=8000, buffer_o=8000, x_frozen=True, o_win_rate_rolling=0.0900, value_loss_o=0.0965, policy_loss_o=0.2830, value_error_vs_solver=0.5344 (X=0.5886, O=0.4802), elapsed=11.0s
iter  284/300: games={'X': 7, 'O': 3, 'draw': 10}, buffer_x=8000, buffer_o=8000, x_frozen=True, o_win_rate_rolling=0.1050, value_loss_o=0.0960, policy_loss_o=0.2820, value_error_vs_solver=0.5313 (X=0.5965, O=0.4661), elapsed=13.6s
iter  285/300: games={'X': 5, 'O': 1, 'draw': 14}, buffer_x=8000, buffer_o=8000, x_frozen=True, o_win_rate_rolling=0.1100, value_loss_o=0.0951, policy_loss_o=0.2810, value_error_vs_solver=0.5486 (X=0.6392, O=0.4579), elapsed=10.6s
iter  286/300: games={'X': 10, 'O': 2, 'draw': 8}, buffer_x=8000, buffer_o=8000, x_frozen=True, o_win_rate_rolling=0.1150, value_loss_o=0.0955, policy_loss_o=0.2809, value_error_vs_solver=0.5243 (X=0.6319, O=0.4168), elapsed=8.1s
iter  287/300: games={'X': 11, 'O': 1, 'draw': 8}, buffer_x=8000, buffer_o=8000, x_frozen=True, o_win_rate_rolling=0.1150, value_loss_o=0.0954, policy_loss_o=0.2820, value_error_vs_solver=0.5464 (X=0.5938, O=0.4991), elapsed=7.3s
iter  288/300: games={'X': 12, 'O': 0, 'draw': 8}, buffer_x=8000, buffer_o=8000, x_frozen=True, o_win_rate_rolling=0.1050, value_loss_o=0.0948, policy_loss_o=0.2810, value_error_vs_solver=0.5396 (X=0.6208, O=0.4583), elapsed=8.2s
iter  289/300: games={'X': 11, 'O': 0, 'draw': 9}, buffer_x=8000, buffer_o=8000, x_frozen=True, o_win_rate_rolling=0.0850, value_loss_o=0.0953, policy_loss_o=0.2818, value_error_vs_solver=0.5448 (X=0.6495, O=0.4401), elapsed=8.5s
iter  290/300: games={'X': 6, 'O': 7, 'draw': 7}, buffer_x=8000, buffer_o=8000, x_frozen=True, o_win_rate_rolling=0.1000, value_loss_o=0.0989, policy_loss_o=0.2830, value_error_vs_solver=0.5397 (X=0.6275, O=0.4520), elapsed=6.8s
iter  291/300: games={'X': 7, 'O': 4, 'draw': 9}, buffer_x=8000, buffer_o=8000, x_frozen=True, o_win_rate_rolling=0.1100, value_loss_o=0.0993, policy_loss_o=0.2815, value_error_vs_solver=0.5460 (X=0.6190, O=0.4730), elapsed=7.3s
iter  292/300: games={'X': 8, 'O': 2, 'draw': 10}, buffer_x=8000, buffer_o=8000, x_frozen=True, o_win_rate_rolling=0.1000, value_loss_o=0.1000, policy_loss_o=0.2804, value_error_vs_solver=0.5393 (X=0.6096, O=0.4690), elapsed=9.3s
iter  293/300: games={'X': 10, 'O': 0, 'draw': 10}, buffer_x=8000, buffer_o=8000, x_frozen=True, o_win_rate_rolling=0.1000, value_loss_o=0.0993, policy_loss_o=0.2798, value_error_vs_solver=0.5373 (X=0.5679, O=0.5068), elapsed=8.6s
iter  294/300: games={'X': 8, 'O': 1, 'draw': 11}, buffer_x=8000, buffer_o=8000, x_frozen=True, o_win_rate_rolling=0.0900, value_loss_o=0.0987, policy_loss_o=0.2793, value_error_vs_solver=0.5291 (X=0.6043, O=0.4538), elapsed=10.5s
iter  295/300: games={'X': 11, 'O': 2, 'draw': 7}, buffer_x=8000, buffer_o=8000, x_frozen=True, o_win_rate_rolling=0.0950, value_loss_o=0.0985, policy_loss_o=0.2788, value_error_vs_solver=0.5434 (X=0.6152, O=0.4717), elapsed=8.7s
iter  296/300: games={'X': 13, 'O': 0, 'draw': 7}, buffer_x=8000, buffer_o=8000, x_frozen=True, o_win_rate_rolling=0.0850, value_loss_o=0.0972, policy_loss_o=0.2793, value_error_vs_solver=0.5687 (X=0.6006, O=0.5368), elapsed=8.0s
iter  297/300: games={'X': 9, 'O': 2, 'draw': 9}, buffer_x=8000, buffer_o=8000, x_frozen=True, o_win_rate_rolling=0.0900, value_loss_o=0.0957, policy_loss_o=0.2800, value_error_vs_solver=0.4847 (X=0.5334, O=0.4360), elapsed=7.9s
iter  298/300: games={'X': 13, 'O': 1, 'draw': 6}, buffer_x=8000, buffer_o=8000, x_frozen=True, o_win_rate_rolling=0.0950, value_loss_o=0.0960, policy_loss_o=0.2810, value_error_vs_solver=0.5296 (X=0.5895, O=0.4698), elapsed=6.4s
iter  299/300: games={'X': 8, 'O': 3, 'draw': 9}, buffer_x=8000, buffer_o=8000, x_frozen=True, o_win_rate_rolling=0.1100, value_loss_o=0.0962, policy_loss_o=0.2807, value_error_vs_solver=0.5087 (X=0.5328, O=0.4846), elapsed=8.8s
iter  300/300: games={'X': 10, 'O': 1, 'draw': 9}, buffer_x=8000, buffer_o=8000, x_frozen=True, o_win_rate_rolling=0.0800, value_loss_o=0.0957, policy_loss_o=0.2828, value_error_vs_solver=0.5589 (X=0.6665, O=0.4513), elapsed=9.5s
Done. Total time: 3320.0s. Saved to selfplay_trained_net_catchup_wr_X.pkl and _O.pkl
