Loading solver states for value-error benchmarking...
Run 'catchup': iterations=300, temperature_moves=6, noise_frac=0.25, teacher_side=None, extra_iterations_side=None
iter    1/300: games={'X': 9, 'O': 8, 'draw': 3}, buffer_x=103, buffer_o=91, x_frozen=False, gap=-0.0190, value_loss_o=0.9904, policy_loss_o=1.4602, value_error_vs_solver=0.5829 (X=0.5924, O=0.5734), elapsed=8.0s
iter    2/300: games={'X': 7, 'O': 10, 'draw': 3}, buffer_x=207, buffer_o=187, x_frozen=False, gap=-0.0130, value_loss_o=0.8523, policy_loss_o=1.4727, value_error_vs_solver=0.7151 (X=0.7216, O=0.7086), elapsed=7.0s
iter    3/300: games={'X': 8, 'O': 11, 'draw': 1}, buffer_x=314, buffer_o=286, x_frozen=True, gap=0.1333, value_loss_o=0.8811, policy_loss_o=1.4814, value_error_vs_solver=0.7504 (X=0.6838, O=0.8171), elapsed=7.0s
iter    4/300: games={'X': 8, 'O': 11, 'draw': 1}, buffer_x=418, buffer_o=381, x_frozen=False, gap=0.0434, value_loss_o=0.8512, policy_loss_o=1.4693, value_error_vs_solver=0.7619 (X=0.7402, O=0.7836), elapsed=7.0s
iter    5/300: games={'X': 13, 'O': 7, 'draw': 0}, buffer_x=510, buffer_o=460, x_frozen=True, gap=0.1754, value_loss_o=0.7981, policy_loss_o=1.4545, value_error_vs_solver=0.8049 (X=0.7172, O=0.8926), elapsed=6.4s
iter    6/300: games={'X': 9, 'O': 10, 'draw': 1}, buffer_x=592, buffer_o=533, x_frozen=True, gap=0.0776, value_loss_o=0.7351, policy_loss_o=1.4953, value_error_vs_solver=0.7488 (X=0.7099, O=0.7876), elapsed=5.2s
iter    7/300: games={'X': 13, 'O': 7, 'draw': 0}, buffer_x=677, buffer_o=605, x_frozen=False, gap=-0.0630, value_loss_o=0.7321, policy_loss_o=1.4705, value_error_vs_solver=0.7665 (X=0.7980, O=0.7351), elapsed=5.2s
iter    8/300: games={'X': 13, 'O': 6, 'draw': 1}, buffer_x=760, buffer_o=674, x_frozen=False, gap=0.0165, value_loss_o=0.6969, policy_loss_o=1.4629, value_error_vs_solver=0.8031 (X=0.7949, O=0.8114), elapsed=5.4s
iter    9/300: games={'X': 14, 'O': 5, 'draw': 1}, buffer_x=844, buffer_o=743, x_frozen=True, gap=0.0743, value_loss_o=0.6653, policy_loss_o=1.4671, value_error_vs_solver=0.7254 (X=0.6883, O=0.7625), elapsed=4.8s
iter   10/300: games={'X': 12, 'O': 7, 'draw': 1}, buffer_x=942, buffer_o=829, x_frozen=False, gap=0.0249, value_loss_o=0.6620, policy_loss_o=1.4543, value_error_vs_solver=0.7779 (X=0.7655, O=0.7904), elapsed=6.7s
iter   11/300: games={'X': 13, 'O': 7, 'draw': 0}, buffer_x=1045, buffer_o=919, x_frozen=False, gap=-0.0330, value_loss_o=0.6693, policy_loss_o=1.4478, value_error_vs_solver=0.7553 (X=0.7718, O=0.7388), elapsed=5.8s
iter   12/300: games={'X': 8, 'O': 9, 'draw': 3}, buffer_x=1180, buffer_o=1045, x_frozen=False, gap=-0.0769, value_loss_o=0.6806, policy_loss_o=1.4177, value_error_vs_solver=0.6885 (X=0.7270, O=0.6501), elapsed=9.8s
iter   13/300: games={'X': 13, 'O': 6, 'draw': 1}, buffer_x=1279, buffer_o=1131, x_frozen=False, gap=-0.0716, value_loss_o=0.6749, policy_loss_o=1.4005, value_error_vs_solver=0.7103 (X=0.7461, O=0.6745), elapsed=6.3s
iter   14/300: games={'X': 9, 'O': 10, 'draw': 1}, buffer_x=1395, buffer_o=1238, x_frozen=False, gap=-0.0374, value_loss_o=0.6682, policy_loss_o=1.3879, value_error_vs_solver=0.7274 (X=0.7461, O=0.7087), elapsed=8.0s
iter   15/300: games={'X': 11, 'O': 9, 'draw': 0}, buffer_x=1509, buffer_o=1341, x_frozen=False, gap=-0.0880, value_loss_o=0.6711, policy_loss_o=1.3651, value_error_vs_solver=0.7234 (X=0.7674, O=0.6794), elapsed=6.9s
iter   16/300: games={'X': 12, 'O': 7, 'draw': 1}, buffer_x=1624, buffer_o=1443, x_frozen=False, gap=-0.0640, value_loss_o=0.6655, policy_loss_o=1.3466, value_error_vs_solver=0.6713 (X=0.7033, O=0.6393), elapsed=8.6s
iter   17/300: games={'X': 15, 'O': 5, 'draw': 0}, buffer_x=1696, buffer_o=1500, x_frozen=False, gap=-0.1359, value_loss_o=0.6492, policy_loss_o=1.3194, value_error_vs_solver=0.7015 (X=0.7694, O=0.6335), elapsed=4.8s
iter   18/300: games={'X': 11, 'O': 4, 'draw': 5}, buffer_x=1816, buffer_o=1608, x_frozen=False, gap=-0.1322, value_loss_o=0.6030, policy_loss_o=1.2818, value_error_vs_solver=0.7229 (X=0.7891, O=0.6568), elapsed=9.2s
iter   19/300: games={'X': 12, 'O': 3, 'draw': 5}, buffer_x=1952, buffer_o=1729, x_frozen=False, gap=0.0088, value_loss_o=0.5626, policy_loss_o=1.2622, value_error_vs_solver=0.6815 (X=0.6771, O=0.6859), elapsed=10.1s
iter   20/300: games={'X': 12, 'O': 4, 'draw': 4}, buffer_x=2057, buffer_o=1820, x_frozen=False, gap=-0.1772, value_loss_o=0.5647, policy_loss_o=1.2410, value_error_vs_solver=0.7075 (X=0.7961, O=0.6189), elapsed=7.8s
iter   21/300: games={'X': 9, 'O': 3, 'draw': 8}, buffer_x=2218, buffer_o=1969, x_frozen=False, gap=-0.1419, value_loss_o=0.5292, policy_loss_o=1.2010, value_error_vs_solver=0.6630 (X=0.7339, O=0.5921), elapsed=12.5s
iter   22/300: games={'X': 9, 'O': 3, 'draw': 8}, buffer_x=2370, buffer_o=2110, x_frozen=False, gap=-0.1435, value_loss_o=0.5005, policy_loss_o=1.1539, value_error_vs_solver=0.7066 (X=0.7783, O=0.6349), elapsed=11.6s
iter   23/300: games={'X': 15, 'O': 2, 'draw': 3}, buffer_x=2474, buffer_o=2197, x_frozen=False, gap=-0.1017, value_loss_o=0.4884, policy_loss_o=1.1420, value_error_vs_solver=0.7027 (X=0.7536, O=0.6519), elapsed=6.0s
iter   24/300: games={'X': 12, 'O': 2, 'draw': 6}, buffer_x=2613, buffer_o=2322, x_frozen=False, gap=-0.0306, value_loss_o=0.4642, policy_loss_o=1.1099, value_error_vs_solver=0.6550 (X=0.6703, O=0.6397), elapsed=9.3s
iter   25/300: games={'X': 9, 'O': 6, 'draw': 5}, buffer_x=2744, buffer_o=2444, x_frozen=False, gap=-0.0399, value_loss_o=0.4544, policy_loss_o=1.0834, value_error_vs_solver=0.6584 (X=0.6783, O=0.6384), elapsed=9.4s
iter   26/300: games={'X': 9, 'O': 7, 'draw': 4}, buffer_x=2880, buffer_o=2571, x_frozen=False, gap=-0.0623, value_loss_o=0.4440, policy_loss_o=1.0677, value_error_vs_solver=0.6731 (X=0.7042, O=0.6419), elapsed=10.5s
iter   27/300: games={'X': 12, 'O': 2, 'draw': 6}, buffer_x=3000, buffer_o=2677, x_frozen=False, gap=-0.0032, value_loss_o=0.4300, policy_loss_o=1.0491, value_error_vs_solver=0.6415 (X=0.6432, O=0.6399), elapsed=8.7s
iter   28/300: games={'X': 12, 'O': 2, 'draw': 6}, buffer_x=3124, buffer_o=2788, x_frozen=False, gap=-0.0441, value_loss_o=0.4135, policy_loss_o=1.0322, value_error_vs_solver=0.6340 (X=0.6560, O=0.6119), elapsed=9.1s
iter   29/300: games={'X': 7, 'O': 2, 'draw': 11}, buffer_x=3293, buffer_o=2946, x_frozen=False, gap=-0.0551, value_loss_o=0.4069, policy_loss_o=0.9937, value_error_vs_solver=0.6570 (X=0.6846, O=0.6295), elapsed=12.7s
iter   30/300: games={'X': 8, 'O': 0, 'draw': 12}, buffer_x=3455, buffer_o=3099, x_frozen=False, gap=-0.1063, value_loss_o=0.3785, policy_loss_o=0.9751, value_error_vs_solver=0.6301 (X=0.6833, O=0.5770), elapsed=11.4s
iter   31/300: games={'X': 11, 'O': 4, 'draw': 5}, buffer_x=3578, buffer_o=3209, x_frozen=False, gap=-0.0973, value_loss_o=0.3703, policy_loss_o=0.9596, value_error_vs_solver=0.6427 (X=0.6913, O=0.5941), elapsed=8.3s
iter   32/300: games={'X': 16, 'O': 0, 'draw': 4}, buffer_x=3681, buffer_o=3295, x_frozen=False, gap=-0.0720, value_loss_o=0.3600, policy_loss_o=0.9525, value_error_vs_solver=0.6058 (X=0.6419, O=0.5698), elapsed=6.9s
iter   33/300: games={'X': 12, 'O': 2, 'draw': 6}, buffer_x=3794, buffer_o=3393, x_frozen=False, gap=-0.0107, value_loss_o=0.3720, policy_loss_o=0.9569, value_error_vs_solver=0.6658 (X=0.6712, O=0.6604), elapsed=8.4s
iter   34/300: games={'X': 14, 'O': 1, 'draw': 5}, buffer_x=3907, buffer_o=3489, x_frozen=False, gap=-0.0878, value_loss_o=0.3535, policy_loss_o=0.9399, value_error_vs_solver=0.6449 (X=0.6888, O=0.6010), elapsed=7.6s
iter   35/300: games={'X': 18, 'O': 1, 'draw': 1}, buffer_x=3989, buffer_o=3553, x_frozen=False, gap=-0.1142, value_loss_o=0.3409, policy_loss_o=0.9390, value_error_vs_solver=0.6581 (X=0.7152, O=0.6009), elapsed=4.4s
iter   36/300: games={'X': 17, 'O': 2, 'draw': 1}, buffer_x=4067, buffer_o=3614, x_frozen=False, gap=0.0077, value_loss_o=0.3355, policy_loss_o=0.9383, value_error_vs_solver=0.5935 (X=0.5897, O=0.5973), elapsed=4.5s
iter   37/300: games={'X': 16, 'O': 1, 'draw': 3}, buffer_x=4172, buffer_o=3702, x_frozen=False, gap=-0.1206, value_loss_o=0.3329, policy_loss_o=0.9396, value_error_vs_solver=0.6372 (X=0.6975, O=0.5769), elapsed=6.3s
iter   38/300: games={'X': 11, 'O': 7, 'draw': 2}, buffer_x=4264, buffer_o=3783, x_frozen=False, gap=-0.0771, value_loss_o=0.3335, policy_loss_o=0.9402, value_error_vs_solver=0.5864 (X=0.6250, O=0.5479), elapsed=5.9s
iter   39/300: games={'X': 15, 'O': 1, 'draw': 4}, buffer_x=4365, buffer_o=3867, x_frozen=False, gap=-0.0224, value_loss_o=0.3338, policy_loss_o=0.9398, value_error_vs_solver=0.6280 (X=0.6392, O=0.6168), elapsed=6.2s
iter   40/300: games={'X': 15, 'O': 3, 'draw': 2}, buffer_x=4460, buffer_o=3946, x_frozen=False, gap=-0.0482, value_loss_o=0.3294, policy_loss_o=0.9431, value_error_vs_solver=0.5749 (X=0.5990, O=0.5508), elapsed=5.5s
iter   41/300: games={'X': 19, 'O': 0, 'draw': 1}, buffer_x=4552, buffer_o=4019, x_frozen=False, gap=-0.0018, value_loss_o=0.3265, policy_loss_o=0.9491, value_error_vs_solver=0.5989 (X=0.5998, O=0.5979), elapsed=4.6s
iter   42/300: games={'X': 16, 'O': 4, 'draw': 0}, buffer_x=4628, buffer_o=4079, x_frozen=False, gap=0.0282, value_loss_o=0.3281, policy_loss_o=0.9525, value_error_vs_solver=0.5352 (X=0.5211, O=0.5493), elapsed=4.6s
iter   43/300: games={'X': 20, 'O': 0, 'draw': 0}, buffer_x=4709, buffer_o=4140, x_frozen=False, gap=-0.0325, value_loss_o=0.3215, policy_loss_o=0.9562, value_error_vs_solver=0.5990 (X=0.6152, O=0.5828), elapsed=3.7s
iter   44/300: games={'X': 20, 'O': 0, 'draw': 0}, buffer_x=4784, buffer_o=4195, x_frozen=False, gap=-0.0165, value_loss_o=0.3162, policy_loss_o=0.9593, value_error_vs_solver=0.5922 (X=0.6004, O=0.5839), elapsed=3.9s
iter   45/300: games={'X': 19, 'O': 0, 'draw': 1}, buffer_x=4864, buffer_o=4256, x_frozen=True, gap=0.0522, value_loss_o=0.3105, policy_loss_o=0.9620, value_error_vs_solver=0.6050 (X=0.5789, O=0.6311), elapsed=3.6s
iter   46/300: games={'X': 18, 'O': 1, 'draw': 1}, buffer_x=4944, buffer_o=4317, x_frozen=True, gap=0.1040, value_loss_o=0.3081, policy_loss_o=0.9659, value_error_vs_solver=0.5655 (X=0.5135, O=0.6175), elapsed=4.0s
iter   47/300: games={'X': 20, 'O': 0, 'draw': 0}, buffer_x=5018, buffer_o=4371, x_frozen=False, gap=-0.0062, value_loss_o=0.3017, policy_loss_o=0.9721, value_error_vs_solver=0.5549 (X=0.5580, O=0.5518), elapsed=4.2s
iter   48/300: games={'X': 17, 'O': 2, 'draw': 1}, buffer_x=5093, buffer_o=4428, x_frozen=False, gap=-0.0063, value_loss_o=0.2985, policy_loss_o=0.9744, value_error_vs_solver=0.5411 (X=0.5442, O=0.5380), elapsed=4.4s
iter   49/300: games={'X': 16, 'O': 2, 'draw': 2}, buffer_x=5186, buffer_o=4503, x_frozen=False, gap=-0.0945, value_loss_o=0.2994, policy_loss_o=0.9798, value_error_vs_solver=0.6020 (X=0.6493, O=0.5548), elapsed=5.7s
iter   50/300: games={'X': 17, 'O': 1, 'draw': 2}, buffer_x=5278, buffer_o=4577, x_frozen=False, gap=-0.0735, value_loss_o=0.2959, policy_loss_o=0.9840, value_error_vs_solver=0.5495 (X=0.5862, O=0.5127), elapsed=4.7s
iter   51/300: games={'X': 18, 'O': 1, 'draw': 1}, buffer_x=5362, buffer_o=4642, x_frozen=True, gap=0.1169, value_loss_o=0.2924, policy_loss_o=0.9875, value_error_vs_solver=0.5904 (X=0.5320, O=0.6489), elapsed=3.6s
iter   52/300: games={'X': 18, 'O': 2, 'draw': 0}, buffer_x=5439, buffer_o=4701, x_frozen=False, gap=-0.0488, value_loss_o=0.2915, policy_loss_o=0.9918, value_error_vs_solver=0.5776 (X=0.6020, O=0.5533), elapsed=3.7s
iter   53/300: games={'X': 16, 'O': 2, 'draw': 2}, buffer_x=5529, buffer_o=4774, x_frozen=True, gap=0.0830, value_loss_o=0.2889, policy_loss_o=0.9908, value_error_vs_solver=0.5646 (X=0.5231, O=0.6061), elapsed=4.4s
iter   54/300: games={'X': 18, 'O': 0, 'draw': 2}, buffer_x=5612, buffer_o=4838, x_frozen=False, gap=-0.0915, value_loss_o=0.2844, policy_loss_o=0.9917, value_error_vs_solver=0.6030 (X=0.6487, O=0.5572), elapsed=3.7s
iter   55/300: games={'X': 19, 'O': 0, 'draw': 1}, buffer_x=5699, buffer_o=4906, x_frozen=False, gap=-0.0263, value_loss_o=0.2799, policy_loss_o=0.9945, value_error_vs_solver=0.4809 (X=0.4940, O=0.4677), elapsed=3.7s
iter   56/300: games={'X': 19, 'O': 0, 'draw': 1}, buffer_x=5784, buffer_o=4971, x_frozen=False, gap=-0.1103, value_loss_o=0.2812, policy_loss_o=0.9954, value_error_vs_solver=0.5813 (X=0.6364, O=0.5261), elapsed=3.9s
iter   57/300: games={'X': 20, 'O': 0, 'draw': 0}, buffer_x=5852, buffer_o=5019, x_frozen=False, gap=-0.0517, value_loss_o=0.2741, policy_loss_o=1.0011, value_error_vs_solver=0.5481 (X=0.5739, O=0.5222), elapsed=3.1s
iter   58/300: games={'X': 19, 'O': 1, 'draw': 0}, buffer_x=5927, buffer_o=5075, x_frozen=False, gap=0.0234, value_loss_o=0.2723, policy_loss_o=1.0029, value_error_vs_solver=0.5610 (X=0.5493, O=0.5727), elapsed=3.1s
iter   59/300: games={'X': 18, 'O': 1, 'draw': 1}, buffer_x=6011, buffer_o=5141, x_frozen=False, gap=-0.0935, value_loss_o=0.2742, policy_loss_o=1.0087, value_error_vs_solver=0.5080 (X=0.5547, O=0.4612), elapsed=4.3s
iter   60/300: games={'X': 18, 'O': 1, 'draw': 1}, buffer_x=6093, buffer_o=5204, x_frozen=False, gap=-0.1217, value_loss_o=0.2659, policy_loss_o=1.0115, value_error_vs_solver=0.5853 (X=0.6462, O=0.5245), elapsed=3.5s
iter   61/300: games={'X': 19, 'O': 1, 'draw': 0}, buffer_x=6168, buffer_o=5260, x_frozen=False, gap=-0.0068, value_loss_o=0.2667, policy_loss_o=1.0106, value_error_vs_solver=0.5031 (X=0.5065, O=0.4997), elapsed=3.0s
iter   62/300: games={'X': 19, 'O': 0, 'draw': 1}, buffer_x=6255, buffer_o=5328, x_frozen=False, gap=-0.0999, value_loss_o=0.2600, policy_loss_o=1.0182, value_error_vs_solver=0.5584 (X=0.6084, O=0.5085), elapsed=5.4s
iter   63/300: games={'X': 16, 'O': 3, 'draw': 1}, buffer_x=6333, buffer_o=5390, x_frozen=False, gap=-0.0651, value_loss_o=0.2595, policy_loss_o=1.0192, value_error_vs_solver=0.5404 (X=0.5730, O=0.5079), elapsed=4.5s
iter   64/300: games={'X': 15, 'O': 2, 'draw': 3}, buffer_x=6427, buffer_o=5467, x_frozen=False, gap=-0.0404, value_loss_o=0.2623, policy_loss_o=1.0210, value_error_vs_solver=0.5192 (X=0.5394, O=0.4990), elapsed=6.4s
iter   65/300: games={'X': 18, 'O': 1, 'draw': 1}, buffer_x=6521, buffer_o=5543, x_frozen=False, gap=-0.1197, value_loss_o=0.2602, policy_loss_o=1.0250, value_error_vs_solver=0.5628 (X=0.6226, O=0.5029), elapsed=5.2s
iter   66/300: games={'X': 19, 'O': 1, 'draw': 0}, buffer_x=6595, buffer_o=5598, x_frozen=False, gap=-0.0774, value_loss_o=0.2581, policy_loss_o=1.0292, value_error_vs_solver=0.5373 (X=0.5760, O=0.4986), elapsed=4.1s
iter   67/300: games={'X': 17, 'O': 3, 'draw': 0}, buffer_x=6668, buffer_o=5654, x_frozen=False, gap=-0.0819, value_loss_o=0.2602, policy_loss_o=1.0357, value_error_vs_solver=0.5393 (X=0.5802, O=0.4983), elapsed=3.8s
iter   68/300: games={'X': 15, 'O': 1, 'draw': 4}, buffer_x=6773, buffer_o=5743, x_frozen=False, gap=-0.0462, value_loss_o=0.2572, policy_loss_o=1.0313, value_error_vs_solver=0.5101 (X=0.5332, O=0.4870), elapsed=6.2s
iter   69/300: games={'X': 20, 'O': 0, 'draw': 0}, buffer_x=6850, buffer_o=5800, x_frozen=False, gap=-0.1057, value_loss_o=0.2529, policy_loss_o=1.0347, value_error_vs_solver=0.5317 (X=0.5846, O=0.4788), elapsed=3.8s
iter   70/300: games={'X': 19, 'O': 1, 'draw': 0}, buffer_x=6921, buffer_o=5852, x_frozen=False, gap=-0.0635, value_loss_o=0.2535, policy_loss_o=1.0390, value_error_vs_solver=0.5371 (X=0.5688, O=0.5053), elapsed=4.3s
iter   71/300: games={'X': 20, 'O': 0, 'draw': 0}, buffer_x=6997, buffer_o=5908, x_frozen=False, gap=0.0166, value_loss_o=0.2522, policy_loss_o=1.0426, value_error_vs_solver=0.4754 (X=0.4671, O=0.4837), elapsed=3.7s
iter   72/300: games={'X': 19, 'O': 0, 'draw': 1}, buffer_x=7074, buffer_o=5965, x_frozen=False, gap=-0.0841, value_loss_o=0.2481, policy_loss_o=1.0462, value_error_vs_solver=0.4657 (X=0.5078, O=0.4236), elapsed=4.7s
iter   73/300: games={'X': 17, 'O': 2, 'draw': 1}, buffer_x=7152, buffer_o=6025, x_frozen=False, gap=-0.0048, value_loss_o=0.2475, policy_loss_o=1.0502, value_error_vs_solver=0.4794 (X=0.4818, O=0.4770), elapsed=5.1s
iter   74/300: games={'X': 19, 'O': 0, 'draw': 1}, buffer_x=7236, buffer_o=6089, x_frozen=False, gap=-0.0570, value_loss_o=0.2513, policy_loss_o=1.0570, value_error_vs_solver=0.5185 (X=0.5470, O=0.4900), elapsed=6.1s
iter   75/300: games={'X': 19, 'O': 0, 'draw': 1}, buffer_x=7322, buffer_o=6155, x_frozen=False, gap=-0.1529, value_loss_o=0.2485, policy_loss_o=1.0520, value_error_vs_solver=0.4778 (X=0.5543, O=0.4014), elapsed=5.3s
iter   76/300: games={'X': 19, 'O': 0, 'draw': 1}, buffer_x=7400, buffer_o=6213, x_frozen=False, gap=-0.0360, value_loss_o=0.2390, policy_loss_o=1.0534, value_error_vs_solver=0.5288 (X=0.5468, O=0.5108), elapsed=5.0s
iter   77/300: games={'X': 18, 'O': 1, 'draw': 1}, buffer_x=7487, buffer_o=6281, x_frozen=False, gap=0.0014, value_loss_o=0.2371, policy_loss_o=1.0618, value_error_vs_solver=0.5017 (X=0.5010, O=0.5024), elapsed=5.0s
iter   78/300: games={'X': 19, 'O': 1, 'draw': 0}, buffer_x=7557, buffer_o=6332, x_frozen=False, gap=-0.0561, value_loss_o=0.2395, policy_loss_o=1.0626, value_error_vs_solver=0.5341 (X=0.5621, O=0.5061), elapsed=4.9s
iter   79/300: games={'X': 16, 'O': 2, 'draw': 2}, buffer_x=7645, buffer_o=6404, x_frozen=False, gap=-0.0807, value_loss_o=0.2363, policy_loss_o=1.0619, value_error_vs_solver=0.5137 (X=0.5540, O=0.4733), elapsed=5.0s
iter   80/300: games={'X': 18, 'O': 1, 'draw': 1}, buffer_x=7723, buffer_o=6463, x_frozen=False, gap=-0.0973, value_loss_o=0.2362, policy_loss_o=1.0661, value_error_vs_solver=0.5281 (X=0.5767, O=0.4795), elapsed=4.4s
iter   81/300: games={'X': 17, 'O': 1, 'draw': 2}, buffer_x=7809, buffer_o=6531, x_frozen=False, gap=-0.0658, value_loss_o=0.2322, policy_loss_o=1.0658, value_error_vs_solver=0.5064 (X=0.5393, O=0.4734), elapsed=5.0s
iter   82/300: games={'X': 20, 'O': 0, 'draw': 0}, buffer_x=7883, buffer_o=6585, x_frozen=False, gap=-0.0319, value_loss_o=0.2323, policy_loss_o=1.0713, value_error_vs_solver=0.4733 (X=0.4892, O=0.4574), elapsed=3.7s
iter   83/300: games={'X': 20, 'O': 0, 'draw': 0}, buffer_x=7962, buffer_o=6644, x_frozen=False, gap=-0.0732, value_loss_o=0.2285, policy_loss_o=1.0749, value_error_vs_solver=0.5058 (X=0.5424, O=0.4692), elapsed=4.4s
iter   84/300: games={'X': 18, 'O': 2, 'draw': 0}, buffer_x=8000, buffer_o=6698, x_frozen=False, gap=-0.0474, value_loss_o=0.2288, policy_loss_o=1.0784, value_error_vs_solver=0.5452 (X=0.5689, O=0.5215), elapsed=4.2s
iter   85/300: games={'X': 18, 'O': 0, 'draw': 2}, buffer_x=8000, buffer_o=6766, x_frozen=False, gap=-0.0672, value_loss_o=0.2277, policy_loss_o=1.0794, value_error_vs_solver=0.4982 (X=0.5318, O=0.4646), elapsed=6.4s
iter   86/300: games={'X': 18, 'O': 2, 'draw': 0}, buffer_x=8000, buffer_o=6822, x_frozen=False, gap=-0.1230, value_loss_o=0.2264, policy_loss_o=1.0832, value_error_vs_solver=0.4581 (X=0.5196, O=0.3967), elapsed=4.8s
iter   87/300: games={'X': 18, 'O': 0, 'draw': 2}, buffer_x=8000, buffer_o=6880, x_frozen=False, gap=-0.0991, value_loss_o=0.2251, policy_loss_o=1.0841, value_error_vs_solver=0.5224 (X=0.5720, O=0.4729), elapsed=6.2s
iter   88/300: games={'X': 20, 'O': 0, 'draw': 0}, buffer_x=8000, buffer_o=6933, x_frozen=False, gap=-0.1123, value_loss_o=0.2263, policy_loss_o=1.0903, value_error_vs_solver=0.5411 (X=0.5973, O=0.4849), elapsed=4.2s
iter   89/300: games={'X': 18, 'O': 0, 'draw': 2}, buffer_x=8000, buffer_o=7009, x_frozen=False, gap=-0.1396, value_loss_o=0.2203, policy_loss_o=1.0902, value_error_vs_solver=0.4617 (X=0.5314, O=0.3919), elapsed=6.4s
iter   90/300: games={'X': 17, 'O': 2, 'draw': 1}, buffer_x=8000, buffer_o=7073, x_frozen=False, gap=-0.0356, value_loss_o=0.2202, policy_loss_o=1.0903, value_error_vs_solver=0.5386 (X=0.5564, O=0.5209), elapsed=5.7s
iter   91/300: games={'X': 19, 'O': 0, 'draw': 1}, buffer_x=8000, buffer_o=7131, x_frozen=False, gap=-0.0847, value_loss_o=0.2206, policy_loss_o=1.0939, value_error_vs_solver=0.5597 (X=0.6021, O=0.5174), elapsed=4.5s
iter   92/300: games={'X': 19, 'O': 1, 'draw': 0}, buffer_x=8000, buffer_o=7183, x_frozen=False, gap=-0.1086, value_loss_o=0.2177, policy_loss_o=1.0970, value_error_vs_solver=0.5194 (X=0.5737, O=0.4651), elapsed=4.4s
iter   93/300: games={'X': 19, 'O': 0, 'draw': 1}, buffer_x=8000, buffer_o=7243, x_frozen=False, gap=-0.1636, value_loss_o=0.2173, policy_loss_o=1.1029, value_error_vs_solver=0.5210 (X=0.6028, O=0.4392), elapsed=5.3s
iter   94/300: games={'X': 20, 'O': 0, 'draw': 0}, buffer_x=8000, buffer_o=7295, x_frozen=False, gap=-0.0596, value_loss_o=0.2162, policy_loss_o=1.1037, value_error_vs_solver=0.5362 (X=0.5660, O=0.5064), elapsed=4.1s
iter   95/300: games={'X': 19, 'O': 0, 'draw': 1}, buffer_x=8000, buffer_o=7353, x_frozen=False, gap=-0.1423, value_loss_o=0.2140, policy_loss_o=1.1050, value_error_vs_solver=0.5510 (X=0.6221, O=0.4798), elapsed=5.2s
iter   96/300: games={'X': 19, 'O': 0, 'draw': 1}, buffer_x=8000, buffer_o=7414, x_frozen=False, gap=-0.0812, value_loss_o=0.2122, policy_loss_o=1.1084, value_error_vs_solver=0.4932 (X=0.5338, O=0.4526), elapsed=5.3s
iter   97/300: games={'X': 18, 'O': 0, 'draw': 2}, buffer_x=8000, buffer_o=7483, x_frozen=False, gap=0.0062, value_loss_o=0.2099, policy_loss_o=1.1086, value_error_vs_solver=0.4857 (X=0.4826, O=0.4888), elapsed=6.4s
iter   98/300: games={'X': 18, 'O': 0, 'draw': 2}, buffer_x=8000, buffer_o=7544, x_frozen=False, gap=-0.0872, value_loss_o=0.2103, policy_loss_o=1.1107, value_error_vs_solver=0.4750 (X=0.5186, O=0.4314), elapsed=6.3s
iter   99/300: games={'X': 19, 'O': 0, 'draw': 1}, buffer_x=8000, buffer_o=7602, x_frozen=False, gap=-0.0823, value_loss_o=0.2072, policy_loss_o=1.1131, value_error_vs_solver=0.4880 (X=0.5292, O=0.4468), elapsed=6.5s
iter  100/300: games={'X': 20, 'O': 0, 'draw': 0}, buffer_x=8000, buffer_o=7655, x_frozen=False, gap=-0.0702, value_loss_o=0.2055, policy_loss_o=1.1154, value_error_vs_solver=0.4933 (X=0.5284, O=0.4582), elapsed=4.7s
iter  101/300: games={'X': 19, 'O': 1, 'draw': 0}, buffer_x=8000, buffer_o=7713, x_frozen=False, gap=-0.0896, value_loss_o=0.2057, policy_loss_o=1.1194, value_error_vs_solver=0.5333 (X=0.5781, O=0.4885), elapsed=4.6s
iter  102/300: games={'X': 20, 'O': 0, 'draw': 0}, buffer_x=8000, buffer_o=7760, x_frozen=False, gap=-0.2051, value_loss_o=0.2051, policy_loss_o=1.1218, value_error_vs_solver=0.5243 (X=0.6269, O=0.4218), elapsed=4.7s
iter  103/300: games={'X': 20, 'O': 0, 'draw': 0}, buffer_x=8000, buffer_o=7808, x_frozen=False, gap=-0.2122, value_loss_o=0.2040, policy_loss_o=1.1261, value_error_vs_solver=0.5217 (X=0.6278, O=0.4156), elapsed=4.3s
iter  104/300: games={'X': 17, 'O': 3, 'draw': 0}, buffer_x=8000, buffer_o=7858, x_frozen=False, gap=-0.1670, value_loss_o=0.2045, policy_loss_o=1.1293, value_error_vs_solver=0.4922 (X=0.5757, O=0.4087), elapsed=4.9s
iter  105/300: games={'X': 19, 'O': 0, 'draw': 1}, buffer_x=8000, buffer_o=7919, x_frozen=False, gap=-0.1445, value_loss_o=0.2035, policy_loss_o=1.1312, value_error_vs_solver=0.5275 (X=0.5997, O=0.4552), elapsed=5.0s
iter  106/300: games={'X': 20, 'O': 0, 'draw': 0}, buffer_x=8000, buffer_o=7971, x_frozen=False, gap=-0.0468, value_loss_o=0.2027, policy_loss_o=1.1351, value_error_vs_solver=0.4262 (X=0.4496, O=0.4028), elapsed=5.3s
iter  107/300: games={'X': 19, 'O': 0, 'draw': 1}, buffer_x=8000, buffer_o=8000, x_frozen=False, gap=0.0219, value_loss_o=0.1996, policy_loss_o=1.1369, value_error_vs_solver=0.4447 (X=0.4338, O=0.4557), elapsed=5.2s
iter  108/300: games={'X': 20, 'O': 0, 'draw': 0}, buffer_x=8000, buffer_o=8000, x_frozen=False, gap=-0.0574, value_loss_o=0.1963, policy_loss_o=1.1403, value_error_vs_solver=0.5116 (X=0.5403, O=0.4829), elapsed=4.9s
iter  109/300: games={'X': 18, 'O': 0, 'draw': 2}, buffer_x=8000, buffer_o=8000, x_frozen=False, gap=0.0268, value_loss_o=0.1920, policy_loss_o=1.1419, value_error_vs_solver=0.5504 (X=0.5370, O=0.5638), elapsed=6.0s
iter  110/300: games={'X': 17, 'O': 2, 'draw': 1}, buffer_x=8000, buffer_o=8000, x_frozen=False, gap=0.0085, value_loss_o=0.1902, policy_loss_o=1.1431, value_error_vs_solver=0.5003 (X=0.4960, O=0.5045), elapsed=5.8s
iter  111/300: games={'X': 19, 'O': 1, 'draw': 0}, buffer_x=8000, buffer_o=8000, x_frozen=False, gap=-0.1167, value_loss_o=0.1846, policy_loss_o=1.1473, value_error_vs_solver=0.4840 (X=0.5424, O=0.4257), elapsed=4.6s
iter  112/300: games={'X': 20, 'O': 0, 'draw': 0}, buffer_x=8000, buffer_o=8000, x_frozen=False, gap=-0.1789, value_loss_o=0.1804, policy_loss_o=1.1500, value_error_vs_solver=0.5134 (X=0.6028, O=0.4240), elapsed=4.7s
iter  113/300: games={'X': 20, 'O': 0, 'draw': 0}, buffer_x=8000, buffer_o=8000, x_frozen=False, gap=-0.2037, value_loss_o=0.1791, policy_loss_o=1.1540, value_error_vs_solver=0.5124 (X=0.6143, O=0.4106), elapsed=4.9s
iter  114/300: games={'X': 19, 'O': 0, 'draw': 1}, buffer_x=8000, buffer_o=8000, x_frozen=False, gap=-0.1666, value_loss_o=0.1760, policy_loss_o=1.1559, value_error_vs_solver=0.5098 (X=0.5931, O=0.4264), elapsed=5.8s
iter  115/300: games={'X': 20, 'O': 0, 'draw': 0}, buffer_x=8000, buffer_o=8000, x_frozen=False, gap=-0.1141, value_loss_o=0.1722, policy_loss_o=1.1573, value_error_vs_solver=0.4592 (X=0.5163, O=0.4022), elapsed=4.3s
iter  116/300: games={'X': 20, 'O': 0, 'draw': 0}, buffer_x=8000, buffer_o=8000, x_frozen=False, gap=-0.1219, value_loss_o=0.1717, policy_loss_o=1.1576, value_error_vs_solver=0.5267 (X=0.5877, O=0.4657), elapsed=4.7s
iter  117/300: games={'X': 19, 'O': 1, 'draw': 0}, buffer_x=8000, buffer_o=8000, x_frozen=False, gap=-0.0701, value_loss_o=0.1670, policy_loss_o=1.1601, value_error_vs_solver=0.4687 (X=0.5038, O=0.4337), elapsed=4.1s
iter  118/300: games={'X': 20, 'O': 0, 'draw': 0}, buffer_x=8000, buffer_o=8000, x_frozen=False, gap=-0.0199, value_loss_o=0.1634, policy_loss_o=1.1623, value_error_vs_solver=0.5021 (X=0.5120, O=0.4921), elapsed=4.7s
iter  119/300: games={'X': 19, 'O': 0, 'draw': 1}, buffer_x=8000, buffer_o=8000, x_frozen=False, gap=-0.1164, value_loss_o=0.1607, policy_loss_o=1.1618, value_error_vs_solver=0.4832 (X=0.5414, O=0.4250), elapsed=6.6s
iter  120/300: games={'X': 19, 'O': 0, 'draw': 1}, buffer_x=8000, buffer_o=8000, x_frozen=False, gap=-0.1429, value_loss_o=0.1590, policy_loss_o=1.1644, value_error_vs_solver=0.5000 (X=0.5715, O=0.4286), elapsed=5.0s
iter  121/300: games={'X': 19, 'O': 0, 'draw': 1}, buffer_x=8000, buffer_o=8000, x_frozen=False, gap=0.0011, value_loss_o=0.1557, policy_loss_o=1.1671, value_error_vs_solver=0.4814 (X=0.4809, O=0.4819), elapsed=4.9s
iter  122/300: games={'X': 17, 'O': 1, 'draw': 2}, buffer_x=8000, buffer_o=8000, x_frozen=False, gap=-0.1734, value_loss_o=0.1526, policy_loss_o=1.1691, value_error_vs_solver=0.5001 (X=0.5868, O=0.4134), elapsed=5.4s
iter  123/300: games={'X': 19, 'O': 0, 'draw': 1}, buffer_x=8000, buffer_o=8000, x_frozen=False, gap=-0.1033, value_loss_o=0.1485, policy_loss_o=1.1708, value_error_vs_solver=0.5151 (X=0.5668, O=0.4635), elapsed=4.7s
iter  124/300: games={'X': 19, 'O': 0, 'draw': 1}, buffer_x=8000, buffer_o=8000, x_frozen=False, gap=-0.1305, value_loss_o=0.1453, policy_loss_o=1.1753, value_error_vs_solver=0.4673 (X=0.5326, O=0.4020), elapsed=4.3s
iter  125/300: games={'X': 20, 'O': 0, 'draw': 0}, buffer_x=8000, buffer_o=8000, x_frozen=False, gap=-0.1290, value_loss_o=0.1420, policy_loss_o=1.1810, value_error_vs_solver=0.5086 (X=0.5731, O=0.4440), elapsed=3.9s
iter  126/300: games={'X': 20, 'O': 0, 'draw': 0}, buffer_x=8000, buffer_o=8000, x_frozen=False, gap=-0.0533, value_loss_o=0.1360, policy_loss_o=1.1848, value_error_vs_solver=0.5003 (X=0.5269, O=0.4737), elapsed=4.6s
iter  127/300: games={'X': 18, 'O': 1, 'draw': 1}, buffer_x=8000, buffer_o=8000, x_frozen=False, gap=-0.0985, value_loss_o=0.1335, policy_loss_o=1.1873, value_error_vs_solver=0.5000 (X=0.5493, O=0.4507), elapsed=4.7s
iter  128/300: games={'X': 20, 'O': 0, 'draw': 0}, buffer_x=8000, buffer_o=8000, x_frozen=False, gap=-0.0878, value_loss_o=0.1289, policy_loss_o=1.1918, value_error_vs_solver=0.4475 (X=0.4914, O=0.4036), elapsed=4.6s
iter  129/300: games={'X': 19, 'O': 1, 'draw': 0}, buffer_x=8000, buffer_o=8000, x_frozen=False, gap=-0.1165, value_loss_o=0.1259, policy_loss_o=1.1979, value_error_vs_solver=0.4601 (X=0.5183, O=0.4018), elapsed=4.6s
iter  130/300: games={'X': 18, 'O': 1, 'draw': 1}, buffer_x=8000, buffer_o=8000, x_frozen=False, gap=-0.0015, value_loss_o=0.1233, policy_loss_o=1.2003, value_error_vs_solver=0.4662 (X=0.4669, O=0.4655), elapsed=6.1s
iter  131/300: games={'X': 19, 'O': 1, 'draw': 0}, buffer_x=8000, buffer_o=8000, x_frozen=False, gap=-0.1052, value_loss_o=0.1201, policy_loss_o=1.2053, value_error_vs_solver=0.4885 (X=0.5411, O=0.4359), elapsed=4.0s
iter  132/300: games={'X': 20, 'O': 0, 'draw': 0}, buffer_x=8000, buffer_o=8000, x_frozen=False, gap=-0.0729, value_loss_o=0.1169, policy_loss_o=1.2100, value_error_vs_solver=0.4781 (X=0.5146, O=0.4417), elapsed=4.4s
iter  133/300: games={'X': 19, 'O': 0, 'draw': 1}, buffer_x=8000, buffer_o=8000, x_frozen=False, gap=-0.0757, value_loss_o=0.1125, policy_loss_o=1.2117, value_error_vs_solver=0.4472 (X=0.4850, O=0.4093), elapsed=4.6s
iter  134/300: games={'X': 18, 'O': 2, 'draw': 0}, buffer_x=8000, buffer_o=8000, x_frozen=False, gap=-0.1614, value_loss_o=0.1131, policy_loss_o=1.2168, value_error_vs_solver=0.4679 (X=0.5486, O=0.3872), elapsed=4.4s
iter  135/300: games={'X': 18, 'O': 1, 'draw': 1}, buffer_x=8000, buffer_o=8000, x_frozen=False, gap=-0.0626, value_loss_o=0.1116, policy_loss_o=1.2206, value_error_vs_solver=0.4627 (X=0.4940, O=0.4314), elapsed=5.1s
iter  136/300: games={'X': 20, 'O': 0, 'draw': 0}, buffer_x=8000, buffer_o=8000, x_frozen=False, gap=-0.1076, value_loss_o=0.1111, policy_loss_o=1.2260, value_error_vs_solver=0.4829 (X=0.5367, O=0.4291), elapsed=4.2s
iter  137/300: games={'X': 20, 'O': 0, 'draw': 0}, buffer_x=8000, buffer_o=8000, x_frozen=False, gap=-0.0306, value_loss_o=0.1097, policy_loss_o=1.2312, value_error_vs_solver=0.4949 (X=0.5102, O=0.4796), elapsed=4.3s
iter  138/300: games={'X': 20, 'O': 0, 'draw': 0}, buffer_x=8000, buffer_o=8000, x_frozen=False, gap=-0.1101, value_loss_o=0.1089, policy_loss_o=1.2367, value_error_vs_solver=0.5347 (X=0.5898, O=0.4797), elapsed=4.0s
iter  139/300: games={'X': 19, 'O': 0, 'draw': 1}, buffer_x=8000, buffer_o=8000, x_frozen=False, gap=-0.0873, value_loss_o=0.1057, policy_loss_o=1.2394, value_error_vs_solver=0.4616 (X=0.5052, O=0.4180), elapsed=5.2s
iter  140/300: games={'X': 18, 'O': 0, 'draw': 2}, buffer_x=8000, buffer_o=8000, x_frozen=False, gap=-0.2274, value_loss_o=0.1051, policy_loss_o=1.2430, value_error_vs_solver=0.5273 (X=0.6410, O=0.4136), elapsed=4.6s
iter  141/300: games={'X': 19, 'O': 0, 'draw': 1}, buffer_x=8000, buffer_o=8000, x_frozen=False, gap=0.0235, value_loss_o=0.1022, policy_loss_o=1.2485, value_error_vs_solver=0.4534 (X=0.4416, O=0.4651), elapsed=5.5s
iter  142/300: games={'X': 20, 'O': 0, 'draw': 0}, buffer_x=8000, buffer_o=8000, x_frozen=False, gap=-0.1441, value_loss_o=0.1018, policy_loss_o=1.2543, value_error_vs_solver=0.4562 (X=0.5283, O=0.3842), elapsed=5.6s
iter  143/300: games={'X': 19, 'O': 1, 'draw': 0}, buffer_x=8000, buffer_o=8000, x_frozen=False, gap=-0.0571, value_loss_o=0.1019, policy_loss_o=1.2613, value_error_vs_solver=0.4739 (X=0.5025, O=0.4454), elapsed=8.3s
iter  144/300: games={'X': 19, 'O': 0, 'draw': 1}, buffer_x=8000, buffer_o=8000, x_frozen=False, gap=-0.1415, value_loss_o=0.1008, policy_loss_o=1.2677, value_error_vs_solver=0.4620 (X=0.5327, O=0.3912), elapsed=5.7s
iter  145/300: games={'X': 18, 'O': 0, 'draw': 2}, buffer_x=8000, buffer_o=8000, x_frozen=False, gap=-0.0386, value_loss_o=0.0986, policy_loss_o=1.2706, value_error_vs_solver=0.4412 (X=0.4605, O=0.4220), elapsed=6.4s
iter  146/300: games={'X': 19, 'O': 0, 'draw': 1}, buffer_x=8000, buffer_o=8000, x_frozen=False, gap=-0.1592, value_loss_o=0.0977, policy_loss_o=1.2741, value_error_vs_solver=0.4601 (X=0.5397, O=0.3805), elapsed=5.4s
iter  147/300: games={'X': 19, 'O': 1, 'draw': 0}, buffer_x=8000, buffer_o=8000, x_frozen=False, gap=-0.0566, value_loss_o=0.0980, policy_loss_o=1.2803, value_error_vs_solver=0.4466 (X=0.4749, O=0.4183), elapsed=4.7s
iter  148/300: games={'X': 20, 'O': 0, 'draw': 0}, buffer_x=8000, buffer_o=8000, x_frozen=False, gap=-0.1512, value_loss_o=0.0966, policy_loss_o=1.2863, value_error_vs_solver=0.4427 (X=0.5183, O=0.3672), elapsed=4.7s
iter  149/300: games={'X': 18, 'O': 2, 'draw': 0}, buffer_x=8000, buffer_o=8000, x_frozen=False, gap=-0.2062, value_loss_o=0.0962, policy_loss_o=1.2922, value_error_vs_solver=0.5053 (X=0.6084, O=0.4023), elapsed=4.4s
iter  150/300: games={'X': 20, 'O': 0, 'draw': 0}, buffer_x=8000, buffer_o=8000, x_frozen=False, gap=-0.0009, value_loss_o=0.0963, policy_loss_o=1.2992, value_error_vs_solver=0.4457 (X=0.4462, O=0.4453), elapsed=4.6s
iter  151/300: games={'X': 20, 'O': 0, 'draw': 0}, buffer_x=8000, buffer_o=8000, x_frozen=False, gap=-0.0970, value_loss_o=0.0928, policy_loss_o=1.3047, value_error_vs_solver=0.5062 (X=0.5547, O=0.4577), elapsed=4.5s
iter  152/300: games={'X': 20, 'O': 0, 'draw': 0}, buffer_x=8000, buffer_o=8000, x_frozen=False, gap=-0.1040, value_loss_o=0.0901, policy_loss_o=1.3109, value_error_vs_solver=0.4585 (X=0.5105, O=0.4066), elapsed=4.8s
iter  153/300: games={'X': 20, 'O': 0, 'draw': 0}, buffer_x=8000, buffer_o=8000, x_frozen=False, gap=-0.0305, value_loss_o=0.0892, policy_loss_o=1.3175, value_error_vs_solver=0.4631 (X=0.4783, O=0.4478), elapsed=5.4s
iter  154/300: games={'X': 19, 'O': 0, 'draw': 1}, buffer_x=8000, buffer_o=8000, x_frozen=False, gap=-0.1904, value_loss_o=0.0885, policy_loss_o=1.3219, value_error_vs_solver=0.4604 (X=0.5556, O=0.3652), elapsed=5.5s
iter  155/300: games={'X': 19, 'O': 0, 'draw': 1}, buffer_x=8000, buffer_o=8000, x_frozen=False, gap=-0.2502, value_loss_o=0.0883, policy_loss_o=1.3265, value_error_vs_solver=0.4666 (X=0.5918, O=0.3415), elapsed=4.9s
iter  156/300: games={'X': 19, 'O': 0, 'draw': 1}, buffer_x=8000, buffer_o=8000, x_frozen=False, gap=-0.0474, value_loss_o=0.0872, policy_loss_o=1.3328, value_error_vs_solver=0.5057 (X=0.5294, O=0.4820), elapsed=5.8s
iter  157/300: games={'X': 20, 'O': 0, 'draw': 0}, buffer_x=8000, buffer_o=8000, x_frozen=False, gap=-0.1791, value_loss_o=0.0862, policy_loss_o=1.3393, value_error_vs_solver=0.4761 (X=0.5656, O=0.3865), elapsed=3.7s
iter  158/300: games={'X': 18, 'O': 1, 'draw': 1}, buffer_x=8000, buffer_o=8000, x_frozen=False, gap=-0.0488, value_loss_o=0.0860, policy_loss_o=1.3444, value_error_vs_solver=0.4400 (X=0.4644, O=0.4156), elapsed=5.3s
iter  159/300: games={'X': 17, 'O': 1, 'draw': 2}, buffer_x=8000, buffer_o=8000, x_frozen=False, gap=-0.0724, value_loss_o=0.0858, policy_loss_o=1.3519, value_error_vs_solver=0.4384 (X=0.4746, O=0.4022), elapsed=4.7s
iter  160/300: games={'X': 19, 'O': 0, 'draw': 1}, buffer_x=8000, buffer_o=8000, x_frozen=False, gap=-0.0975, value_loss_o=0.0853, policy_loss_o=1.3591, value_error_vs_solver=0.4749 (X=0.5237, O=0.4262), elapsed=4.9s
iter  161/300: games={'X': 19, 'O': 0, 'draw': 1}, buffer_x=8000, buffer_o=8000, x_frozen=False, gap=-0.0793, value_loss_o=0.0844, policy_loss_o=1.3665, value_error_vs_solver=0.4104 (X=0.4501, O=0.3707), elapsed=4.6s
iter  162/300: games={'X': 18, 'O': 0, 'draw': 2}, buffer_x=8000, buffer_o=8000, x_frozen=False, gap=-0.1424, value_loss_o=0.0846, policy_loss_o=1.3711, value_error_vs_solver=0.4404 (X=0.5116, O=0.3692), elapsed=5.5s
iter  163/300: games={'X': 19, 'O': 0, 'draw': 1}, buffer_x=8000, buffer_o=8000, x_frozen=False, gap=-0.0645, value_loss_o=0.0819, policy_loss_o=1.3771, value_error_vs_solver=0.4825 (X=0.5147, O=0.4502), elapsed=4.3s
iter  164/300: games={'X': 19, 'O': 0, 'draw': 1}, buffer_x=8000, buffer_o=8000, x_frozen=False, gap=-0.0144, value_loss_o=0.0817, policy_loss_o=1.3838, value_error_vs_solver=0.4835 (X=0.4907, O=0.4763), elapsed=4.5s
iter  165/300: games={'X': 19, 'O': 1, 'draw': 0}, buffer_x=8000, buffer_o=8000, x_frozen=False, gap=-0.1096, value_loss_o=0.0816, policy_loss_o=1.3860, value_error_vs_solver=0.4713 (X=0.5261, O=0.4165), elapsed=3.8s
iter  166/300: games={'X': 19, 'O': 1, 'draw': 0}, buffer_x=8000, buffer_o=8000, x_frozen=False, gap=-0.1382, value_loss_o=0.0807, policy_loss_o=1.3914, value_error_vs_solver=0.4812 (X=0.5503, O=0.4122), elapsed=3.8s
iter  167/300: games={'X': 20, 'O': 0, 'draw': 0}, buffer_x=8000, buffer_o=8000, x_frozen=False, gap=-0.2605, value_loss_o=0.0801, policy_loss_o=1.3972, value_error_vs_solver=0.4921 (X=0.6224, O=0.3618), elapsed=5.5s
iter  168/300: games={'X': 19, 'O': 0, 'draw': 1}, buffer_x=8000, buffer_o=8000, x_frozen=False, gap=-0.1469, value_loss_o=0.0795, policy_loss_o=1.4021, value_error_vs_solver=0.4776 (X=0.5510, O=0.4042), elapsed=4.8s
iter  169/300: games={'X': 18, 'O': 0, 'draw': 2}, buffer_x=8000, buffer_o=8000, x_frozen=False, gap=-0.1277, value_loss_o=0.0782, policy_loss_o=1.4060, value_error_vs_solver=0.4586 (X=0.5224, O=0.3948), elapsed=5.2s
iter  170/300: games={'X': 20, 'O': 0, 'draw': 0}, buffer_x=8000, buffer_o=8000, x_frozen=False, gap=-0.0350, value_loss_o=0.0777, policy_loss_o=1.4093, value_error_vs_solver=0.4752 (X=0.4927, O=0.4577), elapsed=4.1s
iter  171/300: games={'X': 19, 'O': 0, 'draw': 1}, buffer_x=8000, buffer_o=8000, x_frozen=False, gap=-0.1404, value_loss_o=0.0770, policy_loss_o=1.4130, value_error_vs_solver=0.4414 (X=0.5116, O=0.3712), elapsed=5.3s
iter  172/300: games={'X': 20, 'O': 0, 'draw': 0}, buffer_x=8000, buffer_o=8000, x_frozen=False, gap=-0.0818, value_loss_o=0.0751, policy_loss_o=1.4151, value_error_vs_solver=0.4471 (X=0.4880, O=0.4062), elapsed=4.1s
iter  173/300: games={'X': 19, 'O': 0, 'draw': 1}, buffer_x=8000, buffer_o=8000, x_frozen=False, gap=-0.1079, value_loss_o=0.0739, policy_loss_o=1.4202, value_error_vs_solver=0.4170 (X=0.4710, O=0.3630), elapsed=5.2s
iter  174/300: games={'X': 20, 'O': 0, 'draw': 0}, buffer_x=8000, buffer_o=8000, x_frozen=False, gap=-0.0336, value_loss_o=0.0734, policy_loss_o=1.4264, value_error_vs_solver=0.5001 (X=0.5169, O=0.4833), elapsed=4.3s
iter  175/300: games={'X': 19, 'O': 0, 'draw': 1}, buffer_x=8000, buffer_o=8000, x_frozen=False, gap=-0.0972, value_loss_o=0.0694, policy_loss_o=1.4276, value_error_vs_solver=0.4621 (X=0.5107, O=0.4135), elapsed=5.1s
iter  176/300: games={'X': 19, 'O': 1, 'draw': 0}, buffer_x=8000, buffer_o=8000, x_frozen=False, gap=-0.1523, value_loss_o=0.0681, policy_loss_o=1.4337, value_error_vs_solver=0.5123 (X=0.5885, O=0.4362), elapsed=4.5s
iter  177/300: games={'X': 19, 'O': 0, 'draw': 1}, buffer_x=8000, buffer_o=8000, x_frozen=False, gap=-0.0706, value_loss_o=0.0660, policy_loss_o=1.4356, value_error_vs_solver=0.4470 (X=0.4823, O=0.4117), elapsed=6.3s
iter  178/300: games={'X': 17, 'O': 1, 'draw': 2}, buffer_x=8000, buffer_o=8000, x_frozen=False, gap=-0.0378, value_loss_o=0.0668, policy_loss_o=1.4367, value_error_vs_solver=0.4776 (X=0.4965, O=0.4587), elapsed=6.2s
iter  179/300: games={'X': 17, 'O': 0, 'draw': 3}, buffer_x=8000, buffer_o=8000, x_frozen=False, gap=0.0291, value_loss_o=0.0631, policy_loss_o=1.4325, value_error_vs_solver=0.4219 (X=0.4074, O=0.4365), elapsed=6.2s
iter  180/300: games={'X': 18, 'O': 1, 'draw': 1}, buffer_x=8000, buffer_o=8000, x_frozen=False, gap=-0.0651, value_loss_o=0.0637, policy_loss_o=1.4330, value_error_vs_solver=0.4914 (X=0.5240, O=0.4589), elapsed=4.7s
iter  181/300: games={'X': 19, 'O': 0, 'draw': 1}, buffer_x=8000, buffer_o=8000, x_frozen=False, gap=-0.0049, value_loss_o=0.0647, policy_loss_o=1.4322, value_error_vs_solver=0.4348 (X=0.4373, O=0.4323), elapsed=5.5s
iter  182/300: games={'X': 18, 'O': 1, 'draw': 1}, buffer_x=8000, buffer_o=8000, x_frozen=False, gap=-0.0570, value_loss_o=0.0645, policy_loss_o=1.4303, value_error_vs_solver=0.4419 (X=0.4704, O=0.4134), elapsed=5.9s
iter  183/300: games={'X': 20, 'O': 0, 'draw': 0}, buffer_x=8000, buffer_o=8000, x_frozen=False, gap=-0.1229, value_loss_o=0.0650, policy_loss_o=1.4335, value_error_vs_solver=0.4538 (X=0.5152, O=0.3924), elapsed=4.4s
iter  184/300: games={'X': 20, 'O': 0, 'draw': 0}, buffer_x=8000, buffer_o=8000, x_frozen=False, gap=-0.0677, value_loss_o=0.0640, policy_loss_o=1.4346, value_error_vs_solver=0.4130 (X=0.4469, O=0.3791), elapsed=4.7s
iter  185/300: games={'X': 20, 'O': 0, 'draw': 0}, buffer_x=8000, buffer_o=8000, x_frozen=False, gap=-0.1390, value_loss_o=0.0636, policy_loss_o=1.4367, value_error_vs_solver=0.4265 (X=0.4960, O=0.3570), elapsed=4.7s
iter  186/300: games={'X': 17, 'O': 1, 'draw': 2}, buffer_x=8000, buffer_o=8000, x_frozen=False, gap=-0.1237, value_loss_o=0.0625, policy_loss_o=1.4356, value_error_vs_solver=0.4567 (X=0.5186, O=0.3949), elapsed=6.4s
iter  187/300: games={'X': 18, 'O': 1, 'draw': 1}, buffer_x=8000, buffer_o=8000, x_frozen=False, gap=-0.0670, value_loss_o=0.0619, policy_loss_o=1.4351, value_error_vs_solver=0.4607 (X=0.4942, O=0.4272), elapsed=5.1s
iter  188/300: games={'X': 20, 'O': 0, 'draw': 0}, buffer_x=8000, buffer_o=8000, x_frozen=False, gap=-0.1728, value_loss_o=0.0612, policy_loss_o=1.4377, value_error_vs_solver=0.4356 (X=0.5220, O=0.3491), elapsed=5.0s
iter  189/300: games={'X': 20, 'O': 0, 'draw': 0}, buffer_x=8000, buffer_o=8000, x_frozen=False, gap=-0.1085, value_loss_o=0.0603, policy_loss_o=1.4393, value_error_vs_solver=0.4398 (X=0.4941, O=0.3855), elapsed=4.4s
iter  190/300: games={'X': 19, 'O': 0, 'draw': 1}, buffer_x=8000, buffer_o=8000, x_frozen=False, gap=-0.0711, value_loss_o=0.0602, policy_loss_o=1.4391, value_error_vs_solver=0.4749 (X=0.5105, O=0.4394), elapsed=5.3s
iter  191/300: games={'X': 19, 'O': 0, 'draw': 1}, buffer_x=8000, buffer_o=8000, x_frozen=False, gap=-0.1029, value_loss_o=0.0588, policy_loss_o=1.4417, value_error_vs_solver=0.4758 (X=0.5273, O=0.4243), elapsed=5.7s
iter  192/300: games={'X': 19, 'O': 0, 'draw': 1}, buffer_x=8000, buffer_o=8000, x_frozen=False, gap=-0.0692, value_loss_o=0.0584, policy_loss_o=1.4417, value_error_vs_solver=0.4552 (X=0.4898, O=0.4206), elapsed=5.2s
iter  193/300: games={'X': 20, 'O': 0, 'draw': 0}, buffer_x=8000, buffer_o=8000, x_frozen=False, gap=-0.1051, value_loss_o=0.0582, policy_loss_o=1.4433, value_error_vs_solver=0.5079 (X=0.5604, O=0.4553), elapsed=4.8s
iter  194/300: games={'X': 20, 'O': 0, 'draw': 0}, buffer_x=8000, buffer_o=8000, x_frozen=False, gap=-0.2681, value_loss_o=0.0580, policy_loss_o=1.4465, value_error_vs_solver=0.4878 (X=0.6218, O=0.3538), elapsed=5.3s
iter  195/300: games={'X': 18, 'O': 0, 'draw': 2}, buffer_x=8000, buffer_o=8000, x_frozen=False, gap=-0.0591, value_loss_o=0.0578, policy_loss_o=1.4449, value_error_vs_solver=0.4641 (X=0.4937, O=0.4346), elapsed=5.6s
iter  196/300: games={'X': 19, 'O': 0, 'draw': 1}, buffer_x=8000, buffer_o=8000, x_frozen=False, gap=-0.1101, value_loss_o=0.0572, policy_loss_o=1.4451, value_error_vs_solver=0.4584 (X=0.5134, O=0.4033), elapsed=5.4s
iter  197/300: games={'X': 18, 'O': 0, 'draw': 2}, buffer_x=8000, buffer_o=8000, x_frozen=False, gap=-0.1003, value_loss_o=0.0565, policy_loss_o=1.4447, value_error_vs_solver=0.5189 (X=0.5690, O=0.4687), elapsed=5.8s
iter  198/300: games={'X': 19, 'O': 1, 'draw': 0}, buffer_x=8000, buffer_o=8000, x_frozen=False, gap=-0.1117, value_loss_o=0.0572, policy_loss_o=1.4445, value_error_vs_solver=0.4235 (X=0.4794, O=0.3677), elapsed=5.1s
iter  199/300: games={'X': 20, 'O': 0, 'draw': 0}, buffer_x=8000, buffer_o=8000, x_frozen=False, gap=-0.1344, value_loss_o=0.0562, policy_loss_o=1.4466, value_error_vs_solver=0.4195 (X=0.4867, O=0.3523), elapsed=4.6s
iter  200/300: games={'X': 20, 'O': 0, 'draw': 0}, buffer_x=8000, buffer_o=8000, x_frozen=False, gap=-0.1931, value_loss_o=0.0564, policy_loss_o=1.4466, value_error_vs_solver=0.4647 (X=0.5612, O=0.3681), elapsed=4.9s
iter  201/300: games={'X': 20, 'O': 0, 'draw': 0}, buffer_x=8000, buffer_o=8000, x_frozen=False, gap=-0.1357, value_loss_o=0.0563, policy_loss_o=1.4499, value_error_vs_solver=0.4466 (X=0.5145, O=0.3787), elapsed=5.0s
iter  202/300: games={'X': 20, 'O': 0, 'draw': 0}, buffer_x=8000, buffer_o=8000, x_frozen=False, gap=-0.0696, value_loss_o=0.0539, policy_loss_o=1.4520, value_error_vs_solver=0.4933 (X=0.5281, O=0.4585), elapsed=5.2s
iter  203/300: games={'X': 20, 'O': 0, 'draw': 0}, buffer_x=8000, buffer_o=8000, x_frozen=False, gap=-0.0657, value_loss_o=0.0541, policy_loss_o=1.4564, value_error_vs_solver=0.3960 (X=0.4289, O=0.3632), elapsed=4.7s
iter  204/300: games={'X': 18, 'O': 1, 'draw': 1}, buffer_x=8000, buffer_o=8000, x_frozen=False, gap=-0.1144, value_loss_o=0.0517, policy_loss_o=1.4589, value_error_vs_solver=0.5064 (X=0.5636, O=0.4492), elapsed=5.4s
iter  205/300: games={'X': 19, 'O': 0, 'draw': 1}, buffer_x=8000, buffer_o=8000, x_frozen=False, gap=-0.0963, value_loss_o=0.0512, policy_loss_o=1.4567, value_error_vs_solver=0.4463 (X=0.4944, O=0.3981), elapsed=5.4s
iter  206/300: games={'X': 20, 'O': 0, 'draw': 0}, buffer_x=8000, buffer_o=8000, x_frozen=False, gap=-0.0558, value_loss_o=0.0493, policy_loss_o=1.4573, value_error_vs_solver=0.4509 (X=0.4788, O=0.4230), elapsed=5.2s
iter  207/300: games={'X': 18, 'O': 1, 'draw': 1}, buffer_x=8000, buffer_o=8000, x_frozen=False, gap=-0.0585, value_loss_o=0.0493, policy_loss_o=1.4574, value_error_vs_solver=0.4630 (X=0.4923, O=0.4338), elapsed=5.3s
iter  208/300: games={'X': 20, 'O': 0, 'draw': 0}, buffer_x=8000, buffer_o=8000, x_frozen=False, gap=-0.0026, value_loss_o=0.0484, policy_loss_o=1.4605, value_error_vs_solver=0.4882 (X=0.4895, O=0.4869), elapsed=4.4s
iter  209/300: games={'X': 20, 'O': 0, 'draw': 0}, buffer_x=8000, buffer_o=8000, x_frozen=False, gap=-0.1318, value_loss_o=0.0477, policy_loss_o=1.4644, value_error_vs_solver=0.5323 (X=0.5982, O=0.4664), elapsed=4.8s
iter  210/300: games={'X': 18, 'O': 1, 'draw': 1}, buffer_x=8000, buffer_o=8000, x_frozen=False, gap=-0.1034, value_loss_o=0.0482, policy_loss_o=1.4634, value_error_vs_solver=0.4766 (X=0.5283, O=0.4249), elapsed=5.1s
iter  211/300: games={'X': 19, 'O': 0, 'draw': 1}, buffer_x=8000, buffer_o=8000, x_frozen=False, gap=-0.0457, value_loss_o=0.0483, policy_loss_o=1.4624, value_error_vs_solver=0.4832 (X=0.5061, O=0.4604), elapsed=5.1s
iter  212/300: games={'X': 19, 'O': 0, 'draw': 1}, buffer_x=8000, buffer_o=8000, x_frozen=False, gap=-0.1974, value_loss_o=0.0487, policy_loss_o=1.4605, value_error_vs_solver=0.4917 (X=0.5904, O=0.3930), elapsed=5.3s
iter  213/300: games={'X': 19, 'O': 1, 'draw': 0}, buffer_x=8000, buffer_o=8000, x_frozen=False, gap=-0.2101, value_loss_o=0.0474, policy_loss_o=1.4644, value_error_vs_solver=0.4641 (X=0.5691, O=0.3591), elapsed=4.6s
iter  214/300: games={'X': 20, 'O': 0, 'draw': 0}, buffer_x=8000, buffer_o=8000, x_frozen=False, gap=-0.1654, value_loss_o=0.0477, policy_loss_o=1.4667, value_error_vs_solver=0.4075 (X=0.4902, O=0.3248), elapsed=5.0s
iter  215/300: games={'X': 18, 'O': 0, 'draw': 2}, buffer_x=8000, buffer_o=8000, x_frozen=False, gap=-0.1232, value_loss_o=0.0474, policy_loss_o=1.4641, value_error_vs_solver=0.4308 (X=0.4924, O=0.3692), elapsed=5.8s
iter  216/300: games={'X': 18, 'O': 0, 'draw': 2}, buffer_x=8000, buffer_o=8000, x_frozen=False, gap=-0.0217, value_loss_o=0.0475, policy_loss_o=1.4621, value_error_vs_solver=0.4597 (X=0.4706, O=0.4489), elapsed=7.4s
iter  217/300: games={'X': 19, 'O': 0, 'draw': 1}, buffer_x=8000, buffer_o=8000, x_frozen=False, gap=-0.0915, value_loss_o=0.0468, policy_loss_o=1.4617, value_error_vs_solver=0.4650 (X=0.5108, O=0.4193), elapsed=10.8s
iter  218/300: games={'X': 19, 'O': 0, 'draw': 1}, buffer_x=8000, buffer_o=8000, x_frozen=False, gap=-0.1304, value_loss_o=0.0469, policy_loss_o=1.4604, value_error_vs_solver=0.4645 (X=0.5298, O=0.3993), elapsed=6.2s
iter  219/300: games={'X': 20, 'O': 0, 'draw': 0}, buffer_x=8000, buffer_o=8000, x_frozen=False, gap=-0.1757, value_loss_o=0.0458, policy_loss_o=1.4647, value_error_vs_solver=0.4431 (X=0.5310, O=0.3552), elapsed=5.6s
iter  220/300: games={'X': 19, 'O': 0, 'draw': 1}, buffer_x=8000, buffer_o=8000, x_frozen=False, gap=-0.1189, value_loss_o=0.0437, policy_loss_o=1.4631, value_error_vs_solver=0.4745 (X=0.5340, O=0.4151), elapsed=6.2s
iter  221/300: games={'X': 20, 'O': 0, 'draw': 0}, buffer_x=8000, buffer_o=8000, x_frozen=False, gap=-0.1236, value_loss_o=0.0437, policy_loss_o=1.4661, value_error_vs_solver=0.5083 (X=0.5701, O=0.4465), elapsed=5.2s
iter  222/300: games={'X': 19, 'O': 0, 'draw': 1}, buffer_x=8000, buffer_o=8000, x_frozen=False, gap=-0.1678, value_loss_o=0.0434, policy_loss_o=1.4665, value_error_vs_solver=0.5392 (X=0.6230, O=0.4553), elapsed=5.6s
iter  223/300: games={'X': 20, 'O': 0, 'draw': 0}, buffer_x=8000, buffer_o=8000, x_frozen=False, gap=-0.1157, value_loss_o=0.0435, policy_loss_o=1.4666, value_error_vs_solver=0.4957 (X=0.5536, O=0.4379), elapsed=4.2s
iter  224/300: games={'X': 19, 'O': 1, 'draw': 0}, buffer_x=8000, buffer_o=8000, x_frozen=True, gap=0.0641, value_loss_o=0.0437, policy_loss_o=1.4684, value_error_vs_solver=0.4293 (X=0.3973, O=0.4614), elapsed=4.2s
iter  225/300: games={'X': 19, 'O': 1, 'draw': 0}, buffer_x=8000, buffer_o=8000, x_frozen=False, gap=-0.0689, value_loss_o=0.0435, policy_loss_o=1.4691, value_error_vs_solver=0.4265 (X=0.4609, O=0.3921), elapsed=4.8s
iter  226/300: games={'X': 20, 'O': 0, 'draw': 0}, buffer_x=8000, buffer_o=8000, x_frozen=False, gap=-0.1717, value_loss_o=0.0428, policy_loss_o=1.4721, value_error_vs_solver=0.4802 (X=0.5660, O=0.3944), elapsed=4.1s
iter  227/300: games={'X': 18, 'O': 1, 'draw': 1}, buffer_x=8000, buffer_o=8000, x_frozen=False, gap=-0.2278, value_loss_o=0.0420, policy_loss_o=1.4690, value_error_vs_solver=0.5204 (X=0.6343, O=0.4065), elapsed=6.0s
iter  228/300: games={'X': 19, 'O': 0, 'draw': 1}, buffer_x=8000, buffer_o=8000, x_frozen=False, gap=-0.0459, value_loss_o=0.0413, policy_loss_o=1.4684, value_error_vs_solver=0.4363 (X=0.4593, O=0.4134), elapsed=4.9s
iter  229/300: games={'X': 20, 'O': 0, 'draw': 0}, buffer_x=8000, buffer_o=8000, x_frozen=False, gap=-0.0982, value_loss_o=0.0415, policy_loss_o=1.4707, value_error_vs_solver=0.4773 (X=0.5264, O=0.4282), elapsed=4.5s
iter  230/300: games={'X': 20, 'O': 0, 'draw': 0}, buffer_x=8000, buffer_o=8000, x_frozen=False, gap=-0.0176, value_loss_o=0.0408, policy_loss_o=1.4732, value_error_vs_solver=0.4578 (X=0.4666, O=0.4490), elapsed=3.8s
iter  231/300: games={'X': 19, 'O': 1, 'draw': 0}, buffer_x=8000, buffer_o=8000, x_frozen=False, gap=-0.0840, value_loss_o=0.0416, policy_loss_o=1.4757, value_error_vs_solver=0.4869 (X=0.5289, O=0.4449), elapsed=5.6s
iter  232/300: games={'X': 19, 'O': 1, 'draw': 0}, buffer_x=8000, buffer_o=8000, x_frozen=False, gap=-0.1907, value_loss_o=0.0410, policy_loss_o=1.4792, value_error_vs_solver=0.4826 (X=0.5779, O=0.3872), elapsed=4.7s
iter  233/300: games={'X': 18, 'O': 0, 'draw': 2}, buffer_x=8000, buffer_o=8000, x_frozen=False, gap=-0.1396, value_loss_o=0.0414, policy_loss_o=1.4788, value_error_vs_solver=0.5673 (X=0.6372, O=0.4975), elapsed=5.5s
iter  234/300: games={'X': 18, 'O': 2, 'draw': 0}, buffer_x=8000, buffer_o=8000, x_frozen=False, gap=-0.1509, value_loss_o=0.0422, policy_loss_o=1.4773, value_error_vs_solver=0.5231 (X=0.5986, O=0.4477), elapsed=5.2s
iter  235/300: games={'X': 19, 'O': 1, 'draw': 0}, buffer_x=8000, buffer_o=8000, x_frozen=False, gap=-0.1680, value_loss_o=0.0428, policy_loss_o=1.4791, value_error_vs_solver=0.4672 (X=0.5512, O=0.3832), elapsed=5.1s
iter  236/300: games={'X': 19, 'O': 0, 'draw': 1}, buffer_x=8000, buffer_o=8000, x_frozen=False, gap=-0.1084, value_loss_o=0.0425, policy_loss_o=1.4775, value_error_vs_solver=0.5198 (X=0.5740, O=0.4656), elapsed=5.2s
iter  237/300: games={'X': 18, 'O': 1, 'draw': 1}, buffer_x=8000, buffer_o=8000, x_frozen=False, gap=-0.1551, value_loss_o=0.0430, policy_loss_o=1.4774, value_error_vs_solver=0.4479 (X=0.5254, O=0.3703), elapsed=5.5s
iter  238/300: games={'X': 20, 'O': 0, 'draw': 0}, buffer_x=8000, buffer_o=8000, x_frozen=False, gap=-0.1473, value_loss_o=0.0427, policy_loss_o=1.4789, value_error_vs_solver=0.4822 (X=0.5559, O=0.4085), elapsed=4.7s
iter  239/300: games={'X': 19, 'O': 0, 'draw': 1}, buffer_x=8000, buffer_o=8000, x_frozen=False, gap=-0.0647, value_loss_o=0.0427, policy_loss_o=1.4794, value_error_vs_solver=0.4841 (X=0.5165, O=0.4518), elapsed=5.9s
iter  240/300: games={'X': 20, 'O': 0, 'draw': 0}, buffer_x=8000, buffer_o=8000, x_frozen=False, gap=-0.0206, value_loss_o=0.0425, policy_loss_o=1.4804, value_error_vs_solver=0.4229 (X=0.4332, O=0.4126), elapsed=5.2s
iter  241/300: games={'X': 20, 'O': 0, 'draw': 0}, buffer_x=8000, buffer_o=8000, x_frozen=False, gap=-0.0236, value_loss_o=0.0426, policy_loss_o=1.4818, value_error_vs_solver=0.5066 (X=0.5184, O=0.4948), elapsed=5.0s
iter  242/300: games={'X': 19, 'O': 1, 'draw': 0}, buffer_x=8000, buffer_o=8000, x_frozen=False, gap=-0.1584, value_loss_o=0.0439, policy_loss_o=1.4826, value_error_vs_solver=0.4598 (X=0.5390, O=0.3806), elapsed=4.4s
iter  243/300: games={'X': 20, 'O': 0, 'draw': 0}, buffer_x=8000, buffer_o=8000, x_frozen=False, gap=-0.0957, value_loss_o=0.0443, policy_loss_o=1.4840, value_error_vs_solver=0.4575 (X=0.5054, O=0.4097), elapsed=5.3s
iter  244/300: games={'X': 19, 'O': 1, 'draw': 0}, buffer_x=8000, buffer_o=8000, x_frozen=False, gap=-0.0723, value_loss_o=0.0439, policy_loss_o=1.4832, value_error_vs_solver=0.4404 (X=0.4765, O=0.4042), elapsed=4.5s
iter  245/300: games={'X': 20, 'O': 0, 'draw': 0}, buffer_x=8000, buffer_o=8000, x_frozen=False, gap=-0.0882, value_loss_o=0.0444, policy_loss_o=1.4822, value_error_vs_solver=0.5078 (X=0.5519, O=0.4637), elapsed=5.2s
iter  246/300: games={'X': 18, 'O': 2, 'draw': 0}, buffer_x=8000, buffer_o=8000, x_frozen=False, gap=-0.1284, value_loss_o=0.0443, policy_loss_o=1.4827, value_error_vs_solver=0.4801 (X=0.5443, O=0.4160), elapsed=5.0s
iter  247/300: games={'X': 20, 'O': 0, 'draw': 0}, buffer_x=8000, buffer_o=8000, x_frozen=False, gap=-0.1807, value_loss_o=0.0423, policy_loss_o=1.4816, value_error_vs_solver=0.4457 (X=0.5360, O=0.3554), elapsed=5.8s
iter  248/300: games={'X': 18, 'O': 1, 'draw': 1}, buffer_x=8000, buffer_o=8000, x_frozen=False, gap=-0.2361, value_loss_o=0.0432, policy_loss_o=1.4810, value_error_vs_solver=0.5167 (X=0.6347, O=0.3986), elapsed=5.5s
iter  249/300: games={'X': 19, 'O': 0, 'draw': 1}, buffer_x=8000, buffer_o=8000, x_frozen=False, gap=-0.1098, value_loss_o=0.0429, policy_loss_o=1.4814, value_error_vs_solver=0.4457 (X=0.5006, O=0.3908), elapsed=5.4s
iter  250/300: games={'X': 19, 'O': 1, 'draw': 0}, buffer_x=8000, buffer_o=8000, x_frozen=False, gap=-0.1427, value_loss_o=0.0437, policy_loss_o=1.4813, value_error_vs_solver=0.5277 (X=0.5991, O=0.4564), elapsed=5.2s
iter  251/300: games={'X': 17, 'O': 0, 'draw': 3}, buffer_x=8000, buffer_o=8000, x_frozen=False, gap=-0.0193, value_loss_o=0.0447, policy_loss_o=1.4782, value_error_vs_solver=0.4931 (X=0.5028, O=0.4835), elapsed=6.4s
iter  252/300: games={'X': 19, 'O': 0, 'draw': 1}, buffer_x=8000, buffer_o=8000, x_frozen=False, gap=-0.1684, value_loss_o=0.0430, policy_loss_o=1.4814, value_error_vs_solver=0.4702 (X=0.5545, O=0.3860), elapsed=6.2s
iter  253/300: games={'X': 19, 'O': 0, 'draw': 1}, buffer_x=8000, buffer_o=8000, x_frozen=False, gap=-0.0833, value_loss_o=0.0419, policy_loss_o=1.4804, value_error_vs_solver=0.4469 (X=0.4886, O=0.4053), elapsed=4.4s
iter  254/300: games={'X': 20, 'O': 0, 'draw': 0}, buffer_x=8000, buffer_o=8000, x_frozen=False, gap=-0.1196, value_loss_o=0.0421, policy_loss_o=1.4811, value_error_vs_solver=0.4628 (X=0.5226, O=0.4030), elapsed=4.4s
iter  255/300: games={'X': 19, 'O': 1, 'draw': 0}, buffer_x=8000, buffer_o=8000, x_frozen=False, gap=-0.1373, value_loss_o=0.0432, policy_loss_o=1.4810, value_error_vs_solver=0.4449 (X=0.5136, O=0.3763), elapsed=4.1s
iter  256/300: games={'X': 17, 'O': 0, 'draw': 3}, buffer_x=8000, buffer_o=8000, x_frozen=False, gap=-0.1149, value_loss_o=0.0432, policy_loss_o=1.4771, value_error_vs_solver=0.5374 (X=0.5948, O=0.4800), elapsed=5.7s
iter  257/300: games={'X': 19, 'O': 1, 'draw': 0}, buffer_x=8000, buffer_o=8000, x_frozen=False, gap=-0.1649, value_loss_o=0.0447, policy_loss_o=1.4771, value_error_vs_solver=0.4820 (X=0.5644, O=0.3996), elapsed=4.3s
iter  258/300: games={'X': 19, 'O': 1, 'draw': 0}, buffer_x=8000, buffer_o=8000, x_frozen=False, gap=-0.0782, value_loss_o=0.0450, policy_loss_o=1.4773, value_error_vs_solver=0.4619 (X=0.5010, O=0.4228), elapsed=4.0s
iter  259/300: games={'X': 16, 'O': 3, 'draw': 1}, buffer_x=8000, buffer_o=8000, x_frozen=False, gap=-0.1429, value_loss_o=0.0470, policy_loss_o=1.4746, value_error_vs_solver=0.4767 (X=0.5481, O=0.4052), elapsed=4.8s
iter  260/300: games={'X': 19, 'O': 1, 'draw': 0}, buffer_x=8000, buffer_o=8000, x_frozen=False, gap=-0.1784, value_loss_o=0.0467, policy_loss_o=1.4728, value_error_vs_solver=0.4495 (X=0.5387, O=0.3603), elapsed=4.3s
iter  261/300: games={'X': 19, 'O': 0, 'draw': 1}, buffer_x=8000, buffer_o=8000, x_frozen=False, gap=-0.0945, value_loss_o=0.0464, policy_loss_o=1.4726, value_error_vs_solver=0.4567 (X=0.5040, O=0.4094), elapsed=4.7s
iter  262/300: games={'X': 20, 'O': 0, 'draw': 0}, buffer_x=8000, buffer_o=8000, x_frozen=False, gap=-0.1072, value_loss_o=0.0463, policy_loss_o=1.4732, value_error_vs_solver=0.4968 (X=0.5504, O=0.4432), elapsed=4.7s
iter  263/300: games={'X': 19, 'O': 0, 'draw': 1}, buffer_x=8000, buffer_o=8000, x_frozen=False, gap=-0.0875, value_loss_o=0.0460, policy_loss_o=1.4721, value_error_vs_solver=0.4422 (X=0.4859, O=0.3984), elapsed=5.1s
iter  264/300: games={'X': 17, 'O': 1, 'draw': 2}, buffer_x=8000, buffer_o=8000, x_frozen=False, gap=-0.0565, value_loss_o=0.0456, policy_loss_o=1.4728, value_error_vs_solver=0.4898 (X=0.5181, O=0.4616), elapsed=5.5s
iter  265/300: games={'X': 20, 'O': 0, 'draw': 0}, buffer_x=8000, buffer_o=8000, x_frozen=False, gap=-0.1603, value_loss_o=0.0461, policy_loss_o=1.4735, value_error_vs_solver=0.4203 (X=0.5005, O=0.3402), elapsed=5.0s
iter  266/300: games={'X': 19, 'O': 0, 'draw': 1}, buffer_x=8000, buffer_o=8000, x_frozen=False, gap=-0.1191, value_loss_o=0.0458, policy_loss_o=1.4725, value_error_vs_solver=0.4827 (X=0.5423, O=0.4232), elapsed=4.7s
iter  267/300: games={'X': 20, 'O': 0, 'draw': 0}, buffer_x=8000, buffer_o=8000, x_frozen=False, gap=-0.0419, value_loss_o=0.0460, policy_loss_o=1.4722, value_error_vs_solver=0.4160 (X=0.4369, O=0.3950), elapsed=4.4s
iter  268/300: games={'X': 20, 'O': 0, 'draw': 0}, buffer_x=8000, buffer_o=8000, x_frozen=False, gap=-0.2006, value_loss_o=0.0460, policy_loss_o=1.4729, value_error_vs_solver=0.4981 (X=0.5984, O=0.3978), elapsed=4.4s
iter  269/300: games={'X': 20, 'O': 0, 'draw': 0}, buffer_x=8000, buffer_o=8000, x_frozen=False, gap=-0.2942, value_loss_o=0.0454, policy_loss_o=1.4758, value_error_vs_solver=0.4795 (X=0.6266, O=0.3324), elapsed=4.8s
iter  270/300: games={'X': 18, 'O': 0, 'draw': 2}, buffer_x=8000, buffer_o=8000, x_frozen=False, gap=-0.0919, value_loss_o=0.0456, policy_loss_o=1.4722, value_error_vs_solver=0.4269 (X=0.4728, O=0.3810), elapsed=6.0s
iter  271/300: games={'X': 20, 'O': 0, 'draw': 0}, buffer_x=8000, buffer_o=8000, x_frozen=False, gap=-0.1908, value_loss_o=0.0451, policy_loss_o=1.4721, value_error_vs_solver=0.5206 (X=0.6160, O=0.4252), elapsed=5.0s
iter  272/300: games={'X': 18, 'O': 1, 'draw': 1}, buffer_x=8000, buffer_o=8000, x_frozen=False, gap=-0.0649, value_loss_o=0.0472, policy_loss_o=1.4726, value_error_vs_solver=0.4634 (X=0.4959, O=0.4310), elapsed=5.9s
iter  273/300: games={'X': 18, 'O': 1, 'draw': 1}, buffer_x=8000, buffer_o=8000, x_frozen=False, gap=-0.2038, value_loss_o=0.0471, policy_loss_o=1.4731, value_error_vs_solver=0.4910 (X=0.5929, O=0.3891), elapsed=5.3s
iter  274/300: games={'X': 18, 'O': 1, 'draw': 1}, buffer_x=8000, buffer_o=8000, x_frozen=False, gap=-0.2050, value_loss_o=0.0464, policy_loss_o=1.4697, value_error_vs_solver=0.5030 (X=0.6055, O=0.4005), elapsed=5.9s
iter  275/300: games={'X': 17, 'O': 2, 'draw': 1}, buffer_x=8000, buffer_o=8000, x_frozen=False, gap=-0.1165, value_loss_o=0.0479, policy_loss_o=1.4687, value_error_vs_solver=0.5037 (X=0.5619, O=0.4454), elapsed=5.7s
iter  276/300: games={'X': 20, 'O': 0, 'draw': 0}, buffer_x=8000, buffer_o=8000, x_frozen=False, gap=-0.1467, value_loss_o=0.0470, policy_loss_o=1.4701, value_error_vs_solver=0.5069 (X=0.5803, O=0.4336), elapsed=5.6s
iter  277/300: games={'X': 19, 'O': 0, 'draw': 1}, buffer_x=8000, buffer_o=8000, x_frozen=False, gap=-0.1476, value_loss_o=0.0463, policy_loss_o=1.4687, value_error_vs_solver=0.5232 (X=0.5969, O=0.4494), elapsed=5.0s
iter  278/300: games={'X': 18, 'O': 0, 'draw': 2}, buffer_x=8000, buffer_o=8000, x_frozen=False, gap=-0.0261, value_loss_o=0.0465, policy_loss_o=1.4646, value_error_vs_solver=0.4489 (X=0.4620, O=0.4358), elapsed=7.3s
iter  279/300: games={'X': 20, 'O': 0, 'draw': 0}, buffer_x=8000, buffer_o=8000, x_frozen=False, gap=-0.1063, value_loss_o=0.0461, policy_loss_o=1.4657, value_error_vs_solver=0.5017 (X=0.5548, O=0.4485), elapsed=4.6s
iter  280/300: games={'X': 19, 'O': 0, 'draw': 1}, buffer_x=8000, buffer_o=8000, x_frozen=False, gap=-0.1210, value_loss_o=0.0464, policy_loss_o=1.4643, value_error_vs_solver=0.4858 (X=0.5463, O=0.4253), elapsed=5.1s
iter  281/300: games={'X': 19, 'O': 1, 'draw': 0}, buffer_x=8000, buffer_o=8000, x_frozen=False, gap=-0.1042, value_loss_o=0.0477, policy_loss_o=1.4671, value_error_vs_solver=0.4564 (X=0.5085, O=0.4043), elapsed=5.1s
iter  282/300: games={'X': 17, 'O': 0, 'draw': 3}, buffer_x=8000, buffer_o=8000, x_frozen=False, gap=-0.1181, value_loss_o=0.0474, policy_loss_o=1.4643, value_error_vs_solver=0.4909 (X=0.5499, O=0.4318), elapsed=5.6s
iter  283/300: games={'X': 20, 'O': 0, 'draw': 0}, buffer_x=8000, buffer_o=8000, x_frozen=False, gap=-0.1019, value_loss_o=0.0475, policy_loss_o=1.4639, value_error_vs_solver=0.4782 (X=0.5291, O=0.4272), elapsed=3.8s
iter  284/300: games={'X': 19, 'O': 1, 'draw': 0}, buffer_x=8000, buffer_o=8000, x_frozen=False, gap=-0.0982, value_loss_o=0.0478, policy_loss_o=1.4637, value_error_vs_solver=0.5088 (X=0.5579, O=0.4597), elapsed=4.3s
iter  285/300: games={'X': 17, 'O': 0, 'draw': 3}, buffer_x=8000, buffer_o=8000, x_frozen=False, gap=-0.1157, value_loss_o=0.0474, policy_loss_o=1.4591, value_error_vs_solver=0.4402 (X=0.4981, O=0.3824), elapsed=5.4s
iter  286/300: games={'X': 20, 'O': 0, 'draw': 0}, buffer_x=8000, buffer_o=8000, x_frozen=False, gap=-0.1812, value_loss_o=0.0472, policy_loss_o=1.4605, value_error_vs_solver=0.4250 (X=0.5156, O=0.3345), elapsed=4.3s
iter  287/300: games={'X': 19, 'O': 0, 'draw': 1}, buffer_x=8000, buffer_o=8000, x_frozen=False, gap=-0.0803, value_loss_o=0.0475, policy_loss_o=1.4603, value_error_vs_solver=0.4572 (X=0.4974, O=0.4170), elapsed=4.7s
iter  288/300: games={'X': 18, 'O': 1, 'draw': 1}, buffer_x=8000, buffer_o=8000, x_frozen=False, gap=-0.0404, value_loss_o=0.0470, policy_loss_o=1.4618, value_error_vs_solver=0.5290 (X=0.5492, O=0.5088), elapsed=4.7s
iter  289/300: games={'X': 17, 'O': 3, 'draw': 0}, buffer_x=8000, buffer_o=8000, x_frozen=False, gap=-0.0779, value_loss_o=0.0492, policy_loss_o=1.4620, value_error_vs_solver=0.4948 (X=0.5337, O=0.4558), elapsed=3.8s
iter  290/300: games={'X': 19, 'O': 1, 'draw': 0}, buffer_x=8000, buffer_o=8000, x_frozen=False, gap=-0.0440, value_loss_o=0.0487, policy_loss_o=1.4601, value_error_vs_solver=0.4927 (X=0.5147, O=0.4707), elapsed=3.7s
iter  291/300: games={'X': 19, 'O': 0, 'draw': 1}, buffer_x=8000, buffer_o=8000, x_frozen=False, gap=-0.2152, value_loss_o=0.0477, policy_loss_o=1.4590, value_error_vs_solver=0.4769 (X=0.5845, O=0.3693), elapsed=4.3s
iter  292/300: games={'X': 19, 'O': 1, 'draw': 0}, buffer_x=8000, buffer_o=8000, x_frozen=False, gap=-0.0421, value_loss_o=0.0489, policy_loss_o=1.4590, value_error_vs_solver=0.4719 (X=0.4930, O=0.4509), elapsed=3.8s
iter  293/300: games={'X': 19, 'O': 1, 'draw': 0}, buffer_x=8000, buffer_o=8000, x_frozen=False, gap=-0.1111, value_loss_o=0.0495, policy_loss_o=1.4590, value_error_vs_solver=0.4515 (X=0.5070, O=0.3960), elapsed=4.4s
iter  294/300: games={'X': 17, 'O': 0, 'draw': 3}, buffer_x=8000, buffer_o=8000, x_frozen=False, gap=-0.1050, value_loss_o=0.0495, policy_loss_o=1.4538, value_error_vs_solver=0.4570 (X=0.5095, O=0.4045), elapsed=5.6s
iter  295/300: games={'X': 19, 'O': 1, 'draw': 0}, buffer_x=8000, buffer_o=8000, x_frozen=False, gap=-0.1358, value_loss_o=0.0499, policy_loss_o=1.4545, value_error_vs_solver=0.5094 (X=0.5773, O=0.4415), elapsed=4.6s
iter  296/300: games={'X': 19, 'O': 0, 'draw': 1}, buffer_x=8000, buffer_o=8000, x_frozen=False, gap=-0.0613, value_loss_o=0.0500, policy_loss_o=1.4551, value_error_vs_solver=0.4678 (X=0.4984, O=0.4371), elapsed=4.8s
iter  297/300: games={'X': 19, 'O': 0, 'draw': 1}, buffer_x=8000, buffer_o=8000, x_frozen=False, gap=-0.1310, value_loss_o=0.0510, policy_loss_o=1.4555, value_error_vs_solver=0.4337 (X=0.4992, O=0.3683), elapsed=4.6s
iter  298/300: games={'X': 20, 'O': 0, 'draw': 0}, buffer_x=8000, buffer_o=8000, x_frozen=False, gap=-0.2238, value_loss_o=0.0508, policy_loss_o=1.4553, value_error_vs_solver=0.4992 (X=0.6111, O=0.3873), elapsed=4.6s
iter  299/300: games={'X': 18, 'O': 0, 'draw': 2}, buffer_x=8000, buffer_o=8000, x_frozen=False, gap=-0.1248, value_loss_o=0.0501, policy_loss_o=1.4546, value_error_vs_solver=0.4973 (X=0.5597, O=0.4349), elapsed=4.8s
iter  300/300: games={'X': 19, 'O': 0, 'draw': 1}, buffer_x=8000, buffer_o=8000, x_frozen=False, gap=-0.0636, value_loss_o=0.0490, policy_loss_o=1.4547, value_error_vs_solver=0.5178 (X=0.5496, O=0.4860), elapsed=5.2s
Done. Total time: 1594.2s. Saved to selfplay_trained_net_catchup_X.pkl and _O.pkl
