Loading solver states for value-error benchmarking...
iter    1/300: games={'X': 10, 'O': 9, 'draw': 1}, buffer=211, value_loss=0.9215, policy_loss=1.5754, value_error_vs_solver=0.7292, elapsed=6.1s
iter    2/300: games={'X': 12, 'O': 7, 'draw': 1}, buffer=402, value_loss=0.8633, policy_loss=1.6001, value_error_vs_solver=0.8488, elapsed=4.6s
iter    3/300: games={'X': 7, 'O': 6, 'draw': 7}, buffer=754, value_loss=0.6784, policy_loss=1.5550, value_error_vs_solver=0.7799, elapsed=8.9s
iter    4/300: games={'X': 5, 'O': 12, 'draw': 3}, buffer=980, value_loss=0.6518, policy_loss=1.5182, value_error_vs_solver=0.7318, elapsed=5.4s
iter    5/300: games={'X': 8, 'O': 7, 'draw': 5}, buffer=1226, value_loss=0.6313, policy_loss=1.4755, value_error_vs_solver=0.7735, elapsed=6.2s
iter    6/300: games={'X': 13, 'O': 6, 'draw': 1}, buffer=1433, value_loss=0.6361, policy_loss=1.4591, value_error_vs_solver=0.7214, elapsed=5.0s
iter    7/300: games={'X': 9, 'O': 8, 'draw': 3}, buffer=1643, value_loss=0.6195, policy_loss=1.4205, value_error_vs_solver=0.7054, elapsed=5.3s
iter    8/300: games={'X': 10, 'O': 6, 'draw': 4}, buffer=1899, value_loss=0.5942, policy_loss=1.3810, value_error_vs_solver=0.6952, elapsed=6.2s
iter    9/300: games={'X': 9, 'O': 6, 'draw': 5}, buffer=2127, value_loss=0.5548, policy_loss=1.3683, value_error_vs_solver=0.7252, elapsed=6.6s
iter   10/300: games={'X': 9, 'O': 2, 'draw': 9}, buffer=2408, value_loss=0.4793, policy_loss=1.3154, value_error_vs_solver=0.7042, elapsed=8.0s
iter   11/300: games={'X': 9, 'O': 4, 'draw': 7}, buffer=2659, value_loss=0.4694, policy_loss=1.2730, value_error_vs_solver=0.6486, elapsed=6.7s
iter   12/300: games={'X': 12, 'O': 7, 'draw': 1}, buffer=2814, value_loss=0.4564, policy_loss=1.2639, value_error_vs_solver=0.6424, elapsed=4.6s
iter   13/300: games={'X': 7, 'O': 4, 'draw': 9}, buffer=3101, value_loss=0.4393, policy_loss=1.1988, value_error_vs_solver=0.6713, elapsed=8.2s
iter   14/300: games={'X': 11, 'O': 5, 'draw': 4}, buffer=3306, value_loss=0.4236, policy_loss=1.1555, value_error_vs_solver=0.6587, elapsed=6.1s
iter   15/300: games={'X': 8, 'O': 4, 'draw': 8}, buffer=3566, value_loss=0.4136, policy_loss=1.1459, value_error_vs_solver=0.6707, elapsed=9.2s
iter   16/300: games={'X': 14, 'O': 3, 'draw': 3}, buffer=3736, value_loss=0.4077, policy_loss=1.1012, value_error_vs_solver=0.6355, elapsed=4.7s
iter   17/300: games={'X': 11, 'O': 6, 'draw': 3}, buffer=3937, value_loss=0.4200, policy_loss=1.0828, value_error_vs_solver=0.6415, elapsed=5.5s
iter   18/300: games={'X': 11, 'O': 3, 'draw': 6}, buffer=4144, value_loss=0.3969, policy_loss=1.0611, value_error_vs_solver=0.5925, elapsed=6.7s
iter   19/300: games={'X': 15, 'O': 0, 'draw': 5}, buffer=4371, value_loss=0.3884, policy_loss=1.0069, value_error_vs_solver=0.6208, elapsed=4.9s
iter   20/300: games={'X': 13, 'O': 0, 'draw': 7}, buffer=4620, value_loss=0.3708, policy_loss=0.9977, value_error_vs_solver=0.6146, elapsed=6.5s
iter   21/300: games={'X': 11, 'O': 1, 'draw': 8}, buffer=4909, value_loss=0.3481, policy_loss=0.9667, value_error_vs_solver=0.5776, elapsed=8.1s
iter   22/300: games={'X': 8, 'O': 3, 'draw': 9}, buffer=5149, value_loss=0.3427, policy_loss=0.9430, value_error_vs_solver=0.6286, elapsed=6.6s
iter   23/300: games={'X': 14, 'O': 3, 'draw': 3}, buffer=5329, value_loss=0.3359, policy_loss=0.9522, value_error_vs_solver=0.6422, elapsed=4.7s
iter   24/300: games={'X': 12, 'O': 2, 'draw': 6}, buffer=5562, value_loss=0.3345, policy_loss=0.9397, value_error_vs_solver=0.6356, elapsed=6.5s
iter   25/300: games={'X': 13, 'O': 2, 'draw': 5}, buffer=5815, value_loss=0.3301, policy_loss=0.9071, value_error_vs_solver=0.6163, elapsed=4.9s
iter   26/300: games={'X': 7, 'O': 1, 'draw': 12}, buffer=6101, value_loss=0.3240, policy_loss=0.8998, value_error_vs_solver=0.5694, elapsed=7.3s
iter   27/300: games={'X': 11, 'O': 1, 'draw': 8}, buffer=6348, value_loss=0.3191, policy_loss=0.8894, value_error_vs_solver=0.5682, elapsed=6.0s
iter   28/300: games={'X': 11, 'O': 3, 'draw': 6}, buffer=6577, value_loss=0.3042, policy_loss=0.8711, value_error_vs_solver=0.5530, elapsed=5.9s
iter   29/300: games={'X': 10, 'O': 2, 'draw': 8}, buffer=6840, value_loss=0.2960, policy_loss=0.8549, value_error_vs_solver=0.5836, elapsed=7.4s
iter   30/300: games={'X': 15, 'O': 2, 'draw': 3}, buffer=7026, value_loss=0.2982, policy_loss=0.8476, value_error_vs_solver=0.5721, elapsed=4.8s
iter   31/300: games={'X': 13, 'O': 0, 'draw': 7}, buffer=7244, value_loss=0.2864, policy_loss=0.8357, value_error_vs_solver=0.5803, elapsed=5.2s
iter   32/300: games={'X': 11, 'O': 3, 'draw': 6}, buffer=7479, value_loss=0.2803, policy_loss=0.8364, value_error_vs_solver=0.5925, elapsed=5.6s
iter   33/300: games={'X': 9, 'O': 2, 'draw': 9}, buffer=7730, value_loss=0.2888, policy_loss=0.8296, value_error_vs_solver=0.6128, elapsed=5.3s
iter   34/300: games={'X': 7, 'O': 3, 'draw': 10}, buffer=7984, value_loss=0.2828, policy_loss=0.8263, value_error_vs_solver=0.5811, elapsed=4.8s
iter   35/300: games={'X': 7, 'O': 3, 'draw': 10}, buffer=8000, value_loss=0.2627, policy_loss=0.7933, value_error_vs_solver=0.5562, elapsed=5.6s
iter   36/300: games={'X': 13, 'O': 0, 'draw': 7}, buffer=8000, value_loss=0.2536, policy_loss=0.7834, value_error_vs_solver=0.5461, elapsed=4.0s
iter   37/300: games={'X': 14, 'O': 2, 'draw': 4}, buffer=8000, value_loss=0.2467, policy_loss=0.7508, value_error_vs_solver=0.5274, elapsed=3.9s
iter   38/300: games={'X': 17, 'O': 1, 'draw': 2}, buffer=8000, value_loss=0.2411, policy_loss=0.7509, value_error_vs_solver=0.5240, elapsed=3.3s
iter   39/300: games={'X': 15, 'O': 0, 'draw': 5}, buffer=8000, value_loss=0.2320, policy_loss=0.7245, value_error_vs_solver=0.5316, elapsed=3.8s
iter   40/300: games={'X': 18, 'O': 0, 'draw': 2}, buffer=8000, value_loss=0.2266, policy_loss=0.7124, value_error_vs_solver=0.5416, elapsed=3.2s
iter   41/300: games={'X': 16, 'O': 0, 'draw': 4}, buffer=8000, value_loss=0.2098, policy_loss=0.6908, value_error_vs_solver=0.5442, elapsed=3.3s
iter   42/300: games={'X': 15, 'O': 3, 'draw': 2}, buffer=8000, value_loss=0.2056, policy_loss=0.6805, value_error_vs_solver=0.5260, elapsed=2.5s
iter   43/300: games={'X': 19, 'O': 0, 'draw': 1}, buffer=8000, value_loss=0.2001, policy_loss=0.6709, value_error_vs_solver=0.5106, elapsed=2.3s
iter   44/300: games={'X': 17, 'O': 0, 'draw': 3}, buffer=8000, value_loss=0.1930, policy_loss=0.6699, value_error_vs_solver=0.4871, elapsed=3.1s
iter   45/300: games={'X': 18, 'O': 1, 'draw': 1}, buffer=8000, value_loss=0.1947, policy_loss=0.6678, value_error_vs_solver=0.5327, elapsed=2.3s
iter   46/300: games={'X': 19, 'O': 1, 'draw': 0}, buffer=8000, value_loss=0.1868, policy_loss=0.6607, value_error_vs_solver=0.5088, elapsed=2.1s
iter   47/300: games={'X': 15, 'O': 3, 'draw': 2}, buffer=8000, value_loss=0.1901, policy_loss=0.6580, value_error_vs_solver=0.5196, elapsed=2.5s
iter   48/300: games={'X': 19, 'O': 0, 'draw': 1}, buffer=8000, value_loss=0.1889, policy_loss=0.6681, value_error_vs_solver=0.5638, elapsed=2.7s
iter   49/300: games={'X': 16, 'O': 2, 'draw': 2}, buffer=8000, value_loss=0.1830, policy_loss=0.6487, value_error_vs_solver=0.5000, elapsed=2.3s
iter   50/300: games={'X': 18, 'O': 0, 'draw': 2}, buffer=8000, value_loss=0.1761, policy_loss=0.6521, value_error_vs_solver=0.5025, elapsed=2.9s
iter   51/300: games={'X': 20, 'O': 0, 'draw': 0}, buffer=8000, value_loss=0.1715, policy_loss=0.6418, value_error_vs_solver=0.5027, elapsed=2.3s
iter   52/300: games={'X': 18, 'O': 1, 'draw': 1}, buffer=8000, value_loss=0.1725, policy_loss=0.6433, value_error_vs_solver=0.4915, elapsed=2.4s
iter   53/300: games={'X': 17, 'O': 1, 'draw': 2}, buffer=8000, value_loss=0.1765, policy_loss=0.6533, value_error_vs_solver=0.5116, elapsed=2.3s
iter   54/300: games={'X': 16, 'O': 0, 'draw': 4}, buffer=8000, value_loss=0.1594, policy_loss=0.6399, value_error_vs_solver=0.4730, elapsed=2.9s
iter   55/300: games={'X': 17, 'O': 1, 'draw': 2}, buffer=8000, value_loss=0.1542, policy_loss=0.6196, value_error_vs_solver=0.4677, elapsed=3.2s
iter   56/300: games={'X': 19, 'O': 0, 'draw': 1}, buffer=8000, value_loss=0.1551, policy_loss=0.6375, value_error_vs_solver=0.4615, elapsed=2.3s
iter   57/300: games={'X': 19, 'O': 1, 'draw': 0}, buffer=8000, value_loss=0.1497, policy_loss=0.6405, value_error_vs_solver=0.4773, elapsed=1.9s
iter   58/300: games={'X': 17, 'O': 1, 'draw': 2}, buffer=8000, value_loss=0.1455, policy_loss=0.6287, value_error_vs_solver=0.4032, elapsed=2.2s
iter   59/300: games={'X': 18, 'O': 1, 'draw': 1}, buffer=8000, value_loss=0.1420, policy_loss=0.6439, value_error_vs_solver=0.4617, elapsed=2.3s
iter   60/300: games={'X': 19, 'O': 1, 'draw': 0}, buffer=8000, value_loss=0.1395, policy_loss=0.6290, value_error_vs_solver=0.4533, elapsed=2.4s
iter   61/300: games={'X': 20, 'O': 0, 'draw': 0}, buffer=8000, value_loss=0.1400, policy_loss=0.6427, value_error_vs_solver=0.4250, elapsed=1.8s
iter   62/300: games={'X': 19, 'O': 0, 'draw': 1}, buffer=8000, value_loss=0.1386, policy_loss=0.6407, value_error_vs_solver=0.4556, elapsed=2.1s
iter   63/300: games={'X': 18, 'O': 0, 'draw': 2}, buffer=8000, value_loss=0.1319, policy_loss=0.6495, value_error_vs_solver=0.4401, elapsed=2.2s
iter   64/300: games={'X': 19, 'O': 0, 'draw': 1}, buffer=8000, value_loss=0.1352, policy_loss=0.6522, value_error_vs_solver=0.4508, elapsed=2.4s
iter   65/300: games={'X': 19, 'O': 0, 'draw': 1}, buffer=8000, value_loss=0.1316, policy_loss=0.6449, value_error_vs_solver=0.4540, elapsed=2.7s
iter   66/300: games={'X': 19, 'O': 1, 'draw': 0}, buffer=8000, value_loss=0.1424, policy_loss=0.6470, value_error_vs_solver=0.5024, elapsed=2.3s
iter   67/300: games={'X': 17, 'O': 1, 'draw': 2}, buffer=8000, value_loss=0.1355, policy_loss=0.6603, value_error_vs_solver=0.5103, elapsed=2.9s
iter   68/300: games={'X': 20, 'O': 0, 'draw': 0}, buffer=8000, value_loss=0.1337, policy_loss=0.6569, value_error_vs_solver=0.4562, elapsed=2.9s
iter   69/300: games={'X': 19, 'O': 1, 'draw': 0}, buffer=8000, value_loss=0.1273, policy_loss=0.6410, value_error_vs_solver=0.4266, elapsed=2.7s
iter   70/300: games={'X': 17, 'O': 1, 'draw': 2}, buffer=8000, value_loss=0.1235, policy_loss=0.6585, value_error_vs_solver=0.4446, elapsed=3.0s
iter   71/300: games={'X': 18, 'O': 0, 'draw': 2}, buffer=8000, value_loss=0.1185, policy_loss=0.6582, value_error_vs_solver=0.4552, elapsed=3.5s
iter   72/300: games={'X': 20, 'O': 0, 'draw': 0}, buffer=8000, value_loss=0.1169, policy_loss=0.6577, value_error_vs_solver=0.4730, elapsed=2.8s
iter   73/300: games={'X': 17, 'O': 1, 'draw': 2}, buffer=8000, value_loss=0.1125, policy_loss=0.6757, value_error_vs_solver=0.4809, elapsed=3.2s
iter   74/300: games={'X': 20, 'O': 0, 'draw': 0}, buffer=8000, value_loss=0.1146, policy_loss=0.6651, value_error_vs_solver=0.4177, elapsed=2.7s
iter   75/300: games={'X': 19, 'O': 0, 'draw': 1}, buffer=8000, value_loss=0.1091, policy_loss=0.6658, value_error_vs_solver=0.4831, elapsed=3.2s
iter   76/300: games={'X': 16, 'O': 2, 'draw': 2}, buffer=8000, value_loss=0.1097, policy_loss=0.6719, value_error_vs_solver=0.4386, elapsed=3.1s
iter   77/300: games={'X': 20, 'O': 0, 'draw': 0}, buffer=8000, value_loss=0.1134, policy_loss=0.6795, value_error_vs_solver=0.4612, elapsed=2.4s
iter   78/300: games={'X': 20, 'O': 0, 'draw': 0}, buffer=8000, value_loss=0.1110, policy_loss=0.6840, value_error_vs_solver=0.4591, elapsed=2.7s
iter   79/300: games={'X': 19, 'O': 0, 'draw': 1}, buffer=8000, value_loss=0.1029, policy_loss=0.6841, value_error_vs_solver=0.4873, elapsed=2.6s
iter   80/300: games={'X': 18, 'O': 2, 'draw': 0}, buffer=8000, value_loss=0.1098, policy_loss=0.6978, value_error_vs_solver=0.3882, elapsed=2.6s
iter   81/300: games={'X': 19, 'O': 0, 'draw': 1}, buffer=8000, value_loss=0.1056, policy_loss=0.6959, value_error_vs_solver=0.4256, elapsed=2.7s
iter   82/300: games={'X': 17, 'O': 1, 'draw': 2}, buffer=8000, value_loss=0.1104, policy_loss=0.6958, value_error_vs_solver=0.3970, elapsed=3.5s
iter   83/300: games={'X': 19, 'O': 0, 'draw': 1}, buffer=8000, value_loss=0.0975, policy_loss=0.6792, value_error_vs_solver=0.4751, elapsed=2.8s
iter   84/300: games={'X': 19, 'O': 1, 'draw': 0}, buffer=8000, value_loss=0.0964, policy_loss=0.7037, value_error_vs_solver=0.4281, elapsed=2.5s
iter   85/300: games={'X': 19, 'O': 1, 'draw': 0}, buffer=8000, value_loss=0.1067, policy_loss=0.6985, value_error_vs_solver=0.4187, elapsed=2.6s
iter   86/300: games={'X': 19, 'O': 0, 'draw': 1}, buffer=8000, value_loss=0.0932, policy_loss=0.7065, value_error_vs_solver=0.4366, elapsed=3.1s
iter   87/300: games={'X': 19, 'O': 1, 'draw': 0}, buffer=8000, value_loss=0.0990, policy_loss=0.7094, value_error_vs_solver=0.3775, elapsed=2.6s
iter   88/300: games={'X': 17, 'O': 2, 'draw': 1}, buffer=8000, value_loss=0.1035, policy_loss=0.7222, value_error_vs_solver=0.4261, elapsed=3.2s
iter   89/300: games={'X': 18, 'O': 2, 'draw': 0}, buffer=8000, value_loss=0.0890, policy_loss=0.7090, value_error_vs_solver=0.4204, elapsed=2.8s
iter   90/300: games={'X': 20, 'O': 0, 'draw': 0}, buffer=8000, value_loss=0.0876, policy_loss=0.7254, value_error_vs_solver=0.4106, elapsed=2.4s
iter   91/300: games={'X': 19, 'O': 0, 'draw': 1}, buffer=8000, value_loss=0.0859, policy_loss=0.7306, value_error_vs_solver=0.3801, elapsed=2.9s
iter   92/300: games={'X': 15, 'O': 2, 'draw': 3}, buffer=8000, value_loss=0.0960, policy_loss=0.7222, value_error_vs_solver=0.4306, elapsed=3.6s
iter   93/300: games={'X': 19, 'O': 0, 'draw': 1}, buffer=8000, value_loss=0.0907, policy_loss=0.7423, value_error_vs_solver=0.4082, elapsed=3.4s
iter   94/300: games={'X': 17, 'O': 1, 'draw': 2}, buffer=8000, value_loss=0.0924, policy_loss=0.7400, value_error_vs_solver=0.3712, elapsed=3.1s
iter   95/300: games={'X': 18, 'O': 0, 'draw': 2}, buffer=8000, value_loss=0.0860, policy_loss=0.7319, value_error_vs_solver=0.4009, elapsed=3.8s
iter   96/300: games={'X': 19, 'O': 0, 'draw': 1}, buffer=8000, value_loss=0.0856, policy_loss=0.7324, value_error_vs_solver=0.3915, elapsed=3.2s
iter   97/300: games={'X': 17, 'O': 1, 'draw': 2}, buffer=8000, value_loss=0.0831, policy_loss=0.7355, value_error_vs_solver=0.3938, elapsed=3.2s
iter   98/300: games={'X': 19, 'O': 1, 'draw': 0}, buffer=8000, value_loss=0.0874, policy_loss=0.7361, value_error_vs_solver=0.4221, elapsed=2.6s
iter   99/300: games={'X': 20, 'O': 0, 'draw': 0}, buffer=8000, value_loss=0.0879, policy_loss=0.7433, value_error_vs_solver=0.4396, elapsed=3.1s
iter  100/300: games={'X': 19, 'O': 0, 'draw': 1}, buffer=8000, value_loss=0.0793, policy_loss=0.7506, value_error_vs_solver=0.3797, elapsed=3.0s
iter  101/300: games={'X': 19, 'O': 1, 'draw': 0}, buffer=8000, value_loss=0.0877, policy_loss=0.7467, value_error_vs_solver=0.3716, elapsed=2.7s
iter  102/300: games={'X': 19, 'O': 1, 'draw': 0}, buffer=8000, value_loss=0.0852, policy_loss=0.7458, value_error_vs_solver=0.3828, elapsed=2.9s
iter  103/300: games={'X': 18, 'O': 1, 'draw': 1}, buffer=8000, value_loss=0.0843, policy_loss=0.7529, value_error_vs_solver=0.4150, elapsed=3.1s
iter  104/300: games={'X': 20, 'O': 0, 'draw': 0}, buffer=8000, value_loss=0.0847, policy_loss=0.7583, value_error_vs_solver=0.3985, elapsed=2.7s
iter  105/300: games={'X': 19, 'O': 0, 'draw': 1}, buffer=8000, value_loss=0.0894, policy_loss=0.7554, value_error_vs_solver=0.4375, elapsed=3.2s
iter  106/300: games={'X': 20, 'O': 0, 'draw': 0}, buffer=8000, value_loss=0.0852, policy_loss=0.7683, value_error_vs_solver=0.3673, elapsed=3.3s
iter  107/300: games={'X': 18, 'O': 0, 'draw': 2}, buffer=8000, value_loss=0.0787, policy_loss=0.7612, value_error_vs_solver=0.3767, elapsed=3.3s
iter  108/300: games={'X': 20, 'O': 0, 'draw': 0}, buffer=8000, value_loss=0.0785, policy_loss=0.7705, value_error_vs_solver=0.3655, elapsed=3.0s
iter  109/300: games={'X': 17, 'O': 0, 'draw': 3}, buffer=8000, value_loss=0.0795, policy_loss=0.7479, value_error_vs_solver=0.4392, elapsed=3.9s
iter  110/300: games={'X': 20, 'O': 0, 'draw': 0}, buffer=8000, value_loss=0.0805, policy_loss=0.7663, value_error_vs_solver=0.4000, elapsed=3.1s
iter  111/300: games={'X': 19, 'O': 0, 'draw': 1}, buffer=8000, value_loss=0.0797, policy_loss=0.7677, value_error_vs_solver=0.4346, elapsed=3.0s
iter  112/300: games={'X': 19, 'O': 0, 'draw': 1}, buffer=8000, value_loss=0.0732, policy_loss=0.7759, value_error_vs_solver=0.4364, elapsed=3.1s
iter  113/300: games={'X': 17, 'O': 0, 'draw': 3}, buffer=8000, value_loss=0.0735, policy_loss=0.7762, value_error_vs_solver=0.3721, elapsed=3.5s
iter  114/300: games={'X': 17, 'O': 1, 'draw': 2}, buffer=8000, value_loss=0.0747, policy_loss=0.7695, value_error_vs_solver=0.3942, elapsed=3.3s
iter  115/300: games={'X': 19, 'O': 0, 'draw': 1}, buffer=8000, value_loss=0.0767, policy_loss=0.7772, value_error_vs_solver=0.3963, elapsed=3.4s
iter  116/300: games={'X': 19, 'O': 0, 'draw': 1}, buffer=8000, value_loss=0.0696, policy_loss=0.7679, value_error_vs_solver=0.3909, elapsed=3.3s
iter  117/300: games={'X': 19, 'O': 1, 'draw': 0}, buffer=8000, value_loss=0.0812, policy_loss=0.7674, value_error_vs_solver=0.4149, elapsed=2.8s
iter  118/300: games={'X': 16, 'O': 1, 'draw': 3}, buffer=8000, value_loss=0.0788, policy_loss=0.7714, value_error_vs_solver=0.4574, elapsed=3.4s
iter  119/300: games={'X': 18, 'O': 1, 'draw': 1}, buffer=8000, value_loss=0.0788, policy_loss=0.7790, value_error_vs_solver=0.4099, elapsed=3.3s
iter  120/300: games={'X': 20, 'O': 0, 'draw': 0}, buffer=8000, value_loss=0.0748, policy_loss=0.7735, value_error_vs_solver=0.3788, elapsed=2.9s
iter  121/300: games={'X': 19, 'O': 1, 'draw': 0}, buffer=8000, value_loss=0.0786, policy_loss=0.7774, value_error_vs_solver=0.4194, elapsed=3.2s
iter  122/300: games={'X': 19, 'O': 0, 'draw': 1}, buffer=8000, value_loss=0.0809, policy_loss=0.7753, value_error_vs_solver=0.4019, elapsed=3.2s
iter  123/300: games={'X': 18, 'O': 1, 'draw': 1}, buffer=8000, value_loss=0.0783, policy_loss=0.7739, value_error_vs_solver=0.3788, elapsed=3.2s
iter  124/300: games={'X': 20, 'O': 0, 'draw': 0}, buffer=8000, value_loss=0.0767, policy_loss=0.7701, value_error_vs_solver=0.3672, elapsed=3.0s
iter  125/300: games={'X': 17, 'O': 1, 'draw': 2}, buffer=8000, value_loss=0.0746, policy_loss=0.7708, value_error_vs_solver=0.3831, elapsed=3.2s
iter  126/300: games={'X': 20, 'O': 0, 'draw': 0}, buffer=8000, value_loss=0.0822, policy_loss=0.7718, value_error_vs_solver=0.3569, elapsed=2.8s
iter  127/300: games={'X': 19, 'O': 1, 'draw': 0}, buffer=8000, value_loss=0.0793, policy_loss=0.7750, value_error_vs_solver=0.4227, elapsed=3.2s
iter  128/300: games={'X': 19, 'O': 1, 'draw': 0}, buffer=8000, value_loss=0.0772, policy_loss=0.7763, value_error_vs_solver=0.3608, elapsed=2.8s
iter  129/300: games={'X': 19, 'O': 1, 'draw': 0}, buffer=8000, value_loss=0.0860, policy_loss=0.7917, value_error_vs_solver=0.4153, elapsed=3.0s
iter  130/300: games={'X': 18, 'O': 2, 'draw': 0}, buffer=8000, value_loss=0.0839, policy_loss=0.7847, value_error_vs_solver=0.3916, elapsed=3.0s
iter  131/300: games={'X': 16, 'O': 1, 'draw': 3}, buffer=8000, value_loss=0.0878, policy_loss=0.7951, value_error_vs_solver=0.3827, elapsed=3.9s
iter  132/300: games={'X': 19, 'O': 1, 'draw': 0}, buffer=8000, value_loss=0.0882, policy_loss=0.7936, value_error_vs_solver=0.3527, elapsed=3.0s
iter  133/300: games={'X': 20, 'O': 0, 'draw': 0}, buffer=8000, value_loss=0.0920, policy_loss=0.7914, value_error_vs_solver=0.3817, elapsed=2.9s
iter  134/300: games={'X': 19, 'O': 0, 'draw': 1}, buffer=8000, value_loss=0.0869, policy_loss=0.7926, value_error_vs_solver=0.3709, elapsed=3.1s
iter  135/300: games={'X': 19, 'O': 1, 'draw': 0}, buffer=8000, value_loss=0.0942, policy_loss=0.8051, value_error_vs_solver=0.3658, elapsed=3.1s
iter  136/300: games={'X': 19, 'O': 0, 'draw': 1}, buffer=8000, value_loss=0.0862, policy_loss=0.7947, value_error_vs_solver=0.4055, elapsed=3.3s
iter  137/300: games={'X': 20, 'O': 0, 'draw': 0}, buffer=8000, value_loss=0.0866, policy_loss=0.7904, value_error_vs_solver=0.4115, elapsed=2.7s
iter  138/300: games={'X': 17, 'O': 0, 'draw': 3}, buffer=8000, value_loss=0.0883, policy_loss=0.7921, value_error_vs_solver=0.4177, elapsed=3.2s
iter  139/300: games={'X': 18, 'O': 0, 'draw': 2}, buffer=8000, value_loss=0.0846, policy_loss=0.7930, value_error_vs_solver=0.3694, elapsed=3.6s
iter  140/300: games={'X': 20, 'O': 0, 'draw': 0}, buffer=8000, value_loss=0.0849, policy_loss=0.7898, value_error_vs_solver=0.4235, elapsed=3.1s
iter  141/300: games={'X': 19, 'O': 1, 'draw': 0}, buffer=8000, value_loss=0.0763, policy_loss=0.7949, value_error_vs_solver=0.3809, elapsed=2.9s
iter  142/300: games={'X': 18, 'O': 1, 'draw': 1}, buffer=8000, value_loss=0.0817, policy_loss=0.7998, value_error_vs_solver=0.3936, elapsed=3.2s
iter  143/300: games={'X': 19, 'O': 0, 'draw': 1}, buffer=8000, value_loss=0.0850, policy_loss=0.7915, value_error_vs_solver=0.3779, elapsed=3.4s
iter  144/300: games={'X': 18, 'O': 0, 'draw': 2}, buffer=8000, value_loss=0.0775, policy_loss=0.8034, value_error_vs_solver=0.4045, elapsed=3.3s
iter  145/300: games={'X': 19, 'O': 0, 'draw': 1}, buffer=8000, value_loss=0.0830, policy_loss=0.7967, value_error_vs_solver=0.3937, elapsed=3.3s
iter  146/300: games={'X': 20, 'O': 0, 'draw': 0}, buffer=8000, value_loss=0.0794, policy_loss=0.8052, value_error_vs_solver=0.3762, elapsed=2.7s
iter  147/300: games={'X': 15, 'O': 3, 'draw': 2}, buffer=8000, value_loss=0.0859, policy_loss=0.7958, value_error_vs_solver=0.4068, elapsed=3.5s
iter  148/300: games={'X': 20, 'O': 0, 'draw': 0}, buffer=8000, value_loss=0.0786, policy_loss=0.7967, value_error_vs_solver=0.4039, elapsed=2.2s
iter  149/300: games={'X': 20, 'O': 0, 'draw': 0}, buffer=8000, value_loss=0.0828, policy_loss=0.7990, value_error_vs_solver=0.3785, elapsed=2.2s
iter  150/300: games={'X': 20, 'O': 0, 'draw': 0}, buffer=8000, value_loss=0.0783, policy_loss=0.8007, value_error_vs_solver=0.3773, elapsed=2.5s
iter  151/300: games={'X': 18, 'O': 1, 'draw': 1}, buffer=8000, value_loss=0.0822, policy_loss=0.8141, value_error_vs_solver=0.3742, elapsed=2.4s
iter  152/300: games={'X': 19, 'O': 0, 'draw': 1}, buffer=8000, value_loss=0.0775, policy_loss=0.7987, value_error_vs_solver=0.3723, elapsed=1.8s
iter  153/300: games={'X': 18, 'O': 0, 'draw': 2}, buffer=8000, value_loss=0.0676, policy_loss=0.7918, value_error_vs_solver=0.4321, elapsed=2.5s
iter  154/300: games={'X': 18, 'O': 1, 'draw': 1}, buffer=8000, value_loss=0.0648, policy_loss=0.7931, value_error_vs_solver=0.3341, elapsed=2.5s
iter  155/300: games={'X': 19, 'O': 1, 'draw': 0}, buffer=8000, value_loss=0.0694, policy_loss=0.8166, value_error_vs_solver=0.4418, elapsed=2.1s
iter  156/300: games={'X': 20, 'O': 0, 'draw': 0}, buffer=8000, value_loss=0.0727, policy_loss=0.8165, value_error_vs_solver=0.3926, elapsed=1.9s
iter  157/300: games={'X': 19, 'O': 0, 'draw': 1}, buffer=8000, value_loss=0.0708, policy_loss=0.8098, value_error_vs_solver=0.3994, elapsed=2.9s
iter  158/300: games={'X': 19, 'O': 1, 'draw': 0}, buffer=8000, value_loss=0.0722, policy_loss=0.8173, value_error_vs_solver=0.4022, elapsed=2.3s
iter  159/300: games={'X': 19, 'O': 0, 'draw': 1}, buffer=8000, value_loss=0.0664, policy_loss=0.8139, value_error_vs_solver=0.3944, elapsed=2.3s
iter  160/300: games={'X': 19, 'O': 0, 'draw': 1}, buffer=8000, value_loss=0.0700, policy_loss=0.8124, value_error_vs_solver=0.4048, elapsed=2.1s
iter  161/300: games={'X': 20, 'O': 0, 'draw': 0}, buffer=8000, value_loss=0.0703, policy_loss=0.8174, value_error_vs_solver=0.3851, elapsed=1.8s
iter  162/300: games={'X': 16, 'O': 0, 'draw': 4}, buffer=8000, value_loss=0.0707, policy_loss=0.8064, value_error_vs_solver=0.3381, elapsed=2.7s
iter  163/300: games={'X': 18, 'O': 1, 'draw': 1}, buffer=8000, value_loss=0.0623, policy_loss=0.8059, value_error_vs_solver=0.4075, elapsed=2.0s
iter  164/300: games={'X': 17, 'O': 0, 'draw': 3}, buffer=8000, value_loss=0.0646, policy_loss=0.8059, value_error_vs_solver=0.4085, elapsed=3.1s
iter  165/300: games={'X': 18, 'O': 1, 'draw': 1}, buffer=8000, value_loss=0.0664, policy_loss=0.7982, value_error_vs_solver=0.4721, elapsed=1.9s
iter  166/300: games={'X': 19, 'O': 0, 'draw': 1}, buffer=8000, value_loss=0.0635, policy_loss=0.8065, value_error_vs_solver=0.3843, elapsed=2.2s
iter  167/300: games={'X': 19, 'O': 0, 'draw': 1}, buffer=8000, value_loss=0.0701, policy_loss=0.8001, value_error_vs_solver=0.4247, elapsed=1.9s
iter  168/300: games={'X': 19, 'O': 1, 'draw': 0}, buffer=8000, value_loss=0.0697, policy_loss=0.8136, value_error_vs_solver=0.3819, elapsed=1.9s
iter  169/300: games={'X': 18, 'O': 0, 'draw': 2}, buffer=8000, value_loss=0.0710, policy_loss=0.8145, value_error_vs_solver=0.3805, elapsed=2.5s
iter  170/300: games={'X': 19, 'O': 0, 'draw': 1}, buffer=8000, value_loss=0.0685, policy_loss=0.8052, value_error_vs_solver=0.4152, elapsed=2.1s
iter  171/300: games={'X': 17, 'O': 0, 'draw': 3}, buffer=8000, value_loss=0.0717, policy_loss=0.7954, value_error_vs_solver=0.3866, elapsed=2.6s
iter  172/300: games={'X': 20, 'O': 0, 'draw': 0}, buffer=8000, value_loss=0.0708, policy_loss=0.8101, value_error_vs_solver=0.3731, elapsed=2.3s
iter  173/300: games={'X': 17, 'O': 1, 'draw': 2}, buffer=8000, value_loss=0.0683, policy_loss=0.8073, value_error_vs_solver=0.3604, elapsed=2.9s
iter  174/300: games={'X': 17, 'O': 2, 'draw': 1}, buffer=8000, value_loss=0.0738, policy_loss=0.8010, value_error_vs_solver=0.3686, elapsed=3.2s
iter  175/300: games={'X': 18, 'O': 1, 'draw': 1}, buffer=8000, value_loss=0.0768, policy_loss=0.8010, value_error_vs_solver=0.3926, elapsed=2.8s
iter  176/300: games={'X': 19, 'O': 1, 'draw': 0}, buffer=8000, value_loss=0.0705, policy_loss=0.7924, value_error_vs_solver=0.3911, elapsed=3.0s
iter  177/300: games={'X': 19, 'O': 1, 'draw': 0}, buffer=8000, value_loss=0.0755, policy_loss=0.8110, value_error_vs_solver=0.3887, elapsed=2.4s
iter  178/300: games={'X': 20, 'O': 0, 'draw': 0}, buffer=8000, value_loss=0.0756, policy_loss=0.8112, value_error_vs_solver=0.3843, elapsed=2.5s
iter  179/300: games={'X': 19, 'O': 1, 'draw': 0}, buffer=8000, value_loss=0.0736, policy_loss=0.8079, value_error_vs_solver=0.3965, elapsed=2.2s
iter  180/300: games={'X': 19, 'O': 0, 'draw': 1}, buffer=8000, value_loss=0.0751, policy_loss=0.8118, value_error_vs_solver=0.3549, elapsed=2.7s
iter  181/300: games={'X': 18, 'O': 1, 'draw': 1}, buffer=8000, value_loss=0.0754, policy_loss=0.7975, value_error_vs_solver=0.4118, elapsed=2.6s
iter  182/300: games={'X': 20, 'O': 0, 'draw': 0}, buffer=8000, value_loss=0.0727, policy_loss=0.8061, value_error_vs_solver=0.3474, elapsed=2.5s
iter  183/300: games={'X': 18, 'O': 2, 'draw': 0}, buffer=8000, value_loss=0.0778, policy_loss=0.8081, value_error_vs_solver=0.3830, elapsed=2.6s
iter  184/300: games={'X': 17, 'O': 2, 'draw': 1}, buffer=8000, value_loss=0.0794, policy_loss=0.8073, value_error_vs_solver=0.4221, elapsed=2.9s
iter  185/300: games={'X': 19, 'O': 0, 'draw': 1}, buffer=8000, value_loss=0.0779, policy_loss=0.8228, value_error_vs_solver=0.3660, elapsed=2.3s
iter  186/300: games={'X': 18, 'O': 1, 'draw': 1}, buffer=8000, value_loss=0.0781, policy_loss=0.8071, value_error_vs_solver=0.4045, elapsed=2.9s
iter  187/300: games={'X': 20, 'O': 0, 'draw': 0}, buffer=8000, value_loss=0.0772, policy_loss=0.8005, value_error_vs_solver=0.3880, elapsed=2.5s
iter  188/300: games={'X': 20, 'O': 0, 'draw': 0}, buffer=8000, value_loss=0.0766, policy_loss=0.8030, value_error_vs_solver=0.3524, elapsed=2.5s
iter  189/300: games={'X': 19, 'O': 0, 'draw': 1}, buffer=8000, value_loss=0.0690, policy_loss=0.8057, value_error_vs_solver=0.3942, elapsed=2.3s
iter  190/300: games={'X': 19, 'O': 0, 'draw': 1}, buffer=8000, value_loss=0.0698, policy_loss=0.8040, value_error_vs_solver=0.3479, elapsed=2.6s
iter  191/300: games={'X': 19, 'O': 1, 'draw': 0}, buffer=8000, value_loss=0.0624, policy_loss=0.8083, value_error_vs_solver=0.3666, elapsed=2.3s
iter  192/300: games={'X': 20, 'O': 0, 'draw': 0}, buffer=8000, value_loss=0.0632, policy_loss=0.8104, value_error_vs_solver=0.4163, elapsed=2.5s
iter  193/300: games={'X': 19, 'O': 0, 'draw': 1}, buffer=8000, value_loss=0.0648, policy_loss=0.8116, value_error_vs_solver=0.3972, elapsed=3.5s
iter  194/300: games={'X': 20, 'O': 0, 'draw': 0}, buffer=8000, value_loss=0.0682, policy_loss=0.8079, value_error_vs_solver=0.3608, elapsed=2.8s
iter  195/300: games={'X': 19, 'O': 0, 'draw': 1}, buffer=8000, value_loss=0.0670, policy_loss=0.8164, value_error_vs_solver=0.3759, elapsed=2.6s
iter  196/300: games={'X': 17, 'O': 0, 'draw': 3}, buffer=8000, value_loss=0.0688, policy_loss=0.8111, value_error_vs_solver=0.3616, elapsed=4.2s
iter  197/300: games={'X': 20, 'O': 0, 'draw': 0}, buffer=8000, value_loss=0.0563, policy_loss=0.8117, value_error_vs_solver=0.3838, elapsed=4.0s
iter  198/300: games={'X': 20, 'O': 0, 'draw': 0}, buffer=8000, value_loss=0.0657, policy_loss=0.8104, value_error_vs_solver=0.4173, elapsed=2.5s
iter  199/300: games={'X': 19, 'O': 0, 'draw': 1}, buffer=8000, value_loss=0.0604, policy_loss=0.8157, value_error_vs_solver=0.3829, elapsed=2.6s
iter  200/300: games={'X': 20, 'O': 0, 'draw': 0}, buffer=8000, value_loss=0.0729, policy_loss=0.8178, value_error_vs_solver=0.3814, elapsed=2.4s
iter  201/300: games={'X': 16, 'O': 3, 'draw': 1}, buffer=8000, value_loss=0.0706, policy_loss=0.8066, value_error_vs_solver=0.4446, elapsed=3.4s
iter  202/300: games={'X': 19, 'O': 1, 'draw': 0}, buffer=8000, value_loss=0.0642, policy_loss=0.8199, value_error_vs_solver=0.3610, elapsed=2.4s
iter  203/300: games={'X': 20, 'O': 0, 'draw': 0}, buffer=8000, value_loss=0.0658, policy_loss=0.8212, value_error_vs_solver=0.3765, elapsed=2.4s
iter  204/300: games={'X': 19, 'O': 0, 'draw': 1}, buffer=8000, value_loss=0.0660, policy_loss=0.8170, value_error_vs_solver=0.3440, elapsed=2.2s
iter  205/300: games={'X': 18, 'O': 0, 'draw': 2}, buffer=8000, value_loss=0.0696, policy_loss=0.8144, value_error_vs_solver=0.3614, elapsed=2.8s
iter  206/300: games={'X': 18, 'O': 1, 'draw': 1}, buffer=8000, value_loss=0.0694, policy_loss=0.8237, value_error_vs_solver=0.3909, elapsed=2.4s
iter  207/300: games={'X': 20, 'O': 0, 'draw': 0}, buffer=8000, value_loss=0.0645, policy_loss=0.8248, value_error_vs_solver=0.3692, elapsed=2.5s
iter  208/300: games={'X': 20, 'O': 0, 'draw': 0}, buffer=8000, value_loss=0.0586, policy_loss=0.8198, value_error_vs_solver=0.3926, elapsed=2.5s
iter  209/300: games={'X': 19, 'O': 0, 'draw': 1}, buffer=8000, value_loss=0.0625, policy_loss=0.8169, value_error_vs_solver=0.3843, elapsed=3.5s
iter  210/300: games={'X': 18, 'O': 0, 'draw': 2}, buffer=8000, value_loss=0.0592, policy_loss=0.8139, value_error_vs_solver=0.3536, elapsed=2.9s
iter  211/300: games={'X': 19, 'O': 0, 'draw': 1}, buffer=8000, value_loss=0.0550, policy_loss=0.8185, value_error_vs_solver=0.4032, elapsed=2.3s
iter  212/300: games={'X': 18, 'O': 1, 'draw': 1}, buffer=8000, value_loss=0.0629, policy_loss=0.8211, value_error_vs_solver=0.4093, elapsed=2.6s
iter  213/300: games={'X': 19, 'O': 1, 'draw': 0}, buffer=8000, value_loss=0.0637, policy_loss=0.8223, value_error_vs_solver=0.4038, elapsed=2.6s
iter  214/300: games={'X': 18, 'O': 0, 'draw': 2}, buffer=8000, value_loss=0.0631, policy_loss=0.8267, value_error_vs_solver=0.3880, elapsed=3.1s
iter  215/300: games={'X': 16, 'O': 2, 'draw': 2}, buffer=8000, value_loss=0.0675, policy_loss=0.8261, value_error_vs_solver=0.3754, elapsed=3.1s
iter  216/300: games={'X': 17, 'O': 0, 'draw': 3}, buffer=8000, value_loss=0.0677, policy_loss=0.8103, value_error_vs_solver=0.3806, elapsed=4.0s
iter  217/300: games={'X': 20, 'O': 0, 'draw': 0}, buffer=8000, value_loss=0.0665, policy_loss=0.8163, value_error_vs_solver=0.3671, elapsed=2.7s
iter  218/300: games={'X': 18, 'O': 0, 'draw': 2}, buffer=8000, value_loss=0.0710, policy_loss=0.8077, value_error_vs_solver=0.3601, elapsed=4.9s
iter  219/300: games={'X': 17, 'O': 1, 'draw': 2}, buffer=8000, value_loss=0.0742, policy_loss=0.8078, value_error_vs_solver=0.4130, elapsed=3.9s
iter  220/300: games={'X': 18, 'O': 2, 'draw': 0}, buffer=8000, value_loss=0.0709, policy_loss=0.8089, value_error_vs_solver=0.3556, elapsed=3.1s
iter  221/300: games={'X': 19, 'O': 0, 'draw': 1}, buffer=8000, value_loss=0.0685, policy_loss=0.8126, value_error_vs_solver=0.3897, elapsed=3.2s
iter  222/300: games={'X': 19, 'O': 0, 'draw': 1}, buffer=8000, value_loss=0.0722, policy_loss=0.8143, value_error_vs_solver=0.3403, elapsed=3.1s
iter  223/300: games={'X': 19, 'O': 1, 'draw': 0}, buffer=8000, value_loss=0.0690, policy_loss=0.8200, value_error_vs_solver=0.4165, elapsed=2.8s
iter  224/300: games={'X': 19, 'O': 1, 'draw': 0}, buffer=8000, value_loss=0.0693, policy_loss=0.8187, value_error_vs_solver=0.3879, elapsed=3.1s
iter  225/300: games={'X': 20, 'O': 0, 'draw': 0}, buffer=8000, value_loss=0.0735, policy_loss=0.8156, value_error_vs_solver=0.4328, elapsed=3.0s
iter  226/300: games={'X': 18, 'O': 0, 'draw': 2}, buffer=8000, value_loss=0.0668, policy_loss=0.8177, value_error_vs_solver=0.3410, elapsed=2.8s
iter  227/300: games={'X': 19, 'O': 0, 'draw': 1}, buffer=8000, value_loss=0.0701, policy_loss=0.8146, value_error_vs_solver=0.3616, elapsed=2.8s
iter  228/300: games={'X': 17, 'O': 1, 'draw': 2}, buffer=8000, value_loss=0.0699, policy_loss=0.8059, value_error_vs_solver=0.4320, elapsed=3.8s
iter  229/300: games={'X': 19, 'O': 0, 'draw': 1}, buffer=8000, value_loss=0.0666, policy_loss=0.8164, value_error_vs_solver=0.3637, elapsed=2.7s
iter  230/300: games={'X': 20, 'O': 0, 'draw': 0}, buffer=8000, value_loss=0.0742, policy_loss=0.8181, value_error_vs_solver=0.3669, elapsed=2.9s
iter  231/300: games={'X': 17, 'O': 2, 'draw': 1}, buffer=8000, value_loss=0.0738, policy_loss=0.8191, value_error_vs_solver=0.3904, elapsed=4.1s
iter  232/300: games={'X': 19, 'O': 0, 'draw': 1}, buffer=8000, value_loss=0.0735, policy_loss=0.8191, value_error_vs_solver=0.3859, elapsed=3.2s
iter  233/300: games={'X': 16, 'O': 0, 'draw': 4}, buffer=8000, value_loss=0.0708, policy_loss=0.8076, value_error_vs_solver=0.3764, elapsed=4.4s
iter  234/300: games={'X': 20, 'O': 0, 'draw': 0}, buffer=8000, value_loss=0.0617, policy_loss=0.8163, value_error_vs_solver=0.3899, elapsed=3.9s
iter  235/300: games={'X': 20, 'O': 0, 'draw': 0}, buffer=8000, value_loss=0.0608, policy_loss=0.8137, value_error_vs_solver=0.3663, elapsed=3.0s
iter  236/300: games={'X': 20, 'O': 0, 'draw': 0}, buffer=8000, value_loss=0.0609, policy_loss=0.8289, value_error_vs_solver=0.4265, elapsed=3.3s
iter  237/300: games={'X': 20, 'O': 0, 'draw': 0}, buffer=8000, value_loss=0.0604, policy_loss=0.8215, value_error_vs_solver=0.3482, elapsed=4.1s
iter  238/300: games={'X': 20, 'O': 0, 'draw': 0}, buffer=8000, value_loss=0.0584, policy_loss=0.8083, value_error_vs_solver=0.3295, elapsed=3.3s
iter  239/300: games={'X': 19, 'O': 0, 'draw': 1}, buffer=8000, value_loss=0.0567, policy_loss=0.8240, value_error_vs_solver=0.4249, elapsed=3.3s
iter  240/300: games={'X': 15, 'O': 0, 'draw': 5}, buffer=8000, value_loss=0.0521, policy_loss=0.8167, value_error_vs_solver=0.3718, elapsed=5.1s
iter  241/300: games={'X': 18, 'O': 0, 'draw': 2}, buffer=8000, value_loss=0.0528, policy_loss=0.8097, value_error_vs_solver=0.3799, elapsed=3.6s
iter  242/300: games={'X': 19, 'O': 0, 'draw': 1}, buffer=8000, value_loss=0.0474, policy_loss=0.8100, value_error_vs_solver=0.3988, elapsed=3.9s
iter  243/300: games={'X': 19, 'O': 0, 'draw': 1}, buffer=8000, value_loss=0.0479, policy_loss=0.8064, value_error_vs_solver=0.3832, elapsed=3.3s
iter  244/300: games={'X': 20, 'O': 0, 'draw': 0}, buffer=8000, value_loss=0.0477, policy_loss=0.8052, value_error_vs_solver=0.3867, elapsed=2.9s
iter  245/300: games={'X': 19, 'O': 0, 'draw': 1}, buffer=8000, value_loss=0.0485, policy_loss=0.8095, value_error_vs_solver=0.3771, elapsed=3.6s
iter  246/300: games={'X': 20, 'O': 0, 'draw': 0}, buffer=8000, value_loss=0.0436, policy_loss=0.8108, value_error_vs_solver=0.4075, elapsed=3.3s
iter  247/300: games={'X': 20, 'O': 0, 'draw': 0}, buffer=8000, value_loss=0.0462, policy_loss=0.8118, value_error_vs_solver=0.3857, elapsed=3.1s
iter  248/300: games={'X': 19, 'O': 1, 'draw': 0}, buffer=8000, value_loss=0.0448, policy_loss=0.7955, value_error_vs_solver=0.4031, elapsed=3.4s
iter  249/300: games={'X': 19, 'O': 0, 'draw': 1}, buffer=8000, value_loss=0.0461, policy_loss=0.8088, value_error_vs_solver=0.3922, elapsed=3.3s
iter  250/300: games={'X': 19, 'O': 1, 'draw': 0}, buffer=8000, value_loss=0.0517, policy_loss=0.8110, value_error_vs_solver=0.3866, elapsed=3.2s
iter  251/300: games={'X': 16, 'O': 3, 'draw': 1}, buffer=8000, value_loss=0.0533, policy_loss=0.8099, value_error_vs_solver=0.4268, elapsed=3.6s
iter  252/300: games={'X': 20, 'O': 0, 'draw': 0}, buffer=8000, value_loss=0.0507, policy_loss=0.8085, value_error_vs_solver=0.3822, elapsed=2.7s
iter  253/300: games={'X': 20, 'O': 0, 'draw': 0}, buffer=8000, value_loss=0.0491, policy_loss=0.8062, value_error_vs_solver=0.3825, elapsed=3.0s
iter  254/300: games={'X': 20, 'O': 0, 'draw': 0}, buffer=8000, value_loss=0.0505, policy_loss=0.8102, value_error_vs_solver=0.3563, elapsed=2.9s
iter  255/300: games={'X': 18, 'O': 0, 'draw': 2}, buffer=8000, value_loss=0.0572, policy_loss=0.8103, value_error_vs_solver=0.3969, elapsed=3.6s
iter  256/300: games={'X': 18, 'O': 0, 'draw': 2}, buffer=8000, value_loss=0.0500, policy_loss=0.8044, value_error_vs_solver=0.3654, elapsed=3.7s
iter  257/300: games={'X': 18, 'O': 2, 'draw': 0}, buffer=8000, value_loss=0.0573, policy_loss=0.8177, value_error_vs_solver=0.3864, elapsed=3.1s
iter  258/300: games={'X': 19, 'O': 1, 'draw': 0}, buffer=8000, value_loss=0.0562, policy_loss=0.8097, value_error_vs_solver=0.3403, elapsed=3.3s
iter  259/300: games={'X': 19, 'O': 0, 'draw': 1}, buffer=8000, value_loss=0.0569, policy_loss=0.8128, value_error_vs_solver=0.3880, elapsed=3.0s
iter  260/300: games={'X': 19, 'O': 0, 'draw': 1}, buffer=8000, value_loss=0.0547, policy_loss=0.8073, value_error_vs_solver=0.3724, elapsed=3.0s
iter  261/300: games={'X': 20, 'O': 0, 'draw': 0}, buffer=8000, value_loss=0.0492, policy_loss=0.8069, value_error_vs_solver=0.3855, elapsed=2.9s
iter  262/300: games={'X': 19, 'O': 0, 'draw': 1}, buffer=8000, value_loss=0.0604, policy_loss=0.7983, value_error_vs_solver=0.3595, elapsed=2.9s
iter  263/300: games={'X': 20, 'O': 0, 'draw': 0}, buffer=8000, value_loss=0.0546, policy_loss=0.8109, value_error_vs_solver=0.3857, elapsed=2.5s
iter  264/300: games={'X': 20, 'O': 0, 'draw': 0}, buffer=8000, value_loss=0.0530, policy_loss=0.8129, value_error_vs_solver=0.3473, elapsed=2.6s
iter  265/300: games={'X': 17, 'O': 2, 'draw': 1}, buffer=8000, value_loss=0.0578, policy_loss=0.8153, value_error_vs_solver=0.3892, elapsed=3.4s
iter  266/300: games={'X': 20, 'O': 0, 'draw': 0}, buffer=8000, value_loss=0.0547, policy_loss=0.8045, value_error_vs_solver=0.4098, elapsed=2.5s
iter  267/300: games={'X': 18, 'O': 1, 'draw': 1}, buffer=8000, value_loss=0.0639, policy_loss=0.8109, value_error_vs_solver=0.3926, elapsed=3.1s
iter  268/300: games={'X': 19, 'O': 0, 'draw': 1}, buffer=8000, value_loss=0.0596, policy_loss=0.8125, value_error_vs_solver=0.3928, elapsed=3.2s
iter  269/300: games={'X': 20, 'O': 0, 'draw': 0}, buffer=8000, value_loss=0.0615, policy_loss=0.7959, value_error_vs_solver=0.3892, elapsed=2.7s
iter  270/300: games={'X': 20, 'O': 0, 'draw': 0}, buffer=8000, value_loss=0.0587, policy_loss=0.8053, value_error_vs_solver=0.4002, elapsed=2.2s
iter  271/300: games={'X': 18, 'O': 1, 'draw': 1}, buffer=8000, value_loss=0.0604, policy_loss=0.8133, value_error_vs_solver=0.3805, elapsed=3.3s
iter  272/300: games={'X': 18, 'O': 0, 'draw': 2}, buffer=8000, value_loss=0.0611, policy_loss=0.8087, value_error_vs_solver=0.3799, elapsed=3.4s
iter  273/300: games={'X': 19, 'O': 0, 'draw': 1}, buffer=8000, value_loss=0.0576, policy_loss=0.8063, value_error_vs_solver=0.3540, elapsed=3.0s
iter  274/300: games={'X': 19, 'O': 0, 'draw': 1}, buffer=8000, value_loss=0.0525, policy_loss=0.8077, value_error_vs_solver=0.3994, elapsed=3.0s
iter  275/300: games={'X': 19, 'O': 1, 'draw': 0}, buffer=8000, value_loss=0.0520, policy_loss=0.8101, value_error_vs_solver=0.3822, elapsed=2.7s
iter  276/300: games={'X': 19, 'O': 0, 'draw': 1}, buffer=8000, value_loss=0.0598, policy_loss=0.8055, value_error_vs_solver=0.4207, elapsed=3.0s
iter  277/300: games={'X': 20, 'O': 0, 'draw': 0}, buffer=8000, value_loss=0.0484, policy_loss=0.8104, value_error_vs_solver=0.4568, elapsed=2.6s
iter  278/300: games={'X': 18, 'O': 0, 'draw': 2}, buffer=8000, value_loss=0.0505, policy_loss=0.8055, value_error_vs_solver=0.3734, elapsed=3.2s
iter  279/300: games={'X': 20, 'O': 0, 'draw': 0}, buffer=8000, value_loss=0.0524, policy_loss=0.8091, value_error_vs_solver=0.4106, elapsed=2.5s
iter  280/300: games={'X': 20, 'O': 0, 'draw': 0}, buffer=8000, value_loss=0.0500, policy_loss=0.8162, value_error_vs_solver=0.3917, elapsed=2.9s
iter  281/300: games={'X': 18, 'O': 0, 'draw': 2}, buffer=8000, value_loss=0.0465, policy_loss=0.8129, value_error_vs_solver=0.3634, elapsed=3.2s
iter  282/300: games={'X': 18, 'O': 0, 'draw': 2}, buffer=8000, value_loss=0.0460, policy_loss=0.8192, value_error_vs_solver=0.3947, elapsed=3.0s
iter  283/300: games={'X': 19, 'O': 0, 'draw': 1}, buffer=8000, value_loss=0.0467, policy_loss=0.8171, value_error_vs_solver=0.3990, elapsed=2.8s
iter  284/300: games={'X': 16, 'O': 0, 'draw': 4}, buffer=8000, value_loss=0.0510, policy_loss=0.7995, value_error_vs_solver=0.3789, elapsed=5.0s
iter  285/300: games={'X': 19, 'O': 0, 'draw': 1}, buffer=8000, value_loss=0.0491, policy_loss=0.8187, value_error_vs_solver=0.4301, elapsed=2.7s
iter  286/300: games={'X': 17, 'O': 0, 'draw': 3}, buffer=8000, value_loss=0.0520, policy_loss=0.8068, value_error_vs_solver=0.4057, elapsed=3.1s
iter  287/300: games={'X': 18, 'O': 0, 'draw': 2}, buffer=8000, value_loss=0.0500, policy_loss=0.7951, value_error_vs_solver=0.4223, elapsed=2.9s
iter  288/300: games={'X': 20, 'O': 0, 'draw': 0}, buffer=8000, value_loss=0.0428, policy_loss=0.8089, value_error_vs_solver=0.3967, elapsed=2.8s
iter  289/300: games={'X': 19, 'O': 1, 'draw': 0}, buffer=8000, value_loss=0.0483, policy_loss=0.8080, value_error_vs_solver=0.3961, elapsed=2.7s
iter  290/300: games={'X': 19, 'O': 0, 'draw': 1}, buffer=8000, value_loss=0.0436, policy_loss=0.8069, value_error_vs_solver=0.4474, elapsed=2.5s
iter  291/300: games={'X': 18, 'O': 0, 'draw': 2}, buffer=8000, value_loss=0.0486, policy_loss=0.8095, value_error_vs_solver=0.3790, elapsed=4.1s
iter  292/300: games={'X': 19, 'O': 1, 'draw': 0}, buffer=8000, value_loss=0.0491, policy_loss=0.8055, value_error_vs_solver=0.3680, elapsed=2.6s
iter  293/300: games={'X': 18, 'O': 1, 'draw': 1}, buffer=8000, value_loss=0.0559, policy_loss=0.8184, value_error_vs_solver=0.4249, elapsed=3.1s
iter  294/300: games={'X': 20, 'O': 0, 'draw': 0}, buffer=8000, value_loss=0.0519, policy_loss=0.8214, value_error_vs_solver=0.3631, elapsed=3.1s
iter  295/300: games={'X': 19, 'O': 0, 'draw': 1}, buffer=8000, value_loss=0.0517, policy_loss=0.8120, value_error_vs_solver=0.3852, elapsed=3.2s
iter  296/300: games={'X': 19, 'O': 0, 'draw': 1}, buffer=8000, value_loss=0.0541, policy_loss=0.7986, value_error_vs_solver=0.3760, elapsed=3.6s
iter  297/300: games={'X': 20, 'O': 0, 'draw': 0}, buffer=8000, value_loss=0.0500, policy_loss=0.8198, value_error_vs_solver=0.4091, elapsed=3.4s
iter  298/300: games={'X': 18, 'O': 0, 'draw': 2}, buffer=8000, value_loss=0.0467, policy_loss=0.8130, value_error_vs_solver=0.4267, elapsed=3.4s
iter  299/300: games={'X': 20, 'O': 0, 'draw': 0}, buffer=8000, value_loss=0.0515, policy_loss=0.8189, value_error_vs_solver=0.3854, elapsed=2.4s
iter  300/300: games={'X': 20, 'O': 0, 'draw': 0}, buffer=8000, value_loss=0.0489, policy_loss=0.8232, value_error_vs_solver=0.4012, elapsed=2.6s
Done. Total time: 991.2s. Saved to selfplay_trained_net_balanced.pkl
