Enumerating all non-terminal states for value-error benchmarking...
  4520 states enumerated.
Run 'base': iterations=300, temperature_moves=4, noise_frac=0.25
iter    1/300: games={'X': 9, 'O': 0, 'draw': 11}, buffer=148, value_loss=0.3139, policy_loss=1.6054, value_error_vs_solver=0.8520 (X=0.9158, O=0.8058), elapsed=3.1s
iter    2/300: games={'X': 15, 'O': 0, 'draw': 5}, buffer=282, value_loss=0.4081, policy_loss=1.6738, value_error_vs_solver=0.8383 (X=0.9115, O=0.7747), elapsed=3.2s
iter    3/300: games={'X': 9, 'O': 0, 'draw': 11}, buffer=438, value_loss=0.4158, policy_loss=1.5381, value_error_vs_solver=0.8643 (X=0.9764, O=0.7805), elapsed=3.2s
iter    4/300: games={'X': 12, 'O': 1, 'draw': 7}, buffer=583, value_loss=0.4555, policy_loss=1.5604, value_error_vs_solver=0.8615 (X=0.8813, O=0.7256), elapsed=3.0s
iter    5/300: games={'X': 13, 'O': 0, 'draw': 7}, buffer=715, value_loss=0.4079, policy_loss=1.5277, value_error_vs_solver=0.7885 (X=0.8300, O=0.7543), elapsed=2.6s
iter    6/300: games={'X': 7, 'O': 1, 'draw': 12}, buffer=876, value_loss=0.3889, policy_loss=1.4870, value_error_vs_solver=0.7971 (X=0.8751, O=0.8134), elapsed=3.4s
iter    7/300: games={'X': 9, 'O': 0, 'draw': 11}, buffer=1028, value_loss=0.3658, policy_loss=1.4679, value_error_vs_solver=0.7944 (X=0.8584, O=0.6935), elapsed=3.1s
iter    8/300: games={'X': 8, 'O': 2, 'draw': 10}, buffer=1180, value_loss=0.3490, policy_loss=1.4504, value_error_vs_solver=0.7825 (X=0.8384, O=0.6365), elapsed=3.0s
iter    9/300: games={'X': 5, 'O': 0, 'draw': 15}, buffer=1342, value_loss=0.3330, policy_loss=1.4018, value_error_vs_solver=0.8645 (X=0.8625, O=0.7027), elapsed=3.1s
iter   10/300: games={'X': 7, 'O': 2, 'draw': 11}, buffer=1494, value_loss=0.3103, policy_loss=1.3764, value_error_vs_solver=0.8336 (X=0.8658, O=0.7013), elapsed=4.7s
iter   11/300: games={'X': 6, 'O': 0, 'draw': 14}, buffer=1654, value_loss=0.2875, policy_loss=1.3413, value_error_vs_solver=0.8080 (X=0.8497, O=0.7850), elapsed=4.7s
iter   12/300: games={'X': 9, 'O': 1, 'draw': 10}, buffer=1799, value_loss=0.2830, policy_loss=1.3107, value_error_vs_solver=0.7470 (X=0.8051, O=0.7420), elapsed=3.9s
iter   13/300: games={'X': 9, 'O': 1, 'draw': 10}, buffer=1948, value_loss=0.2744, policy_loss=1.2969, value_error_vs_solver=0.7971 (X=0.8879, O=0.7268), elapsed=3.0s
iter   14/300: games={'X': 7, 'O': 0, 'draw': 13}, buffer=2106, value_loss=0.2565, policy_loss=1.2601, value_error_vs_solver=0.7776 (X=0.8129, O=0.7062), elapsed=4.0s
iter   15/300: games={'X': 10, 'O': 0, 'draw': 10}, buffer=2254, value_loss=0.2509, policy_loss=1.2388, value_error_vs_solver=0.8040 (X=0.7872, O=0.7728), elapsed=3.0s
iter   16/300: games={'X': 14, 'O': 0, 'draw': 6}, buffer=2394, value_loss=0.2476, policy_loss=1.2239, value_error_vs_solver=0.7804 (X=0.8020, O=0.7585), elapsed=3.0s
iter   17/300: games={'X': 11, 'O': 0, 'draw': 9}, buffer=2548, value_loss=0.2433, policy_loss=1.2286, value_error_vs_solver=0.7530 (X=0.7972, O=0.7472), elapsed=3.1s
iter   18/300: games={'X': 9, 'O': 0, 'draw': 11}, buffer=2704, value_loss=0.2318, policy_loss=1.1986, value_error_vs_solver=0.8007 (X=0.8230, O=0.7291), elapsed=3.4s
iter   19/300: games={'X': 8, 'O': 1, 'draw': 11}, buffer=2853, value_loss=0.2322, policy_loss=1.1952, value_error_vs_solver=0.7947 (X=0.7741, O=0.7527), elapsed=3.0s
iter   20/300: games={'X': 11, 'O': 0, 'draw': 9}, buffer=3001, value_loss=0.2265, policy_loss=1.1897, value_error_vs_solver=0.7261 (X=0.7106, O=0.7394), elapsed=3.4s
iter   21/300: games={'X': 13, 'O': 0, 'draw': 7}, buffer=3145, value_loss=0.2194, policy_loss=1.1592, value_error_vs_solver=0.7574 (X=0.7213, O=0.7409), elapsed=3.2s
iter   22/300: games={'X': 4, 'O': 0, 'draw': 16}, buffer=3315, value_loss=0.2151, policy_loss=1.1484, value_error_vs_solver=0.6965 (X=0.7483, O=0.7791), elapsed=2.7s
iter   23/300: games={'X': 8, 'O': 0, 'draw': 12}, buffer=3471, value_loss=0.2048, policy_loss=1.1321, value_error_vs_solver=0.7365 (X=0.6968, O=0.7489), elapsed=2.6s
iter   24/300: games={'X': 11, 'O': 0, 'draw': 9}, buffer=3615, value_loss=0.2025, policy_loss=1.1379, value_error_vs_solver=0.7397 (X=0.6598, O=0.7389), elapsed=2.3s
iter   25/300: games={'X': 7, 'O': 0, 'draw': 13}, buffer=3771, value_loss=0.1934, policy_loss=1.1008, value_error_vs_solver=0.6966 (X=0.6946, O=0.7039), elapsed=2.7s
iter   26/300: games={'X': 8, 'O': 0, 'draw': 12}, buffer=3933, value_loss=0.1946, policy_loss=1.0831, value_error_vs_solver=0.7097 (X=0.6366, O=0.7827), elapsed=2.3s
iter   27/300: games={'X': 8, 'O': 0, 'draw': 12}, buffer=4000, value_loss=0.1884, policy_loss=1.0810, value_error_vs_solver=0.6860 (X=0.6741, O=0.7389), elapsed=2.5s
iter   28/300: games={'X': 3, 'O': 0, 'draw': 17}, buffer=4000, value_loss=0.1918, policy_loss=1.0588, value_error_vs_solver=0.7507 (X=0.7236, O=0.7610), elapsed=2.2s
iter   29/300: games={'X': 4, 'O': 1, 'draw': 15}, buffer=4000, value_loss=0.1809, policy_loss=1.0321, value_error_vs_solver=0.7670 (X=0.6439, O=0.8447), elapsed=2.9s
iter   30/300: games={'X': 5, 'O': 0, 'draw': 15}, buffer=4000, value_loss=0.1738, policy_loss=1.0149, value_error_vs_solver=0.6866 (X=0.7126, O=0.7804), elapsed=2.5s
iter   31/300: games={'X': 5, 'O': 0, 'draw': 15}, buffer=4000, value_loss=0.1714, policy_loss=0.9893, value_error_vs_solver=0.7225 (X=0.6874, O=0.7661), elapsed=2.4s
iter   32/300: games={'X': 4, 'O': 0, 'draw': 16}, buffer=4000, value_loss=0.1634, policy_loss=0.9694, value_error_vs_solver=0.6921 (X=0.6225, O=0.8333), elapsed=2.5s
iter   33/300: games={'X': 5, 'O': 1, 'draw': 14}, buffer=4000, value_loss=0.1604, policy_loss=0.9577, value_error_vs_solver=0.7278 (X=0.6241, O=0.7759), elapsed=2.4s
iter   34/300: games={'X': 2, 'O': 0, 'draw': 18}, buffer=4000, value_loss=0.1510, policy_loss=0.9469, value_error_vs_solver=0.6651 (X=0.6498, O=0.7402), elapsed=2.3s
iter   35/300: games={'X': 5, 'O': 0, 'draw': 15}, buffer=4000, value_loss=0.1560, policy_loss=0.9302, value_error_vs_solver=0.6751 (X=0.6790, O=0.6747), elapsed=3.4s
iter   36/300: games={'X': 2, 'O': 1, 'draw': 17}, buffer=4000, value_loss=0.1471, policy_loss=0.8962, value_error_vs_solver=0.6649 (X=0.6506, O=0.7207), elapsed=2.9s
iter   37/300: games={'X': 3, 'O': 1, 'draw': 16}, buffer=4000, value_loss=0.1478, policy_loss=0.8901, value_error_vs_solver=0.7291 (X=0.6169, O=0.7788), elapsed=2.6s
iter   38/300: games={'X': 5, 'O': 0, 'draw': 15}, buffer=4000, value_loss=0.1411, policy_loss=0.8876, value_error_vs_solver=0.6477 (X=0.6164, O=0.7872), elapsed=2.5s
iter   39/300: games={'X': 6, 'O': 0, 'draw': 14}, buffer=4000, value_loss=0.1428, policy_loss=0.8766, value_error_vs_solver=0.6718 (X=0.5885, O=0.6763), elapsed=2.4s
iter   40/300: games={'X': 5, 'O': 1, 'draw': 14}, buffer=4000, value_loss=0.1434, policy_loss=0.8620, value_error_vs_solver=0.6212 (X=0.6250, O=0.7334), elapsed=2.5s
iter   41/300: games={'X': 2, 'O': 1, 'draw': 17}, buffer=4000, value_loss=0.1409, policy_loss=0.8384, value_error_vs_solver=0.6416 (X=0.6343, O=0.7764), elapsed=2.3s
iter   42/300: games={'X': 5, 'O': 1, 'draw': 14}, buffer=4000, value_loss=0.1327, policy_loss=0.8326, value_error_vs_solver=0.6235 (X=0.6359, O=0.7102), elapsed=2.1s
iter   43/300: games={'X': 1, 'O': 1, 'draw': 18}, buffer=4000, value_loss=0.1380, policy_loss=0.8223, value_error_vs_solver=0.6378 (X=0.6398, O=0.7179), elapsed=2.4s
iter   44/300: games={'X': 3, 'O': 1, 'draw': 16}, buffer=4000, value_loss=0.1281, policy_loss=0.8037, value_error_vs_solver=0.6471 (X=0.6286, O=0.7357), elapsed=2.6s
iter   45/300: games={'X': 6, 'O': 0, 'draw': 14}, buffer=4000, value_loss=0.1237, policy_loss=0.7975, value_error_vs_solver=0.6995 (X=0.5960, O=0.6533), elapsed=2.4s
iter   46/300: games={'X': 4, 'O': 0, 'draw': 16}, buffer=4000, value_loss=0.1270, policy_loss=0.7874, value_error_vs_solver=0.6441 (X=0.6533, O=0.6759), elapsed=3.1s
iter   47/300: games={'X': 7, 'O': 0, 'draw': 13}, buffer=4000, value_loss=0.1255, policy_loss=0.7782, value_error_vs_solver=0.6532 (X=0.5902, O=0.7053), elapsed=3.0s
iter   48/300: games={'X': 6, 'O': 0, 'draw': 14}, buffer=4000, value_loss=0.1245, policy_loss=0.7675, value_error_vs_solver=0.6497 (X=0.6907, O=0.7095), elapsed=3.3s
iter   49/300: games={'X': 3, 'O': 0, 'draw': 17}, buffer=4000, value_loss=0.1183, policy_loss=0.7636, value_error_vs_solver=0.6743 (X=0.6208, O=0.6847), elapsed=2.7s
iter   50/300: games={'X': 5, 'O': 1, 'draw': 14}, buffer=4000, value_loss=0.1194, policy_loss=0.7502, value_error_vs_solver=0.6607 (X=0.6207, O=0.6965), elapsed=2.9s
iter   51/300: games={'X': 0, 'O': 1, 'draw': 19}, buffer=4000, value_loss=0.1165, policy_loss=0.7445, value_error_vs_solver=0.6260 (X=0.5856, O=0.7063), elapsed=2.5s
iter   52/300: games={'X': 4, 'O': 0, 'draw': 16}, buffer=4000, value_loss=0.1203, policy_loss=0.7461, value_error_vs_solver=0.6394 (X=0.6385, O=0.7145), elapsed=2.7s
iter   53/300: games={'X': 3, 'O': 0, 'draw': 17}, buffer=4000, value_loss=0.1187, policy_loss=0.7440, value_error_vs_solver=0.6766 (X=0.6448, O=0.7127), elapsed=2.6s
iter   54/300: games={'X': 4, 'O': 0, 'draw': 16}, buffer=4000, value_loss=0.1079, policy_loss=0.7240, value_error_vs_solver=0.7077 (X=0.6503, O=0.7110), elapsed=2.3s
iter   55/300: games={'X': 5, 'O': 1, 'draw': 14}, buffer=4000, value_loss=0.1111, policy_loss=0.7366, value_error_vs_solver=0.6615 (X=0.5850, O=0.7011), elapsed=2.6s
iter   56/300: games={'X': 5, 'O': 0, 'draw': 15}, buffer=4000, value_loss=0.1084, policy_loss=0.7315, value_error_vs_solver=0.6190 (X=0.5508, O=0.6827), elapsed=3.2s
iter   57/300: games={'X': 3, 'O': 1, 'draw': 16}, buffer=4000, value_loss=0.1136, policy_loss=0.7364, value_error_vs_solver=0.6304 (X=0.6169, O=0.7254), elapsed=2.7s
iter   58/300: games={'X': 4, 'O': 0, 'draw': 16}, buffer=4000, value_loss=0.1143, policy_loss=0.7255, value_error_vs_solver=0.6839 (X=0.6651, O=0.7476), elapsed=2.6s
iter   59/300: games={'X': 2, 'O': 0, 'draw': 18}, buffer=4000, value_loss=0.1117, policy_loss=0.7212, value_error_vs_solver=0.6558 (X=0.5803, O=0.7143), elapsed=2.5s
iter   60/300: games={'X': 3, 'O': 0, 'draw': 17}, buffer=4000, value_loss=0.1130, policy_loss=0.7250, value_error_vs_solver=0.6214 (X=0.5563, O=0.6772), elapsed=2.9s
iter   61/300: games={'X': 2, 'O': 1, 'draw': 17}, buffer=4000, value_loss=0.1099, policy_loss=0.7108, value_error_vs_solver=0.6366 (X=0.6153, O=0.6402), elapsed=2.8s
iter   62/300: games={'X': 5, 'O': 0, 'draw': 15}, buffer=4000, value_loss=0.1070, policy_loss=0.7148, value_error_vs_solver=0.6530 (X=0.6196, O=0.6116), elapsed=2.5s
iter   63/300: games={'X': 2, 'O': 1, 'draw': 17}, buffer=4000, value_loss=0.1041, policy_loss=0.7137, value_error_vs_solver=0.6335 (X=0.5926, O=0.6569), elapsed=2.7s
iter   64/300: games={'X': 6, 'O': 0, 'draw': 14}, buffer=4000, value_loss=0.1052, policy_loss=0.6831, value_error_vs_solver=0.6177 (X=0.5689, O=0.6344), elapsed=2.8s
iter   65/300: games={'X': 0, 'O': 0, 'draw': 20}, buffer=4000, value_loss=0.0992, policy_loss=0.6953, value_error_vs_solver=0.6067 (X=0.6485, O=0.6231), elapsed=2.6s
iter   66/300: games={'X': 2, 'O': 0, 'draw': 18}, buffer=4000, value_loss=0.0962, policy_loss=0.6933, value_error_vs_solver=0.6340 (X=0.6513, O=0.6518), elapsed=2.2s
iter   67/300: games={'X': 3, 'O': 0, 'draw': 17}, buffer=4000, value_loss=0.0911, policy_loss=0.6920, value_error_vs_solver=0.6377 (X=0.6325, O=0.6388), elapsed=2.4s
iter   68/300: games={'X': 4, 'O': 1, 'draw': 15}, buffer=4000, value_loss=0.0898, policy_loss=0.6890, value_error_vs_solver=0.6558 (X=0.6306, O=0.7406), elapsed=2.3s
iter   69/300: games={'X': 2, 'O': 1, 'draw': 17}, buffer=4000, value_loss=0.0916, policy_loss=0.6872, value_error_vs_solver=0.6055 (X=0.5964, O=0.7104), elapsed=3.2s
iter   70/300: games={'X': 6, 'O': 1, 'draw': 13}, buffer=4000, value_loss=0.0898, policy_loss=0.6805, value_error_vs_solver=0.6681 (X=0.6789, O=0.6478), elapsed=3.3s
iter   71/300: games={'X': 3, 'O': 0, 'draw': 17}, buffer=4000, value_loss=0.0886, policy_loss=0.6712, value_error_vs_solver=0.6417 (X=0.6263, O=0.6304), elapsed=2.5s
iter   72/300: games={'X': 3, 'O': 1, 'draw': 16}, buffer=4000, value_loss=0.0887, policy_loss=0.6781, value_error_vs_solver=0.6183 (X=0.6359, O=0.6334), elapsed=2.5s
iter   73/300: games={'X': 2, 'O': 0, 'draw': 18}, buffer=4000, value_loss=0.0820, policy_loss=0.6598, value_error_vs_solver=0.6159 (X=0.6052, O=0.6001), elapsed=2.6s
iter   74/300: games={'X': 2, 'O': 0, 'draw': 18}, buffer=4000, value_loss=0.0832, policy_loss=0.6612, value_error_vs_solver=0.6516 (X=0.5635, O=0.6040), elapsed=2.5s
iter   75/300: games={'X': 2, 'O': 0, 'draw': 18}, buffer=4000, value_loss=0.0825, policy_loss=0.6512, value_error_vs_solver=0.5986 (X=0.5903, O=0.6480), elapsed=2.4s
iter   76/300: games={'X': 3, 'O': 0, 'draw': 17}, buffer=4000, value_loss=0.0791, policy_loss=0.6380, value_error_vs_solver=0.5796 (X=0.6014, O=0.6334), elapsed=2.9s
iter   77/300: games={'X': 1, 'O': 0, 'draw': 19}, buffer=4000, value_loss=0.0787, policy_loss=0.6505, value_error_vs_solver=0.6287 (X=0.6025, O=0.6064), elapsed=2.2s
iter   78/300: games={'X': 3, 'O': 0, 'draw': 17}, buffer=4000, value_loss=0.0813, policy_loss=0.6588, value_error_vs_solver=0.5815 (X=0.5527, O=0.6346), elapsed=2.6s
iter   79/300: games={'X': 1, 'O': 0, 'draw': 19}, buffer=4000, value_loss=0.0740, policy_loss=0.6502, value_error_vs_solver=0.5728 (X=0.5444, O=0.6448), elapsed=2.4s
iter   80/300: games={'X': 1, 'O': 1, 'draw': 18}, buffer=4000, value_loss=0.0750, policy_loss=0.6398, value_error_vs_solver=0.5968 (X=0.5892, O=0.6268), elapsed=2.5s
iter   81/300: games={'X': 4, 'O': 0, 'draw': 16}, buffer=4000, value_loss=0.0716, policy_loss=0.6310, value_error_vs_solver=0.6183 (X=0.5541, O=0.6846), elapsed=2.5s
iter   82/300: games={'X': 2, 'O': 1, 'draw': 17}, buffer=4000, value_loss=0.0709, policy_loss=0.6429, value_error_vs_solver=0.5444 (X=0.5908, O=0.6379), elapsed=2.5s
iter   83/300: games={'X': 4, 'O': 0, 'draw': 16}, buffer=4000, value_loss=0.0718, policy_loss=0.6301, value_error_vs_solver=0.6322 (X=0.5809, O=0.6867), elapsed=2.5s
iter   84/300: games={'X': 2, 'O': 0, 'draw': 18}, buffer=4000, value_loss=0.0723, policy_loss=0.6305, value_error_vs_solver=0.5852 (X=0.6463, O=0.6404), elapsed=3.1s
iter   85/300: games={'X': 6, 'O': 1, 'draw': 13}, buffer=4000, value_loss=0.0779, policy_loss=0.6275, value_error_vs_solver=0.5842 (X=0.6269, O=0.6269), elapsed=3.3s
iter   86/300: games={'X': 4, 'O': 0, 'draw': 16}, buffer=4000, value_loss=0.0789, policy_loss=0.6310, value_error_vs_solver=0.6665 (X=0.5997, O=0.6126), elapsed=2.5s
iter   87/300: games={'X': 2, 'O': 1, 'draw': 17}, buffer=4000, value_loss=0.0768, policy_loss=0.6408, value_error_vs_solver=0.5822 (X=0.5868, O=0.6551), elapsed=2.5s
iter   88/300: games={'X': 3, 'O': 0, 'draw': 17}, buffer=4000, value_loss=0.0777, policy_loss=0.6311, value_error_vs_solver=0.5662 (X=0.5438, O=0.6611), elapsed=2.5s
iter   89/300: games={'X': 3, 'O': 1, 'draw': 16}, buffer=4000, value_loss=0.0809, policy_loss=0.6323, value_error_vs_solver=0.6057 (X=0.5830, O=0.6586), elapsed=2.6s
iter   90/300: games={'X': 2, 'O': 0, 'draw': 18}, buffer=4000, value_loss=0.0797, policy_loss=0.6359, value_error_vs_solver=0.5681 (X=0.5532, O=0.7293), elapsed=2.1s
iter   91/300: games={'X': 2, 'O': 1, 'draw': 17}, buffer=4000, value_loss=0.0770, policy_loss=0.6228, value_error_vs_solver=0.6504 (X=0.5539, O=0.6349), elapsed=2.4s
iter   92/300: games={'X': 3, 'O': 0, 'draw': 17}, buffer=4000, value_loss=0.0772, policy_loss=0.6278, value_error_vs_solver=0.6132 (X=0.6449, O=0.7158), elapsed=2.2s
iter   93/300: games={'X': 6, 'O': 0, 'draw': 14}, buffer=4000, value_loss=0.0778, policy_loss=0.6256, value_error_vs_solver=0.5839 (X=0.5697, O=0.6674), elapsed=2.1s
iter   94/300: games={'X': 4, 'O': 0, 'draw': 16}, buffer=4000, value_loss=0.0830, policy_loss=0.6337, value_error_vs_solver=0.6536 (X=0.5192, O=0.6530), elapsed=2.0s
iter   95/300: games={'X': 6, 'O': 1, 'draw': 13}, buffer=4000, value_loss=0.0828, policy_loss=0.6265, value_error_vs_solver=0.5993 (X=0.6302, O=0.6837), elapsed=2.0s
iter   96/300: games={'X': 4, 'O': 0, 'draw': 16}, buffer=4000, value_loss=0.0815, policy_loss=0.6292, value_error_vs_solver=0.5896 (X=0.6131, O=0.6544), elapsed=2.0s
iter   97/300: games={'X': 4, 'O': 0, 'draw': 16}, buffer=4000, value_loss=0.0833, policy_loss=0.6405, value_error_vs_solver=0.6098 (X=0.5965, O=0.6770), elapsed=2.2s
iter   98/300: games={'X': 4, 'O': 0, 'draw': 16}, buffer=4000, value_loss=0.0857, policy_loss=0.6423, value_error_vs_solver=0.6312 (X=0.5218, O=0.6350), elapsed=2.0s
iter   99/300: games={'X': 1, 'O': 0, 'draw': 19}, buffer=4000, value_loss=0.0855, policy_loss=0.6344, value_error_vs_solver=0.6616 (X=0.5783, O=0.7349), elapsed=2.7s
iter  100/300: games={'X': 4, 'O': 0, 'draw': 16}, buffer=4000, value_loss=0.0829, policy_loss=0.6442, value_error_vs_solver=0.6024 (X=0.5842, O=0.6951), elapsed=3.0s
iter  101/300: games={'X': 4, 'O': 0, 'draw': 16}, buffer=4000, value_loss=0.0835, policy_loss=0.6315, value_error_vs_solver=0.6556 (X=0.5344, O=0.7150), elapsed=2.6s
iter  102/300: games={'X': 4, 'O': 0, 'draw': 16}, buffer=4000, value_loss=0.0866, policy_loss=0.6413, value_error_vs_solver=0.6012 (X=0.6201, O=0.6370), elapsed=2.1s
iter  103/300: games={'X': 3, 'O': 0, 'draw': 17}, buffer=4000, value_loss=0.0876, policy_loss=0.6401, value_error_vs_solver=0.6312 (X=0.5682, O=0.6546), elapsed=1.9s
iter  104/300: games={'X': 4, 'O': 0, 'draw': 16}, buffer=4000, value_loss=0.0860, policy_loss=0.6278, value_error_vs_solver=0.5465 (X=0.5471, O=0.6886), elapsed=2.1s
iter  105/300: games={'X': 3, 'O': 0, 'draw': 17}, buffer=4000, value_loss=0.0894, policy_loss=0.6372, value_error_vs_solver=0.6063 (X=0.5871, O=0.5637), elapsed=2.1s
iter  106/300: games={'X': 1, 'O': 2, 'draw': 17}, buffer=4000, value_loss=0.0884, policy_loss=0.6396, value_error_vs_solver=0.5984 (X=0.5718, O=0.6266), elapsed=2.2s
iter  107/300: games={'X': 3, 'O': 0, 'draw': 17}, buffer=4000, value_loss=0.0869, policy_loss=0.6282, value_error_vs_solver=0.5883 (X=0.5336, O=0.6365), elapsed=2.3s
iter  108/300: games={'X': 3, 'O': 1, 'draw': 16}, buffer=4000, value_loss=0.0883, policy_loss=0.6342, value_error_vs_solver=0.5974 (X=0.5417, O=0.6345), elapsed=2.2s
iter  109/300: games={'X': 5, 'O': 1, 'draw': 14}, buffer=4000, value_loss=0.0886, policy_loss=0.6361, value_error_vs_solver=0.5489 (X=0.5991, O=0.6353), elapsed=2.3s
iter  110/300: games={'X': 5, 'O': 0, 'draw': 15}, buffer=4000, value_loss=0.0907, policy_loss=0.6399, value_error_vs_solver=0.5958 (X=0.5224, O=0.5876), elapsed=2.1s
iter  111/300: games={'X': 3, 'O': 0, 'draw': 17}, buffer=4000, value_loss=0.0874, policy_loss=0.6437, value_error_vs_solver=0.5369 (X=0.5497, O=0.6944), elapsed=2.6s
iter  112/300: games={'X': 4, 'O': 0, 'draw': 16}, buffer=4000, value_loss=0.0914, policy_loss=0.6328, value_error_vs_solver=0.6432 (X=0.5768, O=0.5474), elapsed=2.4s
iter  113/300: games={'X': 4, 'O': 0, 'draw': 16}, buffer=4000, value_loss=0.0875, policy_loss=0.6350, value_error_vs_solver=0.6073 (X=0.5120, O=0.6600), elapsed=2.2s
iter  114/300: games={'X': 2, 'O': 2, 'draw': 16}, buffer=4000, value_loss=0.0917, policy_loss=0.6395, value_error_vs_solver=0.5825 (X=0.5916, O=0.6548), elapsed=2.4s
iter  115/300: games={'X': 2, 'O': 1, 'draw': 17}, buffer=4000, value_loss=0.0910, policy_loss=0.6280, value_error_vs_solver=0.5775 (X=0.5315, O=0.6686), elapsed=2.3s
iter  116/300: games={'X': 2, 'O': 0, 'draw': 18}, buffer=4000, value_loss=0.0894, policy_loss=0.6293, value_error_vs_solver=0.5814 (X=0.5372, O=0.6323), elapsed=2.3s
iter  117/300: games={'X': 1, 'O': 0, 'draw': 19}, buffer=4000, value_loss=0.0887, policy_loss=0.6251, value_error_vs_solver=0.5870 (X=0.5089, O=0.6300), elapsed=2.1s
iter  118/300: games={'X': 3, 'O': 0, 'draw': 17}, buffer=4000, value_loss=0.0868, policy_loss=0.6263, value_error_vs_solver=0.5795 (X=0.5714, O=0.5702), elapsed=2.3s
iter  119/300: games={'X': 3, 'O': 0, 'draw': 17}, buffer=4000, value_loss=0.0788, policy_loss=0.6129, value_error_vs_solver=0.5829 (X=0.5591, O=0.6532), elapsed=2.3s
iter  120/300: games={'X': 1, 'O': 1, 'draw': 18}, buffer=4000, value_loss=0.0746, policy_loss=0.6062, value_error_vs_solver=0.6113 (X=0.5668, O=0.5907), elapsed=2.2s
iter  121/300: games={'X': 1, 'O': 0, 'draw': 19}, buffer=4000, value_loss=0.0706, policy_loss=0.6121, value_error_vs_solver=0.5486 (X=0.5422, O=0.5771), elapsed=2.2s
iter  122/300: games={'X': 3, 'O': 0, 'draw': 17}, buffer=4000, value_loss=0.0712, policy_loss=0.6155, value_error_vs_solver=0.6219 (X=0.5123, O=0.6303), elapsed=2.3s
iter  123/300: games={'X': 2, 'O': 1, 'draw': 17}, buffer=4000, value_loss=0.0744, policy_loss=0.6175, value_error_vs_solver=0.5472 (X=0.5745, O=0.5883), elapsed=2.1s
iter  124/300: games={'X': 3, 'O': 0, 'draw': 17}, buffer=4000, value_loss=0.0702, policy_loss=0.6124, value_error_vs_solver=0.5605 (X=0.4645, O=0.6243), elapsed=1.9s
iter  125/300: games={'X': 3, 'O': 0, 'draw': 17}, buffer=4000, value_loss=0.0776, policy_loss=0.6264, value_error_vs_solver=0.5568 (X=0.5369, O=0.6559), elapsed=2.4s
iter  126/300: games={'X': 3, 'O': 2, 'draw': 15}, buffer=4000, value_loss=0.0742, policy_loss=0.6312, value_error_vs_solver=0.5091 (X=0.4550, O=0.5639), elapsed=2.6s
iter  127/300: games={'X': 1, 'O': 0, 'draw': 19}, buffer=4000, value_loss=0.0728, policy_loss=0.6096, value_error_vs_solver=0.5373 (X=0.5156, O=0.6116), elapsed=2.3s
iter  128/300: games={'X': 3, 'O': 0, 'draw': 17}, buffer=4000, value_loss=0.0712, policy_loss=0.6151, value_error_vs_solver=0.5994 (X=0.4807, O=0.5780), elapsed=2.0s
iter  129/300: games={'X': 3, 'O': 0, 'draw': 17}, buffer=4000, value_loss=0.0684, policy_loss=0.6174, value_error_vs_solver=0.5651 (X=0.4802, O=0.5743), elapsed=2.2s
iter  130/300: games={'X': 3, 'O': 0, 'draw': 17}, buffer=4000, value_loss=0.0682, policy_loss=0.6119, value_error_vs_solver=0.5643 (X=0.4951, O=0.5943), elapsed=2.3s
iter  131/300: games={'X': 2, 'O': 1, 'draw': 17}, buffer=4000, value_loss=0.0668, policy_loss=0.6177, value_error_vs_solver=0.5542 (X=0.4760, O=0.6289), elapsed=2.1s
iter  132/300: games={'X': 2, 'O': 1, 'draw': 17}, buffer=4000, value_loss=0.0692, policy_loss=0.6191, value_error_vs_solver=0.6080 (X=0.5003, O=0.6362), elapsed=2.0s
iter  133/300: games={'X': 2, 'O': 0, 'draw': 18}, buffer=4000, value_loss=0.0644, policy_loss=0.6150, value_error_vs_solver=0.5124 (X=0.4852, O=0.5898), elapsed=2.0s
iter  134/300: games={'X': 7, 'O': 0, 'draw': 13}, buffer=4000, value_loss=0.0649, policy_loss=0.6218, value_error_vs_solver=0.5459 (X=0.5176, O=0.5575), elapsed=2.1s
iter  135/300: games={'X': 1, 'O': 0, 'draw': 19}, buffer=4000, value_loss=0.0652, policy_loss=0.6102, value_error_vs_solver=0.5252 (X=0.5495, O=0.5900), elapsed=2.3s
iter  136/300: games={'X': 3, 'O': 1, 'draw': 16}, buffer=4000, value_loss=0.0712, policy_loss=0.6154, value_error_vs_solver=0.5169 (X=0.5783, O=0.5882), elapsed=2.3s
iter  137/300: games={'X': 3, 'O': 0, 'draw': 17}, buffer=4000, value_loss=0.0614, policy_loss=0.6202, value_error_vs_solver=0.5426 (X=0.4864, O=0.5812), elapsed=2.2s
iter  138/300: games={'X': 3, 'O': 0, 'draw': 17}, buffer=4000, value_loss=0.0600, policy_loss=0.6107, value_error_vs_solver=0.5548 (X=0.4662, O=0.5833), elapsed=2.3s
iter  139/300: games={'X': 1, 'O': 0, 'draw': 19}, buffer=4000, value_loss=0.0595, policy_loss=0.6084, value_error_vs_solver=0.4942 (X=0.4717, O=0.6042), elapsed=2.2s
iter  140/300: games={'X': 2, 'O': 0, 'draw': 18}, buffer=4000, value_loss=0.0581, policy_loss=0.6064, value_error_vs_solver=0.5595 (X=0.5805, O=0.5710), elapsed=2.0s
iter  141/300: games={'X': 5, 'O': 0, 'draw': 15}, buffer=4000, value_loss=0.0594, policy_loss=0.5996, value_error_vs_solver=0.5225 (X=0.4552, O=0.5797), elapsed=2.0s
iter  142/300: games={'X': 2, 'O': 0, 'draw': 18}, buffer=4000, value_loss=0.0628, policy_loss=0.6089, value_error_vs_solver=0.5349 (X=0.5250, O=0.5785), elapsed=2.2s
iter  143/300: games={'X': 5, 'O': 0, 'draw': 15}, buffer=4000, value_loss=0.0652, policy_loss=0.6047, value_error_vs_solver=0.5267 (X=0.4977, O=0.5443), elapsed=2.0s
iter  144/300: games={'X': 1, 'O': 1, 'draw': 18}, buffer=4000, value_loss=0.0672, policy_loss=0.6127, value_error_vs_solver=0.5229 (X=0.4768, O=0.6054), elapsed=2.6s
iter  145/300: games={'X': 1, 'O': 0, 'draw': 19}, buffer=4000, value_loss=0.0636, policy_loss=0.6057, value_error_vs_solver=0.5235 (X=0.4820, O=0.5931), elapsed=3.3s
iter  146/300: games={'X': 2, 'O': 0, 'draw': 18}, buffer=4000, value_loss=0.0638, policy_loss=0.6049, value_error_vs_solver=0.5687 (X=0.5620, O=0.6219), elapsed=3.1s
iter  147/300: games={'X': 1, 'O': 0, 'draw': 19}, buffer=4000, value_loss=0.0580, policy_loss=0.6066, value_error_vs_solver=0.5684 (X=0.5198, O=0.6013), elapsed=2.4s
iter  148/300: games={'X': 0, 'O': 1, 'draw': 19}, buffer=4000, value_loss=0.0593, policy_loss=0.5952, value_error_vs_solver=0.5698 (X=0.5267, O=0.5720), elapsed=2.6s
iter  149/300: games={'X': 4, 'O': 1, 'draw': 15}, buffer=4000, value_loss=0.0656, policy_loss=0.5997, value_error_vs_solver=0.5867 (X=0.5430, O=0.6205), elapsed=2.4s
iter  150/300: games={'X': 5, 'O': 2, 'draw': 13}, buffer=4000, value_loss=0.0667, policy_loss=0.5974, value_error_vs_solver=0.5893 (X=0.5272, O=0.5641), elapsed=2.1s
iter  151/300: games={'X': 5, 'O': 0, 'draw': 15}, buffer=4000, value_loss=0.0730, policy_loss=0.6044, value_error_vs_solver=0.5343 (X=0.5000, O=0.6338), elapsed=2.4s
iter  152/300: games={'X': 5, 'O': 0, 'draw': 15}, buffer=4000, value_loss=0.0747, policy_loss=0.6029, value_error_vs_solver=0.5588 (X=0.4577, O=0.6207), elapsed=2.3s
iter  153/300: games={'X': 3, 'O': 0, 'draw': 17}, buffer=4000, value_loss=0.0813, policy_loss=0.6059, value_error_vs_solver=0.4893 (X=0.4856, O=0.6212), elapsed=2.2s
iter  154/300: games={'X': 3, 'O': 1, 'draw': 16}, buffer=4000, value_loss=0.0793, policy_loss=0.6031, value_error_vs_solver=0.5973 (X=0.5114, O=0.6423), elapsed=2.2s
iter  155/300: games={'X': 3, 'O': 0, 'draw': 17}, buffer=4000, value_loss=0.0830, policy_loss=0.6039, value_error_vs_solver=0.5893 (X=0.5262, O=0.5764), elapsed=2.4s
iter  156/300: games={'X': 3, 'O': 0, 'draw': 17}, buffer=4000, value_loss=0.0813, policy_loss=0.6096, value_error_vs_solver=0.5755 (X=0.4850, O=0.6032), elapsed=2.1s
iter  157/300: games={'X': 3, 'O': 0, 'draw': 17}, buffer=4000, value_loss=0.0780, policy_loss=0.6077, value_error_vs_solver=0.5278 (X=0.4968, O=0.5558), elapsed=2.3s
iter  158/300: games={'X': 4, 'O': 0, 'draw': 16}, buffer=4000, value_loss=0.0719, policy_loss=0.6074, value_error_vs_solver=0.5262 (X=0.4691, O=0.5712), elapsed=2.2s
iter  159/300: games={'X': 0, 'O': 0, 'draw': 20}, buffer=4000, value_loss=0.0736, policy_loss=0.6058, value_error_vs_solver=0.5503 (X=0.4906, O=0.5914), elapsed=2.6s
iter  160/300: games={'X': 0, 'O': 0, 'draw': 20}, buffer=4000, value_loss=0.0723, policy_loss=0.6100, value_error_vs_solver=0.5870 (X=0.5426, O=0.6323), elapsed=2.3s
iter  161/300: games={'X': 3, 'O': 0, 'draw': 17}, buffer=4000, value_loss=0.0677, policy_loss=0.5957, value_error_vs_solver=0.6036 (X=0.4468, O=0.6618), elapsed=2.1s
iter  162/300: games={'X': 2, 'O': 0, 'draw': 18}, buffer=4000, value_loss=0.0728, policy_loss=0.5965, value_error_vs_solver=0.6043 (X=0.5617, O=0.6889), elapsed=2.2s
iter  163/300: games={'X': 2, 'O': 0, 'draw': 18}, buffer=4000, value_loss=0.0725, policy_loss=0.5972, value_error_vs_solver=0.5739 (X=0.5029, O=0.6979), elapsed=2.1s
iter  164/300: games={'X': 3, 'O': 0, 'draw': 17}, buffer=4000, value_loss=0.0641, policy_loss=0.5912, value_error_vs_solver=0.5371 (X=0.4207, O=0.6482), elapsed=2.2s
iter  165/300: games={'X': 4, 'O': 0, 'draw': 16}, buffer=4000, value_loss=0.0628, policy_loss=0.6000, value_error_vs_solver=0.5628 (X=0.4602, O=0.6287), elapsed=2.5s
iter  166/300: games={'X': 0, 'O': 0, 'draw': 20}, buffer=4000, value_loss=0.0614, policy_loss=0.5979, value_error_vs_solver=0.5829 (X=0.5328, O=0.6787), elapsed=2.4s
iter  167/300: games={'X': 1, 'O': 0, 'draw': 19}, buffer=4000, value_loss=0.0615, policy_loss=0.5911, value_error_vs_solver=0.5814 (X=0.5085, O=0.6610), elapsed=2.6s
iter  168/300: games={'X': 0, 'O': 0, 'draw': 20}, buffer=4000, value_loss=0.0591, policy_loss=0.5877, value_error_vs_solver=0.5777 (X=0.5176, O=0.5864), elapsed=3.1s
iter  169/300: games={'X': 3, 'O': 0, 'draw': 17}, buffer=4000, value_loss=0.0600, policy_loss=0.5933, value_error_vs_solver=0.5936 (X=0.4817, O=0.6114), elapsed=3.2s
iter  170/300: games={'X': 1, 'O': 0, 'draw': 19}, buffer=4000, value_loss=0.0629, policy_loss=0.5981, value_error_vs_solver=0.5543 (X=0.5631, O=0.6256), elapsed=3.4s
iter  171/300: games={'X': 3, 'O': 0, 'draw': 17}, buffer=4000, value_loss=0.0623, policy_loss=0.5927, value_error_vs_solver=0.5512 (X=0.5145, O=0.6465), elapsed=2.0s
iter  172/300: games={'X': 3, 'O': 2, 'draw': 15}, buffer=4000, value_loss=0.0600, policy_loss=0.6000, value_error_vs_solver=0.5542 (X=0.5005, O=0.5807), elapsed=2.2s
iter  173/300: games={'X': 1, 'O': 1, 'draw': 18}, buffer=4000, value_loss=0.0578, policy_loss=0.5919, value_error_vs_solver=0.5686 (X=0.4978, O=0.6489), elapsed=2.0s
iter  174/300: games={'X': 2, 'O': 0, 'draw': 18}, buffer=4000, value_loss=0.0540, policy_loss=0.6018, value_error_vs_solver=0.5190 (X=0.5288, O=0.6336), elapsed=2.9s
iter  175/300: games={'X': 1, 'O': 0, 'draw': 19}, buffer=4000, value_loss=0.0476, policy_loss=0.5868, value_error_vs_solver=0.5491 (X=0.5025, O=0.6686), elapsed=2.6s
iter  176/300: games={'X': 0, 'O': 0, 'draw': 20}, buffer=4000, value_loss=0.0430, policy_loss=0.5822, value_error_vs_solver=0.4879 (X=0.4751, O=0.6304), elapsed=2.7s
iter  177/300: games={'X': 1, 'O': 0, 'draw': 19}, buffer=4000, value_loss=0.0435, policy_loss=0.5854, value_error_vs_solver=0.4883 (X=0.5086, O=0.6321), elapsed=2.5s
iter  178/300: games={'X': 2, 'O': 0, 'draw': 18}, buffer=4000, value_loss=0.0412, policy_loss=0.5735, value_error_vs_solver=0.5596 (X=0.4895, O=0.6596), elapsed=3.0s
iter  179/300: games={'X': 1, 'O': 0, 'draw': 19}, buffer=4000, value_loss=0.0379, policy_loss=0.5740, value_error_vs_solver=0.5771 (X=0.4802, O=0.6215), elapsed=3.6s
iter  180/300: games={'X': 1, 'O': 0, 'draw': 19}, buffer=4000, value_loss=0.0362, policy_loss=0.5792, value_error_vs_solver=0.5029 (X=0.5075, O=0.5903), elapsed=3.7s
iter  181/300: games={'X': 1, 'O': 0, 'draw': 19}, buffer=4000, value_loss=0.0313, policy_loss=0.5798, value_error_vs_solver=0.5841 (X=0.5321, O=0.5971), elapsed=3.9s
iter  182/300: games={'X': 5, 'O': 1, 'draw': 14}, buffer=4000, value_loss=0.0389, policy_loss=0.5812, value_error_vs_solver=0.5823 (X=0.4733, O=0.6051), elapsed=2.9s
iter  183/300: games={'X': 3, 'O': 0, 'draw': 17}, buffer=4000, value_loss=0.0398, policy_loss=0.5647, value_error_vs_solver=0.5355 (X=0.4770, O=0.5469), elapsed=2.5s
iter  184/300: games={'X': 3, 'O': 0, 'draw': 17}, buffer=4000, value_loss=0.0408, policy_loss=0.5789, value_error_vs_solver=0.5344 (X=0.4623, O=0.5586), elapsed=2.3s
iter  185/300: games={'X': 3, 'O': 0, 'draw': 17}, buffer=4000, value_loss=0.0427, policy_loss=0.5843, value_error_vs_solver=0.4976 (X=0.5123, O=0.6369), elapsed=2.3s
iter  186/300: games={'X': 3, 'O': 1, 'draw': 16}, buffer=4000, value_loss=0.0484, policy_loss=0.5758, value_error_vs_solver=0.5493 (X=0.4814, O=0.6412), elapsed=2.0s
iter  187/300: games={'X': 1, 'O': 0, 'draw': 19}, buffer=4000, value_loss=0.0453, policy_loss=0.5759, value_error_vs_solver=0.5781 (X=0.4851, O=0.6569), elapsed=2.1s
iter  188/300: games={'X': 2, 'O': 0, 'draw': 18}, buffer=4000, value_loss=0.0466, policy_loss=0.5807, value_error_vs_solver=0.5704 (X=0.4653, O=0.6610), elapsed=2.5s
iter  189/300: games={'X': 0, 'O': 1, 'draw': 19}, buffer=4000, value_loss=0.0460, policy_loss=0.5712, value_error_vs_solver=0.5985 (X=0.4957, O=0.6037), elapsed=2.2s
iter  190/300: games={'X': 3, 'O': 0, 'draw': 17}, buffer=4000, value_loss=0.0473, policy_loss=0.5782, value_error_vs_solver=0.5693 (X=0.5964, O=0.6403), elapsed=2.5s
iter  191/300: games={'X': 1, 'O': 0, 'draw': 19}, buffer=4000, value_loss=0.0478, policy_loss=0.5671, value_error_vs_solver=0.5222 (X=0.4670, O=0.5940), elapsed=2.2s
iter  192/300: games={'X': 2, 'O': 0, 'draw': 18}, buffer=4000, value_loss=0.0466, policy_loss=0.5763, value_error_vs_solver=0.5382 (X=0.4641, O=0.6326), elapsed=2.3s
iter  193/300: games={'X': 1, 'O': 1, 'draw': 18}, buffer=4000, value_loss=0.0500, policy_loss=0.5701, value_error_vs_solver=0.5353 (X=0.4661, O=0.6128), elapsed=2.8s
iter  194/300: games={'X': 1, 'O': 0, 'draw': 19}, buffer=4000, value_loss=0.0480, policy_loss=0.5704, value_error_vs_solver=0.6268 (X=0.5570, O=0.6431), elapsed=3.4s
iter  195/300: games={'X': 1, 'O': 1, 'draw': 18}, buffer=4000, value_loss=0.0402, policy_loss=0.5640, value_error_vs_solver=0.5159 (X=0.4864, O=0.5762), elapsed=3.1s
iter  196/300: games={'X': 5, 'O': 0, 'draw': 15}, buffer=4000, value_loss=0.0447, policy_loss=0.5646, value_error_vs_solver=0.5465 (X=0.5469, O=0.6231), elapsed=2.2s
iter  197/300: games={'X': 3, 'O': 0, 'draw': 17}, buffer=4000, value_loss=0.0474, policy_loss=0.5631, value_error_vs_solver=0.5556 (X=0.5216, O=0.5862), elapsed=2.7s
iter  198/300: games={'X': 3, 'O': 1, 'draw': 16}, buffer=4000, value_loss=0.0508, policy_loss=0.5615, value_error_vs_solver=0.5574 (X=0.5621, O=0.5942), elapsed=2.7s
iter  199/300: games={'X': 1, 'O': 0, 'draw': 19}, buffer=4000, value_loss=0.0517, policy_loss=0.5597, value_error_vs_solver=0.6113 (X=0.5533, O=0.6335), elapsed=2.3s
iter  200/300: games={'X': 1, 'O': 0, 'draw': 19}, buffer=4000, value_loss=0.0511, policy_loss=0.5632, value_error_vs_solver=0.5885 (X=0.5240, O=0.5971), elapsed=2.0s
iter  201/300: games={'X': 3, 'O': 1, 'draw': 16}, buffer=4000, value_loss=0.0545, policy_loss=0.5717, value_error_vs_solver=0.5395 (X=0.5091, O=0.5994), elapsed=1.8s
iter  202/300: games={'X': 0, 'O': 1, 'draw': 19}, buffer=4000, value_loss=0.0536, policy_loss=0.5727, value_error_vs_solver=0.5833 (X=0.5892, O=0.5781), elapsed=2.3s
iter  203/300: games={'X': 1, 'O': 0, 'draw': 19}, buffer=4000, value_loss=0.0525, policy_loss=0.5667, value_error_vs_solver=0.5668 (X=0.5273, O=0.6255), elapsed=2.3s
iter  204/300: games={'X': 2, 'O': 0, 'draw': 18}, buffer=4000, value_loss=0.0531, policy_loss=0.5695, value_error_vs_solver=0.5895 (X=0.5401, O=0.5832), elapsed=2.2s
iter  205/300: games={'X': 4, 'O': 0, 'draw': 16}, buffer=4000, value_loss=0.0503, policy_loss=0.5684, value_error_vs_solver=0.6176 (X=0.4913, O=0.6365), elapsed=2.4s
iter  206/300: games={'X': 2, 'O': 1, 'draw': 17}, buffer=4000, value_loss=0.0510, policy_loss=0.5707, value_error_vs_solver=0.5376 (X=0.5056, O=0.6019), elapsed=2.5s
iter  207/300: games={'X': 3, 'O': 0, 'draw': 17}, buffer=4000, value_loss=0.0548, policy_loss=0.5717, value_error_vs_solver=0.5482 (X=0.4911, O=0.5678), elapsed=2.1s
iter  208/300: games={'X': 2, 'O': 1, 'draw': 17}, buffer=4000, value_loss=0.0508, policy_loss=0.5761, value_error_vs_solver=0.5772 (X=0.4980, O=0.5586), elapsed=2.2s
iter  209/300: games={'X': 3, 'O': 0, 'draw': 17}, buffer=4000, value_loss=0.0460, policy_loss=0.5890, value_error_vs_solver=0.5674 (X=0.4744, O=0.5675), elapsed=2.3s
iter  210/300: games={'X': 1, 'O': 1, 'draw': 18}, buffer=4000, value_loss=0.0530, policy_loss=0.5773, value_error_vs_solver=0.5348 (X=0.5183, O=0.6231), elapsed=2.4s
iter  211/300: games={'X': 3, 'O': 0, 'draw': 17}, buffer=4000, value_loss=0.0506, policy_loss=0.5723, value_error_vs_solver=0.5479 (X=0.5235, O=0.6210), elapsed=2.2s
iter  212/300: games={'X': 2, 'O': 1, 'draw': 17}, buffer=4000, value_loss=0.0546, policy_loss=0.5684, value_error_vs_solver=0.4845 (X=0.4620, O=0.5313), elapsed=2.8s
iter  213/300: games={'X': 3, 'O': 1, 'draw': 16}, buffer=4000, value_loss=0.0619, policy_loss=0.5825, value_error_vs_solver=0.4837 (X=0.4508, O=0.5393), elapsed=3.1s
iter  214/300: games={'X': 4, 'O': 0, 'draw': 16}, buffer=4000, value_loss=0.0616, policy_loss=0.5757, value_error_vs_solver=0.5094 (X=0.4568, O=0.5864), elapsed=3.1s
iter  215/300: games={'X': 1, 'O': 1, 'draw': 18}, buffer=4000, value_loss=0.0593, policy_loss=0.5745, value_error_vs_solver=0.5346 (X=0.5544, O=0.5731), elapsed=2.8s
iter  216/300: games={'X': 3, 'O': 0, 'draw': 17}, buffer=4000, value_loss=0.0618, policy_loss=0.5776, value_error_vs_solver=0.4954 (X=0.4952, O=0.6443), elapsed=3.1s
iter  217/300: games={'X': 1, 'O': 1, 'draw': 18}, buffer=4000, value_loss=0.0627, policy_loss=0.5838, value_error_vs_solver=0.5049 (X=0.4840, O=0.5155), elapsed=2.5s
iter  218/300: games={'X': 2, 'O': 1, 'draw': 17}, buffer=4000, value_loss=0.0701, policy_loss=0.5826, value_error_vs_solver=0.5151 (X=0.4449, O=0.5945), elapsed=2.3s
iter  219/300: games={'X': 6, 'O': 0, 'draw': 14}, buffer=4000, value_loss=0.0658, policy_loss=0.5745, value_error_vs_solver=0.5371 (X=0.4256, O=0.6284), elapsed=2.3s
iter  220/300: games={'X': 2, 'O': 0, 'draw': 18}, buffer=4000, value_loss=0.0645, policy_loss=0.5677, value_error_vs_solver=0.5439 (X=0.5234, O=0.5694), elapsed=2.3s
iter  221/300: games={'X': 3, 'O': 1, 'draw': 16}, buffer=4000, value_loss=0.0638, policy_loss=0.5782, value_error_vs_solver=0.5607 (X=0.4817, O=0.5690), elapsed=2.4s
iter  222/300: games={'X': 3, 'O': 0, 'draw': 17}, buffer=4000, value_loss=0.0674, policy_loss=0.5745, value_error_vs_solver=0.5135 (X=0.5803, O=0.6163), elapsed=2.6s
iter  223/300: games={'X': 1, 'O': 0, 'draw': 19}, buffer=4000, value_loss=0.0631, policy_loss=0.5725, value_error_vs_solver=0.4949 (X=0.4675, O=0.5760), elapsed=2.4s
iter  224/300: games={'X': 3, 'O': 0, 'draw': 17}, buffer=4000, value_loss=0.0655, policy_loss=0.5853, value_error_vs_solver=0.5360 (X=0.4701, O=0.5302), elapsed=2.2s
iter  225/300: games={'X': 4, 'O': 0, 'draw': 16}, buffer=4000, value_loss=0.0680, policy_loss=0.5815, value_error_vs_solver=0.5517 (X=0.4861, O=0.5824), elapsed=2.3s
iter  226/300: games={'X': 0, 'O': 0, 'draw': 20}, buffer=4000, value_loss=0.0598, policy_loss=0.5709, value_error_vs_solver=0.5321 (X=0.4405, O=0.5729), elapsed=2.9s
iter  227/300: games={'X': 1, 'O': 0, 'draw': 19}, buffer=4000, value_loss=0.0631, policy_loss=0.5767, value_error_vs_solver=0.5038 (X=0.5090, O=0.5875), elapsed=2.3s
iter  228/300: games={'X': 2, 'O': 0, 'draw': 18}, buffer=4000, value_loss=0.0629, policy_loss=0.5824, value_error_vs_solver=0.5375 (X=0.4063, O=0.5934), elapsed=2.3s
iter  229/300: games={'X': 1, 'O': 0, 'draw': 19}, buffer=4000, value_loss=0.0575, policy_loss=0.5619, value_error_vs_solver=0.5153 (X=0.3975, O=0.5764), elapsed=2.4s
iter  230/300: games={'X': 4, 'O': 0, 'draw': 16}, buffer=4000, value_loss=0.0610, policy_loss=0.5734, value_error_vs_solver=0.5694 (X=0.5089, O=0.6225), elapsed=2.5s
iter  231/300: games={'X': 1, 'O': 0, 'draw': 19}, buffer=4000, value_loss=0.0572, policy_loss=0.5702, value_error_vs_solver=0.5029 (X=0.5209, O=0.6008), elapsed=2.4s
iter  232/300: games={'X': 3, 'O': 0, 'draw': 17}, buffer=4000, value_loss=0.0586, policy_loss=0.5710, value_error_vs_solver=0.4879 (X=0.4244, O=0.5778), elapsed=2.4s
iter  233/300: games={'X': 4, 'O': 0, 'draw': 16}, buffer=4000, value_loss=0.0575, policy_loss=0.5672, value_error_vs_solver=0.5481 (X=0.5053, O=0.6213), elapsed=2.5s
iter  234/300: games={'X': 1, 'O': 0, 'draw': 19}, buffer=4000, value_loss=0.0514, policy_loss=0.5655, value_error_vs_solver=0.5528 (X=0.4269, O=0.5431), elapsed=2.2s
iter  235/300: games={'X': 3, 'O': 0, 'draw': 17}, buffer=4000, value_loss=0.0505, policy_loss=0.5643, value_error_vs_solver=0.5153 (X=0.4553, O=0.5630), elapsed=2.7s
iter  236/300: games={'X': 1, 'O': 0, 'draw': 19}, buffer=4000, value_loss=0.0536, policy_loss=0.5755, value_error_vs_solver=0.5364 (X=0.5014, O=0.6192), elapsed=2.9s
iter  237/300: games={'X': 3, 'O': 0, 'draw': 17}, buffer=4000, value_loss=0.0543, policy_loss=0.5762, value_error_vs_solver=0.5476 (X=0.4670, O=0.6279), elapsed=2.5s
iter  238/300: games={'X': 0, 'O': 0, 'draw': 20}, buffer=4000, value_loss=0.0480, policy_loss=0.5659, value_error_vs_solver=0.5858 (X=0.5169, O=0.6047), elapsed=2.6s
iter  239/300: games={'X': 6, 'O': 0, 'draw': 14}, buffer=4000, value_loss=0.0487, policy_loss=0.5776, value_error_vs_solver=0.5066 (X=0.4946, O=0.6260), elapsed=2.6s
iter  240/300: games={'X': 3, 'O': 0, 'draw': 17}, buffer=4000, value_loss=0.0498, policy_loss=0.5717, value_error_vs_solver=0.5580 (X=0.4989, O=0.6858), elapsed=2.4s
iter  241/300: games={'X': 2, 'O': 1, 'draw': 17}, buffer=4000, value_loss=0.0531, policy_loss=0.5763, value_error_vs_solver=0.6100 (X=0.4821, O=0.6362), elapsed=2.3s
iter  242/300: games={'X': 2, 'O': 0, 'draw': 18}, buffer=4000, value_loss=0.0456, policy_loss=0.5736, value_error_vs_solver=0.5346 (X=0.4613, O=0.5386), elapsed=2.3s
iter  243/300: games={'X': 1, 'O': 2, 'draw': 17}, buffer=4000, value_loss=0.0537, policy_loss=0.5769, value_error_vs_solver=0.5494 (X=0.4662, O=0.6651), elapsed=2.2s
iter  244/300: games={'X': 6, 'O': 0, 'draw': 14}, buffer=4000, value_loss=0.0549, policy_loss=0.5704, value_error_vs_solver=0.5364 (X=0.5071, O=0.6743), elapsed=2.2s
iter  245/300: games={'X': 1, 'O': 0, 'draw': 19}, buffer=4000, value_loss=0.0546, policy_loss=0.5754, value_error_vs_solver=0.5740 (X=0.5305, O=0.5777), elapsed=2.4s
iter  246/300: games={'X': 2, 'O': 1, 'draw': 17}, buffer=4000, value_loss=0.0576, policy_loss=0.5762, value_error_vs_solver=0.5514 (X=0.5105, O=0.5584), elapsed=2.2s
iter  247/300: games={'X': 3, 'O': 1, 'draw': 16}, buffer=4000, value_loss=0.0562, policy_loss=0.5799, value_error_vs_solver=0.5287 (X=0.4012, O=0.5953), elapsed=2.4s
iter  248/300: games={'X': 0, 'O': 0, 'draw': 20}, buffer=4000, value_loss=0.0514, policy_loss=0.5785, value_error_vs_solver=0.5409 (X=0.4181, O=0.6241), elapsed=2.4s
iter  249/300: games={'X': 0, 'O': 0, 'draw': 20}, buffer=4000, value_loss=0.0500, policy_loss=0.5728, value_error_vs_solver=0.5316 (X=0.5231, O=0.6217), elapsed=2.1s
iter  250/300: games={'X': 1, 'O': 1, 'draw': 18}, buffer=4000, value_loss=0.0511, policy_loss=0.5708, value_error_vs_solver=0.5306 (X=0.5208, O=0.6271), elapsed=2.4s
iter  251/300: games={'X': 3, 'O': 0, 'draw': 17}, buffer=4000, value_loss=0.0518, policy_loss=0.5727, value_error_vs_solver=0.5969 (X=0.4737, O=0.6123), elapsed=2.5s
iter  252/300: games={'X': 1, 'O': 1, 'draw': 18}, buffer=4000, value_loss=0.0522, policy_loss=0.5790, value_error_vs_solver=0.5063 (X=0.4331, O=0.5695), elapsed=2.1s
iter  253/300: games={'X': 2, 'O': 0, 'draw': 18}, buffer=4000, value_loss=0.0479, policy_loss=0.5848, value_error_vs_solver=0.5508 (X=0.4189, O=0.5541), elapsed=2.3s
iter  254/300: games={'X': 5, 'O': 0, 'draw': 15}, buffer=4000, value_loss=0.0513, policy_loss=0.5873, value_error_vs_solver=0.5596 (X=0.4721, O=0.6273), elapsed=2.2s
iter  255/300: games={'X': 2, 'O': 0, 'draw': 18}, buffer=4000, value_loss=0.0525, policy_loss=0.5911, value_error_vs_solver=0.5717 (X=0.5466, O=0.5609), elapsed=2.3s
iter  256/300: games={'X': 1, 'O': 0, 'draw': 19}, buffer=4000, value_loss=0.0513, policy_loss=0.5847, value_error_vs_solver=0.5696 (X=0.4901, O=0.6145), elapsed=2.2s
iter  257/300: games={'X': 0, 'O': 1, 'draw': 19}, buffer=4000, value_loss=0.0558, policy_loss=0.5950, value_error_vs_solver=0.5088 (X=0.4499, O=0.6170), elapsed=2.2s
iter  258/300: games={'X': 3, 'O': 0, 'draw': 17}, buffer=4000, value_loss=0.0498, policy_loss=0.5911, value_error_vs_solver=0.5464 (X=0.4087, O=0.5585), elapsed=2.5s
iter  259/300: games={'X': 1, 'O': 0, 'draw': 19}, buffer=4000, value_loss=0.0539, policy_loss=0.5837, value_error_vs_solver=0.5262 (X=0.4544, O=0.5687), elapsed=2.4s
iter  260/300: games={'X': 4, 'O': 0, 'draw': 16}, buffer=4000, value_loss=0.0533, policy_loss=0.5935, value_error_vs_solver=0.5265 (X=0.4804, O=0.5966), elapsed=2.2s
iter  261/300: games={'X': 1, 'O': 0, 'draw': 19}, buffer=4000, value_loss=0.0547, policy_loss=0.5920, value_error_vs_solver=0.5029 (X=0.5181, O=0.6947), elapsed=2.6s
iter  262/300: games={'X': 2, 'O': 0, 'draw': 18}, buffer=4000, value_loss=0.0526, policy_loss=0.5949, value_error_vs_solver=0.5193 (X=0.4812, O=0.5892), elapsed=2.3s
iter  263/300: games={'X': 3, 'O': 0, 'draw': 17}, buffer=4000, value_loss=0.0569, policy_loss=0.5922, value_error_vs_solver=0.6177 (X=0.4266, O=0.5906), elapsed=2.3s
iter  264/300: games={'X': 4, 'O': 0, 'draw': 16}, buffer=4000, value_loss=0.0535, policy_loss=0.5878, value_error_vs_solver=0.5218 (X=0.5218, O=0.5506), elapsed=2.2s
iter  265/300: games={'X': 1, 'O': 1, 'draw': 18}, buffer=4000, value_loss=0.0563, policy_loss=0.6017, value_error_vs_solver=0.5096 (X=0.5014, O=0.5864), elapsed=2.3s
iter  266/300: games={'X': 4, 'O': 1, 'draw': 15}, buffer=4000, value_loss=0.0578, policy_loss=0.5969, value_error_vs_solver=0.5075 (X=0.4906, O=0.6131), elapsed=2.1s
iter  267/300: games={'X': 2, 'O': 0, 'draw': 18}, buffer=4000, value_loss=0.0537, policy_loss=0.5982, value_error_vs_solver=0.5769 (X=0.4945, O=0.5502), elapsed=2.2s
iter  268/300: games={'X': 3, 'O': 1, 'draw': 16}, buffer=4000, value_loss=0.0571, policy_loss=0.5997, value_error_vs_solver=0.5164 (X=0.4723, O=0.5811), elapsed=2.2s
iter  269/300: games={'X': 0, 'O': 0, 'draw': 20}, buffer=4000, value_loss=0.0508, policy_loss=0.5988, value_error_vs_solver=0.5296 (X=0.4637, O=0.6230), elapsed=2.4s
iter  270/300: games={'X': 4, 'O': 1, 'draw': 15}, buffer=4000, value_loss=0.0541, policy_loss=0.6063, value_error_vs_solver=0.5532 (X=0.5134, O=0.6582), elapsed=2.1s
iter  271/300: games={'X': 2, 'O': 0, 'draw': 18}, buffer=4000, value_loss=0.0509, policy_loss=0.6000, value_error_vs_solver=0.5925 (X=0.5145, O=0.6238), elapsed=2.4s
iter  272/300: games={'X': 4, 'O': 0, 'draw': 16}, buffer=4000, value_loss=0.0567, policy_loss=0.6063, value_error_vs_solver=0.5244 (X=0.4884, O=0.5644), elapsed=2.3s
iter  273/300: games={'X': 4, 'O': 0, 'draw': 16}, buffer=4000, value_loss=0.0577, policy_loss=0.6087, value_error_vs_solver=0.5472 (X=0.4527, O=0.4809), elapsed=2.2s
iter  274/300: games={'X': 1, 'O': 2, 'draw': 17}, buffer=4000, value_loss=0.0663, policy_loss=0.6129, value_error_vs_solver=0.5738 (X=0.5041, O=0.5911), elapsed=2.8s
iter  275/300: games={'X': 1, 'O': 0, 'draw': 19}, buffer=4000, value_loss=0.0583, policy_loss=0.6100, value_error_vs_solver=0.5640 (X=0.4827, O=0.4685), elapsed=2.3s
iter  276/300: games={'X': 3, 'O': 0, 'draw': 17}, buffer=4000, value_loss=0.0661, policy_loss=0.6064, value_error_vs_solver=0.5491 (X=0.4313, O=0.6126), elapsed=2.0s
iter  277/300: games={'X': 3, 'O': 1, 'draw': 16}, buffer=4000, value_loss=0.0635, policy_loss=0.6200, value_error_vs_solver=0.5414 (X=0.5067, O=0.6020), elapsed=2.4s
iter  278/300: games={'X': 2, 'O': 0, 'draw': 18}, buffer=4000, value_loss=0.0674, policy_loss=0.6192, value_error_vs_solver=0.5155 (X=0.4754, O=0.5161), elapsed=2.4s
iter  279/300: games={'X': 2, 'O': 0, 'draw': 18}, buffer=4000, value_loss=0.0649, policy_loss=0.6202, value_error_vs_solver=0.5588 (X=0.4673, O=0.6414), elapsed=2.3s
iter  280/300: games={'X': 1, 'O': 0, 'draw': 19}, buffer=4000, value_loss=0.0612, policy_loss=0.6203, value_error_vs_solver=0.5357 (X=0.4883, O=0.5723), elapsed=2.8s
iter  281/300: games={'X': 1, 'O': 0, 'draw': 19}, buffer=4000, value_loss=0.0610, policy_loss=0.6199, value_error_vs_solver=0.5248 (X=0.4429, O=0.6076), elapsed=2.5s
iter  282/300: games={'X': 0, 'O': 1, 'draw': 19}, buffer=4000, value_loss=0.0609, policy_loss=0.6067, value_error_vs_solver=0.5439 (X=0.4972, O=0.5902), elapsed=2.3s
iter  283/300: games={'X': 2, 'O': 0, 'draw': 18}, buffer=4000, value_loss=0.0600, policy_loss=0.6176, value_error_vs_solver=0.5468 (X=0.4797, O=0.5643), elapsed=2.7s
iter  284/300: games={'X': 4, 'O': 1, 'draw': 15}, buffer=4000, value_loss=0.0543, policy_loss=0.6038, value_error_vs_solver=0.4739 (X=0.4681, O=0.5954), elapsed=2.2s
iter  285/300: games={'X': 3, 'O': 0, 'draw': 17}, buffer=4000, value_loss=0.0590, policy_loss=0.6154, value_error_vs_solver=0.5533 (X=0.5107, O=0.5771), elapsed=2.3s
iter  286/300: games={'X': 1, 'O': 0, 'draw': 19}, buffer=4000, value_loss=0.0650, policy_loss=0.5992, value_error_vs_solver=0.5492 (X=0.4909, O=0.5942), elapsed=2.7s
iter  287/300: games={'X': 2, 'O': 1, 'draw': 17}, buffer=4000, value_loss=0.0536, policy_loss=0.5931, value_error_vs_solver=0.4702 (X=0.4663, O=0.6127), elapsed=2.1s
iter  288/300: games={'X': 0, 'O': 0, 'draw': 20}, buffer=4000, value_loss=0.0573, policy_loss=0.6082, value_error_vs_solver=0.5277 (X=0.4598, O=0.5610), elapsed=2.1s
iter  289/300: games={'X': 3, 'O': 0, 'draw': 17}, buffer=4000, value_loss=0.0559, policy_loss=0.6141, value_error_vs_solver=0.5929 (X=0.4740, O=0.5413), elapsed=2.0s
iter  290/300: games={'X': 2, 'O': 0, 'draw': 18}, buffer=4000, value_loss=0.0529, policy_loss=0.6020, value_error_vs_solver=0.5532 (X=0.5060, O=0.5800), elapsed=2.4s
iter  291/300: games={'X': 1, 'O': 0, 'draw': 19}, buffer=4000, value_loss=0.0512, policy_loss=0.6051, value_error_vs_solver=0.5566 (X=0.4548, O=0.6280), elapsed=2.1s
iter  292/300: games={'X': 1, 'O': 0, 'draw': 19}, buffer=4000, value_loss=0.0571, policy_loss=0.6029, value_error_vs_solver=0.5425 (X=0.4850, O=0.5419), elapsed=2.7s
iter  293/300: games={'X': 0, 'O': 0, 'draw': 20}, buffer=4000, value_loss=0.0505, policy_loss=0.6044, value_error_vs_solver=0.5542 (X=0.4692, O=0.6128), elapsed=2.9s
iter  294/300: games={'X': 5, 'O': 1, 'draw': 14}, buffer=4000, value_loss=0.0526, policy_loss=0.6033, value_error_vs_solver=0.5397 (X=0.4626, O=0.6376), elapsed=2.5s
iter  295/300: games={'X': 1, 'O': 0, 'draw': 19}, buffer=4000, value_loss=0.0500, policy_loss=0.6022, value_error_vs_solver=0.5534 (X=0.5386, O=0.5554), elapsed=2.3s
iter  296/300: games={'X': 3, 'O': 0, 'draw': 17}, buffer=4000, value_loss=0.0454, policy_loss=0.6044, value_error_vs_solver=0.5672 (X=0.5268, O=0.5467), elapsed=2.3s
iter  297/300: games={'X': 2, 'O': 0, 'draw': 18}, buffer=4000, value_loss=0.0480, policy_loss=0.6002, value_error_vs_solver=0.5419 (X=0.4712, O=0.6488), elapsed=2.6s
iter  298/300: games={'X': 2, 'O': 0, 'draw': 18}, buffer=4000, value_loss=0.0475, policy_loss=0.5982, value_error_vs_solver=0.5635 (X=0.4839, O=0.5887), elapsed=2.3s
iter  299/300: games={'X': 4, 'O': 1, 'draw': 15}, buffer=4000, value_loss=0.0463, policy_loss=0.6002, value_error_vs_solver=0.5639 (X=0.4917, O=0.5944), elapsed=2.4s
iter  300/300: games={'X': 1, 'O': 1, 'draw': 18}, buffer=4000, value_loss=0.0477, policy_loss=0.5940, value_error_vs_solver=0.5506 (X=0.5187, O=0.5790), elapsed=2.1s
Done. Total time: 751.6s. Saved to selfplay_trained_net_base.pkl
